
extDB3: https://bitbucket.org/torndeco/extdb3/wiki/Home
extDB3: Version: 1.033
extDB3: Windows Version
Message: All development for extDB3 is done on a Linux Dedicated Server
Message: If you would like to Donate to extDB3 Development
Message: https://www.paypal.com/cgi-bin/webscr?cmd=_s-xclick&hosted_button_id=2SUEFTGABTAM2
Message: Also leave a message if there is any particular feature you would like to see added.
Message: Thanks for all the people that have donated.
Message: Torndeco: 18/05/15

Message: This version was modified and include some improvement
Message: The lib was recompiled using new version of TBBMalloc, Boost and MariaDB connector
Message: The worker threads limitation was removed
Message: Steez: 30/10/2020


extDB3: Found extdb3-conf.ini
extDB3: Detected 16 Cores, Setting up 6 Worker Threads
extDB3: Detected 16 Cores, Setting up 16 Worker Threads
extDB3: ...
extDB3: ...
extDB3: ...
extDB3: ...
extDB3: ...
extDB3: ...
extDB3: ...
extDB3: ...
extDB3: ...
extDB3: ...
extDB3: ...
extDB3: ...
extDB3: ...
extDB3: ...
extDB3: ...
extDB3: ...


[21:14:25:506947 +01:00] [Thread 7916] extDB3: SQL: Initialized: Add Quotes around TEXT Datatypes mode: 2
[21:14:25:506969 +01:00] [Thread 7916] extDB3: SQL: Initialized: NULL = ""
[21:14:25:506984 +01:00] [Thread 7916] extDB3: Locked
[21:14:25:513106 +01:00] [Thread 13956] extDB3: SQL: Error MariaDBQueryException: PROCEDURE armalife.deleteDeadVehicles does not exist
[21:14:25:513119 +01:00] [Thread 13956] extDB3: SQL: Error MariaDBQueryException: Input: CALL deleteDeadVehicles
[21:14:25:513161 +01:00] [Thread 6980] extDB3: SQL: Error MariaDBQueryException: PROCEDURE armalife.deleteOldSms does not exist
[21:14:25:513174 +01:00] [Thread 6980] extDB3: SQL: Error MariaDBQueryException: Input: CALL deleteOldSms
[21:14:25:513199 +01:00] [Thread 13204] extDB3: SQL: Error MariaDBQueryException: PROCEDURE armalife.deleteOldForfait does not exist
[21:14:25:513211 +01:00] [Thread 13204] extDB3: SQL: Error MariaDBQueryException: Input: CALL deleteOldForfait
[21:16:23:023634 +01:00] [Thread 8908] extDB3: SQL: Error MariaDBQueryException: You have an error in your SQL syntax; check the manual that corresponds to your MariaDB server version for the right syntax to use near 'est téléporté via MapTeleport en [4159.8,5892.09,0]')' at line 1
[21:16:23:023775 +01:00] [Thread 8908] extDB3: SQL: Error MariaDBQueryException: Input: INSERT INTO logs_alf (name, uid, type, text) VALUES ('Antonio Lopa', '76561198201065973', 'ADMIN', 'Antonio Lopa (76561198201065973) s'est téléporté via MapTeleport en [4159.8,5892.09,0]')
[21:47:14:056417 +01:00] [Thread 1848] extDB3: SQL: Error MariaDBQueryException: You have an error in your SQL syntax; check the manual that corresponds to your MariaDB server version for the right syntax to use near 'action 'Se Rassasier' via le menu admin.')' at line 1
[21:47:14:056510 +01:00] [Thread 1848] extDB3: SQL: Error MariaDBQueryException: Input: INSERT INTO logs_alf (name, uid, type, text) VALUES ('Antonio Lopa', '76561198201065973', 'ADMIN', 'A utilisé l'action 'Se Rassasier' via le menu admin.')
