
extDB3: https://bitbucket.org/torndeco/extdb3/wiki/Home
extDB3: Version: 1.033
extDB3: Windows Version
Message: All development for extDB3 is done on a Linux Dedicated Server
Message: If you would like to Donate to extDB3 Development
Message: https://www.paypal.com/cgi-bin/webscr?cmd=_s-xclick&hosted_button_id=2SUEFTGABTAM2
Message: Also leave a message if there is any particular feature you would like to see added.
Message: Thanks for all the people that have donated.
Message: Torndeco: 18/05/15

Message: This version was modified and include some improvement
Message: The lib was recompiled using new version of TBBMalloc, Boost and MariaDB connector
Message: The worker threads limitation was removed
Message: Steez: 30/10/2020


extDB3: Found extdb3-conf.ini
extDB3: Detected 16 Cores, Setting up 6 Worker Threads
extDB3: Detected 16 Cores, Setting up 16 Worker Threads
extDB3: ...
extDB3: ...
extDB3: ...
extDB3: ...
extDB3: ...
extDB3: ...
extDB3: ...
extDB3: ...
extDB3: ...
extDB3: ...
extDB3: ...
extDB3: ...
extDB3: ...
extDB3: ...
extDB3: ...
extDB3: ...


[16:13:14:296575 +01:00] [Thread 6604] extDB3: SQL: Initialized: Add Quotes around TEXT Datatypes mode: 2
[16:13:14:296597 +01:00] [Thread 6604] extDB3: SQL: Initialized: NULL = ""
[16:13:14:296611 +01:00] [Thread 6604] extDB3: Locked
[16:13:14:302839 +01:00] [Thread 17700] extDB3: SQL: Error MariaDBQueryException: PROCEDURE armalife.deleteOldSms does not exist
[16:13:14:302853 +01:00] [Thread 17700] extDB3: SQL: Error MariaDBQueryException: Input: CALL deleteOldSms
[16:13:14:302902 +01:00] [Thread 16820] extDB3: SQL: Error MariaDBQueryException: PROCEDURE armalife.deleteDeadVehicles does not exist
[16:13:14:302914 +01:00] [Thread 16820] extDB3: SQL: Error MariaDBQueryException: Input: CALL deleteDeadVehicles
[16:13:14:302938 +01:00] [Thread 9708] extDB3: SQL: Error MariaDBQueryException: PROCEDURE armalife.deleteOldForfait does not exist
[16:13:14:302950 +01:00] [Thread 9708] extDB3: SQL: Error MariaDBQueryException: Input: CALL deleteOldForfait
[16:13:14:911306 +01:00] [Thread 16784] extDB3: SQL: Error MariaDBQueryException: Unknown column 'alarm_gendarmerie' in 'field list'
[16:13:14:911331 +01:00] [Thread 16784] extDB3: SQL: Error MariaDBQueryException: Input: SELECT id, pid, pos, sonnette, classname, alarm_gendarmerie FROM houses LIMIT 0,10
