
extDB3: https://bitbucket.org/torndeco/extdb3/wiki/Home
extDB3: Version: 1.033
extDB3: Windows Version
Message: All development for extDB3 is done on a Linux Dedicated Server
Message: If you would like to Donate to extDB3 Development
Message: https://www.paypal.com/cgi-bin/webscr?cmd=_s-xclick&hosted_button_id=2SUEFTGABTAM2
Message: Also leave a message if there is any particular feature you would like to see added.
Message: Thanks for all the people that have donated.
Message: Torndeco: 18/05/15

Message: This version was modified and include some improvement
Message: The lib was recompiled using new version of TBBMalloc, Boost and MariaDB connector
Message: The worker threads limitation was removed
Message: Steez: 30/10/2020


extDB3: Found extdb3-conf.ini
extDB3: Detected 16 Cores, Setting up 6 Worker Threads
extDB3: Detected 16 Cores, Setting up 16 Worker Threads
extDB3: ...
extDB3: ...
extDB3: ...
extDB3: ...
extDB3: ...
extDB3: ...
extDB3: ...
extDB3: ...
extDB3: ...
extDB3: ...
extDB3: ...
extDB3: ...
extDB3: ...
extDB3: ...
extDB3: ...
extDB3: ...


[16:53:48:158569 +01:00] [Thread 17892] extDB3: SQL: Initialized: Add Quotes around TEXT Datatypes mode: 2
[16:53:48:158591 +01:00] [Thread 17892] extDB3: SQL: Initialized: NULL = ""
[16:53:48:158605 +01:00] [Thread 17892] extDB3: Locked
[16:53:48:164807 +01:00] [Thread 12556] extDB3: SQL: Error MariaDBQueryException: PROCEDURE armalife.deleteDeadVehicles does not exist
[16:53:48:164820 +01:00] [Thread 12556] extDB3: SQL: Error MariaDBQueryException: Input: CALL deleteDeadVehicles
[16:53:48:164843 +01:00] [Thread 11140] extDB3: SQL: Error MariaDBQueryException: PROCEDURE armalife.deleteOldForfait does not exist
[16:53:48:164855 +01:00] [Thread 11140] extDB3: SQL: Error MariaDBQueryException: Input: CALL deleteOldForfait
[16:53:48:164870 +01:00] [Thread 16216] extDB3: SQL: Error MariaDBQueryException: PROCEDURE armalife.deleteOldSms does not exist
[16:53:48:164882 +01:00] [Thread 16216] extDB3: SQL: Error MariaDBQueryException: Input: CALL deleteOldSms
[16:53:48:793367 +01:00] [Thread 16216] extDB3: SQL: Error MariaDBQueryException: Unknown column 'alarm_gendarmerie' in 'field list'
[16:53:48:793407 +01:00] [Thread 16216] extDB3: SQL: Error MariaDBQueryException: Input: SELECT id, pid, pos, sonnette, classname, alarm_gendarmerie FROM houses LIMIT 0,10
[16:57:48:963443 +01:00] [Thread 16216] extDB3: SQL: Error MariaDBQueryException: You have an error in your SQL syntax; check the manual that corresponds to your MariaDB server version for the right syntax to use near 'action 'Se Rassasier' via le menu admin.')' at line 1
[16:57:48:963515 +01:00] [Thread 16216] extDB3: SQL: Error MariaDBQueryException: Input: INSERT INTO logs_alf (name, uid, type, text) VALUES ('Antonio Lopa', '76561198201065973', 'ADMIN', 'A utilisé l'action 'Se Rassasier' via le menu admin.')
