
extDB3: https://bitbucket.org/torndeco/extdb3/wiki/Home
extDB3: Version: 1.033
extDB3: Windows Version
Message: All development for extDB3 is done on a Linux Dedicated Server
Message: If you would like to Donate to extDB3 Development
Message: https://www.paypal.com/cgi-bin/webscr?cmd=_s-xclick&hosted_button_id=2SUEFTGABTAM2
Message: Also leave a message if there is any particular feature you would like to see added.
Message: Thanks for all the people that have donated.
Message: Torndeco: 18/05/15

Message: This version was modified and include some improvement
Message: The lib was recompiled using new version of TBBMalloc, Boost and MariaDB connector
Message: The worker threads limitation was removed
Message: Steez: 30/10/2020


extDB3: Found extdb3-conf.ini
extDB3: Detected 16 Cores, Setting up 6 Worker Threads
extDB3: Detected 16 Cores, Setting up 16 Worker Threads
extDB3: ...
extDB3: ...
extDB3: ...
extDB3: ...
extDB3: ...
extDB3: ...
extDB3: ...
extDB3: ...
extDB3: ...
extDB3: ...
extDB3: ...
extDB3: ...
extDB3: ...
extDB3: ...
extDB3: ...
extDB3: ...


[18:26:41:228671 +01:00] [Thread 5096] extDB3: SQL: Initialized: Add Quotes around TEXT Datatypes mode: 2
[18:26:41:228694 +01:00] [Thread 5096] extDB3: SQL: Initialized: NULL = ""
[18:26:41:228709 +01:00] [Thread 5096] extDB3: Locked
[18:26:41:234826 +01:00] [Thread 13932] extDB3: SQL: Error MariaDBQueryException: PROCEDURE armalife.deleteDeadVehicles does not exist
[18:26:41:234838 +01:00] [Thread 13932] extDB3: SQL: Error MariaDBQueryException: Input: CALL deleteDeadVehicles
[18:26:41:234863 +01:00] [Thread 14384] extDB3: SQL: Error MariaDBQueryException: PROCEDURE armalife.deleteOldSms does not exist
[18:26:41:234876 +01:00] [Thread 14384] extDB3: SQL: Error MariaDBQueryException: Input: CALL deleteOldSms
[18:26:41:234915 +01:00] [Thread 15096] extDB3: SQL: Error MariaDBQueryException: PROCEDURE armalife.deleteOldForfait does not exist
[18:26:41:234927 +01:00] [Thread 15096] extDB3: SQL: Error MariaDBQueryException: Input: CALL deleteOldForfait
[18:26:41:867611 +01:00] [Thread 3228] extDB3: SQL: Error MariaDBQueryException: Unknown column 'alarm_gendarmerie' in 'field list'
[18:26:41:867634 +01:00] [Thread 3228] extDB3: SQL: Error MariaDBQueryException: Input: SELECT id, pid, pos, sonnette, classname, alarm_gendarmerie FROM houses LIMIT 0,10
[18:29:09:940743 +01:00] [Thread 3228] extDB3: SQL: Error MariaDBQueryException: You have an error in your SQL syntax; check the manual that corresponds to your MariaDB server version for the right syntax to use near 'est téléporté via MapTeleport en [3859.83,4706.84,0]')' at line 1
[18:29:09:940799 +01:00] [Thread 3228] extDB3: SQL: Error MariaDBQueryException: Input: INSERT INTO logs_alf (name, uid, type, text) VALUES ('Antonio Lopa', '76561198201065973', 'ADMIN', 'Antonio Lopa (76561198201065973) s'est téléporté via MapTeleport en [3859.83,4706.84,0]')
[18:29:23:896297 +01:00] [Thread 3228] extDB3: SQL: Error MariaDBQueryException: You have an error in your SQL syntax; check the manual that corresponds to your MariaDB server version for the right syntax to use near 'est téléporté via MapTeleport en [4152.76,5932.66,0]')' at line 1
[18:29:23:896367 +01:00] [Thread 3228] extDB3: SQL: Error MariaDBQueryException: Input: INSERT INTO logs_alf (name, uid, type, text) VALUES ('Antonio Lopa', '76561198201065973', 'ADMIN', 'Antonio Lopa (76561198201065973) s'est téléporté via MapTeleport en [4152.76,5932.66,0]')
[18:30:41:726441 +01:00] [Thread 3228] extDB3: SQL: Error MariaDBQueryException: You have an error in your SQL syntax; check the manual that corresponds to your MariaDB server version for the right syntax to use near 'est téléporté via MapTeleport en [3791.76,4687.29,0]')' at line 1
[18:30:41:726512 +01:00] [Thread 3228] extDB3: SQL: Error MariaDBQueryException: Input: INSERT INTO logs_alf (name, uid, type, text) VALUES ('Antonio Lopa', '76561198201065973', 'ADMIN', 'Antonio Lopa (76561198201065973) s'est téléporté via MapTeleport en [3791.76,4687.29,0]')
[18:31:33:345174 +01:00] [Thread 3228] extDB3: SQL: Error MariaDBQueryException: You have an error in your SQL syntax; check the manual that corresponds to your MariaDB server version for the right syntax to use near 'est téléporté via MapTeleport en [3681.7,4780.14,0]')' at line 1
[18:31:33:345238 +01:00] [Thread 3228] extDB3: SQL: Error MariaDBQueryException: Input: INSERT INTO logs_alf (name, uid, type, text) VALUES ('Antonio Lopa', '76561198201065973', 'ADMIN', 'Antonio Lopa (76561198201065973) s'est téléporté via MapTeleport en [3681.7,4780.14,0]')
[18:31:36:987851 +01:00] [Thread 3228] extDB3: SQL: Error MariaDBQueryException: You have an error in your SQL syntax; check the manual that corresponds to your MariaDB server version for the right syntax to use near 'est téléporté via MapTeleport en [3860.59,4709.51,0]')' at line 1
[18:31:36:987909 +01:00] [Thread 3228] extDB3: SQL: Error MariaDBQueryException: Input: INSERT INTO logs_alf (name, uid, type, text) VALUES ('Antonio Lopa', '76561198201065973', 'ADMIN', 'Antonio Lopa (76561198201065973) s'est téléporté via MapTeleport en [3860.59,4709.51,0]')
[18:31:42:161815 +01:00] [Thread 3228] extDB3: SQL: Error MariaDBQueryException: You have an error in your SQL syntax; check the manual that corresponds to your MariaDB server version for the right syntax to use near 'est téléporté via MapTeleport en [3861.01,4703.74,0]')' at line 1
[18:31:42:161884 +01:00] [Thread 3228] extDB3: SQL: Error MariaDBQueryException: Input: INSERT INTO logs_alf (name, uid, type, text) VALUES ('Antonio Lopa', '76561198201065973', 'ADMIN', 'Antonio Lopa (76561198201065973) s'est téléporté via MapTeleport en [3861.01,4703.74,0]')
