
extDB3: https://bitbucket.org/torndeco/extdb3/wiki/Home
extDB3: Version: 1.033
extDB3: Windows Version
Message: All development for extDB3 is done on a Linux Dedicated Server
Message: If you would like to Donate to extDB3 Development
Message: https://www.paypal.com/cgi-bin/webscr?cmd=_s-xclick&hosted_button_id=2SUEFTGABTAM2
Message: Also leave a message if there is any particular feature you would like to see added.
Message: Thanks for all the people that have donated.
Message: Torndeco: 18/05/15

Message: This version was modified and include some improvement
Message: The lib was recompiled using new version of TBBMalloc, Boost and MariaDB connector
Message: The worker threads limitation was removed
Message: Steez: 30/10/2020


extDB3: Found extdb3-conf.ini
extDB3: Detected 16 Cores, Setting up 6 Worker Threads
extDB3: Detected 16 Cores, Setting up 16 Worker Threads
extDB3: ...
extDB3: ...
extDB3: ...
extDB3: ...
extDB3: ...
extDB3: ...
extDB3: ...
extDB3: ...
extDB3: ...
extDB3: ...
extDB3: ...
extDB3: ...
extDB3: ...
extDB3: ...
extDB3: ...
extDB3: ...


[18:36:53:106554 +01:00] [Thread 11752] extDB3: SQL: Initialized: Add Quotes around TEXT Datatypes mode: 2
[18:36:53:106578 +01:00] [Thread 11752] extDB3: SQL: Initialized: NULL = ""
[18:36:53:106591 +01:00] [Thread 11752] extDB3: Locked
[18:36:53:112720 +01:00] [Thread 15336] extDB3: SQL: Error MariaDBQueryException: PROCEDURE armalife.deleteOldForfait does not exist
[18:36:53:112734 +01:00] [Thread 15336] extDB3: SQL: Error MariaDBQueryException: Input: CALL deleteOldForfait
[18:36:53:112770 +01:00] [Thread 11440] extDB3: SQL: Error MariaDBQueryException: PROCEDURE armalife.deleteDeadVehicles does not exist
[18:36:53:112783 +01:00] [Thread 11440] extDB3: SQL: Error MariaDBQueryException: Input: CALL deleteDeadVehicles
[18:36:53:112803 +01:00] [Thread 9788] extDB3: SQL: Error MariaDBQueryException: PROCEDURE armalife.deleteOldSms does not exist
[18:36:53:112816 +01:00] [Thread 9788] extDB3: SQL: Error MariaDBQueryException: Input: CALL deleteOldSms
[18:36:53:764362 +01:00] [Thread 16136] extDB3: SQL: Error MariaDBQueryException: Unknown column 'alarm_gendarmerie' in 'field list'
[18:36:53:764384 +01:00] [Thread 16136] extDB3: SQL: Error MariaDBQueryException: Input: SELECT id, pid, pos, sonnette, classname, alarm_gendarmerie FROM houses LIMIT 0,10
[18:39:24:787470 +01:00] [Thread 16136] extDB3: SQL: Error MariaDBQueryException: You have an error in your SQL syntax; check the manual that corresponds to your MariaDB server version for the right syntax to use near 'est téléporté via MapTeleport en [3841.78,4706.68,0]')' at line 1
[18:39:24:787529 +01:00] [Thread 16136] extDB3: SQL: Error MariaDBQueryException: Input: INSERT INTO logs_alf (name, uid, type, text) VALUES ('Antonio Lopa', '76561198201065973', 'ADMIN', 'Antonio Lopa (76561198201065973) s'est téléporté via MapTeleport en [3841.78,4706.68,0]')
[18:46:13:434123 +01:00] [Thread 8972] extDB3: SQL: Error MariaDBQueryException: You have an error in your SQL syntax; check the manual that corresponds to your MariaDB server version for the right syntax to use near 'est téléporté via MapTeleport en [4142.55,5910.49,0]')' at line 1
[18:46:13:434187 +01:00] [Thread 8972] extDB3: SQL: Error MariaDBQueryException: Input: INSERT INTO logs_alf (name, uid, type, text) VALUES ('Antonio Lopa', '76561198201065973', 'ADMIN', 'Antonio Lopa (76561198201065973) s'est téléporté via MapTeleport en [4142.55,5910.49,0]')
[18:46:24:861634 +01:00] [Thread 8972] extDB3: SQL: Error MariaDBQueryException: You have an error in your SQL syntax; check the manual that corresponds to your MariaDB server version for the right syntax to use near 'est téléporté via MapTeleport en [3842.17,4707.97,0]')' at line 1
[18:46:24:861688 +01:00] [Thread 8972] extDB3: SQL: Error MariaDBQueryException: Input: INSERT INTO logs_alf (name, uid, type, text) VALUES ('Antonio Lopa', '76561198201065973', 'ADMIN', 'Antonio Lopa (76561198201065973) s'est téléporté via MapTeleport en [3842.17,4707.97,0]')
