
extDB3: https://bitbucket.org/torndeco/extdb3/wiki/Home
extDB3: Version: 1.033
extDB3: Windows Version
Message: All development for extDB3 is done on a Linux Dedicated Server
Message: If you would like to Donate to extDB3 Development
Message: https://www.paypal.com/cgi-bin/webscr?cmd=_s-xclick&hosted_button_id=2SUEFTGABTAM2
Message: Also leave a message if there is any particular feature you would like to see added.
Message: Thanks for all the people that have donated.
Message: Torndeco: 18/05/15

Message: This version was modified and include some improvement
Message: The lib was recompiled using new version of TBBMalloc, Boost and MariaDB connector
Message: The worker threads limitation was removed
Message: Steez: 30/10/2020


extDB3: Found extdb3-conf.ini
extDB3: Detected 16 Cores, Setting up 6 Worker Threads
extDB3: Detected 16 Cores, Setting up 16 Worker Threads
extDB3: ...
extDB3: ...
extDB3: ...
extDB3: ...
extDB3: ...
extDB3: ...
extDB3: ...
extDB3: ...
extDB3: ...
extDB3: ...
extDB3: ...
extDB3: ...
extDB3: ...
extDB3: ...
extDB3: ...
extDB3: ...


[18:48:24:469591 +01:00] [Thread 17572] extDB3: SQL: Initialized: Add Quotes around TEXT Datatypes mode: 2
[18:48:24:469615 +01:00] [Thread 17572] extDB3: SQL: Initialized: NULL = ""
[18:48:24:469630 +01:00] [Thread 17572] extDB3: Locked
[18:48:24:475456 +01:00] [Thread 6476] extDB3: SQL: Error MariaDBQueryException: PROCEDURE armalife.deleteOldSms does not exist
[18:48:24:475468 +01:00] [Thread 6476] extDB3: SQL: Error MariaDBQueryException: Input: CALL deleteOldSms
[18:48:24:475496 +01:00] [Thread 15656] extDB3: SQL: Error MariaDBQueryException: PROCEDURE armalife.deleteDeadVehicles does not exist
[18:48:24:475508 +01:00] [Thread 15656] extDB3: SQL: Error MariaDBQueryException: Input: CALL deleteDeadVehicles
[18:48:24:475539 +01:00] [Thread 15648] extDB3: SQL: Error MariaDBQueryException: PROCEDURE armalife.deleteOldForfait does not exist
[18:48:24:475552 +01:00] [Thread 15648] extDB3: SQL: Error MariaDBQueryException: Input: CALL deleteOldForfait
[18:48:25:104516 +01:00] [Thread 15732] extDB3: SQL: Error MariaDBQueryException: Unknown column 'alarm_gendarmerie' in 'field list'
[18:48:25:104539 +01:00] [Thread 15732] extDB3: SQL: Error MariaDBQueryException: Input: SELECT id, pid, pos, sonnette, classname, alarm_gendarmerie FROM houses LIMIT 0,10
[18:50:14:077464 +01:00] [Thread 15732] extDB3: SQL: Error MariaDBQueryException: You have an error in your SQL syntax; check the manual that corresponds to your MariaDB server version for the right syntax to use near 'est téléporté via MapTeleport en [4165.36,5884.07,0]')' at line 1
[18:50:14:077587 +01:00] [Thread 15732] extDB3: SQL: Error MariaDBQueryException: Input: INSERT INTO logs_alf (name, uid, type, text) VALUES ('Antonio Lopa', '76561198201065973', 'ADMIN', 'Antonio Lopa (76561198201065973) s'est téléporté via MapTeleport en [4165.36,5884.07,0]')
[18:50:43:030277 +01:00] [Thread 15732] extDB3: SQL: Error MariaDBQueryException: You have an error in your SQL syntax; check the manual that corresponds to your MariaDB server version for the right syntax to use near 'est téléporté via MapTeleport en [3841.96,4705.12,0]')' at line 1
[18:50:43:030350 +01:00] [Thread 15732] extDB3: SQL: Error MariaDBQueryException: Input: INSERT INTO logs_alf (name, uid, type, text) VALUES ('Antonio Lopa', '76561198201065973', 'ADMIN', 'Antonio Lopa (76561198201065973) s'est téléporté via MapTeleport en [3841.96,4705.12,0]')
[18:51:46:377812 +01:00] [Thread 15732] extDB3: SQL: Error MariaDBQueryException: You have an error in your SQL syntax; check the manual that corresponds to your MariaDB server version for the right syntax to use near 'est téléporté via MapTeleport en [4137.44,4562.39,0]')' at line 1
[18:51:46:377884 +01:00] [Thread 15732] extDB3: SQL: Error MariaDBQueryException: Input: INSERT INTO logs_alf (name, uid, type, text) VALUES ('Antonio Lopa', '76561198201065973', 'ADMIN', 'Antonio Lopa (76561198201065973) s'est téléporté via MapTeleport en [4137.44,4562.39,0]')
[18:52:11:618243 +01:00] [Thread 15732] extDB3: SQL: Error MariaDBQueryException: You have an error in your SQL syntax; check the manual that corresponds to your MariaDB server version for the right syntax to use near 'est téléporté via MapTeleport en [3841.33,4703.72,0]')' at line 1
[18:52:11:618319 +01:00] [Thread 15732] extDB3: SQL: Error MariaDBQueryException: Input: INSERT INTO logs_alf (name, uid, type, text) VALUES ('Antonio Lopa', '76561198201065973', 'ADMIN', 'Antonio Lopa (76561198201065973) s'est téléporté via MapTeleport en [3841.33,4703.72,0]')
[18:52:35:029068 +01:00] [Thread 15648] extDB3: SQL: Error MariaDBQueryException: You have an error in your SQL syntax; check the manual that corresponds to your MariaDB server version for the right syntax to use near 'est téléporté via MapTeleport en [4139.95,4559.75,0]')' at line 1
[18:52:35:029128 +01:00] [Thread 15648] extDB3: SQL: Error MariaDBQueryException: Input: INSERT INTO logs_alf (name, uid, type, text) VALUES ('Antonio Lopa', '76561198201065973', 'ADMIN', 'Antonio Lopa (76561198201065973) s'est téléporté via MapTeleport en [4139.95,4559.75,0]')
[18:52:59:688905 +01:00] [Thread 15648] extDB3: SQL: Error MariaDBQueryException: You have an error in your SQL syntax; check the manual that corresponds to your MariaDB server version for the right syntax to use near 'est téléporté via MapTeleport en [4141.96,5909.08,0]')' at line 1
[18:52:59:688966 +01:00] [Thread 15648] extDB3: SQL: Error MariaDBQueryException: Input: INSERT INTO logs_alf (name, uid, type, text) VALUES ('Antonio Lopa', '76561198201065973', 'ADMIN', 'Antonio Lopa (76561198201065973) s'est téléporté via MapTeleport en [4141.96,5909.08,0]')
[18:53:10:811939 +01:00] [Thread 15648] extDB3: SQL: Error MariaDBQueryException: You have an error in your SQL syntax; check the manual that corresponds to your MariaDB server version for the right syntax to use near 'est téléporté via MapTeleport en [3841.16,4708.34,0]')' at line 1
[18:53:10:812000 +01:00] [Thread 15648] extDB3: SQL: Error MariaDBQueryException: Input: INSERT INTO logs_alf (name, uid, type, text) VALUES ('Antonio Lopa', '76561198201065973', 'ADMIN', 'Antonio Lopa (76561198201065973) s'est téléporté via MapTeleport en [3841.16,4708.34,0]')
[18:55:02:670785 +01:00] [Thread 15732] extDB3: SQL: Error MariaDBQueryException: You have an error in your SQL syntax; check the manual that corresponds to your MariaDB server version for the right syntax to use near 'est téléporté via MapTeleport en [4156.29,5891.62,0]')' at line 1
[18:55:02:670848 +01:00] [Thread 15732] extDB3: SQL: Error MariaDBQueryException: Input: INSERT INTO logs_alf (name, uid, type, text) VALUES ('Antonio Lopa', '76561198201065973', 'ADMIN', 'Antonio Lopa (76561198201065973) s'est téléporté via MapTeleport en [4156.29,5891.62,0]')
[18:55:11:280921 +01:00] [Thread 15732] extDB3: SQL: Error MariaDBQueryException: You have an error in your SQL syntax; check the manual that corresponds to your MariaDB server version for the right syntax to use near 'est téléporté via MapTeleport en [3845.03,4713.84,0]')' at line 1
[18:55:11:280996 +01:00] [Thread 15732] extDB3: SQL: Error MariaDBQueryException: Input: INSERT INTO logs_alf (name, uid, type, text) VALUES ('Antonio Lopa', '76561198201065973', 'ADMIN', 'Antonio Lopa (76561198201065973) s'est téléporté via MapTeleport en [3845.03,4713.84,0]')
