
extDB3: https://bitbucket.org/torndeco/extdb3/wiki/Home
extDB3: Version: 1.033
extDB3: Windows Version
Message: All development for extDB3 is done on a Linux Dedicated Server
Message: If you would like to Donate to extDB3 Development
Message: https://www.paypal.com/cgi-bin/webscr?cmd=_s-xclick&hosted_button_id=2SUEFTGABTAM2
Message: Also leave a message if there is any particular feature you would like to see added.
Message: Thanks for all the people that have donated.
Message: Torndeco: 18/05/15

Message: This version was modified and include some improvement
Message: The lib was recompiled using new version of TBBMalloc, Boost and MariaDB connector
Message: The worker threads limitation was removed
Message: Steez: 30/10/2020


extDB3: Found extdb3-conf.ini
extDB3: Detected 16 Cores, Setting up 6 Worker Threads
extDB3: Detected 16 Cores, Setting up 16 Worker Threads
extDB3: ...
extDB3: ...
extDB3: ...
extDB3: ...
extDB3: ...
extDB3: ...
extDB3: ...
extDB3: ...
extDB3: ...
extDB3: ...
extDB3: ...
extDB3: ...
extDB3: ...
extDB3: ...
extDB3: ...
extDB3: ...


[20:12:21:735933 +01:00] [Thread 16248] extDB3: SQL: Initialized: Add Quotes around TEXT Datatypes mode: 2
[20:12:21:735956 +01:00] [Thread 16248] extDB3: SQL: Initialized: NULL = ""
[20:12:21:735970 +01:00] [Thread 16248] extDB3: Locked
[20:12:21:742169 +01:00] [Thread 15332] extDB3: SQL: Error MariaDBQueryException: PROCEDURE armalife.deleteOldForfait does not exist
[20:12:21:742184 +01:00] [Thread 15332] extDB3: SQL: Error MariaDBQueryException: Input: CALL deleteOldForfait
[20:12:21:742209 +01:00] [Thread 4056] extDB3: SQL: Error MariaDBQueryException: PROCEDURE armalife.deleteDeadVehicles does not exist
[20:12:21:742225 +01:00] [Thread 4056] extDB3: SQL: Error MariaDBQueryException: Input: CALL deleteDeadVehicles
[20:12:21:742248 +01:00] [Thread 16300] extDB3: SQL: Error MariaDBQueryException: PROCEDURE armalife.deleteOldSms does not exist
[20:12:21:742261 +01:00] [Thread 16300] extDB3: SQL: Error MariaDBQueryException: Input: CALL deleteOldSms
[20:12:22:370838 +01:00] [Thread 5096] extDB3: SQL: Error MariaDBQueryException: Unknown column 'alarm_gendarmerie' in 'field list'
[20:12:22:370865 +01:00] [Thread 5096] extDB3: SQL: Error MariaDBQueryException: Input: SELECT id, pid, pos, sonnette, classname, alarm_gendarmerie FROM houses LIMIT 0,10
[20:15:01:357840 +01:00] [Thread 5096] extDB3: SQL: Error MariaDBQueryException: You have an error in your SQL syntax; check the manual that corresponds to your MariaDB server version for the right syntax to use near 'est téléporté via MapTeleport en [4154.45,5886.53,0]')' at line 1
[20:15:01:357913 +01:00] [Thread 5096] extDB3: SQL: Error MariaDBQueryException: Input: INSERT INTO logs_alf (name, uid, type, text) VALUES ('Antonio Lopa', '76561198201065973', 'ADMIN', 'Antonio Lopa (76561198201065973) s'est téléporté via MapTeleport en [4154.45,5886.53,0]')
[20:18:27:134634 +01:00] [Thread 14684] extDB3: SQL: Error MariaDBQueryException: You have an error in your SQL syntax; check the manual that corresponds to your MariaDB server version for the right syntax to use near 'est téléporté via MapTeleport en [3910.69,4611.96,0]')' at line 1
[20:18:27:134690 +01:00] [Thread 14684] extDB3: SQL: Error MariaDBQueryException: Input: INSERT INTO logs_alf (name, uid, type, text) VALUES ('Antonio Lopa', '76561198201065973', 'ADMIN', 'Antonio Lopa (76561198201065973) s'est téléporté via MapTeleport en [3910.69,4611.96,0]')
[20:18:35:584298 +01:00] [Thread 14684] extDB3: SQL: Error MariaDBQueryException: You have an error in your SQL syntax; check the manual that corresponds to your MariaDB server version for the right syntax to use near 'est téléporté via MapTeleport en [3842.53,4707.54,0]')' at line 1
[20:18:35:584365 +01:00] [Thread 14684] extDB3: SQL: Error MariaDBQueryException: Input: INSERT INTO logs_alf (name, uid, type, text) VALUES ('Antonio Lopa', '76561198201065973', 'ADMIN', 'Antonio Lopa (76561198201065973) s'est téléporté via MapTeleport en [3842.53,4707.54,0]')
