
extDB3: https://bitbucket.org/torndeco/extdb3/wiki/Home
extDB3: Version: 1.033
extDB3: Windows Version
Message: All development for extDB3 is done on a Linux Dedicated Server
Message: If you would like to Donate to extDB3 Development
Message: https://www.paypal.com/cgi-bin/webscr?cmd=_s-xclick&hosted_button_id=2SUEFTGABTAM2
Message: Also leave a message if there is any particular feature you would like to see added.
Message: Thanks for all the people that have donated.
Message: Torndeco: 18/05/15

Message: This version was modified and include some improvement
Message: The lib was recompiled using new version of TBBMalloc, Boost and MariaDB connector
Message: The worker threads limitation was removed
Message: Steez: 30/10/2020


extDB3: Found extdb3-conf.ini
extDB3: Detected 16 Cores, Setting up 6 Worker Threads
extDB3: Detected 16 Cores, Setting up 16 Worker Threads
extDB3: ...
extDB3: ...
extDB3: ...
extDB3: ...
extDB3: ...
extDB3: ...
extDB3: ...
extDB3: ...
extDB3: ...
extDB3: ...
extDB3: ...
extDB3: ...
extDB3: ...
extDB3: ...
extDB3: ...
extDB3: ...


[20:34:17:386121 +01:00] [Thread 13764] extDB3: SQL: Initialized: Add Quotes around TEXT Datatypes mode: 2
[20:34:17:386143 +01:00] [Thread 13764] extDB3: SQL: Initialized: NULL = ""
[20:34:17:386158 +01:00] [Thread 13764] extDB3: Locked
[20:34:17:392108 +01:00] [Thread 15872] extDB3: SQL: Error MariaDBQueryException: PROCEDURE armalife.deleteOldSms does not exist
[20:34:17:392124 +01:00] [Thread 15872] extDB3: SQL: Error MariaDBQueryException: Input: CALL deleteOldSms
[20:34:17:392157 +01:00] [Thread 13772] extDB3: SQL: Error MariaDBQueryException: PROCEDURE armalife.deleteDeadVehicles does not exist
[20:34:17:392170 +01:00] [Thread 13772] extDB3: SQL: Error MariaDBQueryException: Input: CALL deleteDeadVehicles
[20:34:17:392204 +01:00] [Thread 15724] extDB3: SQL: Error MariaDBQueryException: PROCEDURE armalife.deleteOldForfait does not exist
[20:34:17:392216 +01:00] [Thread 15724] extDB3: SQL: Error MariaDBQueryException: Input: CALL deleteOldForfait
[20:34:18:009986 +01:00] [Thread 12512] extDB3: SQL: Error MariaDBQueryException: Unknown column 'alarm_gendarmerie' in 'field list'
[20:34:18:010009 +01:00] [Thread 12512] extDB3: SQL: Error MariaDBQueryException: Input: SELECT id, pid, pos, sonnette, classname, alarm_gendarmerie FROM houses LIMIT 0,10
[20:37:21:868805 +01:00] [Thread 12512] extDB3: SQL: Error MariaDBQueryException: You have an error in your SQL syntax; check the manual that corresponds to your MariaDB server version for the right syntax to use near 'est téléporté via MapTeleport en [4153.89,5897.88,0]')' at line 1
[20:37:21:868912 +01:00] [Thread 12512] extDB3: SQL: Error MariaDBQueryException: Input: INSERT INTO logs_alf (name, uid, type, text) VALUES ('Antonio Lopa', '76561198201065973', 'ADMIN', 'Antonio Lopa (76561198201065973) s'est téléporté via MapTeleport en [4153.89,5897.88,0]')
[20:41:31:542701 +01:00] [Thread 15872] extDB3: SQL: Error MariaDBQueryException: You have an error in your SQL syntax; check the manual that corresponds to your MariaDB server version for the right syntax to use near 'est téléporté via MapTeleport en [5981.02,4219.07,0]')' at line 1
[20:41:31:542762 +01:00] [Thread 15872] extDB3: SQL: Error MariaDBQueryException: Input: INSERT INTO logs_alf (name, uid, type, text) VALUES ('Antonio Lopa', '76561198201065973', 'ADMIN', 'Antonio Lopa (76561198201065973) s'est téléporté via MapTeleport en [5981.02,4219.07,0]')
