
extDB3: https://bitbucket.org/torndeco/extdb3/wiki/Home
extDB3: Version: 1.033
extDB3: Windows Version
Message: All development for extDB3 is done on a Linux Dedicated Server
Message: If you would like to Donate to extDB3 Development
Message: https://www.paypal.com/cgi-bin/webscr?cmd=_s-xclick&hosted_button_id=2SUEFTGABTAM2
Message: Also leave a message if there is any particular feature you would like to see added.
Message: Thanks for all the people that have donated.
Message: Torndeco: 18/05/15

Message: This version was modified and include some improvement
Message: The lib was recompiled using new version of TBBMalloc, Boost and MariaDB connector
Message: The worker threads limitation was removed
Message: Steez: 30/10/2020


extDB3: Found extdb3-conf.ini
extDB3: Detected 16 Cores, Setting up 6 Worker Threads
extDB3: Detected 16 Cores, Setting up 16 Worker Threads
extDB3: ...
extDB3: ...
extDB3: ...
extDB3: ...
extDB3: ...
extDB3: ...
extDB3: ...
extDB3: ...
extDB3: ...
extDB3: ...
extDB3: ...
extDB3: ...
extDB3: ...
extDB3: ...
extDB3: ...
extDB3: ...


[09:20:14:036369 +01:00] [Thread 6460] extDB3: SQL: Initialized: Add Quotes around TEXT Datatypes mode: 2
[09:20:14:036391 +01:00] [Thread 6460] extDB3: SQL: Initialized: NULL = ""
[09:20:14:036405 +01:00] [Thread 6460] extDB3: Locked
[09:20:14:042458 +01:00] [Thread 17092] extDB3: SQL: Error MariaDBQueryException: PROCEDURE armalife.deleteDeadVehicles does not exist
[09:20:14:042471 +01:00] [Thread 17092] extDB3: SQL: Error MariaDBQueryException: Input: CALL deleteDeadVehicles
[09:20:14:042497 +01:00] [Thread 16000] extDB3: SQL: Error MariaDBQueryException: PROCEDURE armalife.deleteOldForfait does not exist
[09:20:14:042509 +01:00] [Thread 16000] extDB3: SQL: Error MariaDBQueryException: Input: CALL deleteOldForfait
[09:20:14:042531 +01:00] [Thread 16640] extDB3: SQL: Error MariaDBQueryException: PROCEDURE armalife.deleteOldSms does not exist
[09:20:14:042544 +01:00] [Thread 16640] extDB3: SQL: Error MariaDBQueryException: Input: CALL deleteOldSms
[09:20:14:658337 +01:00] [Thread 12868] extDB3: SQL: Error MariaDBQueryException: Unknown column 'alarm_gendarmerie' in 'field list'
[09:20:14:658358 +01:00] [Thread 12868] extDB3: SQL: Error MariaDBQueryException: Input: SELECT id, pid, pos, sonnette, classname, alarm_gendarmerie FROM houses LIMIT 0,10
[09:23:08:216608 +01:00] [Thread 12868] extDB3: SQL: Error MariaDBQueryException: You have an error in your SQL syntax; check the manual that corresponds to your MariaDB server version for the right syntax to use near 'est téléporté via MapTeleport en [4158.25,5891.86,0]')' at line 1
[09:23:08:216899 +01:00] [Thread 12868] extDB3: SQL: Error MariaDBQueryException: Input: INSERT INTO logs_alf (name, uid, type, text) VALUES ('Antonio Lopa', '76561198201065973', 'ADMIN', 'Antonio Lopa (76561198201065973) s'est téléporté via MapTeleport en [4158.25,5891.86,0]')
[09:23:17:344885 +01:00] [Thread 12868] extDB3: SQL: Error MariaDBQueryException: You have an error in your SQL syntax; check the manual that corresponds to your MariaDB server version for the right syntax to use near 'action 'Se Rassasier' via le menu admin.')' at line 1
[09:23:17:344941 +01:00] [Thread 12868] extDB3: SQL: Error MariaDBQueryException: Input: INSERT INTO logs_alf (name, uid, type, text) VALUES ('Antonio Lopa', '76561198201065973', 'ADMIN', 'A utilisé l'action 'Se Rassasier' via le menu admin.')
