
extDB3: https://bitbucket.org/torndeco/extdb3/wiki/Home
extDB3: Version: 1.033
extDB3: Windows Version
Message: All development for extDB3 is done on a Linux Dedicated Server
Message: If you would like to Donate to extDB3 Development
Message: https://www.paypal.com/cgi-bin/webscr?cmd=_s-xclick&hosted_button_id=2SUEFTGABTAM2
Message: Also leave a message if there is any particular feature you would like to see added.
Message: Thanks for all the people that have donated.
Message: Torndeco: 18/05/15

Message: This version was modified and include some improvement
Message: The lib was recompiled using new version of TBBMalloc, Boost and MariaDB connector
Message: The worker threads limitation was removed
Message: Steez: 30/10/2020


extDB3: Found extdb3-conf.ini
extDB3: Detected 16 Cores, Setting up 6 Worker Threads
extDB3: Detected 16 Cores, Setting up 16 Worker Threads
extDB3: ...
extDB3: ...
extDB3: ...
extDB3: ...
extDB3: ...
extDB3: ...
extDB3: ...
extDB3: ...
extDB3: ...
extDB3: ...
extDB3: ...
extDB3: ...
extDB3: ...
extDB3: ...
extDB3: ...
extDB3: ...


[09:32:10:971023 +01:00] [Thread 17960] extDB3: SQL: Initialized: Add Quotes around TEXT Datatypes mode: 2
[09:32:10:971045 +01:00] [Thread 17960] extDB3: SQL: Initialized: NULL = ""
[09:32:10:971059 +01:00] [Thread 17960] extDB3: Locked
[09:32:10:977211 +01:00] [Thread 5388] extDB3: SQL: Error MariaDBQueryException: PROCEDURE armalife.deleteDeadVehicles does not exist
[09:32:10:977224 +01:00] [Thread 5388] extDB3: SQL: Error MariaDBQueryException: Input: CALL deleteDeadVehicles
[09:32:10:977261 +01:00] [Thread 4372] extDB3: SQL: Error MariaDBQueryException: PROCEDURE armalife.deleteOldForfait does not exist
[09:32:10:977268 +01:00] [Thread 12660] extDB3: SQL: Error MariaDBQueryException: PROCEDURE armalife.deleteOldSms does not exist
[09:32:10:977274 +01:00] [Thread 4372] extDB3: SQL: Error MariaDBQueryException: Input: CALL deleteOldForfait
[09:32:10:977281 +01:00] [Thread 12660] extDB3: SQL: Error MariaDBQueryException: Input: CALL deleteOldSms
[09:32:11:596904 +01:00] [Thread 16388] extDB3: SQL: Error MariaDBQueryException: Unknown column 'alarm_gendarmerie' in 'field list'
[09:32:11:596926 +01:00] [Thread 16388] extDB3: SQL: Error MariaDBQueryException: Input: SELECT id, pid, pos, sonnette, classname, alarm_gendarmerie FROM houses LIMIT 0,10
[09:42:20:728153 +01:00] [Thread 7900] extDB3: SQL: Error MariaDBQueryException: You have an error in your SQL syntax; check the manual that corresponds to your MariaDB server version for the right syntax to use near 'est téléporté via MapTeleport en [4157.21,5889.53,0]')' at line 1
[09:42:20:728206 +01:00] [Thread 7900] extDB3: SQL: Error MariaDBQueryException: Input: INSERT INTO logs_alf (name, uid, type, text) VALUES ('Antonio Lopa', '76561198201065973', 'ADMIN', 'Antonio Lopa (76561198201065973) s'est téléporté via MapTeleport en [4157.21,5889.53,0]')
