
extDB3: https://bitbucket.org/torndeco/extdb3/wiki/Home
extDB3: Version: 1.033
extDB3: Windows Version
Message: All development for extDB3 is done on a Linux Dedicated Server
Message: If you would like to Donate to extDB3 Development
Message: https://www.paypal.com/cgi-bin/webscr?cmd=_s-xclick&hosted_button_id=2SUEFTGABTAM2
Message: Also leave a message if there is any particular feature you would like to see added.
Message: Thanks for all the people that have donated.
Message: Torndeco: 18/05/15

Message: This version was modified and include some improvement
Message: The lib was recompiled using new version of TBBMalloc, Boost and MariaDB connector
Message: The worker threads limitation was removed
Message: Steez: 30/10/2020


extDB3: Found extdb3-conf.ini
extDB3: Detected 16 Cores, Setting up 6 Worker Threads
extDB3: Detected 16 Cores, Setting up 16 Worker Threads
extDB3: ...
extDB3: ...
extDB3: ...
extDB3: ...
extDB3: ...
extDB3: ...
extDB3: ...
extDB3: ...
extDB3: ...
extDB3: ...
extDB3: ...
extDB3: ...
extDB3: ...
extDB3: ...
extDB3: ...
extDB3: ...


[10:10:34:816162 +01:00] [Thread 7216] extDB3: SQL: Initialized: Add Quotes around TEXT Datatypes mode: 2
[10:10:34:816184 +01:00] [Thread 7216] extDB3: SQL: Initialized: NULL = ""
[10:10:34:816194 +01:00] [Thread 7216] extDB3: Locked
[10:10:34:823967 +01:00] [Thread 8912] extDB3: SQL: Error MariaDBQueryException: PROCEDURE altislife.resetLifeVehicles does not exist
[10:10:34:823981 +01:00] [Thread 8912] extDB3: SQL: Error MariaDBQueryException: Input: CALL resetLifeVehicles
[10:10:34:823980 +01:00] [Thread 6812] extDB3: SQL: Error MariaDBQueryException: PROCEDURE altislife.deleteOldHouses does not exist
[10:10:34:824012 +01:00] [Thread 6812] extDB3: SQL: Error MariaDBQueryException: Input: CALL deleteOldHouses
[10:10:34:824027 +01:00] [Thread 8312] extDB3: SQL: Error MariaDBQueryException: PROCEDURE altislife.deleteDeadVehicles does not exist
[10:10:34:824031 +01:00] [Thread 8016] extDB3: SQL: Error MariaDBQueryException: PROCEDURE altislife.deleteOldGangs does not exist
[10:10:34:824053 +01:00] [Thread 8312] extDB3: SQL: Error MariaDBQueryException: Input: CALL deleteDeadVehicles
[10:10:34:824076 +01:00] [Thread 8016] extDB3: SQL: Error MariaDBQueryException: Input: CALL deleteOldGangs
[10:10:34:824128 +01:00] [Thread 2080] extDB3: SQL: Error MariaDBQueryException: PROCEDURE altislife.Point_Permis does not exist
[10:10:34:824139 +01:00] [Thread 2080] extDB3: SQL: Error MariaDBQueryException: Input: CALL Point_Permis
