
extDB3: https://bitbucket.org/torndeco/extdb3/wiki/Home
extDB3: Version: 1.033
extDB3: Windows Version
Message: All development for extDB3 is done on a Linux Dedicated Server
Message: If you would like to Donate to extDB3 Development
Message: https://www.paypal.com/cgi-bin/webscr?cmd=_s-xclick&hosted_button_id=2SUEFTGABTAM2
Message: Also leave a message if there is any particular feature you would like to see added.
Message: Thanks for all the people that have donated.
Message: Torndeco: 18/05/15

Message: This version was modified and include some improvement
Message: The lib was recompiled using new version of TBBMalloc, Boost and MariaDB connector
Message: The worker threads limitation was removed
Message: Steez: 30/10/2020


extDB3: Found extdb3-conf.ini
extDB3: Detected 16 Cores, Setting up 6 Worker Threads
extDB3: Detected 16 Cores, Setting up 16 Worker Threads
extDB3: ...
extDB3: ...
extDB3: ...
extDB3: ...
extDB3: ...
extDB3: ...
extDB3: ...
extDB3: ...
extDB3: ...
extDB3: ...
extDB3: ...
extDB3: ...
extDB3: ...
extDB3: ...
extDB3: ...
extDB3: ...


[10:43:05:135915 +01:00] [Thread 8884] extDB3: SQL: Initialized: Add Quotes around TEXT Datatypes mode: 2
[10:43:05:135939 +01:00] [Thread 8884] extDB3: SQL: Initialized: NULL = ""
[10:43:05:135950 +01:00] [Thread 8884] extDB3: Locked
[10:43:05:142507 +01:00] [Thread 7732] extDB3: SQL: Error MariaDBQueryException: PROCEDURE altislife.resetLifeVehicles does not exist
[10:43:05:142520 +01:00] [Thread 7732] extDB3: SQL: Error MariaDBQueryException: Input: CALL resetLifeVehicles
[10:43:05:142552 +01:00] [Thread 8220] extDB3: SQL: Error MariaDBQueryException: PROCEDURE altislife.deleteDeadVehicles does not exist
[10:43:05:142556 +01:00] [Thread 7572] extDB3: SQL: Error MariaDBQueryException: PROCEDURE altislife.deleteOldHouses does not exist
[10:43:05:142560 +01:00] [Thread 2152] extDB3: SQL: Error MariaDBQueryException: PROCEDURE altislife.Point_Permis does not exist
[10:43:05:142587 +01:00] [Thread 2152] extDB3: SQL: Error MariaDBQueryException: Input: CALL Point_Permis
[10:43:05:142574 +01:00] [Thread 7572] extDB3: SQL: Error MariaDBQueryException: Input: CALL deleteOldHouses
[10:43:05:142603 +01:00] [Thread 7624] extDB3: SQL: Error MariaDBQueryException: PROCEDURE altislife.deleteOldGangs does not exist
[10:43:05:142615 +01:00] [Thread 7624] extDB3: SQL: Error MariaDBQueryException: Input: CALL deleteOldGangs
[10:43:05:142564 +01:00] [Thread 8220] extDB3: SQL: Error MariaDBQueryException: Input: CALL deleteDeadVehicles
