
extDB3: https://bitbucket.org/torndeco/extdb3/wiki/Home
extDB3: Version: 1.033
extDB3: Windows Version
Message: All development for extDB3 is done on a Linux Dedicated Server
Message: If you would like to Donate to extDB3 Development
Message: https://www.paypal.com/cgi-bin/webscr?cmd=_s-xclick&hosted_button_id=2SUEFTGABTAM2
Message: Also leave a message if there is any particular feature you would like to see added.
Message: Thanks for all the people that have donated.
Message: Torndeco: 18/05/15

Message: This version was modified and include some improvement
Message: The lib was recompiled using new version of TBBMalloc, Boost and MariaDB connector
Message: The worker threads limitation was removed
Message: Steez: 30/10/2020


extDB3: Found extdb3-conf.ini
extDB3: Detected 16 Cores, Setting up 6 Worker Threads
extDB3: Detected 16 Cores, Setting up 16 Worker Threads
extDB3: ...
extDB3: ...
extDB3: ...
extDB3: ...
extDB3: ...
extDB3: ...
extDB3: ...
extDB3: ...
extDB3: ...
extDB3: ...
extDB3: ...
extDB3: ...
extDB3: ...
extDB3: ...
extDB3: ...
extDB3: ...


[14:01:31:491120 +01:00] [Thread 8640] extDB3: SQL: Initialized: Add Quotes around TEXT Datatypes mode: 2
[14:01:31:491140 +01:00] [Thread 8640] extDB3: SQL: Initialized: NULL = ""
[14:01:31:491151 +01:00] [Thread 8640] extDB3: Locked
[14:01:31:498223 +01:00] [Thread 8224] extDB3: SQL: Error MariaDBQueryException: PROCEDURE altislife.resetLifeVehicles does not exist
[14:01:31:498227 +01:00] [Thread 5148] extDB3: SQL: Error MariaDBQueryException: PROCEDURE altislife.deleteOldHouses does not exist
[14:01:31:498236 +01:00] [Thread 8224] extDB3: SQL: Error MariaDBQueryException: Input: CALL resetLifeVehicles
[14:01:31:498247 +01:00] [Thread 5148] extDB3: SQL: Error MariaDBQueryException: Input: CALL deleteOldHouses
[14:01:31:498266 +01:00] [Thread 8852] extDB3: SQL: Error MariaDBQueryException: PROCEDURE altislife.deleteDeadVehicles does not exist
[14:01:31:498292 +01:00] [Thread 8852] extDB3: SQL: Error MariaDBQueryException: Input: CALL deleteDeadVehicles
[14:01:31:498297 +01:00] [Thread 5848] extDB3: SQL: Error MariaDBQueryException: PROCEDURE altislife.deleteOldGangs does not exist
[14:01:31:498310 +01:00] [Thread 5848] extDB3: SQL: Error MariaDBQueryException: Input: CALL deleteOldGangs
[14:01:31:498323 +01:00] [Thread 2604] extDB3: SQL: Error MariaDBQueryException: PROCEDURE altislife.Point_Permis does not exist
[14:01:31:498348 +01:00] [Thread 2604] extDB3: SQL: Error MariaDBQueryException: Input: CALL Point_Permis
