
extDB3: https://bitbucket.org/torndeco/extdb3/wiki/Home
extDB3: Version: 1.033
extDB3: Windows Version
Message: All development for extDB3 is done on a Linux Dedicated Server
Message: If you would like to Donate to extDB3 Development
Message: https://www.paypal.com/cgi-bin/webscr?cmd=_s-xclick&hosted_button_id=2SUEFTGABTAM2
Message: Also leave a message if there is any particular feature you would like to see added.
Message: Thanks for all the people that have donated.
Message: Torndeco: 18/05/15

Message: This version was modified and include some improvement
Message: The lib was recompiled using new version of TBBMalloc, Boost and MariaDB connector
Message: The worker threads limitation was removed
Message: Steez: 30/10/2020


extDB3: Found extdb3-conf.ini
extDB3: Detected 16 Cores, Setting up 6 Worker Threads
extDB3: Detected 16 Cores, Setting up 16 Worker Threads
extDB3: ...
extDB3: ...
extDB3: ...
extDB3: ...
extDB3: ...
extDB3: ...
extDB3: ...
extDB3: ...
extDB3: ...
extDB3: ...
extDB3: ...
extDB3: ...
extDB3: ...
extDB3: ...
extDB3: ...
extDB3: ...


[15:01:10:052215 +01:00] [Thread 9204] extDB3: SQL: Initialized: Add Quotes around TEXT Datatypes mode: 2
[15:01:10:052235 +01:00] [Thread 9204] extDB3: SQL: Initialized: NULL = ""
[15:01:10:052246 +01:00] [Thread 9204] extDB3: Locked
[15:01:10:059779 +01:00] [Thread 4692] extDB3: SQL: Error MariaDBQueryException: PROCEDURE altislife.resetLifeVehicles does not exist
[15:01:10:059793 +01:00] [Thread 4692] extDB3: SQL: Error MariaDBQueryException: Input: CALL resetLifeVehicles
[15:01:10:059816 +01:00] [Thread 7948] extDB3: SQL: Error MariaDBQueryException: PROCEDURE altislife.deleteDeadVehicles does not exist
[15:01:10:059827 +01:00] [Thread 7948] extDB3: SQL: Error MariaDBQueryException: Input: CALL deleteDeadVehicles
[15:01:10:059835 +01:00] [Thread 6592] extDB3: SQL: Error MariaDBQueryException: PROCEDURE altislife.Point_Permis does not exist
[15:01:10:059842 +01:00] [Thread 3136] extDB3: SQL: Error MariaDBQueryException: PROCEDURE altislife.deleteOldHouses does not exist
[15:01:10:059846 +01:00] [Thread 6592] extDB3: SQL: Error MariaDBQueryException: Input: CALL Point_Permis
[15:01:10:059846 +01:00] [Thread 7648] extDB3: SQL: Error MariaDBQueryException: PROCEDURE altislife.deleteOldGangs does not exist
[15:01:10:059857 +01:00] [Thread 3136] extDB3: SQL: Error MariaDBQueryException: Input: CALL deleteOldHouses
[15:01:10:059915 +01:00] [Thread 7648] extDB3: SQL: Error MariaDBQueryException: Input: CALL deleteOldGangs
