
extDB3: https://bitbucket.org/torndeco/extdb3/wiki/Home
extDB3: Version: 1.033
extDB3: Windows Version
Message: All development for extDB3 is done on a Linux Dedicated Server
Message: If you would like to Donate to extDB3 Development
Message: https://www.paypal.com/cgi-bin/webscr?cmd=_s-xclick&hosted_button_id=2SUEFTGABTAM2
Message: Also leave a message if there is any particular feature you would like to see added.
Message: Thanks for all the people that have donated.
Message: Torndeco: 18/05/15

Message: This version was modified and include some improvement
Message: The lib was recompiled using new version of TBBMalloc, Boost and MariaDB connector
Message: The worker threads limitation was removed
Message: Steez: 30/10/2020


extDB3: Found extdb3-conf.ini
extDB3: Detected 16 Cores, Setting up 6 Worker Threads
extDB3: Detected 16 Cores, Setting up 16 Worker Threads
extDB3: ...
extDB3: ...
extDB3: ...
extDB3: ...
extDB3: ...
extDB3: ...
extDB3: ...
extDB3: ...
extDB3: ...
extDB3: ...
extDB3: ...
extDB3: ...
extDB3: ...
extDB3: ...
extDB3: ...
extDB3: ...


[16:58:39:132070 +01:00] [Thread 3184] extDB3: SQL: Initialized: Add Quotes around TEXT Datatypes mode: 2
[16:58:39:132091 +01:00] [Thread 3184] extDB3: SQL: Initialized: NULL = ""
[16:58:39:132102 +01:00] [Thread 3184] extDB3: Locked
[16:58:39:139806 +01:00] [Thread 4396] extDB3: SQL: Error MariaDBQueryException: PROCEDURE altislife.resetLifeVehicles does not exist
[16:58:39:139811 +01:00] [Thread 500] extDB3: SQL: Error MariaDBQueryException: PROCEDURE altislife.deleteDeadVehicles does not exist
[16:58:39:139821 +01:00] [Thread 4396] extDB3: SQL: Error MariaDBQueryException: Input: CALL resetLifeVehicles
[16:58:39:139832 +01:00] [Thread 500] extDB3: SQL: Error MariaDBQueryException: Input: CALL deleteDeadVehicles
[16:58:39:139868 +01:00] [Thread 2652] extDB3: SQL: Error MariaDBQueryException: PROCEDURE altislife.deleteOldHouses does not exist
[16:58:39:139943 +01:00] [Thread 476] extDB3: SQL: Error MariaDBQueryException: PROCEDURE altislife.deleteOldGangs does not exist
[16:58:39:139996 +01:00] [Thread 476] extDB3: SQL: Error MariaDBQueryException: Input: CALL deleteOldGangs
[16:58:39:139948 +01:00] [Thread 5728] extDB3: SQL: Error MariaDBQueryException: PROCEDURE altislife.Point_Permis does not exist
[16:58:39:140061 +01:00] [Thread 5728] extDB3: SQL: Error MariaDBQueryException: Input: CALL Point_Permis
[16:58:39:139981 +01:00] [Thread 2652] extDB3: SQL: Error MariaDBQueryException: Input: CALL deleteOldHouses
