
extDB3: https://bitbucket.org/torndeco/extdb3/wiki/Home
extDB3: Version: 1.033
extDB3: Windows Version
Message: All development for extDB3 is done on a Linux Dedicated Server
Message: If you would like to Donate to extDB3 Development
Message: https://www.paypal.com/cgi-bin/webscr?cmd=_s-xclick&hosted_button_id=2SUEFTGABTAM2
Message: Also leave a message if there is any particular feature you would like to see added.
Message: Thanks for all the people that have donated.
Message: Torndeco: 18/05/15

Message: This version was modified and include some improvement
Message: The lib was recompiled using new version of TBBMalloc, Boost and MariaDB connector
Message: The worker threads limitation was removed
Message: Steez: 30/10/2020


extDB3: Found extdb3-conf.ini
extDB3: Detected 16 Cores, Setting up 6 Worker Threads
extDB3: Detected 16 Cores, Setting up 16 Worker Threads
extDB3: ...
extDB3: ...
extDB3: ...
extDB3: ...
extDB3: ...
extDB3: ...
extDB3: ...
extDB3: ...
extDB3: ...
extDB3: ...
extDB3: ...
extDB3: ...
extDB3: ...
extDB3: ...
extDB3: ...
extDB3: ...


[14:01:32:287771 +01:00] [Thread 1624] extDB3: SQL: Initialized: Add Quotes around TEXT Datatypes mode: 2
[14:01:32:287792 +01:00] [Thread 1624] extDB3: SQL: Initialized: NULL = ""
[14:01:32:287803 +01:00] [Thread 1624] extDB3: Locked
[14:01:32:295212 +01:00] [Thread 8628] extDB3: SQL: Error MariaDBQueryException: PROCEDURE altislife.resetLifeVehicles does not exist
[14:01:32:295214 +01:00] [Thread 7076] extDB3: SQL: Error MariaDBQueryException: PROCEDURE altislife.deleteOldHouses does not exist
[14:01:32:295226 +01:00] [Thread 8628] extDB3: SQL: Error MariaDBQueryException: Input: CALL resetLifeVehicles
[14:01:32:295238 +01:00] [Thread 7076] extDB3: SQL: Error MariaDBQueryException: Input: CALL deleteOldHouses
[14:01:32:295253 +01:00] [Thread 3588] extDB3: SQL: Error MariaDBQueryException: PROCEDURE altislife.deleteDeadVehicles does not exist
[14:01:32:295285 +01:00] [Thread 3588] extDB3: SQL: Error MariaDBQueryException: Input: CALL deleteDeadVehicles
[14:01:32:295319 +01:00] [Thread 6856] extDB3: SQL: Error MariaDBQueryException: PROCEDURE altislife.Point_Permis does not exist
[14:01:32:295330 +01:00] [Thread 6856] extDB3: SQL: Error MariaDBQueryException: Input: CALL Point_Permis
[14:01:32:295331 +01:00] [Thread 8604] extDB3: SQL: Error MariaDBQueryException: PROCEDURE altislife.deleteOldGangs does not exist
[14:01:32:295344 +01:00] [Thread 8604] extDB3: SQL: Error MariaDBQueryException: Input: CALL deleteOldGangs
[15:01:33:652762 +01:00] [Thread 7740] extDB3: SQL: Error MariaDBQueryException: PROCEDURE altislife.braceletTimeUpdate does not exist
[15:01:33:652861 +01:00] [Thread 7740] extDB3: SQL: Error MariaDBQueryException: Input: CALL braceletTimeUpdate
[16:01:33:734977 +01:00] [Thread 7048] extDB3: SQL: Error MariaDBQueryException: PROCEDURE altislife.braceletTimeUpdate does not exist
[16:01:33:735101 +01:00] [Thread 7048] extDB3: SQL: Error MariaDBQueryException: Input: CALL braceletTimeUpdate
[17:01:33:806467 +01:00] [Thread 6856] extDB3: SQL: Error MariaDBQueryException: PROCEDURE altislife.braceletTimeUpdate does not exist
[17:01:33:806600 +01:00] [Thread 6856] extDB3: SQL: Error MariaDBQueryException: Input: CALL braceletTimeUpdate
[18:01:33:876296 +01:00] [Thread 7048] extDB3: SQL: Error MariaDBQueryException: PROCEDURE altislife.braceletTimeUpdate does not exist
[18:01:33:876439 +01:00] [Thread 7048] extDB3: SQL: Error MariaDBQueryException: Input: CALL braceletTimeUpdate
[19:01:33:937109 +01:00] [Thread 3588] extDB3: SQL: Error MariaDBQueryException: PROCEDURE altislife.braceletTimeUpdate does not exist
[19:01:33:937229 +01:00] [Thread 3588] extDB3: SQL: Error MariaDBQueryException: Input: CALL braceletTimeUpdate
[20:01:34:004930 +01:00] [Thread 8664] extDB3: SQL: Error MariaDBQueryException: PROCEDURE altislife.braceletTimeUpdate does not exist
[20:01:34:005061 +01:00] [Thread 8664] extDB3: SQL: Error MariaDBQueryException: Input: CALL braceletTimeUpdate
[21:01:34:076051 +01:00] [Thread 7644] extDB3: SQL: Error MariaDBQueryException: PROCEDURE altislife.braceletTimeUpdate does not exist
[21:01:34:076206 +01:00] [Thread 7644] extDB3: SQL: Error MariaDBQueryException: Input: CALL braceletTimeUpdate
[22:01:34:160812 +01:00] [Thread 8328] extDB3: SQL: Error MariaDBQueryException: PROCEDURE altislife.braceletTimeUpdate does not exist
[22:01:34:160938 +01:00] [Thread 8328] extDB3: SQL: Error MariaDBQueryException: Input: CALL braceletTimeUpdate
[23:01:34:224495 +01:00] [Thread 8604] extDB3: SQL: Error MariaDBQueryException: PROCEDURE altislife.braceletTimeUpdate does not exist
[23:01:34:224615 +01:00] [Thread 8604] extDB3: SQL: Error MariaDBQueryException: Input: CALL braceletTimeUpdate
[00:01:34:298356 +01:00] [Thread 7740] extDB3: SQL: Error MariaDBQueryException: PROCEDURE altislife.braceletTimeUpdate does not exist
[00:01:34:298487 +01:00] [Thread 7740] extDB3: SQL: Error MariaDBQueryException: Input: CALL braceletTimeUpdate
[01:01:34:366208 +01:00] [Thread 8376] extDB3: SQL: Error MariaDBQueryException: PROCEDURE altislife.braceletTimeUpdate does not exist
[01:01:34:366308 +01:00] [Thread 8376] extDB3: SQL: Error MariaDBQueryException: Input: CALL braceletTimeUpdate
[02:01:34:440834 +01:00] [Thread 2964] extDB3: SQL: Error MariaDBQueryException: PROCEDURE altislife.braceletTimeUpdate does not exist
[02:01:34:441035 +01:00] [Thread 2964] extDB3: SQL: Error MariaDBQueryException: Input: CALL braceletTimeUpdate
[03:01:34:500111 +01:00] [Thread 7740] extDB3: SQL: Error MariaDBQueryException: PROCEDURE altislife.braceletTimeUpdate does not exist
[03:01:34:500251 +01:00] [Thread 7740] extDB3: SQL: Error MariaDBQueryException: Input: CALL braceletTimeUpdate
[04:01:34:564756 +01:00] [Thread 7740] extDB3: SQL: Error MariaDBQueryException: PROCEDURE altislife.braceletTimeUpdate does not exist
[04:01:34:564852 +01:00] [Thread 7740] extDB3: SQL: Error MariaDBQueryException: Input: CALL braceletTimeUpdate
[05:01:34:642125 +01:00] [Thread 3588] extDB3: SQL: Error MariaDBQueryException: PROCEDURE altislife.braceletTimeUpdate does not exist
[05:01:34:642221 +01:00] [Thread 3588] extDB3: SQL: Error MariaDBQueryException: Input: CALL braceletTimeUpdate
[06:01:34:712285 +01:00] [Thread 8664] extDB3: SQL: Error MariaDBQueryException: PROCEDURE altislife.braceletTimeUpdate does not exist
[06:01:34:712461 +01:00] [Thread 8664] extDB3: SQL: Error MariaDBQueryException: Input: CALL braceletTimeUpdate
[07:01:34:782015 +01:00] [Thread 7644] extDB3: SQL: Error MariaDBQueryException: PROCEDURE altislife.braceletTimeUpdate does not exist
[07:01:34:782109 +01:00] [Thread 7644] extDB3: SQL: Error MariaDBQueryException: Input: CALL braceletTimeUpdate
[08:01:34:846859 +01:00] [Thread 7048] extDB3: SQL: Error MariaDBQueryException: PROCEDURE altislife.braceletTimeUpdate does not exist
[08:01:34:846970 +01:00] [Thread 7048] extDB3: SQL: Error MariaDBQueryException: Input: CALL braceletTimeUpdate
[09:01:34:922604 +01:00] [Thread 7076] extDB3: SQL: Error MariaDBQueryException: PROCEDURE altislife.braceletTimeUpdate does not exist
[09:01:34:922738 +01:00] [Thread 7076] extDB3: SQL: Error MariaDBQueryException: Input: CALL braceletTimeUpdate
[10:01:35:004437 +01:00] [Thread 7048] extDB3: SQL: Error MariaDBQueryException: PROCEDURE altislife.braceletTimeUpdate does not exist
[10:01:35:004568 +01:00] [Thread 7048] extDB3: SQL: Error MariaDBQueryException: Input: CALL braceletTimeUpdate
[11:01:35:075440 +01:00] [Thread 2964] extDB3: SQL: Error MariaDBQueryException: PROCEDURE altislife.braceletTimeUpdate does not exist
[11:01:35:075560 +01:00] [Thread 2964] extDB3: SQL: Error MariaDBQueryException: Input: CALL braceletTimeUpdate
[12:01:35:141368 +01:00] [Thread 3588] extDB3: SQL: Error MariaDBQueryException: PROCEDURE altislife.braceletTimeUpdate does not exist
[12:01:35:141495 +01:00] [Thread 3588] extDB3: SQL: Error MariaDBQueryException: Input: CALL braceletTimeUpdate
[13:01:35:209592 +01:00] [Thread 8620] extDB3: SQL: Error MariaDBQueryException: PROCEDURE altislife.braceletTimeUpdate does not exist
[13:01:35:209710 +01:00] [Thread 8620] extDB3: SQL: Error MariaDBQueryException: Input: CALL braceletTimeUpdate
