
extDB3: https://bitbucket.org/torndeco/extdb3/wiki/Home
extDB3: Version: 1.033
extDB3: Windows Version
Message: All development for extDB3 is done on a Linux Dedicated Server
Message: If you would like to Donate to extDB3 Development
Message: https://www.paypal.com/cgi-bin/webscr?cmd=_s-xclick&hosted_button_id=2SUEFTGABTAM2
Message: Also leave a message if there is any particular feature you would like to see added.
Message: Thanks for all the people that have donated.
Message: Torndeco: 18/05/15

Message: This version was modified and include some improvement
Message: The lib was recompiled using new version of TBBMalloc, Boost and MariaDB connector
Message: The worker threads limitation was removed
Message: Steez: 30/10/2020


extDB3: Found extdb3-conf.ini
extDB3: Detected 16 Cores, Setting up 6 Worker Threads
extDB3: Detected 16 Cores, Setting up 16 Worker Threads
extDB3: ...
extDB3: ...
extDB3: ...
extDB3: ...
extDB3: ...
extDB3: ...
extDB3: ...
extDB3: ...
extDB3: ...
extDB3: ...
extDB3: ...
extDB3: ...
extDB3: ...
extDB3: ...
extDB3: ...
extDB3: ...


[13:17:03:596044 +01:00] [Thread 10280] extDB3: SQL: Initialized: Add Quotes around TEXT Datatypes mode: 2
[13:17:03:596070 +01:00] [Thread 10280] extDB3: SQL: Initialized: NULL = ""
[13:17:03:596091 +01:00] [Thread 10280] extDB3: Locked
[13:17:03:604604 +01:00] [Thread 8880] extDB3: SQL: Error MariaDBQueryException: PROCEDURE armalife.deleteOldForfait does not exist
[13:17:03:604659 +01:00] [Thread 4436] extDB3: SQL: Error MariaDBQueryException: PROCEDURE armalife.deleteOldSms does not exist
[13:17:03:604662 +01:00] [Thread 8880] extDB3: SQL: Error MariaDBQueryException: Input: CALL deleteOldForfait
[13:17:03:604663 +01:00] [Thread 5428] extDB3: SQL: Error MariaDBQueryException: PROCEDURE armalife.deleteDeadVehicles does not exist
[13:17:03:604738 +01:00] [Thread 5428] extDB3: SQL: Error MariaDBQueryException: Input: CALL deleteDeadVehicles
[13:17:03:604677 +01:00] [Thread 4436] extDB3: SQL: Error MariaDBQueryException: Input: CALL deleteOldSms
[13:29:31:851840 +01:00] [Thread 11024] extDB3: SQL: Error MariaDBQueryException: You have an error in your SQL syntax; check the manual that corresponds to your MariaDB server version for the right syntax to use near 'action 'Se Rassasier' via le menu admin.')' at line 1
[13:29:31:853973 +01:00] [Thread 11024] extDB3: SQL: Error MariaDBQueryException: Input: INSERT INTO logs_alf (name, uid, type, text) VALUES ('Antonio Lopa', '76561198201065973', 'ADMIN', 'A utilisé l'action 'Se Rassasier' via le menu admin.')
[13:29:33:951829 +01:00] [Thread 11024] extDB3: SQL: Error MariaDBQueryException: You have an error in your SQL syntax; check the manual that corresponds to your MariaDB server version for the right syntax to use near 'action 'Marqueurs' via le menu admin.')' at line 1
[13:29:33:951875 +01:00] [Thread 11024] extDB3: SQL: Error MariaDBQueryException: Input: INSERT INTO logs_alf (name, uid, type, text) VALUES ('Antonio Lopa', '76561198201065973', 'ADMIN', 'A utilisé l'action 'Marqueurs' via le menu admin.')
[13:29:34:633022 +01:00] [Thread 4436] extDB3: SQL: Error MariaDBQueryException: You have an error in your SQL syntax; check the manual that corresponds to your MariaDB server version for the right syntax to use near 'action 'Marqueurs' via le menu admin.')' at line 1
[13:29:34:633060 +01:00] [Thread 4436] extDB3: SQL: Error MariaDBQueryException: Input: INSERT INTO logs_alf (name, uid, type, text) VALUES ('Antonio Lopa', '76561198201065973', 'ADMIN', 'A utilisé l'action 'Marqueurs' via le menu admin.')
[13:29:46:676450 +01:00] [Thread 11024] extDB3: SQL: Error MariaDBQueryException: You have an error in your SQL syntax; check the manual that corresponds to your MariaDB server version for the right syntax to use near 'action 'Marqueurs' via le menu admin.')' at line 1
[13:29:46:676501 +01:00] [Thread 11024] extDB3: SQL: Error MariaDBQueryException: Input: INSERT INTO logs_alf (name, uid, type, text) VALUES ('Antonio Lopa', '76561198201065973', 'ADMIN', 'A utilisé l'action 'Marqueurs' via le menu admin.')
[13:29:47:996573 +01:00] [Thread 4436] extDB3: SQL: Error MariaDBQueryException: You have an error in your SQL syntax; check the manual that corresponds to your MariaDB server version for the right syntax to use near 'action 'Invisible' via le menu admin.')' at line 1
[13:29:47:996637 +01:00] [Thread 4436] extDB3: SQL: Error MariaDBQueryException: Input: INSERT INTO logs_alf (name, uid, type, text) VALUES ('Antonio Lopa', '76561198201065973', 'ADMIN', 'A utilisé l'action 'Invisible' via le menu admin.')
[13:29:48:854738 +01:00] [Thread 4436] extDB3: SQL: Error MariaDBQueryException: You have an error in your SQL syntax; check the manual that corresponds to your MariaDB server version for the right syntax to use near 'est plus invisible')' at line 1
[13:29:48:854801 +01:00] [Thread 4436] extDB3: SQL: Error MariaDBQueryException: Input: INSERT INTO logs_alf (name, uid, type, text) VALUES ('Antonio Lopa', '76561198201065973', 'ADMIN', 'N'est plus invisible')
[13:29:48:854739 +01:00] [Thread 11024] extDB3: SQL: Error MariaDBQueryException: You have an error in your SQL syntax; check the manual that corresponds to your MariaDB server version for the right syntax to use near 'action 'Invisible' via le menu admin.')' at line 1
[13:29:48:854847 +01:00] [Thread 11024] extDB3: SQL: Error MariaDBQueryException: Input: INSERT INTO logs_alf (name, uid, type, text) VALUES ('Antonio Lopa', '76561198201065973', 'ADMIN', 'A utilisé l'action 'Invisible' via le menu admin.')
[13:29:53:140605 +01:00] [Thread 11024] extDB3: SQL: Error MariaDBQueryException: You have an error in your SQL syntax; check the manual that corresponds to your MariaDB server version for the right syntax to use near 'action 'Créer grosse fumée' via le menu admin.')' at line 1
[13:29:53:140654 +01:00] [Thread 11024] extDB3: SQL: Error MariaDBQueryException: Input: INSERT INTO logs_alf (name, uid, type, text) VALUES ('Antonio Lopa', '76561198201065973', 'ADMIN', 'A utilisé l'action 'Créer grosse fumée' via le menu admin.')
[13:29:54:479683 +01:00] [Thread 11024] extDB3: SQL: Error MariaDBQueryException: You have an error in your SQL syntax; check the manual that corresponds to your MariaDB server version for the right syntax to use near 'action 'Créer incendie moyen' via le menu admin.')' at line 1
[13:29:54:479729 +01:00] [Thread 11024] extDB3: SQL: Error MariaDBQueryException: Input: INSERT INTO logs_alf (name, uid, type, text) VALUES ('Antonio Lopa', '76561198201065973', 'ADMIN', 'A utilisé l'action 'Créer incendie moyen' via le menu admin.')
[13:30:11:705799 +01:00] [Thread 11024] extDB3: SQL: Error MariaDBQueryException: You have an error in your SQL syntax; check the manual that corresponds to your MariaDB server version for the right syntax to use near 'action 'Créer gros incendie' via le menu admin.')' at line 1
[13:30:11:705845 +01:00] [Thread 11024] extDB3: SQL: Error MariaDBQueryException: Input: INSERT INTO logs_alf (name, uid, type, text) VALUES ('Antonio Lopa', '76561198201065973', 'ADMIN', 'A utilisé l'action 'Créer gros incendie' via le menu admin.')
[13:30:17:357203 +01:00] [Thread 11024] extDB3: SQL: Error MariaDBQueryException: You have an error in your SQL syntax; check the manual that corresponds to your MariaDB server version for the right syntax to use near 'action 'Supprimer incendies' via le menu admin.')' at line 1
[13:30:17:357235 +01:00] [Thread 11024] extDB3: SQL: Error MariaDBQueryException: Input: INSERT INTO logs_alf (name, uid, type, text) VALUES ('Antonio Lopa', '76561198201065973', 'ADMIN', 'A utilisé l'action 'Supprimer incendies' via le menu admin.')
[13:30:27:983153 +01:00] [Thread 11024] extDB3: SQL: Error MariaDBQueryException: You have an error in your SQL syntax; check the manual that corresponds to your MariaDB server version for the right syntax to use near 'action 'Marqueurs' via le menu admin.')' at line 1
[13:30:27:983202 +01:00] [Thread 11024] extDB3: SQL: Error MariaDBQueryException: Input: INSERT INTO logs_alf (name, uid, type, text) VALUES ('Antonio Lopa', '76561198201065973', 'ADMIN', 'A utilisé l'action 'Marqueurs' via le menu admin.')
