
extDB3: https://bitbucket.org/torndeco/extdb3/wiki/Home
extDB3: Version: 1.033
extDB3: Windows Version
Message: All development for extDB3 is done on a Linux Dedicated Server
Message: If you would like to Donate to extDB3 Development
Message: https://www.paypal.com/cgi-bin/webscr?cmd=_s-xclick&hosted_button_id=2SUEFTGABTAM2
Message: Also leave a message if there is any particular feature you would like to see added.
Message: Thanks for all the people that have donated.
Message: Torndeco: 18/05/15

Message: This version was modified and include some improvement
Message: The lib was recompiled using new version of TBBMalloc, Boost and MariaDB connector
Message: The worker threads limitation was removed
Message: Steez: 30/10/2020


extDB3: Found extdb3-conf.ini
extDB3: Detected 16 Cores, Setting up 6 Worker Threads
extDB3: Detected 16 Cores, Setting up 16 Worker Threads
extDB3: ...
extDB3: ...
extDB3: ...
extDB3: ...
extDB3: ...
extDB3: ...
extDB3: ...
extDB3: ...
extDB3: ...
extDB3: ...
extDB3: ...
extDB3: ...
extDB3: ...
extDB3: ...
extDB3: ...
extDB3: ...


[17:56:33:751118 +01:00] [Thread 8912] extDB3: SQL: Initialized: Add Quotes around TEXT Datatypes mode: 2
[17:56:33:751144 +01:00] [Thread 8912] extDB3: SQL: Initialized: NULL = ""
[17:56:33:751159 +01:00] [Thread 8912] extDB3: Locked
[17:56:33:757597 +01:00] [Thread 1376] extDB3: SQL: Error MariaDBQueryException: PROCEDURE armalife.deleteDeadVehicles does not exist
[17:56:33:757610 +01:00] [Thread 1376] extDB3: SQL: Error MariaDBQueryException: Input: CALL deleteDeadVehicles
[17:56:33:757627 +01:00] [Thread 11108] extDB3: SQL: Error MariaDBQueryException: PROCEDURE armalife.deleteOldForfait does not exist
[17:56:33:757635 +01:00] [Thread 10200] extDB3: SQL: Error MariaDBQueryException: PROCEDURE armalife.deleteOldSms does not exist
[17:56:33:757640 +01:00] [Thread 11108] extDB3: SQL: Error MariaDBQueryException: Input: CALL deleteOldForfait
[17:56:33:757649 +01:00] [Thread 10200] extDB3: SQL: Error MariaDBQueryException: Input: CALL deleteOldSms
