
extDB3: https://bitbucket.org/torndeco/extdb3/wiki/Home
extDB3: Version: 1.033
extDB3: Windows Version
Message: All development for extDB3 is done on a Linux Dedicated Server
Message: If you would like to Donate to extDB3 Development
Message: https://www.paypal.com/cgi-bin/webscr?cmd=_s-xclick&hosted_button_id=2SUEFTGABTAM2
Message: Also leave a message if there is any particular feature you would like to see added.
Message: Thanks for all the people that have donated.
Message: Torndeco: 18/05/15

Message: This version was modified and include some improvement
Message: The lib was recompiled using new version of TBBMalloc, Boost and MariaDB connector
Message: The worker threads limitation was removed
Message: Steez: 30/10/2020


extDB3: Found extdb3-conf.ini
extDB3: Detected 16 Cores, Setting up 6 Worker Threads
extDB3: Detected 16 Cores, Setting up 16 Worker Threads
extDB3: ...
extDB3: ...
extDB3: ...
extDB3: ...
extDB3: ...
extDB3: ...
extDB3: ...
extDB3: ...
extDB3: ...
extDB3: ...
extDB3: ...
extDB3: ...
extDB3: ...
extDB3: ...
extDB3: ...
extDB3: ...


[19:52:27:737861 +01:00] [Thread 8372] extDB3: SQL: Initialized: Add Quotes around TEXT Datatypes mode: 2
[19:52:27:737888 +01:00] [Thread 8372] extDB3: SQL: Initialized: NULL = ""
[19:52:27:737909 +01:00] [Thread 8372] extDB3: Locked
[19:52:27:746139 +01:00] [Thread 9604] extDB3: SQL: Error MariaDBQueryException: PROCEDURE armalife.deleteDeadVehicles does not exist
[19:52:27:746155 +01:00] [Thread 9604] extDB3: SQL: Error MariaDBQueryException: Input: CALL deleteDeadVehicles
[19:52:27:746174 +01:00] [Thread 11228] extDB3: SQL: Error MariaDBQueryException: PROCEDURE armalife.deleteOldSms does not exist
[19:52:27:746186 +01:00] [Thread 11228] extDB3: SQL: Error MariaDBQueryException: Input: CALL deleteOldSms
[19:52:27:746207 +01:00] [Thread 8464] extDB3: SQL: Error MariaDBQueryException: PROCEDURE armalife.deleteOldForfait does not exist
[19:52:27:746219 +01:00] [Thread 8464] extDB3: SQL: Error MariaDBQueryException: Input: CALL deleteOldForfait
[20:14:11:194195 +01:00] [Thread 8464] extDB3: SQL: Error MariaDBQueryException: You have an error in your SQL syntax; check the manual that corresponds to your MariaDB server version for the right syntax to use near 'est téléporté via MapTeleport en [4388.13,6259.19,0]')' at line 1
[20:14:11:196507 +01:00] [Thread 8464] extDB3: SQL: Error MariaDBQueryException: Input: INSERT INTO logs_alf (name, uid, type, text) VALUES ('Antonio Lopa', '76561198201065973', 'ADMIN', 'Antonio Lopa (76561198201065973) s'est téléporté via MapTeleport en [4388.13,6259.19,0]')
[20:14:24:246870 +01:00] [Thread 8464] extDB3: SQL: Error MariaDBQueryException: You have an error in your SQL syntax; check the manual that corresponds to your MariaDB server version for the right syntax to use near 'est téléporté via MapTeleport en [4154.9,5904.99,0]')' at line 1
[20:14:24:246924 +01:00] [Thread 8464] extDB3: SQL: Error MariaDBQueryException: Input: INSERT INTO logs_alf (name, uid, type, text) VALUES ('Antonio Lopa', '76561198201065973', 'ADMIN', 'Antonio Lopa (76561198201065973) s'est téléporté via MapTeleport en [4154.9,5904.99,0]')
[20:14:32:269850 +01:00] [Thread 8464] extDB3: SQL: Error MariaDBQueryException: You have an error in your SQL syntax; check the manual that corresponds to your MariaDB server version for the right syntax to use near 'est téléporté via MapTeleport en [4383.75,6257.94,0]')' at line 1
[20:14:32:269900 +01:00] [Thread 8464] extDB3: SQL: Error MariaDBQueryException: Input: INSERT INTO logs_alf (name, uid, type, text) VALUES ('Antonio Lopa', '76561198201065973', 'ADMIN', 'Antonio Lopa (76561198201065973) s'est téléporté via MapTeleport en [4383.75,6257.94,0]')
