
extDB3: https://bitbucket.org/torndeco/extdb3/wiki/Home
extDB3: Version: 1.033
extDB3: Windows Version
Message: All development for extDB3 is done on a Linux Dedicated Server
Message: If you would like to Donate to extDB3 Development
Message: https://www.paypal.com/cgi-bin/webscr?cmd=_s-xclick&hosted_button_id=2SUEFTGABTAM2
Message: Also leave a message if there is any particular feature you would like to see added.
Message: Thanks for all the people that have donated.
Message: Torndeco: 18/05/15

Message: This version was modified and include some improvement
Message: The lib was recompiled using new version of TBBMalloc, Boost and MariaDB connector
Message: The worker threads limitation was removed
Message: Steez: 30/10/2020


extDB3: Found extdb3-conf.ini
extDB3: Detected 16 Cores, Setting up 6 Worker Threads
extDB3: Detected 16 Cores, Setting up 16 Worker Threads
extDB3: ...
extDB3: ...
extDB3: ...
extDB3: ...
extDB3: ...
extDB3: ...
extDB3: ...
extDB3: ...
extDB3: ...
extDB3: ...
extDB3: ...
extDB3: ...
extDB3: ...
extDB3: ...
extDB3: ...
extDB3: ...


[20:23:16:420886 +01:00] [Thread 8528] extDB3: SQL: Initialized: Add Quotes around TEXT Datatypes mode: 2
[20:23:16:420912 +01:00] [Thread 8528] extDB3: SQL: Initialized: NULL = ""
[20:23:16:420928 +01:00] [Thread 8528] extDB3: Locked
[20:23:16:427374 +01:00] [Thread 5116] extDB3: SQL: Error MariaDBQueryException: PROCEDURE armalife.deleteOldSms does not exist
[20:23:16:427387 +01:00] [Thread 5116] extDB3: SQL: Error MariaDBQueryException: Input: CALL deleteOldSms
[20:23:16:427422 +01:00] [Thread 10868] extDB3: SQL: Error MariaDBQueryException: PROCEDURE armalife.deleteDeadVehicles does not exist
[20:23:16:427434 +01:00] [Thread 10868] extDB3: SQL: Error MariaDBQueryException: Input: CALL deleteDeadVehicles
[20:23:16:427459 +01:00] [Thread 10424] extDB3: SQL: Error MariaDBQueryException: PROCEDURE armalife.deleteOldForfait does not exist
[20:23:16:427471 +01:00] [Thread 10424] extDB3: SQL: Error MariaDBQueryException: Input: CALL deleteOldForfait
[20:30:21:898849 +01:00] [Thread 10460] extDB3: SQL: Error MariaDBQueryException: You have an error in your SQL syntax; check the manual that corresponds to your MariaDB server version for the right syntax to use near 'est téléporté via MapTeleport en [5128.48,7331.2,0]')' at line 1
[20:30:21:899420 +01:00] [Thread 10460] extDB3: SQL: Error MariaDBQueryException: Input: INSERT INTO logs_alf (name, uid, type, text) VALUES ('Antonio Lopa', '76561198201065973', 'ADMIN', 'Antonio Lopa (76561198201065973) s'est téléporté via MapTeleport en [5128.48,7331.2,0]')
