
extDB3: https://bitbucket.org/torndeco/extdb3/wiki/Home
extDB3: Version: 1.033
extDB3: Windows Version
Message: All development for extDB3 is done on a Linux Dedicated Server
Message: If you would like to Donate to extDB3 Development
Message: https://www.paypal.com/cgi-bin/webscr?cmd=_s-xclick&hosted_button_id=2SUEFTGABTAM2
Message: Also leave a message if there is any particular feature you would like to see added.
Message: Thanks for all the people that have donated.
Message: Torndeco: 18/05/15

Message: This version was modified and include some improvement
Message: The lib was recompiled using new version of TBBMalloc, Boost and MariaDB connector
Message: The worker threads limitation was removed
Message: Steez: 30/10/2020


extDB3: Found extdb3-conf.ini
extDB3: Detected 16 Cores, Setting up 6 Worker Threads
extDB3: Detected 16 Cores, Setting up 16 Worker Threads
extDB3: ...
extDB3: ...
extDB3: ...
extDB3: ...
extDB3: ...
extDB3: ...
extDB3: ...
extDB3: ...
extDB3: ...
extDB3: ...
extDB3: ...
extDB3: ...
extDB3: ...
extDB3: ...
extDB3: ...
extDB3: ...


[10:59:36:288545 +02:00] [Thread 11720] extDB3: SQL: Initialized: Add Quotes around TEXT Datatypes mode: 2
[10:59:36:288571 +02:00] [Thread 11720] extDB3: SQL: Initialized: NULL = ""
[10:59:36:288586 +02:00] [Thread 11720] extDB3: Locked
[10:59:36:295707 +02:00] [Thread 7996] extDB3: SQL: Error MariaDBQueryException: PROCEDURE armalife.deleteDeadVehicles does not exist
[10:59:36:295768 +02:00] [Thread 7400] extDB3: SQL: Error MariaDBQueryException: PROCEDURE armalife.deleteOldForfait does not exist
[10:59:36:295771 +02:00] [Thread 16608] extDB3: SQL: Error MariaDBQueryException: PROCEDURE armalife.deleteOldSms does not exist
[10:59:36:295831 +02:00] [Thread 16608] extDB3: SQL: Error MariaDBQueryException: Input: CALL deleteOldSms
[10:59:36:295790 +02:00] [Thread 7996] extDB3: SQL: Error MariaDBQueryException: Input: CALL deleteDeadVehicles
[10:59:36:295819 +02:00] [Thread 7400] extDB3: SQL: Error MariaDBQueryException: Input: CALL deleteOldForfait
[11:02:17:184421 +02:00] [Thread 19076] extDB3: SQL: Error MariaDBQueryException: You have an error in your SQL syntax; check the manual that corresponds to your MariaDB server version for the right syntax to use near 'est téléporté via MapTeleport en [4145.5,4285.84,0]')' at line 1
[11:02:17:184541 +02:00] [Thread 19076] extDB3: SQL: Error MariaDBQueryException: Input: INSERT INTO logs_alf (name, uid, type, text) VALUES ('Antonio Lopa', '76561198201065973', 'ADMIN', 'Antonio Lopa (76561198201065973) s'est téléporté via MapTeleport en [4145.5,4285.84,0]')
[11:02:25:977654 +02:00] [Thread 19076] extDB3: SQL: Error MariaDBQueryException: You have an error in your SQL syntax; check the manual that corresponds to your MariaDB server version for the right syntax to use near 'est téléporté via MapTeleport en [6298.9,7366.43,0]')' at line 1
[11:02:25:977719 +02:00] [Thread 19076] extDB3: SQL: Error MariaDBQueryException: Input: INSERT INTO logs_alf (name, uid, type, text) VALUES ('Antonio Lopa', '76561198201065973', 'ADMIN', 'Antonio Lopa (76561198201065973) s'est téléporté via MapTeleport en [6298.9,7366.43,0]')
[11:02:35:020600 +02:00] [Thread 19076] extDB3: SQL: Error MariaDBQueryException: You have an error in your SQL syntax; check the manual that corresponds to your MariaDB server version for the right syntax to use near 'est téléporté via MapTeleport en [4065.02,4518.72,0]')' at line 1
[11:02:35:020678 +02:00] [Thread 19076] extDB3: SQL: Error MariaDBQueryException: Input: INSERT INTO logs_alf (name, uid, type, text) VALUES ('Antonio Lopa', '76561198201065973', 'ADMIN', 'Antonio Lopa (76561198201065973) s'est téléporté via MapTeleport en [4065.02,4518.72,0]')
