
extDB3: https://bitbucket.org/torndeco/extdb3/wiki/Home
extDB3: Version: 1.033
extDB3: Windows Version
Message: All development for extDB3 is done on a Linux Dedicated Server
Message: If you would like to Donate to extDB3 Development
Message: https://www.paypal.com/cgi-bin/webscr?cmd=_s-xclick&hosted_button_id=2SUEFTGABTAM2
Message: Also leave a message if there is any particular feature you would like to see added.
Message: Thanks for all the people that have donated.
Message: Torndeco: 18/05/15

Message: This version was modified and include some improvement
Message: The lib was recompiled using new version of TBBMalloc, Boost and MariaDB connector
Message: The worker threads limitation was removed
Message: Steez: 30/10/2020


extDB3: Found extdb3-conf.ini
extDB3: Detected 16 Cores, Setting up 6 Worker Threads
extDB3: Detected 16 Cores, Setting up 16 Worker Threads
extDB3: ...
extDB3: ...
extDB3: ...
extDB3: ...
extDB3: ...
extDB3: ...
extDB3: ...
extDB3: ...
extDB3: ...
extDB3: ...
extDB3: ...
extDB3: ...
extDB3: ...
extDB3: ...
extDB3: ...
extDB3: ...


[12:33:27:853594 +02:00] [Thread 19608] extDB3: SQL: Initialized: Add Quotes around TEXT Datatypes mode: 2
[12:33:27:853618 +02:00] [Thread 19608] extDB3: SQL: Initialized: NULL = ""
[12:33:27:853635 +02:00] [Thread 19608] extDB3: Locked
[12:33:27:859643 +02:00] [Thread 17792] extDB3: SQL: Error MariaDBQueryException: PROCEDURE armalife.deleteDeadVehicles does not exist
[12:33:27:859684 +02:00] [Thread 17604] extDB3: SQL: Error MariaDBQueryException: PROCEDURE armalife.deleteOldForfait does not exist
[12:33:27:859688 +02:00] [Thread 17792] extDB3: SQL: Error MariaDBQueryException: Input: CALL deleteDeadVehicles
[12:33:27:859715 +02:00] [Thread 17604] extDB3: SQL: Error MariaDBQueryException: Input: CALL deleteOldForfait
[12:33:27:859779 +02:00] [Thread 16772] extDB3: SQL: Error MariaDBQueryException: PROCEDURE armalife.deleteOldSms does not exist
[12:33:27:859791 +02:00] [Thread 16772] extDB3: SQL: Error MariaDBQueryException: Input: CALL deleteOldSms
[12:35:44:748775 +02:00] [Thread 16772] extDB3: SQL: Error MariaDBQueryException: You have an error in your SQL syntax; check the manual that corresponds to your MariaDB server version for the right syntax to use near 'est téléporté via MapTeleport en [4077.14,4506.01,0]')' at line 1
[12:35:44:748997 +02:00] [Thread 16772] extDB3: SQL: Error MariaDBQueryException: Input: INSERT INTO logs_alf (name, uid, type, text) VALUES ('Antonio Lopa', '76561198201065973', 'ADMIN', 'Antonio Lopa (76561198201065973) s'est téléporté via MapTeleport en [4077.14,4506.01,0]')
[12:37:11:335725 +02:00] [Thread 16772] extDB3: SQL: Error MariaDBQueryException: You have an error in your SQL syntax; check the manual that corresponds to your MariaDB server version for the right syntax to use near 'est téléporté via MapTeleport en [6302.78,7368.96,0]')' at line 1
[12:37:11:335800 +02:00] [Thread 16772] extDB3: SQL: Error MariaDBQueryException: Input: INSERT INTO logs_alf (name, uid, type, text) VALUES ('Antonio Lopa', '76561198201065973', 'ADMIN', 'Antonio Lopa (76561198201065973) s'est téléporté via MapTeleport en [6302.78,7368.96,0]')
