
extDB3: https://bitbucket.org/torndeco/extdb3/wiki/Home
extDB3: Version: 1.033
extDB3: Windows Version
Message: All development for extDB3 is done on a Linux Dedicated Server
Message: If you would like to Donate to extDB3 Development
Message: https://www.paypal.com/cgi-bin/webscr?cmd=_s-xclick&hosted_button_id=2SUEFTGABTAM2
Message: Also leave a message if there is any particular feature you would like to see added.
Message: Thanks for all the people that have donated.
Message: Torndeco: 18/05/15

Message: This version was modified and include some improvement
Message: The lib was recompiled using new version of TBBMalloc, Boost and MariaDB connector
Message: The worker threads limitation was removed
Message: Steez: 30/10/2020


extDB3: Found extdb3-conf.ini
extDB3: Detected 16 Cores, Setting up 6 Worker Threads
extDB3: Detected 16 Cores, Setting up 16 Worker Threads
extDB3: ...
extDB3: ...
extDB3: ...
extDB3: ...
extDB3: ...
extDB3: ...
extDB3: ...
extDB3: ...
extDB3: ...
extDB3: ...
extDB3: ...
extDB3: ...
extDB3: ...
extDB3: ...
extDB3: ...
extDB3: ...


[12:49:44:281097 +02:00] [Thread 16760] extDB3: SQL: Initialized: Add Quotes around TEXT Datatypes mode: 2
[12:49:44:281122 +02:00] [Thread 16760] extDB3: SQL: Initialized: NULL = ""
[12:49:44:281138 +02:00] [Thread 16760] extDB3: Locked
[12:49:44:288254 +02:00] [Thread 16296] extDB3: SQL: Error MariaDBQueryException: PROCEDURE armalife.deleteDeadVehicles does not exist
[12:49:44:288317 +02:00] [Thread 16296] extDB3: SQL: Error MariaDBQueryException: Input: CALL deleteDeadVehicles
[12:49:44:288338 +02:00] [Thread 19028] extDB3: SQL: Error MariaDBQueryException: PROCEDURE armalife.deleteOldForfait does not exist
[12:49:44:288344 +02:00] [Thread 19608] extDB3: SQL: Error MariaDBQueryException: PROCEDURE armalife.deleteOldSms does not exist
[12:49:44:288354 +02:00] [Thread 19028] extDB3: SQL: Error MariaDBQueryException: Input: CALL deleteOldForfait
[12:49:44:288385 +02:00] [Thread 19608] extDB3: SQL: Error MariaDBQueryException: Input: CALL deleteOldSms
[12:51:39:166687 +02:00] [Thread 20180] extDB3: SQL: Error MariaDBQueryException: You have an error in your SQL syntax; check the manual that corresponds to your MariaDB server version for the right syntax to use near 'est téléporté via MapTeleport en [6303.15,7358.49,0]')' at line 1
[12:51:39:166755 +02:00] [Thread 20180] extDB3: SQL: Error MariaDBQueryException: Input: INSERT INTO logs_alf (name, uid, type, text) VALUES ('Antonio Lopa', '76561198201065973', 'ADMIN', 'Antonio Lopa (76561198201065973) s'est téléporté via MapTeleport en [6303.15,7358.49,0]')
[12:53:13:871722 +02:00] [Thread 20180] extDB3: SQL: Error MariaDBQueryException: You have an error in your SQL syntax; check the manual that corresponds to your MariaDB server version for the right syntax to use near 'est téléporté via MapTeleport en [4067.76,4517.79,0]')' at line 1
[12:53:13:871799 +02:00] [Thread 20180] extDB3: SQL: Error MariaDBQueryException: Input: INSERT INTO logs_alf (name, uid, type, text) VALUES ('Antonio Lopa', '76561198201065973', 'ADMIN', 'Antonio Lopa (76561198201065973) s'est téléporté via MapTeleport en [4067.76,4517.79,0]')
