
extDB3: https://bitbucket.org/torndeco/extdb3/wiki/Home
extDB3: Version: 1.033
extDB3: Windows Version
Message: All development for extDB3 is done on a Linux Dedicated Server
Message: If you would like to Donate to extDB3 Development
Message: https://www.paypal.com/cgi-bin/webscr?cmd=_s-xclick&hosted_button_id=2SUEFTGABTAM2
Message: Also leave a message if there is any particular feature you would like to see added.
Message: Thanks for all the people that have donated.
Message: Torndeco: 18/05/15

Message: This version was modified and include some improvement
Message: The lib was recompiled using new version of TBBMalloc, Boost and MariaDB connector
Message: The worker threads limitation was removed
Message: Steez: 30/10/2020


extDB3: Found extdb3-conf.ini
extDB3: Detected 16 Cores, Setting up 6 Worker Threads
extDB3: Detected 16 Cores, Setting up 16 Worker Threads
extDB3: ...
extDB3: ...
extDB3: ...
extDB3: ...
extDB3: ...
extDB3: ...
extDB3: ...
extDB3: ...
extDB3: ...
extDB3: ...
extDB3: ...
extDB3: ...
extDB3: ...
extDB3: ...
extDB3: ...
extDB3: ...


[13:51:50:988123 +02:00] [Thread 15852] extDB3: SQL: Initialized: Add Quotes around TEXT Datatypes mode: 2
[13:51:50:988178 +02:00] [Thread 15852] extDB3: SQL: Initialized: NULL = ""
[13:51:50:988196 +02:00] [Thread 15852] extDB3: Locked
[13:51:50:995544 +02:00] [Thread 18180] extDB3: SQL: Error MariaDBQueryException: PROCEDURE armalife.deleteDeadVehicles does not exist
[13:51:50:995567 +02:00] [Thread 18180] extDB3: SQL: Error MariaDBQueryException: Input: CALL deleteDeadVehicles
[13:51:50:995574 +02:00] [Thread 19188] extDB3: SQL: Error MariaDBQueryException: PROCEDURE armalife.deleteOldForfait does not exist
[13:51:50:995609 +02:00] [Thread 19188] extDB3: SQL: Error MariaDBQueryException: Input: CALL deleteOldForfait
[13:51:50:995618 +02:00] [Thread 19884] extDB3: SQL: Error MariaDBQueryException: PROCEDURE armalife.deleteOldSms does not exist
[13:51:50:995646 +02:00] [Thread 19884] extDB3: SQL: Error MariaDBQueryException: Input: CALL deleteOldSms
[13:56:34:221499 +02:00] [Thread 14912] extDB3: SQL: Error MariaDBQueryException: You have an error in your SQL syntax; check the manual that corresponds to your MariaDB server version for the right syntax to use near 'est téléporté via MapTeleport en [5512.82,4808.89,0]')' at line 1
[13:56:34:221562 +02:00] [Thread 14912] extDB3: SQL: Error MariaDBQueryException: Input: INSERT INTO logs_alf (name, uid, type, text) VALUES ('Antonio Lopa', '76561198201065973', 'ADMIN', 'Antonio Lopa (76561198201065973) s'est téléporté via MapTeleport en [5512.82,4808.89,0]')
[13:56:41:578589 +02:00] [Thread 14912] extDB3: SQL: Error MariaDBQueryException: You have an error in your SQL syntax; check the manual that corresponds to your MariaDB server version for the right syntax to use near 'est téléporté via MapTeleport en [3946.05,4659.04,0]')' at line 1
[13:56:41:578652 +02:00] [Thread 14912] extDB3: SQL: Error MariaDBQueryException: Input: INSERT INTO logs_alf (name, uid, type, text) VALUES ('Antonio Lopa', '76561198201065973', 'ADMIN', 'Antonio Lopa (76561198201065973) s'est téléporté via MapTeleport en [3946.05,4659.04,0]')
