
extDB3: https://bitbucket.org/torndeco/extdb3/wiki/Home
extDB3: Version: 1.033
extDB3: Windows Version
Message: All development for extDB3 is done on a Linux Dedicated Server
Message: If you would like to Donate to extDB3 Development
Message: https://www.paypal.com/cgi-bin/webscr?cmd=_s-xclick&hosted_button_id=2SUEFTGABTAM2
Message: Also leave a message if there is any particular feature you would like to see added.
Message: Thanks for all the people that have donated.
Message: Torndeco: 18/05/15

Message: This version was modified and include some improvement
Message: The lib was recompiled using new version of TBBMalloc, Boost and MariaDB connector
Message: The worker threads limitation was removed
Message: Steez: 30/10/2020


extDB3: Found extdb3-conf.ini
extDB3: Detected 16 Cores, Setting up 6 Worker Threads
extDB3: Detected 16 Cores, Setting up 16 Worker Threads
extDB3: ...
extDB3: ...
extDB3: ...
extDB3: ...
extDB3: ...
extDB3: ...
extDB3: ...
extDB3: ...
extDB3: ...
extDB3: ...
extDB3: ...
extDB3: ...
extDB3: ...
extDB3: ...
extDB3: ...
extDB3: ...


[14:59:38:053960 +02:00] [Thread 19676] extDB3: SQL: Initialized: Add Quotes around TEXT Datatypes mode: 2
[14:59:38:053999 +02:00] [Thread 19676] extDB3: SQL: Initialized: NULL = ""
[14:59:38:054021 +02:00] [Thread 19676] extDB3: Locked
[14:59:38:061063 +02:00] [Thread 19040] extDB3: SQL: Error MariaDBQueryException: PROCEDURE armalife.deleteDeadVehicles does not exist
[14:59:38:061084 +02:00] [Thread 19040] extDB3: SQL: Error MariaDBQueryException: Input: CALL deleteDeadVehicles
[14:59:38:061093 +02:00] [Thread 20328] extDB3: SQL: Error MariaDBQueryException: PROCEDURE armalife.deleteOldSms does not exist
[14:59:38:061106 +02:00] [Thread 20328] extDB3: SQL: Error MariaDBQueryException: Input: CALL deleteOldSms
[14:59:38:061135 +02:00] [Thread 18316] extDB3: SQL: Error MariaDBQueryException: PROCEDURE armalife.deleteOldForfait does not exist
[14:59:38:061147 +02:00] [Thread 18316] extDB3: SQL: Error MariaDBQueryException: Input: CALL deleteOldForfait
[15:00:39:937778 +02:00] [Thread 17732] extDB3: SQL: Error MariaDBQueryException: You have an error in your SQL syntax; check the manual that corresponds to your MariaDB server version for the right syntax to use near 'action 'Animations Rapides' via le menu admin.')' at line 1
[15:00:39:937820 +02:00] [Thread 17732] extDB3: SQL: Error MariaDBQueryException: Input: INSERT INTO logs_alf (name, uid, type, text) VALUES ('Antonio Lopa', '76561198201065973', 'ADMIN', 'A utilisé l'action 'Animations Rapides' via le menu admin.')
[15:01:10:461920 +02:00] [Thread 17732] extDB3: SQL: Error MariaDBQueryException: You have an error in your SQL syntax; check the manual that corresponds to your MariaDB server version for the right syntax to use near 'est téléporté via MapTeleport en [5511.14,4809.24,0]')' at line 1
[15:01:10:462028 +02:00] [Thread 17732] extDB3: SQL: Error MariaDBQueryException: Input: INSERT INTO logs_alf (name, uid, type, text) VALUES ('Antonio Lopa', '76561198201065973', 'ADMIN', 'Antonio Lopa (76561198201065973) s'est téléporté via MapTeleport en [5511.14,4809.24,0]')
[15:01:18:153049 +02:00] [Thread 17732] extDB3: SQL: Error MariaDBQueryException: You have an error in your SQL syntax; check the manual that corresponds to your MariaDB server version for the right syntax to use near 'est téléporté via MapTeleport en [4063.78,4525.68,0]')' at line 1
[15:01:18:153112 +02:00] [Thread 17732] extDB3: SQL: Error MariaDBQueryException: Input: INSERT INTO logs_alf (name, uid, type, text) VALUES ('Antonio Lopa', '76561198201065973', 'ADMIN', 'Antonio Lopa (76561198201065973) s'est téléporté via MapTeleport en [4063.78,4525.68,0]')
