
extDB3: https://bitbucket.org/torndeco/extdb3/wiki/Home
extDB3: Version: 1.033
extDB3: Windows Version
Message: All development for extDB3 is done on a Linux Dedicated Server
Message: If you would like to Donate to extDB3 Development
Message: https://www.paypal.com/cgi-bin/webscr?cmd=_s-xclick&hosted_button_id=2SUEFTGABTAM2
Message: Also leave a message if there is any particular feature you would like to see added.
Message: Thanks for all the people that have donated.
Message: Torndeco: 18/05/15

Message: This version was modified and include some improvement
Message: The lib was recompiled using new version of TBBMalloc, Boost and MariaDB connector
Message: The worker threads limitation was removed
Message: Steez: 30/10/2020


extDB3: Found extdb3-conf.ini
extDB3: Detected 16 Cores, Setting up 6 Worker Threads
extDB3: Detected 16 Cores, Setting up 16 Worker Threads
extDB3: ...
extDB3: ...
extDB3: ...
extDB3: ...
extDB3: ...
extDB3: ...
extDB3: ...
extDB3: ...
extDB3: ...
extDB3: ...
extDB3: ...
extDB3: ...
extDB3: ...
extDB3: ...
extDB3: ...
extDB3: ...


[15:18:25:633324 +02:00] [Thread 11640] extDB3: SQL: Initialized: Add Quotes around TEXT Datatypes mode: 2
[15:18:25:633349 +02:00] [Thread 11640] extDB3: SQL: Initialized: NULL = ""
[15:18:25:633365 +02:00] [Thread 11640] extDB3: Locked
[15:18:25:640363 +02:00] [Thread 18752] extDB3: SQL: Error MariaDBQueryException: PROCEDURE armalife.deleteOldSms does not exist
[15:18:25:640367 +02:00] [Thread 19744] extDB3: SQL: Error MariaDBQueryException: PROCEDURE armalife.deleteDeadVehicles does not exist
[15:18:25:640373 +02:00] [Thread 17648] extDB3: SQL: Error MariaDBQueryException: PROCEDURE armalife.deleteOldForfait does not exist
[15:18:25:640413 +02:00] [Thread 19744] extDB3: SQL: Error MariaDBQueryException: Input: CALL deleteDeadVehicles
[15:18:25:640395 +02:00] [Thread 18752] extDB3: SQL: Error MariaDBQueryException: Input: CALL deleteOldSms
[15:18:25:640421 +02:00] [Thread 17648] extDB3: SQL: Error MariaDBQueryException: Input: CALL deleteOldForfait
[15:20:02:923639 +02:00] [Thread 15764] extDB3: SQL: Error MariaDBQueryException: You have an error in your SQL syntax; check the manual that corresponds to your MariaDB server version for the right syntax to use near 'est téléporté via MapTeleport en [5511.76,4809.67,0]')' at line 1
[15:20:02:923762 +02:00] [Thread 15764] extDB3: SQL: Error MariaDBQueryException: Input: INSERT INTO logs_alf (name, uid, type, text) VALUES ('Antonio Lopa', '76561198201065973', 'ADMIN', 'Antonio Lopa (76561198201065973) s'est téléporté via MapTeleport en [5511.76,4809.67,0]')
[15:20:13:124569 +02:00] [Thread 15764] extDB3: SQL: Error MariaDBQueryException: You have an error in your SQL syntax; check the manual that corresponds to your MariaDB server version for the right syntax to use near 'est téléporté via MapTeleport en [4067.86,4524.36,0]')' at line 1
[15:20:13:124656 +02:00] [Thread 15764] extDB3: SQL: Error MariaDBQueryException: Input: INSERT INTO logs_alf (name, uid, type, text) VALUES ('Antonio Lopa', '76561198201065973', 'ADMIN', 'Antonio Lopa (76561198201065973) s'est téléporté via MapTeleport en [4067.86,4524.36,0]')
[15:26:11:140149 +02:00] [Thread 20320] extDB3: SQL: Error MariaDBQueryException: You have an error in your SQL syntax; check the manual that corresponds to your MariaDB server version for the right syntax to use near 'action 'Animations Rapides' via le menu admin.')' at line 1
[15:26:11:140238 +02:00] [Thread 20320] extDB3: SQL: Error MariaDBQueryException: Input: INSERT INTO logs_alf (name, uid, type, text) VALUES ('Antonio Lopa', '76561198201065973', 'ADMIN', 'A utilisé l'action 'Animations Rapides' via le menu admin.')
