
extDB3: https://bitbucket.org/torndeco/extdb3/wiki/Home
extDB3: Version: 1.033
extDB3: Windows Version
Message: All development for extDB3 is done on a Linux Dedicated Server
Message: If you would like to Donate to extDB3 Development
Message: https://www.paypal.com/cgi-bin/webscr?cmd=_s-xclick&hosted_button_id=2SUEFTGABTAM2
Message: Also leave a message if there is any particular feature you would like to see added.
Message: Thanks for all the people that have donated.
Message: Torndeco: 18/05/15

Message: This version was modified and include some improvement
Message: The lib was recompiled using new version of TBBMalloc, Boost and MariaDB connector
Message: The worker threads limitation was removed
Message: Steez: 30/10/2020


extDB3: Found extdb3-conf.ini
extDB3: Detected 16 Cores, Setting up 6 Worker Threads
extDB3: Detected 16 Cores, Setting up 16 Worker Threads
extDB3: ...
extDB3: ...
extDB3: ...
extDB3: ...
extDB3: ...
extDB3: ...
extDB3: ...
extDB3: ...
extDB3: ...
extDB3: ...
extDB3: ...
extDB3: ...
extDB3: ...
extDB3: ...
extDB3: ...
extDB3: ...


[16:45:57:226444 +02:00] [Thread 14900] extDB3: SQL: Initialized: Add Quotes around TEXT Datatypes mode: 2
[16:45:57:226516 +02:00] [Thread 14900] extDB3: SQL: Initialized: NULL = ""
[16:45:57:226539 +02:00] [Thread 14900] extDB3: Locked
[16:45:57:234253 +02:00] [Thread 8980] extDB3: SQL: Error MariaDBQueryException: PROCEDURE armalife.deleteDeadVehicles does not exist
[16:45:57:234290 +02:00] [Thread 8980] extDB3: SQL: Error MariaDBQueryException: Input: CALL deleteDeadVehicles
[16:45:57:234289 +02:00] [Thread 20168] extDB3: SQL: Error MariaDBQueryException: PROCEDURE armalife.deleteOldForfait does not exist
[16:45:57:234294 +02:00] [Thread 7456] extDB3: SQL: Error MariaDBQueryException: PROCEDURE armalife.deleteOldSms does not exist
[16:45:57:234309 +02:00] [Thread 20168] extDB3: SQL: Error MariaDBQueryException: Input: CALL deleteOldForfait
[16:45:57:234324 +02:00] [Thread 7456] extDB3: SQL: Error MariaDBQueryException: Input: CALL deleteOldSms
[16:47:45:126124 +02:00] [Thread 14768] extDB3: SQL: Error MariaDBQueryException: You have an error in your SQL syntax; check the manual that corresponds to your MariaDB server version for the right syntax to use near 'est téléporté via MapTeleport en [4073.11,4521.18,0]')' at line 1
[16:47:45:126221 +02:00] [Thread 14768] extDB3: SQL: Error MariaDBQueryException: Input: INSERT INTO logs_alf (name, uid, type, text) VALUES ('Antonio Lopa', '76561198201065973', 'ADMIN', 'Antonio Lopa (76561198201065973) s'est téléporté via MapTeleport en [4073.11,4521.18,0]')
[17:01:40:320980 +02:00] [Thread 19960] extDB3: SQL: Error MariaDBQueryException: You have an error in your SQL syntax; check the manual that corresponds to your MariaDB server version for the right syntax to use near 'est téléporté via MapTeleport en [5509.37,4814.23,0]')' at line 1
[17:01:40:321056 +02:00] [Thread 19960] extDB3: SQL: Error MariaDBQueryException: Input: INSERT INTO logs_alf (name, uid, type, text) VALUES ('Antonio Lopa', '76561198201065973', 'ADMIN', 'Antonio Lopa (76561198201065973) s'est téléporté via MapTeleport en [5509.37,4814.23,0]')
[17:01:45:795061 +02:00] [Thread 19960] extDB3: SQL: Error MariaDBQueryException: You have an error in your SQL syntax; check the manual that corresponds to your MariaDB server version for the right syntax to use near 'est téléporté via MapTeleport en [5512.03,4812.1,0]')' at line 1
[17:01:45:795122 +02:00] [Thread 19960] extDB3: SQL: Error MariaDBQueryException: Input: INSERT INTO logs_alf (name, uid, type, text) VALUES ('Antonio Lopa', '76561198201065973', 'ADMIN', 'Antonio Lopa (76561198201065973) s'est téléporté via MapTeleport en [5512.03,4812.1,0]')
