
extDB3: https://bitbucket.org/torndeco/extdb3/wiki/Home
extDB3: Version: 1.033
extDB3: Windows Version
Message: All development for extDB3 is done on a Linux Dedicated Server
Message: If you would like to Donate to extDB3 Development
Message: https://www.paypal.com/cgi-bin/webscr?cmd=_s-xclick&hosted_button_id=2SUEFTGABTAM2
Message: Also leave a message if there is any particular feature you would like to see added.
Message: Thanks for all the people that have donated.
Message: Torndeco: 18/05/15

Message: This version was modified and include some improvement
Message: The lib was recompiled using new version of TBBMalloc, Boost and MariaDB connector
Message: The worker threads limitation was removed
Message: Steez: 30/10/2020


extDB3: Found extdb3-conf.ini
extDB3: Detected 16 Cores, Setting up 6 Worker Threads
extDB3: Detected 16 Cores, Setting up 16 Worker Threads
extDB3: ...
extDB3: ...
extDB3: ...
extDB3: ...
extDB3: ...
extDB3: ...
extDB3: ...
extDB3: ...
extDB3: ...
extDB3: ...
extDB3: ...
extDB3: ...
extDB3: ...
extDB3: ...
extDB3: ...
extDB3: ...


[18:25:35:468174 +02:00] [Thread 1960] extDB3: SQL: Initialized: Add Quotes around TEXT Datatypes mode: 2
[18:25:35:468203 +02:00] [Thread 1960] extDB3: SQL: Initialized: NULL = ""
[18:25:35:468219 +02:00] [Thread 1960] extDB3: Locked
[18:25:35:475434 +02:00] [Thread 18416] extDB3: SQL: Error MariaDBQueryException: PROCEDURE armalife.deleteOldForfait does not exist
[18:25:35:475435 +02:00] [Thread 20072] extDB3: SQL: Error MariaDBQueryException: PROCEDURE armalife.deleteDeadVehicles does not exist
[18:25:35:475440 +02:00] [Thread 16440] extDB3: SQL: Error MariaDBQueryException: PROCEDURE armalife.deleteOldSms does not exist
[18:25:35:475468 +02:00] [Thread 18416] extDB3: SQL: Error MariaDBQueryException: Input: CALL deleteOldForfait
[18:25:35:475484 +02:00] [Thread 20072] extDB3: SQL: Error MariaDBQueryException: Input: CALL deleteDeadVehicles
[18:25:35:475500 +02:00] [Thread 16440] extDB3: SQL: Error MariaDBQueryException: Input: CALL deleteOldSms
[18:28:28:428603 +02:00] [Thread 13508] extDB3: SQL: Error MariaDBQueryException: You have an error in your SQL syntax; check the manual that corresponds to your MariaDB server version for the right syntax to use near 'est téléporté via MapTeleport en [3840,9221.05,0]')' at line 1
[18:28:28:428675 +02:00] [Thread 13508] extDB3: SQL: Error MariaDBQueryException: Input: INSERT INTO logs_alf (name, uid, type, text) VALUES ('Antonio Lopa', '76561198201065973', 'ADMIN', 'Antonio Lopa (76561198201065973) s'est téléporté via MapTeleport en [3840,9221.05,0]')
[18:28:40:608486 +02:00] [Thread 13508] extDB3: SQL: Error MariaDBQueryException: You have an error in your SQL syntax; check the manual that corresponds to your MariaDB server version for the right syntax to use near 'est téléporté via MapTeleport en [4071.75,4520.07,0]')' at line 1
[18:28:40:608546 +02:00] [Thread 13508] extDB3: SQL: Error MariaDBQueryException: Input: INSERT INTO logs_alf (name, uid, type, text) VALUES ('Antonio Lopa', '76561198201065973', 'ADMIN', 'Antonio Lopa (76561198201065973) s'est téléporté via MapTeleport en [4071.75,4520.07,0]')
[18:28:45:374934 +02:00] [Thread 13508] extDB3: SQL: Error MariaDBQueryException: You have an error in your SQL syntax; check the manual that corresponds to your MariaDB server version for the right syntax to use near 'est téléporté via MapTeleport en [5951.52,4209.71,0]')' at line 1
[18:28:45:375014 +02:00] [Thread 13508] extDB3: SQL: Error MariaDBQueryException: Input: INSERT INTO logs_alf (name, uid, type, text) VALUES ('Antonio Lopa', '76561198201065973', 'ADMIN', 'Antonio Lopa (76561198201065973) s'est téléporté via MapTeleport en [5951.52,4209.71,0]')
[18:28:54:210881 +02:00] [Thread 13508] extDB3: SQL: Error MariaDBQueryException: You have an error in your SQL syntax; check the manual that corresponds to your MariaDB server version for the right syntax to use near 'est téléporté via MapTeleport en [3835.06,9232.64,0]')' at line 1
[18:28:54:210944 +02:00] [Thread 13508] extDB3: SQL: Error MariaDBQueryException: Input: INSERT INTO logs_alf (name, uid, type, text) VALUES ('Antonio Lopa', '76561198201065973', 'ADMIN', 'Antonio Lopa (76561198201065973) s'est téléporté via MapTeleport en [3835.06,9232.64,0]')
[18:41:49:588486 +02:00] [Thread 19196] extDB3: SQL: Error MariaDBQueryException: You have an error in your SQL syntax; check the manual that corresponds to your MariaDB server version for the right syntax to use near 'est téléporté via MapTeleport en [3845.9,9232.32,0]')' at line 1
[18:41:49:588552 +02:00] [Thread 19196] extDB3: SQL: Error MariaDBQueryException: Input: INSERT INTO logs_alf (name, uid, type, text) VALUES ('Antonio Lopa', '76561198201065973', 'ADMIN', 'Antonio Lopa (76561198201065973) s'est téléporté via MapTeleport en [3845.9,9232.32,0]')
