
extDB3: https://bitbucket.org/torndeco/extdb3/wiki/Home
extDB3: Version: 1.033
extDB3: Windows Version
Message: All development for extDB3 is done on a Linux Dedicated Server
Message: If you would like to Donate to extDB3 Development
Message: https://www.paypal.com/cgi-bin/webscr?cmd=_s-xclick&hosted_button_id=2SUEFTGABTAM2
Message: Also leave a message if there is any particular feature you would like to see added.
Message: Thanks for all the people that have donated.
Message: Torndeco: 18/05/15

Message: This version was modified and include some improvement
Message: The lib was recompiled using new version of TBBMalloc, Boost and MariaDB connector
Message: The worker threads limitation was removed
Message: Steez: 30/10/2020


extDB3: Found extdb3-conf.ini
extDB3: Detected 16 Cores, Setting up 6 Worker Threads
extDB3: Detected 16 Cores, Setting up 16 Worker Threads
extDB3: ...
extDB3: ...
extDB3: ...
extDB3: ...
extDB3: ...
extDB3: ...
extDB3: ...
extDB3: ...
extDB3: ...
extDB3: ...
extDB3: ...
extDB3: ...
extDB3: ...
extDB3: ...
extDB3: ...
extDB3: ...


[18:46:48:485683 +02:00] [Thread 15796] extDB3: SQL: Initialized: Add Quotes around TEXT Datatypes mode: 2
[18:46:48:485707 +02:00] [Thread 15796] extDB3: SQL: Initialized: NULL = ""
[18:46:48:485722 +02:00] [Thread 15796] extDB3: Locked
[18:46:48:493138 +02:00] [Thread 19288] extDB3: SQL: Error MariaDBQueryException: PROCEDURE armalife.deleteDeadVehicles does not exist
[18:46:48:493178 +02:00] [Thread 19288] extDB3: SQL: Error MariaDBQueryException: Input: CALL deleteDeadVehicles
[18:46:48:493182 +02:00] [Thread 19320] extDB3: SQL: Error MariaDBQueryException: PROCEDURE armalife.deleteOldSms does not exist
[18:46:48:493214 +02:00] [Thread 19320] extDB3: SQL: Error MariaDBQueryException: Input: CALL deleteOldSms
[18:46:48:493223 +02:00] [Thread 15376] extDB3: SQL: Error MariaDBQueryException: PROCEDURE armalife.deleteOldForfait does not exist
[18:46:48:493251 +02:00] [Thread 15376] extDB3: SQL: Error MariaDBQueryException: Input: CALL deleteOldForfait
[18:53:34:205706 +02:00] [Thread 19592] extDB3: SQL: Error MariaDBQueryException: You have an error in your SQL syntax; check the manual that corresponds to your MariaDB server version for the right syntax to use near 'est téléporté via MapTeleport en [3845.26,9222.3,0]')' at line 1
[18:53:34:205771 +02:00] [Thread 19592] extDB3: SQL: Error MariaDBQueryException: Input: INSERT INTO logs_alf (name, uid, type, text) VALUES ('Antonio Lopa', '76561198201065973', 'ADMIN', 'Antonio Lopa (76561198201065973) s'est téléporté via MapTeleport en [3845.26,9222.3,0]')
[18:53:41:396881 +02:00] [Thread 19592] extDB3: SQL: Error MariaDBQueryException: You have an error in your SQL syntax; check the manual that corresponds to your MariaDB server version for the right syntax to use near 'est téléporté via MapTeleport en [5299.6,8587.38,0]')' at line 1
[18:53:41:396943 +02:00] [Thread 19592] extDB3: SQL: Error MariaDBQueryException: Input: INSERT INTO logs_alf (name, uid, type, text) VALUES ('Antonio Lopa', '76561198201065973', 'ADMIN', 'Antonio Lopa (76561198201065973) s'est téléporté via MapTeleport en [5299.6,8587.38,0]')
[18:53:59:811391 +02:00] [Thread 19592] extDB3: SQL: Error MariaDBQueryException: You have an error in your SQL syntax; check the manual that corresponds to your MariaDB server version for the right syntax to use near 'est téléporté via MapTeleport en [8343.52,1644.18,0]')' at line 1
[18:53:59:811481 +02:00] [Thread 19592] extDB3: SQL: Error MariaDBQueryException: Input: INSERT INTO logs_alf (name, uid, type, text) VALUES ('Antonio Lopa', '76561198201065973', 'ADMIN', 'Antonio Lopa (76561198201065973) s'est téléporté via MapTeleport en [8343.52,1644.18,0]')
