
extDB3: https://bitbucket.org/torndeco/extdb3/wiki/Home
extDB3: Version: 1.033
extDB3: Windows Version
Message: All development for extDB3 is done on a Linux Dedicated Server
Message: If you would like to Donate to extDB3 Development
Message: https://www.paypal.com/cgi-bin/webscr?cmd=_s-xclick&hosted_button_id=2SUEFTGABTAM2
Message: Also leave a message if there is any particular feature you would like to see added.
Message: Thanks for all the people that have donated.
Message: Torndeco: 18/05/15

Message: This version was modified and include some improvement
Message: The lib was recompiled using new version of TBBMalloc, Boost and MariaDB connector
Message: The worker threads limitation was removed
Message: Steez: 30/10/2020


extDB3: Found extdb3-conf.ini
extDB3: Detected 16 Cores, Setting up 6 Worker Threads
extDB3: Detected 16 Cores, Setting up 16 Worker Threads
extDB3: ...
extDB3: ...
extDB3: ...
extDB3: ...
extDB3: ...
extDB3: ...
extDB3: ...
extDB3: ...
extDB3: ...
extDB3: ...
extDB3: ...
extDB3: ...
extDB3: ...
extDB3: ...
extDB3: ...
extDB3: ...


[19:23:02:874634 +02:00] [Thread 19124] extDB3: SQL: Initialized: Add Quotes around TEXT Datatypes mode: 2
[19:23:02:874658 +02:00] [Thread 19124] extDB3: SQL: Initialized: NULL = ""
[19:23:02:874674 +02:00] [Thread 19124] extDB3: Locked
[19:23:02:881465 +02:00] [Thread 13460] extDB3: SQL: Error MariaDBQueryException: PROCEDURE armalife.deleteDeadVehicles does not exist
[19:23:02:881487 +02:00] [Thread 13460] extDB3: SQL: Error MariaDBQueryException: Input: CALL deleteDeadVehicles
[19:23:02:881525 +02:00] [Thread 13028] extDB3: SQL: Error MariaDBQueryException: PROCEDURE armalife.deleteOldForfait does not exist
[19:23:02:881560 +02:00] [Thread 13028] extDB3: SQL: Error MariaDBQueryException: Input: CALL deleteOldForfait
[19:23:02:881567 +02:00] [Thread 19264] extDB3: SQL: Error MariaDBQueryException: PROCEDURE armalife.deleteOldSms does not exist
[19:23:02:881612 +02:00] [Thread 19264] extDB3: SQL: Error MariaDBQueryException: Input: CALL deleteOldSms
[19:24:48:379023 +02:00] [Thread 16908] extDB3: SQL: Error MariaDBQueryException: You have an error in your SQL syntax; check the manual that corresponds to your MariaDB server version for the right syntax to use near 'est téléporté via MapTeleport en [7338.05,1882.94,0]')' at line 1
[19:24:48:379111 +02:00] [Thread 16908] extDB3: SQL: Error MariaDBQueryException: Input: INSERT INTO logs_alf (name, uid, type, text) VALUES ('Antonio Lopa', '76561198201065973', 'ADMIN', 'Antonio Lopa (76561198201065973) s'est téléporté via MapTeleport en [7338.05,1882.94,0]')
[19:24:59:736990 +02:00] [Thread 16908] extDB3: SQL: Error MariaDBQueryException: You have an error in your SQL syntax; check the manual that corresponds to your MariaDB server version for the right syntax to use near 'est téléporté via MapTeleport en [8336.31,1641.6,0]')' at line 1
[19:24:59:737048 +02:00] [Thread 16908] extDB3: SQL: Error MariaDBQueryException: Input: INSERT INTO logs_alf (name, uid, type, text) VALUES ('Antonio Lopa', '76561198201065973', 'ADMIN', 'Antonio Lopa (76561198201065973) s'est téléporté via MapTeleport en [8336.31,1641.6,0]')
