
extDB3: https://bitbucket.org/torndeco/extdb3/wiki/Home
extDB3: Version: 1.033
extDB3: Windows Version
Message: All development for extDB3 is done on a Linux Dedicated Server
Message: If you would like to Donate to extDB3 Development
Message: https://www.paypal.com/cgi-bin/webscr?cmd=_s-xclick&hosted_button_id=2SUEFTGABTAM2
Message: Also leave a message if there is any particular feature you would like to see added.
Message: Thanks for all the people that have donated.
Message: Torndeco: 18/05/15

Message: This version was modified and include some improvement
Message: The lib was recompiled using new version of TBBMalloc, Boost and MariaDB connector
Message: The worker threads limitation was removed
Message: Steez: 30/10/2020


extDB3: Found extdb3-conf.ini
extDB3: Detected 16 Cores, Setting up 6 Worker Threads
extDB3: Detected 16 Cores, Setting up 16 Worker Threads
extDB3: ...
extDB3: ...
extDB3: ...
extDB3: ...
extDB3: ...
extDB3: ...
extDB3: ...
extDB3: ...
extDB3: ...
extDB3: ...
extDB3: ...
extDB3: ...
extDB3: ...
extDB3: ...
extDB3: ...
extDB3: ...


[20:57:51:665587 +02:00] [Thread 18180] extDB3: SQL: Initialized: Add Quotes around TEXT Datatypes mode: 2
[20:57:51:665610 +02:00] [Thread 18180] extDB3: SQL: Initialized: NULL = ""
[20:57:51:665626 +02:00] [Thread 18180] extDB3: Locked
[20:57:51:672916 +02:00] [Thread 18380] extDB3: SQL: Error MariaDBQueryException: PROCEDURE armalife.deleteDeadVehicles does not exist
[20:57:51:672938 +02:00] [Thread 18380] extDB3: SQL: Error MariaDBQueryException: Input: CALL deleteDeadVehicles
[20:57:51:672973 +02:00] [Thread 14736] extDB3: SQL: Error MariaDBQueryException: PROCEDURE armalife.deleteOldSms does not exist
[20:57:51:672979 +02:00] [Thread 16636] extDB3: SQL: Error MariaDBQueryException: PROCEDURE armalife.deleteOldForfait does not exist
[20:57:51:672987 +02:00] [Thread 14736] extDB3: SQL: Error MariaDBQueryException: Input: CALL deleteOldSms
[20:57:51:673008 +02:00] [Thread 16636] extDB3: SQL: Error MariaDBQueryException: Input: CALL deleteOldForfait
[20:58:48:144172 +02:00] [Thread 18452] extDB3: SQL: Error MariaDBQueryException: You have an error in your SQL syntax; check the manual that corresponds to your MariaDB server version for the right syntax to use near 'est téléporté via MapTeleport en [3945.14,4472.86,0]')' at line 1
[20:58:48:144209 +02:00] [Thread 18452] extDB3: SQL: Error MariaDBQueryException: Input: INSERT INTO logs_alf (name, uid, type, text) VALUES ('Antonio Lopa', '76561198201065973', 'ADMIN', 'Antonio Lopa (76561198201065973) s'est téléporté via MapTeleport en [3945.14,4472.86,0]')
[20:59:53:031312 +02:00] [Thread 18452] extDB3: SQL: Error MariaDBQueryException: You have an error in your SQL syntax; check the manual that corresponds to your MariaDB server version for the right syntax to use near 'est téléporté via MapTeleport en [4067.5,4524.46,0]')' at line 1
[20:59:53:031421 +02:00] [Thread 18452] extDB3: SQL: Error MariaDBQueryException: Input: INSERT INTO logs_alf (name, uid, type, text) VALUES ('Antonio Lopa', '76561198201065973', 'ADMIN', 'Antonio Lopa (76561198201065973) s'est téléporté via MapTeleport en [4067.5,4524.46,0]')
