
extDB3: https://bitbucket.org/torndeco/extdb3/wiki/Home
extDB3: Version: 1.033
extDB3: Windows Version
Message: All development for extDB3 is done on a Linux Dedicated Server
Message: If you would like to Donate to extDB3 Development
Message: https://www.paypal.com/cgi-bin/webscr?cmd=_s-xclick&hosted_button_id=2SUEFTGABTAM2
Message: Also leave a message if there is any particular feature you would like to see added.
Message: Thanks for all the people that have donated.
Message: Torndeco: 18/05/15

Message: This version was modified and include some improvement
Message: The lib was recompiled using new version of TBBMalloc, Boost and MariaDB connector
Message: The worker threads limitation was removed
Message: Steez: 30/10/2020


extDB3: Found extdb3-conf.ini
extDB3: Detected 16 Cores, Setting up 6 Worker Threads
extDB3: Detected 16 Cores, Setting up 16 Worker Threads
extDB3: ...
extDB3: ...
extDB3: ...
extDB3: ...
extDB3: ...
extDB3: ...
extDB3: ...
extDB3: ...
extDB3: ...
extDB3: ...
extDB3: ...
extDB3: ...
extDB3: ...
extDB3: ...
extDB3: ...
extDB3: ...


[18:13:56:125153 +01:00] [Thread 19068] extDB3: SQL: Initialized: Add Quotes around TEXT Datatypes mode: 2
[18:13:56:125177 +01:00] [Thread 19068] extDB3: SQL: Initialized: NULL = ""
[18:13:56:125190 +01:00] [Thread 19068] extDB3: Locked
[18:13:56:130827 +01:00] [Thread 19368] extDB3: SQL: Error MariaDBQueryException: PROCEDURE armalife.deleteOldForfait does not exist
[18:13:56:130839 +01:00] [Thread 19368] extDB3: SQL: Error MariaDBQueryException: Input: CALL deleteOldForfait
[18:13:56:130878 +01:00] [Thread 20476] extDB3: SQL: Error MariaDBQueryException: PROCEDURE armalife.deleteDeadVehicles does not exist
[18:13:56:130890 +01:00] [Thread 20476] extDB3: SQL: Error MariaDBQueryException: Input: CALL deleteDeadVehicles
[18:13:56:130914 +01:00] [Thread 19632] extDB3: SQL: Error MariaDBQueryException: PROCEDURE armalife.deleteOldSms does not exist
[18:13:56:130927 +01:00] [Thread 19632] extDB3: SQL: Error MariaDBQueryException: Input: CALL deleteOldSms
[18:15:54:584997 +01:00] [Thread 18540] extDB3: SQL: Error MariaDBQueryException: You have an error in your SQL syntax; check the manual that corresponds to your MariaDB server version for the right syntax to use near 'est téléporté via MapTeleport en [3268.84,4347.86,0]')' at line 1
[18:15:54:585076 +01:00] [Thread 18540] extDB3: SQL: Error MariaDBQueryException: Input: INSERT INTO logs_alf (name, uid, type, text) VALUES ('Antonio Lopa', '76561198201065973', 'ADMIN', 'Antonio Lopa (76561198201065973) s'est téléporté via MapTeleport en [3268.84,4347.86,0]')
[18:16:09:941868 +01:00] [Thread 18540] extDB3: SQL: Error MariaDBQueryException: You have an error in your SQL syntax; check the manual that corresponds to your MariaDB server version for the right syntax to use near 'est téléporté via MapTeleport en [6283.94,4716.37,0]')' at line 1
[18:16:09:941918 +01:00] [Thread 18540] extDB3: SQL: Error MariaDBQueryException: Input: INSERT INTO logs_alf (name, uid, type, text) VALUES ('Antonio Lopa', '76561198201065973', 'ADMIN', 'Antonio Lopa (76561198201065973) s'est téléporté via MapTeleport en [6283.94,4716.37,0]')
