
extDB3: https://bitbucket.org/torndeco/extdb3/wiki/Home
extDB3: Version: 1.033
extDB3: Windows Version
Message: All development for extDB3 is done on a Linux Dedicated Server
Message: If you would like to Donate to extDB3 Development
Message: https://www.paypal.com/cgi-bin/webscr?cmd=_s-xclick&hosted_button_id=2SUEFTGABTAM2
Message: Also leave a message if there is any particular feature you would like to see added.
Message: Thanks for all the people that have donated.
Message: Torndeco: 18/05/15

Message: This version was modified and include some improvement
Message: The lib was recompiled using new version of TBBMalloc, Boost and MariaDB connector
Message: The worker threads limitation was removed
Message: Steez: 30/10/2020


extDB3: Found extdb3-conf.ini
extDB3: Detected 16 Cores, Setting up 6 Worker Threads
extDB3: Detected 16 Cores, Setting up 16 Worker Threads
extDB3: ...
extDB3: ...
extDB3: ...
extDB3: ...
extDB3: ...
extDB3: ...
extDB3: ...
extDB3: ...
extDB3: ...
extDB3: ...
extDB3: ...
extDB3: ...
extDB3: ...
extDB3: ...
extDB3: ...
extDB3: ...


[18:02:35:475989 +01:00] [Thread 20076] extDB3: SQL: Initialized: Add Quotes around TEXT Datatypes mode: 2
[18:02:35:476021 +01:00] [Thread 20076] extDB3: SQL: Initialized: NULL = ""
[18:02:35:476045 +01:00] [Thread 20076] extDB3: Locked
[18:02:38:485054 +01:00] [Thread 18820] extDB3: SQL: Error MariaDBQueryException: Table 'armalife.atm_dispo' doesn't exist
[18:02:38:485089 +01:00] [Thread 18820] extDB3: SQL: Error MariaDBQueryException: Input: SELECT pos_x, pos_y, cash_available FROM atm_dispo
[18:02:40:153426 +01:00] [Thread 18820] extDB3: SQL: Error MariaDBQueryException: Table 'armalife.atm_dispo' doesn't exist
[18:02:40:153460 +01:00] [Thread 18820] extDB3: SQL: Error MariaDBQueryException: Input: INSERT INTO atm_dispo (pos_x, pos_y, cash_available) VALUES (5011, 6754, 200000) ON DUPLICATE KEY UPDATE cash_available=200000
[18:02:40:161861 +01:00] [Thread 12412] extDB3: SQL: Error MariaDBQueryException: Table 'armalife.atm_dispo' doesn't exist
[18:02:40:161879 +01:00] [Thread 13588] extDB3: SQL: Error MariaDBQueryException: Table 'armalife.atm_dispo' doesn't exist
[18:02:40:161908 +01:00] [Thread 18028] extDB3: SQL: Error MariaDBQueryException: Table 'armalife.atm_dispo' doesn't exist
[18:02:40:161857 +01:00] [Thread 19464] extDB3: SQL: Error MariaDBQueryException: Table 'armalife.atm_dispo' doesn't exist
[18:02:40:161895 +01:00] [Thread 19968] extDB3: SQL: Error MariaDBQueryException: Table 'armalife.atm_dispo' doesn't exist
[18:02:40:161953 +01:00] [Thread 19968] extDB3: SQL: Error MariaDBQueryException: Input: INSERT INTO atm_dispo (pos_x, pos_y, cash_available) VALUES (3677, 2223, 200000) ON DUPLICATE KEY UPDATE cash_available=200000
[18:02:40:161870 +01:00] [Thread 18668] extDB3: SQL: Error MariaDBQueryException: Table 'armalife.atm_dispo' doesn't exist
[18:02:40:161921 +01:00] [Thread 13588] extDB3: SQL: Error MariaDBQueryException: Input: INSERT INTO atm_dispo (pos_x, pos_y, cash_available) VALUES (3830, 9240, 200000) ON DUPLICATE KEY UPDATE cash_available=200000
[18:02:40:161988 +01:00] [Thread 18668] extDB3: SQL: Error MariaDBQueryException: Input: INSERT INTO atm_dispo (pos_x, pos_y, cash_available) VALUES (7630, 4645, 200000) ON DUPLICATE KEY UPDATE cash_available=200000
[18:02:40:161920 +01:00] [Thread 18028] extDB3: SQL: Error MariaDBQueryException: Input: INSERT INTO atm_dispo (pos_x, pos_y, cash_available) VALUES (1137, 7229, 200000) ON DUPLICATE KEY UPDATE cash_available=200000
[18:02:40:161942 +01:00] [Thread 16468] extDB3: SQL: Error MariaDBQueryException: Table 'armalife.atm_dispo' doesn't exist
[18:02:40:161898 +01:00] [Thread 12412] extDB3: SQL: Error MariaDBQueryException: Input: INSERT INTO atm_dispo (pos_x, pos_y, cash_available) VALUES (4062, 4528, 200000) ON DUPLICATE KEY UPDATE cash_available=200000
[18:02:40:162025 +01:00] [Thread 1044] extDB3: SQL: Error MariaDBQueryException: Table 'armalife.atm_dispo' doesn't exist
[18:02:40:162046 +01:00] [Thread 1044] extDB3: SQL: Error MariaDBQueryException: Input: INSERT INTO atm_dispo (pos_x, pos_y, cash_available) VALUES (1891, 9925, 20000) ON DUPLICATE KEY UPDATE cash_available=20000
[18:02:40:162033 +01:00] [Thread 16468] extDB3: SQL: Error MariaDBQueryException: Input: INSERT INTO atm_dispo (pos_x, pos_y, cash_available) VALUES (8339, 1634, 200000) ON DUPLICATE KEY UPDATE cash_available=200000
[18:02:40:161940 +01:00] [Thread 19464] extDB3: SQL: Error MariaDBQueryException: Input: INSERT INTO atm_dispo (pos_x, pos_y, cash_available) VALUES (6311, 7374, 200000) ON DUPLICATE KEY UPDATE cash_available=200000
