
extDB3: https://bitbucket.org/torndeco/extdb3/wiki/Home
extDB3: Version: 1.033
extDB3: Windows Version
Message: All development for extDB3 is done on a Linux Dedicated Server
Message: If you would like to Donate to extDB3 Development
Message: https://www.paypal.com/cgi-bin/webscr?cmd=_s-xclick&hosted_button_id=2SUEFTGABTAM2
Message: Also leave a message if there is any particular feature you would like to see added.
Message: Thanks for all the people that have donated.
Message: Torndeco: 18/05/15

Message: This version was modified and include some improvement
Message: The lib was recompiled using new version of TBBMalloc, Boost and MariaDB connector
Message: The worker threads limitation was removed
Message: Steez: 30/10/2020


extDB3: Found extdb3-conf.ini
extDB3: Detected 16 Cores, Setting up 6 Worker Threads
extDB3: Detected 16 Cores, Setting up 16 Worker Threads
extDB3: ...
extDB3: ...
extDB3: ...
extDB3: ...
extDB3: ...
extDB3: ...
extDB3: ...
extDB3: ...
extDB3: ...
extDB3: ...
extDB3: ...
extDB3: ...
extDB3: ...
extDB3: ...
extDB3: ...
extDB3: ...


[19:01:36:946704 +01:00] [Thread 16676] extDB3: SQL: Initialized: Add Quotes around TEXT Datatypes mode: 2
[19:01:36:946725 +01:00] [Thread 16676] extDB3: SQL: Initialized: NULL = ""
[19:01:36:946739 +01:00] [Thread 16676] extDB3: Locked
[19:01:36:952761 +01:00] [Thread 17036] extDB3: SQL: Error MariaDBQueryException: PROCEDURE armalife.deleteDeadVehicles does not exist
[19:01:36:952773 +01:00] [Thread 17036] extDB3: SQL: Error MariaDBQueryException: Input: CALL deleteDeadVehicles
[19:01:36:952816 +01:00] [Thread 10752] extDB3: SQL: Error MariaDBQueryException: PROCEDURE armalife.deleteOldForfait does not exist
[19:01:36:952823 +01:00] [Thread 19464] extDB3: SQL: Error MariaDBQueryException: PROCEDURE armalife.deleteOldSms does not exist
[19:01:36:952829 +01:00] [Thread 10752] extDB3: SQL: Error MariaDBQueryException: Input: CALL deleteOldForfait
[19:01:36:952836 +01:00] [Thread 19464] extDB3: SQL: Error MariaDBQueryException: Input: CALL deleteOldSms
[19:03:28:558540 +01:00] [Thread 15380] extDB3: SQL: Error MariaDBQueryException: You have an error in your SQL syntax; check the manual that corresponds to your MariaDB server version for the right syntax to use near 'est téléporté via MapTeleport en [3266.49,4347.28,0]')' at line 1
[19:03:28:558615 +01:00] [Thread 15380] extDB3: SQL: Error MariaDBQueryException: Input: INSERT INTO logs_alf (name, uid, type, text) VALUES ('Antonio Lopa', '76561198201065973', 'ADMIN', 'Antonio Lopa (76561198201065973) s'est téléporté via MapTeleport en [3266.49,4347.28,0]')
[19:03:45:196732 +01:00] [Thread 15380] extDB3: SQL: Error MariaDBQueryException: You have an error in your SQL syntax; check the manual that corresponds to your MariaDB server version for the right syntax to use near 'est téléporté via MapTeleport en [6285.76,4714.84,0]')' at line 1
[19:03:45:196809 +01:00] [Thread 15380] extDB3: SQL: Error MariaDBQueryException: Input: INSERT INTO logs_alf (name, uid, type, text) VALUES ('Antonio Lopa', '76561198201065973', 'ADMIN', 'Antonio Lopa (76561198201065973) s'est téléporté via MapTeleport en [6285.76,4714.84,0]')
