
extDB3: https://bitbucket.org/torndeco/extdb3/wiki/Home
extDB3: Version: 1.033
extDB3: Windows Version
Message: All development for extDB3 is done on a Linux Dedicated Server
Message: If you would like to Donate to extDB3 Development
Message: https://www.paypal.com/cgi-bin/webscr?cmd=_s-xclick&hosted_button_id=2SUEFTGABTAM2
Message: Also leave a message if there is any particular feature you would like to see added.
Message: Thanks for all the people that have donated.
Message: Torndeco: 18/05/15

Message: This version was modified and include some improvement
Message: The lib was recompiled using new version of TBBMalloc, Boost and MariaDB connector
Message: The worker threads limitation was removed
Message: Steez: 30/10/2020


extDB3: Found extdb3-conf.ini
extDB3: Detected 16 Cores, Setting up 6 Worker Threads
extDB3: Detected 16 Cores, Setting up 16 Worker Threads
extDB3: ...
extDB3: ...
extDB3: ...
extDB3: ...
extDB3: ...
extDB3: ...
extDB3: ...
extDB3: ...
extDB3: ...
extDB3: ...
extDB3: ...
extDB3: ...
extDB3: ...
extDB3: ...
extDB3: ...
extDB3: ...


[19:25:47:565511 +01:00] [Thread 18492] extDB3: SQL: Initialized: Add Quotes around TEXT Datatypes mode: 2
[19:25:47:565531 +01:00] [Thread 18492] extDB3: SQL: Initialized: NULL = ""
[19:25:47:565546 +01:00] [Thread 18492] extDB3: Locked
[19:25:47:571408 +01:00] [Thread 18924] extDB3: SQL: Error MariaDBQueryException: PROCEDURE armalife.deleteOldForfait does not exist
[19:25:47:571420 +01:00] [Thread 18924] extDB3: SQL: Error MariaDBQueryException: Input: CALL deleteOldForfait
[19:25:47:571456 +01:00] [Thread 18284] extDB3: SQL: Error MariaDBQueryException: PROCEDURE armalife.deleteDeadVehicles does not exist
[19:25:47:571459 +01:00] [Thread 8328] extDB3: SQL: Error MariaDBQueryException: PROCEDURE armalife.deleteOldSms does not exist
[19:25:47:571471 +01:00] [Thread 18284] extDB3: SQL: Error MariaDBQueryException: Input: CALL deleteDeadVehicles
[19:25:47:571477 +01:00] [Thread 8328] extDB3: SQL: Error MariaDBQueryException: Input: CALL deleteOldSms
[19:27:47:097922 +01:00] [Thread 18828] extDB3: SQL: Error MariaDBQueryException: You have an error in your SQL syntax; check the manual that corresponds to your MariaDB server version for the right syntax to use near 'est téléporté via MapTeleport en [4791.5,4477.93,0]')' at line 1
[19:27:47:098009 +01:00] [Thread 18828] extDB3: SQL: Error MariaDBQueryException: Input: INSERT INTO logs_alf (name, uid, type, text) VALUES ('Antonio Lopa', '76561198201065973', 'ADMIN', 'Antonio Lopa (76561198201065973) s'est téléporté via MapTeleport en [4791.5,4477.93,0]')
[19:28:06:459566 +01:00] [Thread 18828] extDB3: SQL: Error MariaDBQueryException: You have an error in your SQL syntax; check the manual that corresponds to your MariaDB server version for the right syntax to use near 'est téléporté via MapTeleport en [8422.04,1777.84,0]')' at line 1
[19:28:06:459637 +01:00] [Thread 18828] extDB3: SQL: Error MariaDBQueryException: Input: INSERT INTO logs_alf (name, uid, type, text) VALUES ('Antonio Lopa', '76561198201065973', 'ADMIN', 'Antonio Lopa (76561198201065973) s'est téléporté via MapTeleport en [8422.04,1777.84,0]')
[19:28:20:265674 +01:00] [Thread 18828] extDB3: SQL: Error MariaDBQueryException: You have an error in your SQL syntax; check the manual that corresponds to your MariaDB server version for the right syntax to use near 'est téléporté via MapTeleport en [2013.41,9993.99,0]')' at line 1
[19:28:20:265770 +01:00] [Thread 18828] extDB3: SQL: Error MariaDBQueryException: Input: INSERT INTO logs_alf (name, uid, type, text) VALUES ('Antonio Lopa', '76561198201065973', 'ADMIN', 'Antonio Lopa (76561198201065973) s'est téléporté via MapTeleport en [2013.41,9993.99,0]')
[19:28:37:348185 +01:00] [Thread 18828] extDB3: SQL: Error MariaDBQueryException: You have an error in your SQL syntax; check the manual that corresponds to your MariaDB server version for the right syntax to use near 'est téléporté via MapTeleport en [5310.18,8625.22,0]')' at line 1
[19:28:37:348240 +01:00] [Thread 18828] extDB3: SQL: Error MariaDBQueryException: Input: INSERT INTO logs_alf (name, uid, type, text) VALUES ('Antonio Lopa', '76561198201065973', 'ADMIN', 'Antonio Lopa (76561198201065973) s'est téléporté via MapTeleport en [5310.18,8625.22,0]')
[19:28:49:737606 +01:00] [Thread 18828] extDB3: SQL: Error MariaDBQueryException: You have an error in your SQL syntax; check the manual that corresponds to your MariaDB server version for the right syntax to use near 'action 'Animations Rapides' via le menu admin.')' at line 1
[19:28:49:737725 +01:00] [Thread 18828] extDB3: SQL: Error MariaDBQueryException: Input: INSERT INTO logs_alf (name, uid, type, text) VALUES ('Antonio Lopa', '76561198201065973', 'ADMIN', 'A utilisé l'action 'Animations Rapides' via le menu admin.')
[19:29:33:112720 +01:00] [Thread 18828] extDB3: SQL: Error MariaDBQueryException: You have an error in your SQL syntax; check the manual that corresponds to your MariaDB server version for the right syntax to use near 'est téléporté via MapTeleport en [4138.74,4563.19,0]')' at line 1
[19:29:33:112799 +01:00] [Thread 18828] extDB3: SQL: Error MariaDBQueryException: Input: INSERT INTO logs_alf (name, uid, type, text) VALUES ('Antonio Lopa', '76561198201065973', 'ADMIN', 'Antonio Lopa (76561198201065973) s'est téléporté via MapTeleport en [4138.74,4563.19,0]')
