
extDB3: https://bitbucket.org/torndeco/extdb3/wiki/Home
extDB3: Version: 1.033
extDB3: Windows Version
Message: All development for extDB3 is done on a Linux Dedicated Server
Message: If you would like to Donate to extDB3 Development
Message: https://www.paypal.com/cgi-bin/webscr?cmd=_s-xclick&hosted_button_id=2SUEFTGABTAM2
Message: Also leave a message if there is any particular feature you would like to see added.
Message: Thanks for all the people that have donated.
Message: Torndeco: 18/05/15

Message: This version was modified and include some improvement
Message: The lib was recompiled using new version of TBBMalloc, Boost and MariaDB connector
Message: The worker threads limitation was removed
Message: Steez: 30/10/2020


extDB3: Found extdb3-conf.ini
extDB3: Detected 16 Cores, Setting up 6 Worker Threads
extDB3: Detected 16 Cores, Setting up 16 Worker Threads
extDB3: ...
extDB3: ...
extDB3: ...
extDB3: ...
extDB3: ...
extDB3: ...
extDB3: ...
extDB3: ...
extDB3: ...
extDB3: ...
extDB3: ...
extDB3: ...
extDB3: ...
extDB3: ...
extDB3: ...
extDB3: ...


[00:27:32:555453 +01:00] [Thread 11040] extDB3: SQL: Initialized: Add Quotes around TEXT Datatypes mode: 2
[00:27:32:555479 +01:00] [Thread 11040] extDB3: SQL: Initialized: NULL = ""
[00:27:32:555494 +01:00] [Thread 11040] extDB3: Locked
[00:27:32:561935 +01:00] [Thread 9260] extDB3: SQL: Error MariaDBQueryException: PROCEDURE armalife.deleteDeadVehicles does not exist
[00:27:32:561949 +01:00] [Thread 9260] extDB3: SQL: Error MariaDBQueryException: Input: CALL deleteDeadVehicles
[00:27:32:561973 +01:00] [Thread 10420] extDB3: SQL: Error MariaDBQueryException: PROCEDURE armalife.deleteOldSms does not exist
[00:27:32:561985 +01:00] [Thread 10420] extDB3: SQL: Error MariaDBQueryException: Input: CALL deleteOldSms
[00:27:32:562018 +01:00] [Thread 9844] extDB3: SQL: Error MariaDBQueryException: PROCEDURE armalife.deleteOldForfait does not exist
[00:27:32:562031 +01:00] [Thread 9844] extDB3: SQL: Error MariaDBQueryException: Input: CALL deleteOldForfait
[00:34:12:552344 +01:00] [Thread 11740] extDB3: SQL: Error MariaDBQueryException: You have an error in your SQL syntax; check the manual that corresponds to your MariaDB server version for the right syntax to use near 'est téléporté via MapTeleport en [2617.16,8522.92,0]')' at line 1
[00:34:12:554625 +01:00] [Thread 11740] extDB3: SQL: Error MariaDBQueryException: Input: INSERT INTO logs_alf (name, uid, type, text) VALUES ('Antonio Lopa', '76561198201065973', 'ADMIN', 'Antonio Lopa (76561198201065973) s'est téléporté via MapTeleport en [2617.16,8522.92,0]')
[00:44:30:332559 +01:00] [Thread 9844] extDB3: SQL: Error MariaDBQueryException: You have an error in your SQL syntax; check the manual that corresponds to your MariaDB server version for the right syntax to use near 'est téléporté via MapTeleport en [8608.62,1830.96,0]')' at line 1
[00:44:30:332618 +01:00] [Thread 9844] extDB3: SQL: Error MariaDBQueryException: Input: INSERT INTO logs_alf (name, uid, type, text) VALUES ('Antonio Lopa', '76561198201065973', 'ADMIN', 'Antonio Lopa (76561198201065973) s'est téléporté via MapTeleport en [8608.62,1830.96,0]')
