
extDB3: https://bitbucket.org/torndeco/extdb3/wiki/Home
extDB3: Version: 1.033
extDB3: Windows Version
Message: All development for extDB3 is done on a Linux Dedicated Server
Message: If you would like to Donate to extDB3 Development
Message: https://www.paypal.com/cgi-bin/webscr?cmd=_s-xclick&hosted_button_id=2SUEFTGABTAM2
Message: Also leave a message if there is any particular feature you would like to see added.
Message: Thanks for all the people that have donated.
Message: Torndeco: 18/05/15

Message: This version was modified and include some improvement
Message: The lib was recompiled using new version of TBBMalloc, Boost and MariaDB connector
Message: The worker threads limitation was removed
Message: Steez: 30/10/2020


extDB3: Found extdb3-conf.ini
extDB3: Detected 16 Cores, Setting up 6 Worker Threads
extDB3: Detected 16 Cores, Setting up 16 Worker Threads
extDB3: ...
extDB3: ...
extDB3: ...
extDB3: ...
extDB3: ...
extDB3: ...
extDB3: ...
extDB3: ...
extDB3: ...
extDB3: ...
extDB3: ...
extDB3: ...
extDB3: ...
extDB3: ...
extDB3: ...
extDB3: ...


[01:01:13:203574 +01:00] [Thread 1116] extDB3: SQL: Initialized: Add Quotes around TEXT Datatypes mode: 2
[01:01:13:203600 +01:00] [Thread 1116] extDB3: SQL: Initialized: NULL = ""
[01:01:13:203615 +01:00] [Thread 1116] extDB3: Locked
[01:01:13:209778 +01:00] [Thread 1300] extDB3: SQL: Error MariaDBQueryException: PROCEDURE armalife.deleteOldSms does not exist
[01:01:13:209791 +01:00] [Thread 1300] extDB3: SQL: Error MariaDBQueryException: Input: CALL deleteOldSms
[01:01:13:209815 +01:00] [Thread 11800] extDB3: SQL: Error MariaDBQueryException: PROCEDURE armalife.deleteDeadVehicles does not exist
[01:01:13:209827 +01:00] [Thread 11800] extDB3: SQL: Error MariaDBQueryException: Input: CALL deleteDeadVehicles
[01:01:13:209861 +01:00] [Thread 12136] extDB3: SQL: Error MariaDBQueryException: PROCEDURE armalife.deleteOldForfait does not exist
[01:01:13:209873 +01:00] [Thread 12136] extDB3: SQL: Error MariaDBQueryException: Input: CALL deleteOldForfait
[01:09:01:955515 +01:00] [Thread 12272] extDB3: SQL: Error MariaDBQueryException: You have an error in your SQL syntax; check the manual that corresponds to your MariaDB server version for the right syntax to use near 'est téléporté via MapTeleport en [7074.83,3906.86,0]')' at line 1
[01:09:01:957986 +01:00] [Thread 12272] extDB3: SQL: Error MariaDBQueryException: Input: INSERT INTO logs_alf (name, uid, type, text) VALUES ('Antonio Lopa', '76561198201065973', 'ADMIN', 'Antonio Lopa (76561198201065973) s'est téléporté via MapTeleport en [7074.83,3906.86,0]')
[01:23:26:850526 +01:00] [Thread 11296] extDB3: SQL: Error MariaDBQueryException: You have an error in your SQL syntax; check the manual that corresponds to your MariaDB server version for the right syntax to use near 'est téléporté via MapTeleport en [5156.2,1699.21,0]')' at line 1
[01:23:26:850612 +01:00] [Thread 11296] extDB3: SQL: Error MariaDBQueryException: Input: INSERT INTO logs_alf (name, uid, type, text) VALUES ('Antonio Lopa', '76561198201065973', 'ADMIN', 'Antonio Lopa (76561198201065973) s'est téléporté via MapTeleport en [5156.2,1699.21,0]')
