
extDB3: https://bitbucket.org/torndeco/extdb3/wiki/Home
extDB3: Version: 1.033
extDB3: Windows Version
Message: All development for extDB3 is done on a Linux Dedicated Server
Message: If you would like to Donate to extDB3 Development
Message: https://www.paypal.com/cgi-bin/webscr?cmd=_s-xclick&hosted_button_id=2SUEFTGABTAM2
Message: Also leave a message if there is any particular feature you would like to see added.
Message: Thanks for all the people that have donated.
Message: Torndeco: 18/05/15

Message: This version was modified and include some improvement
Message: The lib was recompiled using new version of TBBMalloc, Boost and MariaDB connector
Message: The worker threads limitation was removed
Message: Steez: 30/10/2020


extDB3: Found extdb3-conf.ini
extDB3: Detected 16 Cores, Setting up 6 Worker Threads
extDB3: Detected 16 Cores, Setting up 16 Worker Threads
extDB3: ...
extDB3: ...
extDB3: ...
extDB3: ...
extDB3: ...
extDB3: ...
extDB3: ...
extDB3: ...
extDB3: ...
extDB3: ...
extDB3: ...
extDB3: ...
extDB3: ...
extDB3: ...
extDB3: ...
extDB3: ...


[13:14:54:359319 +01:00] [Thread 11832] extDB3: SQL: Initialized: Add Quotes around TEXT Datatypes mode: 2
[13:14:54:359344 +01:00] [Thread 11832] extDB3: SQL: Initialized: NULL = ""
[13:14:54:359359 +01:00] [Thread 11832] extDB3: Locked
[13:14:54:366438 +01:00] [Thread 4700] extDB3: SQL: Error MariaDBQueryException: PROCEDURE armalife.deleteOldForfait does not exist
[13:14:54:366439 +01:00] [Thread 9824] extDB3: SQL: Error MariaDBQueryException: PROCEDURE armalife.deleteDeadVehicles does not exist
[13:14:54:366454 +01:00] [Thread 4700] extDB3: SQL: Error MariaDBQueryException: Input: CALL deleteOldForfait
[13:14:54:366468 +01:00] [Thread 9824] extDB3: SQL: Error MariaDBQueryException: Input: CALL deleteDeadVehicles
[13:14:54:366474 +01:00] [Thread 6408] extDB3: SQL: Error MariaDBQueryException: PROCEDURE armalife.deleteOldSms does not exist
[13:14:54:366487 +01:00] [Thread 6408] extDB3: SQL: Error MariaDBQueryException: Input: CALL deleteOldSms
[13:18:54:175750 +01:00] [Thread 3664] extDB3: SQL: Error MariaDBQueryException: You have an error in your SQL syntax; check the manual that corresponds to your MariaDB server version for the right syntax to use near 'est téléporté via MapTeleport en [4386.07,6257.71,0]')' at line 1
[13:18:54:180656 +01:00] [Thread 3664] extDB3: SQL: Error MariaDBQueryException: Input: INSERT INTO logs_alf (name, uid, type, text) VALUES ('Antonio Lopa', '76561198201065973', 'ADMIN', 'Antonio Lopa (76561198201065973) s'est téléporté via MapTeleport en [4386.07,6257.71,0]')
[13:19:53:771599 +01:00] [Thread 3664] extDB3: SQL: Error MariaDBQueryException: You have an error in your SQL syntax; check the manual that corresponds to your MariaDB server version for the right syntax to use near 'est téléporté via MapTeleport en [3869.51,4703.12,0]')' at line 1
[13:19:53:771662 +01:00] [Thread 3664] extDB3: SQL: Error MariaDBQueryException: Input: INSERT INTO logs_alf (name, uid, type, text) VALUES ('Antonio Lopa', '76561198201065973', 'ADMIN', 'Antonio Lopa (76561198201065973) s'est téléporté via MapTeleport en [3869.51,4703.12,0]')
