
extDB3: https://bitbucket.org/torndeco/extdb3/wiki/Home
extDB3: Version: 1.033
extDB3: Windows Version
Message: All development for extDB3 is done on a Linux Dedicated Server
Message: If you would like to Donate to extDB3 Development
Message: https://www.paypal.com/cgi-bin/webscr?cmd=_s-xclick&hosted_button_id=2SUEFTGABTAM2
Message: Also leave a message if there is any particular feature you would like to see added.
Message: Thanks for all the people that have donated.
Message: Torndeco: 18/05/15

Message: This version was modified and include some improvement
Message: The lib was recompiled using new version of TBBMalloc, Boost and MariaDB connector
Message: The worker threads limitation was removed
Message: Steez: 30/10/2020


extDB3: Found extdb3-conf.ini
extDB3: Detected 16 Cores, Setting up 6 Worker Threads
extDB3: Detected 16 Cores, Setting up 16 Worker Threads
extDB3: ...
extDB3: ...
extDB3: ...
extDB3: ...
extDB3: ...
extDB3: ...
extDB3: ...
extDB3: ...
extDB3: ...
extDB3: ...
extDB3: ...
extDB3: ...
extDB3: ...
extDB3: ...
extDB3: ...
extDB3: ...


[14:34:39:887611 +01:00] [Thread 6568] extDB3: SQL: Initialized: Add Quotes around TEXT Datatypes mode: 2
[14:34:39:887638 +01:00] [Thread 6568] extDB3: SQL: Initialized: NULL = ""
[14:34:39:887657 +01:00] [Thread 6568] extDB3: Locked
[14:34:39:894890 +01:00] [Thread 10956] extDB3: SQL: Error MariaDBQueryException: 
[14:34:39:894907 +01:00] [Thread 10956] extDB3: SQL: Error MariaDBQueryException: Input: CALL deleteDeadVehicles
[14:34:39:894930 +01:00] [Thread 11472] extDB3: SQL: Error MariaDBQueryException: PROCEDURE armalife.deleteOldSms does not exist
[14:34:39:894942 +01:00] [Thread 11472] extDB3: SQL: Error MariaDBQueryException: Input: CALL deleteOldSms
[14:34:39:894985 +01:00] [Thread 10756] extDB3: SQL: Error MariaDBQueryException: PROCEDURE armalife.deleteOldForfait does not exist
[14:34:39:894997 +01:00] [Thread 10756] extDB3: SQL: Error MariaDBQueryException: Input: CALL deleteOldForfait
[14:41:09:484440 +01:00] [Thread 11472] extDB3: SQL: Error MariaDBQueryException: You have an error in your SQL syntax; check the manual that corresponds to your MariaDB server version for the right syntax to use near 'est téléporté via MapTeleport en [4657.18,7044.76,0]')' at line 1
[14:41:09:486155 +01:00] [Thread 11472] extDB3: SQL: Error MariaDBQueryException: Input: INSERT INTO logs_alf (name, uid, type, text) VALUES ('Antonio Lopa', '76561198201065973', 'ADMIN', 'Antonio Lopa (76561198201065973) s'est téléporté via MapTeleport en [4657.18,7044.76,0]')
[14:43:27:864357 +01:00] [Thread 11472] extDB3: SQL: Error MariaDBQueryException: You have an error in your SQL syntax; check the manual that corresponds to your MariaDB server version for the right syntax to use near 'est téléporté via MapTeleport en [4457.04,7565.92,0]')' at line 1
[14:43:27:864403 +01:00] [Thread 11472] extDB3: SQL: Error MariaDBQueryException: Input: INSERT INTO logs_alf (name, uid, type, text) VALUES ('Antonio Lopa', '76561198201065973', 'ADMIN', 'Antonio Lopa (76561198201065973) s'est téléporté via MapTeleport en [4457.04,7565.92,0]')
[14:44:05:738470 +01:00] [Thread 11472] extDB3: SQL: Error MariaDBQueryException: You have an error in your SQL syntax; check the manual that corresponds to your MariaDB server version for the right syntax to use near 'est téléporté via MapTeleport en [4882.75,7943.06,0]')' at line 1
[14:44:05:738512 +01:00] [Thread 11472] extDB3: SQL: Error MariaDBQueryException: Input: INSERT INTO logs_alf (name, uid, type, text) VALUES ('Antonio Lopa', '76561198201065973', 'ADMIN', 'Antonio Lopa (76561198201065973) s'est téléporté via MapTeleport en [4882.75,7943.06,0]')
[14:44:40:875399 +01:00] [Thread 11472] extDB3: SQL: Error MariaDBQueryException: You have an error in your SQL syntax; check the manual that corresponds to your MariaDB server version for the right syntax to use near 'est téléporté via MapTeleport en [4900.81,7949.7,0]')' at line 1
[14:44:40:875446 +01:00] [Thread 11472] extDB3: SQL: Error MariaDBQueryException: Input: INSERT INTO logs_alf (name, uid, type, text) VALUES ('Antonio Lopa', '76561198201065973', 'ADMIN', 'Antonio Lopa (76561198201065973) s'est téléporté via MapTeleport en [4900.81,7949.7,0]')
[14:44:55:906289 +01:00] [Thread 11472] extDB3: SQL: Error MariaDBQueryException: You have an error in your SQL syntax; check the manual that corresponds to your MariaDB server version for the right syntax to use near 'est téléporté via MapTeleport en [1575.79,10109.4,0]')' at line 1
[14:44:55:906324 +01:00] [Thread 11472] extDB3: SQL: Error MariaDBQueryException: Input: INSERT INTO logs_alf (name, uid, type, text) VALUES ('Antonio Lopa', '76561198201065973', 'ADMIN', 'Antonio Lopa (76561198201065973) s'est téléporté via MapTeleport en [1575.79,10109.4,0]')
[14:45:00:038068 +01:00] [Thread 11472] extDB3: SQL: Error MariaDBQueryException: You have an error in your SQL syntax; check the manual that corresponds to your MariaDB server version for the right syntax to use near 'est téléporté via MapTeleport en [1581.83,10076.4,0]')' at line 1
[14:45:00:038160 +01:00] [Thread 11472] extDB3: SQL: Error MariaDBQueryException: Input: INSERT INTO logs_alf (name, uid, type, text) VALUES ('Antonio Lopa', '76561198201065973', 'ADMIN', 'Antonio Lopa (76561198201065973) s'est téléporté via MapTeleport en [1581.83,10076.4,0]')
[14:45:21:423472 +01:00] [Thread 10924] extDB3: SQL: Error MariaDBQueryException: You have an error in your SQL syntax; check the manual that corresponds to your MariaDB server version for the right syntax to use near 'est téléporté via MapTeleport en [4861.63,7938.71,0]')' at line 1
[14:45:21:423536 +01:00] [Thread 10924] extDB3: SQL: Error MariaDBQueryException: Input: INSERT INTO logs_alf (name, uid, type, text) VALUES ('Antonio Lopa', '76561198201065973', 'ADMIN', 'Antonio Lopa (76561198201065973) s'est téléporté via MapTeleport en [4861.63,7938.71,0]')
[14:45:45:565676 +01:00] [Thread 10924] extDB3: SQL: Error MariaDBQueryException: You have an error in your SQL syntax; check the manual that corresponds to your MariaDB server version for the right syntax to use near 'est téléporté via MapTeleport en [1581.38,10078,0]')' at line 1
[14:45:45:565735 +01:00] [Thread 10924] extDB3: SQL: Error MariaDBQueryException: Input: INSERT INTO logs_alf (name, uid, type, text) VALUES ('Antonio Lopa', '76561198201065973', 'ADMIN', 'Antonio Lopa (76561198201065973) s'est téléporté via MapTeleport en [1581.38,10078,0]')
[14:46:15:059054 +01:00] [Thread 10924] extDB3: SQL: Error MariaDBQueryException: You have an error in your SQL syntax; check the manual that corresponds to your MariaDB server version for the right syntax to use near 'est téléporté via MapTeleport en [1560.71,10093.4,0]')' at line 1
[14:46:15:059110 +01:00] [Thread 10924] extDB3: SQL: Error MariaDBQueryException: Input: INSERT INTO logs_alf (name, uid, type, text) VALUES ('Antonio Lopa', '76561198201065973', 'ADMIN', 'Antonio Lopa (76561198201065973) s'est téléporté via MapTeleport en [1560.71,10093.4,0]')
[14:47:58:002597 +01:00] [Thread 10924] extDB3: SQL: Error MariaDBQueryException: You have an error in your SQL syntax; check the manual that corresponds to your MariaDB server version for the right syntax to use near 'est téléporté via MapTeleport en [3042.23,4886.95,0]')' at line 1
[14:47:58:002629 +01:00] [Thread 10924] extDB3: SQL: Error MariaDBQueryException: Input: INSERT INTO logs_alf (name, uid, type, text) VALUES ('Antonio Lopa', '76561198201065973', 'ADMIN', 'Antonio Lopa (76561198201065973) s'est téléporté via MapTeleport en [3042.23,4886.95,0]')
