
extDB3: https://bitbucket.org/torndeco/extdb3/wiki/Home
extDB3: Version: 1.033
extDB3: Windows Version
Message: All development for extDB3 is done on a Linux Dedicated Server
Message: If you would like to Donate to extDB3 Development
Message: https://www.paypal.com/cgi-bin/webscr?cmd=_s-xclick&hosted_button_id=2SUEFTGABTAM2
Message: Also leave a message if there is any particular feature you would like to see added.
Message: Thanks for all the people that have donated.
Message: Torndeco: 18/05/15

Message: This version was modified and include some improvement
Message: The lib was recompiled using new version of TBBMalloc, Boost and MariaDB connector
Message: The worker threads limitation was removed
Message: Steez: 30/10/2020


extDB3: Found extdb3-conf.ini
extDB3: Detected 16 Cores, Setting up 6 Worker Threads
extDB3: Detected 16 Cores, Setting up 16 Worker Threads
extDB3: ...
extDB3: ...
extDB3: ...
extDB3: ...
extDB3: ...
extDB3: ...
extDB3: ...
extDB3: ...
extDB3: ...
extDB3: ...
extDB3: ...
extDB3: ...
extDB3: ...
extDB3: ...
extDB3: ...
extDB3: ...


[16:22:02:338094 +01:00] [Thread 11560] extDB3: SQL: Initialized: Add Quotes around TEXT Datatypes mode: 2
[16:22:02:338121 +01:00] [Thread 11560] extDB3: SQL: Initialized: NULL = ""
[16:22:02:338147 +01:00] [Thread 11560] extDB3: Locked
[16:22:02:344176 +01:00] [Thread 11856] extDB3: SQL: Error MariaDBQueryException: PROCEDURE armalife.deleteOldSms does not exist
[16:22:02:344189 +01:00] [Thread 11856] extDB3: SQL: Error MariaDBQueryException: Input: CALL deleteOldSms
[16:22:02:344202 +01:00] [Thread 8044] extDB3: SQL: Error MariaDBQueryException: PROCEDURE armalife.deleteDeadVehicles does not exist
[16:22:02:344215 +01:00] [Thread 8044] extDB3: SQL: Error MariaDBQueryException: Input: CALL deleteDeadVehicles
[16:22:02:344248 +01:00] [Thread 6380] extDB3: SQL: Error MariaDBQueryException: PROCEDURE armalife.deleteOldForfait does not exist
[16:22:02:344260 +01:00] [Thread 6380] extDB3: SQL: Error MariaDBQueryException: Input: CALL deleteOldForfait
[16:25:42:399981 +01:00] [Thread 6732] extDB3: SQL: Error MariaDBQueryException: You have an error in your SQL syntax; check the manual that corresponds to your MariaDB server version for the right syntax to use near 'est téléporté via MapTeleport en [3938.22,4608.72,0]')' at line 1
[16:25:42:403597 +01:00] [Thread 6732] extDB3: SQL: Error MariaDBQueryException: Input: INSERT INTO logs_alf (name, uid, type, text) VALUES ('Antonio Lopa', '76561198201065973', 'ADMIN', 'Antonio Lopa (76561198201065973) s'est téléporté via MapTeleport en [3938.22,4608.72,0]')
[16:30:57:060655 +01:00] [Thread 8044] extDB3: SQL: Error MariaDBQueryException: You have an error in your SQL syntax; check the manual that corresponds to your MariaDB server version for the right syntax to use near 'est téléporté via MapTeleport en [4223.68,4543.04,0]')' at line 1
[16:30:57:060705 +01:00] [Thread 8044] extDB3: SQL: Error MariaDBQueryException: Input: INSERT INTO logs_alf (name, uid, type, text) VALUES ('Antonio Lopa', '76561198201065973', 'ADMIN', 'Antonio Lopa (76561198201065973) s'est téléporté via MapTeleport en [4223.68,4543.04,0]')
[16:31:12:753063 +01:00] [Thread 8044] extDB3: SQL: Error MariaDBQueryException: You have an error in your SQL syntax; check the manual that corresponds to your MariaDB server version for the right syntax to use near 'est téléporté via MapTeleport en [367.92,8977.89,0]')' at line 1
[16:31:12:753141 +01:00] [Thread 8044] extDB3: SQL: Error MariaDBQueryException: Input: INSERT INTO logs_alf (name, uid, type, text) VALUES ('Antonio Lopa', '76561198201065973', 'ADMIN', 'Antonio Lopa (76561198201065973) s'est téléporté via MapTeleport en [367.92,8977.89,0]')
[16:41:36:557838 +01:00] [Thread 7228] extDB3: SQL: Error MariaDBQueryException: You have an error in your SQL syntax; check the manual that corresponds to your MariaDB server version for the right syntax to use near 'est téléporté via MapTeleport en [6387.24,3476.84,0]')' at line 1
[16:41:36:557871 +01:00] [Thread 7228] extDB3: SQL: Error MariaDBQueryException: Input: INSERT INTO logs_alf (name, uid, type, text) VALUES ('Antonio Lopa', '76561198201065973', 'ADMIN', 'Antonio Lopa (76561198201065973) s'est téléporté via MapTeleport en [6387.24,3476.84,0]')
