
extDB3: https://bitbucket.org/torndeco/extdb3/wiki/Home
extDB3: Version: 1.033
extDB3: Windows Version
Message: All development for extDB3 is done on a Linux Dedicated Server
Message: If you would like to Donate to extDB3 Development
Message: https://www.paypal.com/cgi-bin/webscr?cmd=_s-xclick&hosted_button_id=2SUEFTGABTAM2
Message: Also leave a message if there is any particular feature you would like to see added.
Message: Thanks for all the people that have donated.
Message: Torndeco: 18/05/15

Message: This version was modified and include some improvement
Message: The lib was recompiled using new version of TBBMalloc, Boost and MariaDB connector
Message: The worker threads limitation was removed
Message: Steez: 30/10/2020


extDB3: Found extdb3-conf.ini
extDB3: Detected 16 Cores, Setting up 6 Worker Threads
extDB3: Detected 16 Cores, Setting up 16 Worker Threads
extDB3: ...
extDB3: ...
extDB3: ...
extDB3: ...
extDB3: ...
extDB3: ...
extDB3: ...
extDB3: ...
extDB3: ...
extDB3: ...
extDB3: ...
extDB3: ...
extDB3: ...
extDB3: ...
extDB3: ...
extDB3: ...


[16:43:10:263845 +01:00] [Thread 11136] extDB3: SQL: Initialized: Add Quotes around TEXT Datatypes mode: 2
[16:43:10:263871 +01:00] [Thread 11136] extDB3: SQL: Initialized: NULL = ""
[16:43:10:263886 +01:00] [Thread 11136] extDB3: Locked
[16:43:10:270091 +01:00] [Thread 1748] extDB3: SQL: Error MariaDBQueryException: PROCEDURE armalife.deleteDeadVehicles does not exist
[16:43:10:270103 +01:00] [Thread 1748] extDB3: SQL: Error MariaDBQueryException: Input: CALL deleteDeadVehicles
[16:43:10:270129 +01:00] [Thread 12188] extDB3: SQL: Error MariaDBQueryException: PROCEDURE armalife.deleteOldForfait does not exist
[16:43:10:270141 +01:00] [Thread 12188] extDB3: SQL: Error MariaDBQueryException: Input: CALL deleteOldForfait
[16:43:10:270168 +01:00] [Thread 9948] extDB3: SQL: Error MariaDBQueryException: PROCEDURE armalife.deleteOldSms does not exist
[16:43:10:270180 +01:00] [Thread 9948] extDB3: SQL: Error MariaDBQueryException: Input: CALL deleteOldSms
[17:01:34:328380 +01:00] [Thread 9932] extDB3: SQL: Error MariaDBQueryException: You have an error in your SQL syntax; check the manual that corresponds to your MariaDB server version for the right syntax to use near 'est téléporté via MapTeleport en [3864.42,4706.86,0]')' at line 1
[17:01:34:330411 +01:00] [Thread 9932] extDB3: SQL: Error MariaDBQueryException: Input: INSERT INTO logs_alf (name, uid, type, text) VALUES ('Antonio Lopa', '76561198201065973', 'ADMIN', 'Antonio Lopa (76561198201065973) s'est téléporté via MapTeleport en [3864.42,4706.86,0]')
[17:01:58:702375 +01:00] [Thread 9932] extDB3: SQL: Error MariaDBQueryException: You have an error in your SQL syntax; check the manual that corresponds to your MariaDB server version for the right syntax to use near 'est téléporté via MapTeleport en [364.19,8982.67,0]')' at line 1
[17:01:58:702449 +01:00] [Thread 9932] extDB3: SQL: Error MariaDBQueryException: Input: INSERT INTO logs_alf (name, uid, type, text) VALUES ('Antonio Lopa', '76561198201065973', 'ADMIN', 'Antonio Lopa (76561198201065973) s'est téléporté via MapTeleport en [364.19,8982.67,0]')
