
extDB3: https://bitbucket.org/torndeco/extdb3/wiki/Home
extDB3: Version: 1.033
extDB3: Windows Version
Message: All development for extDB3 is done on a Linux Dedicated Server
Message: If you would like to Donate to extDB3 Development
Message: https://www.paypal.com/cgi-bin/webscr?cmd=_s-xclick&hosted_button_id=2SUEFTGABTAM2
Message: Also leave a message if there is any particular feature you would like to see added.
Message: Thanks for all the people that have donated.
Message: Torndeco: 18/05/15

Message: This version was modified and include some improvement
Message: The lib was recompiled using new version of TBBMalloc, Boost and MariaDB connector
Message: The worker threads limitation was removed
Message: Steez: 30/10/2020


extDB3: Found extdb3-conf.ini
extDB3: Detected 16 Cores, Setting up 6 Worker Threads
extDB3: Detected 16 Cores, Setting up 16 Worker Threads
extDB3: ...
extDB3: ...
extDB3: ...
extDB3: ...
extDB3: ...
extDB3: ...
extDB3: ...
extDB3: ...
extDB3: ...
extDB3: ...
extDB3: ...
extDB3: ...
extDB3: ...
extDB3: ...
extDB3: ...
extDB3: ...


[10:57:02:469037 +01:00] [Thread 14064] extDB3: SQL: Initialized: Add Quotes around TEXT Datatypes mode: 2
[10:57:02:469059 +01:00] [Thread 14064] extDB3: SQL: Initialized: NULL = ""
[10:57:02:469073 +01:00] [Thread 14064] extDB3: Locked
[10:57:02:475145 +01:00] [Thread 6320] extDB3: SQL: Error MariaDBQueryException: PROCEDURE armalife.deleteOldForfait does not exist
[10:57:02:475158 +01:00] [Thread 6320] extDB3: SQL: Error MariaDBQueryException: Input: CALL deleteOldForfait
[10:57:02:475185 +01:00] [Thread 10836] extDB3: SQL: Error MariaDBQueryException: PROCEDURE armalife.deleteDeadVehicles does not exist
[10:57:02:475190 +01:00] [Thread 14244] extDB3: SQL: Error MariaDBQueryException: PROCEDURE armalife.deleteOldSms does not exist
[10:57:02:475220 +01:00] [Thread 10836] extDB3: SQL: Error MariaDBQueryException: Input: CALL deleteDeadVehicles
[10:57:02:475234 +01:00] [Thread 14244] extDB3: SQL: Error MariaDBQueryException: Input: CALL deleteOldSms
[11:00:20:328563 +01:00] [Thread 3240] extDB3: SQL: Error MariaDBQueryException: You have an error in your SQL syntax; check the manual that corresponds to your MariaDB server version for the right syntax to use near 'entreprise numéro # 56400 pour 3000 €.')' at line 1
[11:00:20:328719 +01:00] [Thread 3240] extDB3: SQL: Error MariaDBQueryException: Input: INSERT INTO logs_alf (name, uid, type, text) VALUES ('Antonio Lopa', '76561198201065973', 'ASSURANCE', 'A assuré son véhicule d'entreprise numéro # 56400 pour 3000 €.')
[11:00:22:801826 +01:00] [Thread 14244] extDB3: SQL: Error MariaDBQueryException: You have an error in your SQL syntax; check the manual that corresponds to your MariaDB server version for the right syntax to use near 'entreprise numéro # 56400 pour 3000 €.')' at line 1
[11:00:22:801880 +01:00] [Thread 14244] extDB3: SQL: Error MariaDBQueryException: Input: INSERT INTO logs_alf (name, uid, type, text) VALUES ('Antonio Lopa', '76561198201065973', 'ASSURANCE', 'A assuré son véhicule d'entreprise numéro # 56400 pour 3000 €.')
[11:00:36:729016 +01:00] [Thread 3240] extDB3: SQL: Error MariaDBQueryException: You have an error in your SQL syntax; check the manual that corresponds to your MariaDB server version for the right syntax to use near 'entreprise numéro # 55868 pour 1500 €.')' at line 1
[11:00:36:729102 +01:00] [Thread 3240] extDB3: SQL: Error MariaDBQueryException: Input: INSERT INTO logs_alf (name, uid, type, text) VALUES ('Antonio Lopa', '76561198201065973', 'ASSURANCE', 'A assuré son véhicule d'entreprise numéro # 55868 pour 1500 €.')
[11:01:21:095362 +01:00] [Thread 14244] extDB3: SQL: Error MariaDBQueryException: You have an error in your SQL syntax; check the manual that corresponds to your MariaDB server version for the right syntax to use near 'entreprise numéro # 58712 pour 7500 €.')' at line 1
[11:01:21:095424 +01:00] [Thread 14244] extDB3: SQL: Error MariaDBQueryException: Input: INSERT INTO logs_alf (name, uid, type, text) VALUES ('Antonio Lopa', '76561198201065973', 'ASSURANCE', 'A assuré son véhicule d'entreprise numéro # 58712 pour 7500 €.')
[11:02:59:302027 +01:00] [Thread 6320] extDB3: SQL: Error MariaDBQueryException: You have an error in your SQL syntax; check the manual that corresponds to your MariaDB server version for the right syntax to use near 'entreprise numéro # 56400 pour 3000 €.')' at line 1
[11:02:59:302089 +01:00] [Thread 6320] extDB3: SQL: Error MariaDBQueryException: Input: INSERT INTO logs_alf (name, uid, type, text) VALUES ('Antonio Lopa', '76561198201065973', 'ASSURANCE', 'A assuré son véhicule d'entreprise numéro # 56400 pour 3000 €.')
