
extDB3: https://bitbucket.org/torndeco/extdb3/wiki/Home
extDB3: Version: 1.033
extDB3: Windows Version
Message: All development for extDB3 is done on a Linux Dedicated Server
Message: If you would like to Donate to extDB3 Development
Message: https://www.paypal.com/cgi-bin/webscr?cmd=_s-xclick&hosted_button_id=2SUEFTGABTAM2
Message: Also leave a message if there is any particular feature you would like to see added.
Message: Thanks for all the people that have donated.
Message: Torndeco: 18/05/15

Message: This version was modified and include some improvement
Message: The lib was recompiled using new version of TBBMalloc, Boost and MariaDB connector
Message: The worker threads limitation was removed
Message: Steez: 30/10/2020


extDB3: Found extdb3-conf.ini
extDB3: Detected 16 Cores, Setting up 6 Worker Threads
extDB3: Detected 16 Cores, Setting up 16 Worker Threads
extDB3: ...
extDB3: ...
extDB3: ...
extDB3: ...
extDB3: ...
extDB3: ...
extDB3: ...
extDB3: ...
extDB3: ...
extDB3: ...
extDB3: ...
extDB3: ...
extDB3: ...
extDB3: ...
extDB3: ...
extDB3: ...


[11:20:42:395872 +01:00] [Thread 6680] extDB3: SQL: Initialized: Add Quotes around TEXT Datatypes mode: 2
[11:20:42:395895 +01:00] [Thread 6680] extDB3: SQL: Initialized: NULL = ""
[11:20:42:395909 +01:00] [Thread 6680] extDB3: Locked
[11:20:42:401970 +01:00] [Thread 13804] extDB3: SQL: Error MariaDBQueryException: PROCEDURE armalife.deleteDeadVehicles does not exist
[11:20:42:401983 +01:00] [Thread 13804] extDB3: SQL: Error MariaDBQueryException: Input: CALL deleteDeadVehicles
[11:20:42:402005 +01:00] [Thread 12976] extDB3: SQL: Error MariaDBQueryException: PROCEDURE armalife.deleteOldForfait does not exist
[11:20:42:402017 +01:00] [Thread 12976] extDB3: SQL: Error MariaDBQueryException: Input: CALL deleteOldForfait
[11:20:42:402037 +01:00] [Thread 14064] extDB3: SQL: Error MariaDBQueryException: PROCEDURE armalife.deleteOldSms does not exist
[11:20:42:402049 +01:00] [Thread 14064] extDB3: SQL: Error MariaDBQueryException: Input: CALL deleteOldSms
[11:31:04:929323 +01:00] [Thread 10940] extDB3: SQL: Error MariaDBQueryException: You have an error in your SQL syntax; check the manual that corresponds to your MariaDB server version for the right syntax to use near 'est téléporté via MapTeleport en [1691.78,10093.7,0]')' at line 1
[11:31:04:929380 +01:00] [Thread 10940] extDB3: SQL: Error MariaDBQueryException: Input: INSERT INTO logs_alf (name, uid, type, text) VALUES ('Antonio Lopa', '76561198201065973', 'ADMIN', 'Antonio Lopa (76561198201065973) s'est téléporté via MapTeleport en [1691.78,10093.7,0]')
[11:31:11:636771 +01:00] [Thread 9896] extDB3: SQL: Error MariaDBQueryException: You have an error in your SQL syntax; check the manual that corresponds to your MariaDB server version for the right syntax to use near 'est téléporté via MapTeleport en [1590.71,10097.7,0]')' at line 1
[11:31:11:636843 +01:00] [Thread 9896] extDB3: SQL: Error MariaDBQueryException: Input: INSERT INTO logs_alf (name, uid, type, text) VALUES ('Antonio Lopa', '76561198201065973', 'ADMIN', 'Antonio Lopa (76561198201065973) s'est téléporté via MapTeleport en [1590.71,10097.7,0]')
[11:31:50:033444 +01:00] [Thread 9896] extDB3: SQL: Error MariaDBQueryException: You have an error in your SQL syntax; check the manual that corresponds to your MariaDB server version for the right syntax to use near 'est téléporté via MapTeleport en [1593.23,10097,0]')' at line 1
[11:31:50:033498 +01:00] [Thread 9896] extDB3: SQL: Error MariaDBQueryException: Input: INSERT INTO logs_alf (name, uid, type, text) VALUES ('Antonio Lopa', '76561198201065973', 'ADMIN', 'Antonio Lopa (76561198201065973) s'est téléporté via MapTeleport en [1593.23,10097,0]')
[11:32:17:122476 +01:00] [Thread 9896] extDB3: SQL: Error MariaDBQueryException: You have an error in your SQL syntax; check the manual that corresponds to your MariaDB server version for the right syntax to use near 'est téléporté via MapTeleport en [1592.14,10097.1,0]')' at line 1
[11:32:17:122536 +01:00] [Thread 9896] extDB3: SQL: Error MariaDBQueryException: Input: INSERT INTO logs_alf (name, uid, type, text) VALUES ('Antonio Lopa', '76561198201065973', 'ADMIN', 'Antonio Lopa (76561198201065973) s'est téléporté via MapTeleport en [1592.14,10097.1,0]')
[11:32:22:921178 +01:00] [Thread 9896] extDB3: SQL: Error MariaDBQueryException: You have an error in your SQL syntax; check the manual that corresponds to your MariaDB server version for the right syntax to use near 'action 'Animations Rapides' via le menu admin.')' at line 1
[11:32:22:921248 +01:00] [Thread 9896] extDB3: SQL: Error MariaDBQueryException: Input: INSERT INTO logs_alf (name, uid, type, text) VALUES ('Antonio Lopa', '76561198201065973', 'ADMIN', 'A utilisé l'action 'Animations Rapides' via le menu admin.')
