
extDB3: https://bitbucket.org/torndeco/extdb3/wiki/Home
extDB3: Version: 1.033
extDB3: Windows Version
Message: All development for extDB3 is done on a Linux Dedicated Server
Message: If you would like to Donate to extDB3 Development
Message: https://www.paypal.com/cgi-bin/webscr?cmd=_s-xclick&hosted_button_id=2SUEFTGABTAM2
Message: Also leave a message if there is any particular feature you would like to see added.
Message: Thanks for all the people that have donated.
Message: Torndeco: 18/05/15

Message: This version was modified and include some improvement
Message: The lib was recompiled using new version of TBBMalloc, Boost and MariaDB connector
Message: The worker threads limitation was removed
Message: Steez: 30/10/2020


extDB3: Found extdb3-conf.ini
extDB3: Detected 16 Cores, Setting up 6 Worker Threads
extDB3: Detected 16 Cores, Setting up 16 Worker Threads
extDB3: ...
extDB3: ...
extDB3: ...
extDB3: ...
extDB3: ...
extDB3: ...
extDB3: ...
extDB3: ...
extDB3: ...
extDB3: ...
extDB3: ...
extDB3: ...
extDB3: ...
extDB3: ...
extDB3: ...
extDB3: ...


[11:36:30:342416 +01:00] [Thread 12828] extDB3: SQL: Initialized: Add Quotes around TEXT Datatypes mode: 2
[11:36:30:342440 +01:00] [Thread 12828] extDB3: SQL: Initialized: NULL = ""
[11:36:30:342453 +01:00] [Thread 12828] extDB3: Locked
[11:36:30:348887 +01:00] [Thread 14316] extDB3: SQL: Error MariaDBQueryException: PROCEDURE armalife.deleteDeadVehicles does not exist
[11:36:30:348921 +01:00] [Thread 14316] extDB3: SQL: Error MariaDBQueryException: Input: CALL deleteDeadVehicles
[11:36:30:348951 +01:00] [Thread 14052] extDB3: SQL: Error MariaDBQueryException: PROCEDURE armalife.deleteOldSms does not exist
[11:36:30:348957 +01:00] [Thread 12120] extDB3: SQL: Error MariaDBQueryException: PROCEDURE armalife.deleteOldForfait does not exist
[11:36:30:348982 +01:00] [Thread 14052] extDB3: SQL: Error MariaDBQueryException: Input: CALL deleteOldSms
[11:36:30:349003 +01:00] [Thread 12120] extDB3: SQL: Error MariaDBQueryException: Input: CALL deleteOldForfait
[11:38:34:811830 +01:00] [Thread 9432] extDB3: SQL: Error MariaDBQueryException: You have an error in your SQL syntax; check the manual that corresponds to your MariaDB server version for the right syntax to use near 'action 'Animations Rapides' via le menu admin.')' at line 1
[11:38:34:811894 +01:00] [Thread 9432] extDB3: SQL: Error MariaDBQueryException: Input: INSERT INTO logs_alf (name, uid, type, text) VALUES ('Antonio Lopa', '76561198201065973', 'ADMIN', 'A utilisé l'action 'Animations Rapides' via le menu admin.')
[11:40:20:857401 +01:00] [Thread 9432] extDB3: SQL: Error MariaDBQueryException: You have an error in your SQL syntax; check the manual that corresponds to your MariaDB server version for the right syntax to use near 'entreprise numéro # 58005 pour 1125 €.')' at line 1
[11:40:20:857453 +01:00] [Thread 9432] extDB3: SQL: Error MariaDBQueryException: Input: INSERT INTO logs_alf (name, uid, type, text) VALUES ('Antonio Lopa', '76561198201065973', 'ASSURANCE', 'A assuré son véhicule d'entreprise numéro # 58005 pour 1125 €.')
[11:40:32:023690 +01:00] [Thread 12120] extDB3: SQL: Error MariaDBQueryException: You have an error in your SQL syntax; check the manual that corresponds to your MariaDB server version for the right syntax to use near 'entreprise numéro # 58005 pour 1125 €.')' at line 1
[11:40:32:023772 +01:00] [Thread 12120] extDB3: SQL: Error MariaDBQueryException: Input: INSERT INTO logs_alf (name, uid, type, text) VALUES ('Antonio Lopa', '76561198201065973', 'ASSURANCE', 'A assuré son véhicule d'entreprise numéro # 58005 pour 1125 €.')
[11:52:03:667854 +01:00] [Thread 12468] extDB3: SQL: Error MariaDBQueryException: You have an error in your SQL syntax; check the manual that corresponds to your MariaDB server version for the right syntax to use near 'est téléporté via MapTeleport en [1698.76,10084.7,0]')' at line 1
[11:52:03:667940 +01:00] [Thread 12468] extDB3: SQL: Error MariaDBQueryException: Input: INSERT INTO logs_alf (name, uid, type, text) VALUES ('Antonio Lopa', '76561198201065973', 'ADMIN', 'Antonio Lopa (76561198201065973) s'est téléporté via MapTeleport en [1698.76,10084.7,0]')
[12:02:16:725399 +01:00] [Thread 9432] extDB3: SQL: Error MariaDBQueryException: You have an error in your SQL syntax; check the manual that corresponds to your MariaDB server version for the right syntax to use near 'est téléporté via MapTeleport en [1695.2,10090.3,0]')' at line 1
[12:02:16:725458 +01:00] [Thread 9432] extDB3: SQL: Error MariaDBQueryException: Input: INSERT INTO logs_alf (name, uid, type, text) VALUES ('Antonio Lopa', '76561198201065973', 'ADMIN', 'Antonio Lopa (76561198201065973) s'est téléporté via MapTeleport en [1695.2,10090.3,0]')
