
extDB3: https://bitbucket.org/torndeco/extdb3/wiki/Home
extDB3: Version: 1.033
extDB3: Windows Version
Message: All development for extDB3 is done on a Linux Dedicated Server
Message: If you would like to Donate to extDB3 Development
Message: https://www.paypal.com/cgi-bin/webscr?cmd=_s-xclick&hosted_button_id=2SUEFTGABTAM2
Message: Also leave a message if there is any particular feature you would like to see added.
Message: Thanks for all the people that have donated.
Message: Torndeco: 18/05/15

Message: This version was modified and include some improvement
Message: The lib was recompiled using new version of TBBMalloc, Boost and MariaDB connector
Message: The worker threads limitation was removed
Message: Steez: 30/10/2020


extDB3: Found extdb3-conf.ini
extDB3: Detected 16 Cores, Setting up 6 Worker Threads
extDB3: Detected 16 Cores, Setting up 16 Worker Threads
extDB3: ...
extDB3: ...
extDB3: ...
extDB3: ...
extDB3: ...
extDB3: ...
extDB3: ...
extDB3: ...
extDB3: ...
extDB3: ...
extDB3: ...
extDB3: ...
extDB3: ...
extDB3: ...
extDB3: ...
extDB3: ...


[11:08:44:289816 +01:00] [Thread 12416] extDB3: SQL: Initialized: Add Quotes around TEXT Datatypes mode: 2
[11:08:44:289839 +01:00] [Thread 12416] extDB3: SQL: Initialized: NULL = ""
[11:08:44:289855 +01:00] [Thread 12416] extDB3: Locked
[11:08:44:295914 +01:00] [Thread 13560] extDB3: SQL: Error MariaDBQueryException: PROCEDURE armalife.deleteOldForfait does not exist
[11:08:44:295925 +01:00] [Thread 11520] extDB3: SQL: Error MariaDBQueryException: PROCEDURE armalife.deleteOldSms does not exist
[11:08:44:295915 +01:00] [Thread 2656] extDB3: SQL: Error MariaDBQueryException: PROCEDURE armalife.deleteDeadVehicles does not exist
[11:08:44:295936 +01:00] [Thread 13560] extDB3: SQL: Error MariaDBQueryException: Input: CALL deleteOldForfait
[11:08:44:295962 +01:00] [Thread 2656] extDB3: SQL: Error MariaDBQueryException: Input: CALL deleteDeadVehicles
[11:08:44:295949 +01:00] [Thread 11520] extDB3: SQL: Error MariaDBQueryException: Input: CALL deleteOldSms
[11:10:56:272903 +01:00] [Thread 5300] extDB3: SQL: Error MariaDBQueryException: You have an error in your SQL syntax; check the manual that corresponds to your MariaDB server version for the right syntax to use near 'entreprise numéro # 55868 pour 1500 €.')' at line 1
[11:10:56:272990 +01:00] [Thread 5300] extDB3: SQL: Error MariaDBQueryException: Input: INSERT INTO logs_alf (name, uid, type, text) VALUES ('Antonio Lopa', '76561198201065973', 'ASSURANCE', 'A assuré son véhicule d'entreprise numéro # 55868 pour 1500 €.')
[11:11:03:460904 +01:00] [Thread 11520] extDB3: SQL: Error MariaDBQueryException: You have an error in your SQL syntax; check the manual that corresponds to your MariaDB server version for the right syntax to use near 'entreprise numéro # 58712 pour 7500 €.')' at line 1
[11:11:03:460978 +01:00] [Thread 11520] extDB3: SQL: Error MariaDBQueryException: Input: INSERT INTO logs_alf (name, uid, type, text) VALUES ('Antonio Lopa', '76561198201065973', 'ASSURANCE', 'A assuré son véhicule d'entreprise numéro # 58712 pour 7500 €.')
[11:11:42:910365 +01:00] [Thread 5300] extDB3: SQL: Error MariaDBQueryException: You have an error in your SQL syntax; check the manual that corresponds to your MariaDB server version for the right syntax to use near 'entreprise numéro # 55868 pour 1500 €.')' at line 1
[11:11:42:910435 +01:00] [Thread 5300] extDB3: SQL: Error MariaDBQueryException: Input: INSERT INTO logs_alf (name, uid, type, text) VALUES ('Antonio Lopa', '76561198201065973', 'ASSURANCE', 'A assuré son véhicule d'entreprise numéro # 55868 pour 1500 €.')
