
extDB3: https://bitbucket.org/torndeco/extdb3/wiki/Home
extDB3: Version: 1.033
extDB3: Windows Version
Message: All development for extDB3 is done on a Linux Dedicated Server
Message: If you would like to Donate to extDB3 Development
Message: https://www.paypal.com/cgi-bin/webscr?cmd=_s-xclick&hosted_button_id=2SUEFTGABTAM2
Message: Also leave a message if there is any particular feature you would like to see added.
Message: Thanks for all the people that have donated.
Message: Torndeco: 18/05/15

Message: This version was modified and include some improvement
Message: The lib was recompiled using new version of TBBMalloc, Boost and MariaDB connector
Message: The worker threads limitation was removed
Message: Steez: 30/10/2020


extDB3: Found extdb3-conf.ini
extDB3: Detected 16 Cores, Setting up 6 Worker Threads
extDB3: Detected 16 Cores, Setting up 16 Worker Threads
extDB3: ...
extDB3: ...
extDB3: ...
extDB3: ...
extDB3: ...
extDB3: ...
extDB3: ...
extDB3: ...
extDB3: ...
extDB3: ...
extDB3: ...
extDB3: ...
extDB3: ...
extDB3: ...
extDB3: ...
extDB3: ...


[12:11:06:453947 +01:00] [Thread 14264] extDB3: SQL: Initialized: Add Quotes around TEXT Datatypes mode: 2
[12:11:06:453970 +01:00] [Thread 14264] extDB3: SQL: Initialized: NULL = ""
[12:11:06:453983 +01:00] [Thread 14264] extDB3: Locked
[12:11:06:460238 +01:00] [Thread 5456] extDB3: SQL: Error MariaDBQueryException: PROCEDURE armalife.deleteOldForfait does not exist
[12:11:06:460254 +01:00] [Thread 5456] extDB3: SQL: Error MariaDBQueryException: Input: CALL deleteOldForfait
[12:11:06:460279 +01:00] [Thread 12564] extDB3: SQL: Error MariaDBQueryException: PROCEDURE armalife.deleteDeadVehicles does not exist
[12:11:06:460292 +01:00] [Thread 12564] extDB3: SQL: Error MariaDBQueryException: Input: CALL deleteDeadVehicles
[12:11:06:460325 +01:00] [Thread 14228] extDB3: SQL: Error MariaDBQueryException: PROCEDURE armalife.deleteOldSms does not exist
[12:11:06:460337 +01:00] [Thread 14228] extDB3: SQL: Error MariaDBQueryException: Input: CALL deleteOldSms
[12:14:02:553360 +01:00] [Thread 14060] extDB3: SQL: Error MariaDBQueryException: You have an error in your SQL syntax; check the manual that corresponds to your MariaDB server version for the right syntax to use near 'est téléporté via MapTeleport en [1700.67,10093.7,0]')' at line 1
[12:14:02:553456 +01:00] [Thread 14060] extDB3: SQL: Error MariaDBQueryException: Input: INSERT INTO logs_alf (name, uid, type, text) VALUES ('Antonio Lopa', '76561198201065973', 'ADMIN', 'Antonio Lopa (76561198201065973) s'est téléporté via MapTeleport en [1700.67,10093.7,0]')
[12:23:13:543082 +01:00] [Thread 13820] extDB3: SQL: Error MariaDBQueryException: You have an error in your SQL syntax; check the manual that corresponds to your MariaDB server version for the right syntax to use near 'assurance de son véhicule personnel numéro # 56073.')' at line 1
[12:23:13:543154 +01:00] [Thread 13820] extDB3: SQL: Error MariaDBQueryException: Input: INSERT INTO logs_alf (name, uid, type, text) VALUES ('Antonio Lopa', '76561198201065973', 'ASSURANCE', 'A résilié l'assurance de son véhicule personnel numéro # 56073.')
[12:23:24:377642 +01:00] [Thread 7152] extDB3: SQL: Error MariaDBQueryException: You have an error in your SQL syntax; check the manual that corresponds to your MariaDB server version for the right syntax to use near 'est téléporté via MapTeleport en [1590.55,10078.4,0]')' at line 1
[12:23:24:377726 +01:00] [Thread 7152] extDB3: SQL: Error MariaDBQueryException: Input: INSERT INTO logs_alf (name, uid, type, text) VALUES ('Antonio Lopa', '76561198201065973', 'ADMIN', 'Antonio Lopa (76561198201065973) s'est téléporté via MapTeleport en [1590.55,10078.4,0]')
[12:23:39:585019 +01:00] [Thread 7152] extDB3: SQL: Error MariaDBQueryException: You have an error in your SQL syntax; check the manual that corresponds to your MariaDB server version for the right syntax to use near 'entreprise numéro # 55949 pour 2250 €.')' at line 1
[12:23:39:585083 +01:00] [Thread 7152] extDB3: SQL: Error MariaDBQueryException: Input: INSERT INTO logs_alf (name, uid, type, text) VALUES ('Antonio Lopa', '76561198201065973', 'ASSURANCE', 'A assuré son véhicule d'entreprise numéro # 55949 pour 2250 €.')
