
extDB3: https://bitbucket.org/torndeco/extdb3/wiki/Home
extDB3: Version: 1.033
extDB3: Windows Version
Message: All development for extDB3 is done on a Linux Dedicated Server
Message: If you would like to Donate to extDB3 Development
Message: https://www.paypal.com/cgi-bin/webscr?cmd=_s-xclick&hosted_button_id=2SUEFTGABTAM2
Message: Also leave a message if there is any particular feature you would like to see added.
Message: Thanks for all the people that have donated.
Message: Torndeco: 18/05/15

Message: This version was modified and include some improvement
Message: The lib was recompiled using new version of TBBMalloc, Boost and MariaDB connector
Message: The worker threads limitation was removed
Message: Steez: 30/10/2020


extDB3: Found extdb3-conf.ini
extDB3: Detected 16 Cores, Setting up 6 Worker Threads
extDB3: Detected 16 Cores, Setting up 16 Worker Threads
extDB3: ...
extDB3: ...
extDB3: ...
extDB3: ...
extDB3: ...
extDB3: ...
extDB3: ...
extDB3: ...
extDB3: ...
extDB3: ...
extDB3: ...
extDB3: ...
extDB3: ...
extDB3: ...
extDB3: ...
extDB3: ...


[12:45:22:144120 +01:00] [Thread 2840] extDB3: SQL: Initialized: Add Quotes around TEXT Datatypes mode: 2
[12:45:22:144143 +01:00] [Thread 2840] extDB3: SQL: Initialized: NULL = ""
[12:45:22:144157 +01:00] [Thread 2840] extDB3: Locked
[12:45:22:150656 +01:00] [Thread 12900] extDB3: SQL: Error MariaDBQueryException: PROCEDURE armalife.deleteDeadVehicles does not exist
[12:45:22:150704 +01:00] [Thread 12900] extDB3: SQL: Error MariaDBQueryException: Input: CALL deleteDeadVehicles
[12:45:22:150738 +01:00] [Thread 13320] extDB3: SQL: Error MariaDBQueryException: PROCEDURE armalife.deleteOldForfait does not exist
[12:45:22:150760 +01:00] [Thread 6052] extDB3: SQL: Error MariaDBQueryException: PROCEDURE armalife.deleteOldSms does not exist
[12:45:22:150770 +01:00] [Thread 13320] extDB3: SQL: Error MariaDBQueryException: Input: CALL deleteOldForfait
[12:45:22:150800 +01:00] [Thread 6052] extDB3: SQL: Error MariaDBQueryException: Input: CALL deleteOldSms
[12:47:50:846497 +01:00] [Thread 12792] extDB3: SQL: Error MariaDBQueryException: You have an error in your SQL syntax; check the manual that corresponds to your MariaDB server version for the right syntax to use near 'action 'Animations Rapides' via le menu admin.')' at line 1
[12:47:50:846564 +01:00] [Thread 12792] extDB3: SQL: Error MariaDBQueryException: Input: INSERT INTO logs_alf (name, uid, type, text) VALUES ('Antonio Lopa', '76561198201065973', 'ADMIN', 'A utilisé l'action 'Animations Rapides' via le menu admin.')
[12:50:33:991984 +01:00] [Thread 12792] extDB3: SQL: Error MariaDBQueryException: You have an error in your SQL syntax; check the manual that corresponds to your MariaDB server version for the right syntax to use near 'entreprise numéro # 55952 pour 1125 €.')' at line 1
[12:50:33:992055 +01:00] [Thread 12792] extDB3: SQL: Error MariaDBQueryException: Input: INSERT INTO logs_alf (name, uid, type, text) VALUES ('Antonio Lopa', '76561198201065973', 'ASSURANCE', 'A assuré son véhicule d'entreprise numéro # 55952 pour 1125 €.')
