
extDB3: https://bitbucket.org/torndeco/extdb3/wiki/Home
extDB3: Version: 1.033
extDB3: Windows Version
Message: All development for extDB3 is done on a Linux Dedicated Server
Message: If you would like to Donate to extDB3 Development
Message: https://www.paypal.com/cgi-bin/webscr?cmd=_s-xclick&hosted_button_id=2SUEFTGABTAM2
Message: Also leave a message if there is any particular feature you would like to see added.
Message: Thanks for all the people that have donated.
Message: Torndeco: 18/05/15

Message: This version was modified and include some improvement
Message: The lib was recompiled using new version of TBBMalloc, Boost and MariaDB connector
Message: The worker threads limitation was removed
Message: Steez: 30/10/2020


extDB3: Found extdb3-conf.ini
extDB3: Detected 16 Cores, Setting up 6 Worker Threads
extDB3: Detected 16 Cores, Setting up 16 Worker Threads
extDB3: ...
extDB3: ...
extDB3: ...
extDB3: ...
extDB3: ...
extDB3: ...
extDB3: ...
extDB3: ...
extDB3: ...
extDB3: ...
extDB3: ...
extDB3: ...
extDB3: ...
extDB3: ...
extDB3: ...
extDB3: ...


[12:52:27:797461 +01:00] [Thread 11912] extDB3: SQL: Initialized: Add Quotes around TEXT Datatypes mode: 2
[12:52:27:797483 +01:00] [Thread 11912] extDB3: SQL: Initialized: NULL = ""
[12:52:27:797496 +01:00] [Thread 11912] extDB3: Locked
[12:52:27:803602 +01:00] [Thread 13780] extDB3: SQL: Error MariaDBQueryException: PROCEDURE armalife.deleteDeadVehicles does not exist
[12:52:27:803615 +01:00] [Thread 13780] extDB3: SQL: Error MariaDBQueryException: Input: CALL deleteDeadVehicles
[12:52:27:803633 +01:00] [Thread 10872] extDB3: SQL: Error MariaDBQueryException: PROCEDURE armalife.deleteOldForfait does not exist
[12:52:27:803646 +01:00] [Thread 10872] extDB3: SQL: Error MariaDBQueryException: Input: CALL deleteOldForfait
[12:52:27:803674 +01:00] [Thread 6904] extDB3: SQL: Error MariaDBQueryException: PROCEDURE armalife.deleteOldSms does not exist
[12:52:27:803687 +01:00] [Thread 6904] extDB3: SQL: Error MariaDBQueryException: Input: CALL deleteOldSms
[12:56:04:579933 +01:00] [Thread 6904] extDB3: SQL: Error MariaDBQueryException: You have an error in your SQL syntax; check the manual that corresponds to your MariaDB server version for the right syntax to use near 'action 'Animations Rapides' via le menu admin.')' at line 1
[12:56:04:580052 +01:00] [Thread 6904] extDB3: SQL: Error MariaDBQueryException: Input: INSERT INTO logs_alf (name, uid, type, text) VALUES ('Antonio Lopa', '76561198201065973', 'ADMIN', 'A utilisé l'action 'Animations Rapides' via le menu admin.')
[12:57:41:740017 +01:00] [Thread 6904] extDB3: SQL: Error MariaDBQueryException: You have an error in your SQL syntax; check the manual that corresponds to your MariaDB server version for the right syntax to use near 'entreprise numéro # 56135 pour 2025 €.')' at line 1
[12:57:41:740080 +01:00] [Thread 6904] extDB3: SQL: Error MariaDBQueryException: Input: INSERT INTO logs_alf (name, uid, type, text) VALUES ('Antonio Lopa', '76561198201065973', 'ASSURANCE', 'A assuré son véhicule d'entreprise numéro # 56135 pour 2025 €.')
[12:59:20:487028 +01:00] [Thread 13704] extDB3: SQL: Error MariaDBQueryException: You have an error in your SQL syntax; check the manual that corresponds to your MariaDB server version for the right syntax to use near 'est téléporté via MapTeleport en [2017.39,9983.8,0]')' at line 1
[12:59:20:487111 +01:00] [Thread 13704] extDB3: SQL: Error MariaDBQueryException: Input: INSERT INTO logs_alf (name, uid, type, text) VALUES ('Antonio Lopa', '76561198201065973', 'ADMIN', 'Antonio Lopa (76561198201065973) s'est téléporté via MapTeleport en [2017.39,9983.8,0]')
[12:59:44:008836 +01:00] [Thread 8280] extDB3: SQL: Error MariaDBQueryException: You have an error in your SQL syntax; check the manual that corresponds to your MariaDB server version for the right syntax to use near 'est téléporté via MapTeleport en [1696.4,10090.4,0]')' at line 1
[12:59:44:008916 +01:00] [Thread 8280] extDB3: SQL: Error MariaDBQueryException: Input: INSERT INTO logs_alf (name, uid, type, text) VALUES ('Antonio Lopa', '76561198201065973', 'ADMIN', 'Antonio Lopa (76561198201065973) s'est téléporté via MapTeleport en [1696.4,10090.4,0]')
[13:28:33:116127 +01:00] [Thread 13780] extDB3: SQL: Error MariaDBQueryException: You have an error in your SQL syntax; check the manual that corresponds to your MariaDB server version for the right syntax to use near 'est téléporté via MapTeleport en [5956.23,5469.02,0]')' at line 1
[13:28:33:116231 +01:00] [Thread 13780] extDB3: SQL: Error MariaDBQueryException: Input: INSERT INTO logs_alf (name, uid, type, text) VALUES ('Antonio Lopa', '76561198201065973', 'ADMIN', 'Antonio Lopa (76561198201065973) s'est téléporté via MapTeleport en [5956.23,5469.02,0]')
