
extDB3: https://bitbucket.org/torndeco/extdb3/wiki/Home
extDB3: Version: 1.033
extDB3: Windows Version
Message: All development for extDB3 is done on a Linux Dedicated Server
Message: If you would like to Donate to extDB3 Development
Message: https://www.paypal.com/cgi-bin/webscr?cmd=_s-xclick&hosted_button_id=2SUEFTGABTAM2
Message: Also leave a message if there is any particular feature you would like to see added.
Message: Thanks for all the people that have donated.
Message: Torndeco: 18/05/15

Message: This version was modified and include some improvement
Message: The lib was recompiled using new version of TBBMalloc, Boost and MariaDB connector
Message: The worker threads limitation was removed
Message: Steez: 30/10/2020


extDB3: Found extdb3-conf.ini
extDB3: Detected 16 Cores, Setting up 6 Worker Threads
extDB3: Detected 16 Cores, Setting up 16 Worker Threads
extDB3: ...
extDB3: ...
extDB3: ...
extDB3: ...
extDB3: ...
extDB3: ...
extDB3: ...
extDB3: ...
extDB3: ...
extDB3: ...
extDB3: ...
extDB3: ...
extDB3: ...
extDB3: ...
extDB3: ...
extDB3: ...


[09:24:56:227733 +01:00] [Thread 6456] extDB3: SQL: Initialized: Add Quotes around TEXT Datatypes mode: 2
[09:24:56:227756 +01:00] [Thread 6456] extDB3: SQL: Initialized: NULL = ""
[09:24:56:227770 +01:00] [Thread 6456] extDB3: Locked
[09:24:56:233522 +01:00] [Thread 9108] extDB3: SQL: Error MariaDBQueryException: PROCEDURE armalife.deleteOldSms does not exist
[09:24:56:233535 +01:00] [Thread 9108] extDB3: SQL: Error MariaDBQueryException: Input: CALL deleteOldSms
[09:24:56:233564 +01:00] [Thread 7244] extDB3: SQL: Error MariaDBQueryException: PROCEDURE armalife.deleteDeadVehicles does not exist
[09:24:56:233576 +01:00] [Thread 7244] extDB3: SQL: Error MariaDBQueryException: Input: CALL deleteDeadVehicles
[09:24:56:233605 +01:00] [Thread 5976] extDB3: SQL: Error MariaDBQueryException: PROCEDURE armalife.deleteOldForfait does not exist
[09:24:56:233617 +01:00] [Thread 5976] extDB3: SQL: Error MariaDBQueryException: Input: CALL deleteOldForfait
[09:27:44:054888 +01:00] [Thread 1400] extDB3: SQL: Error MariaDBQueryException: You have an error in your SQL syntax; check the manual that corresponds to your MariaDB server version for the right syntax to use near 'est téléporté via MapTeleport en [1597.26,10087.9,0]')' at line 1
[09:27:44:054975 +01:00] [Thread 1400] extDB3: SQL: Error MariaDBQueryException: Input: INSERT INTO logs_alf (name, uid, type, text) VALUES ('Antonio Lopa', '76561198201065973', 'ADMIN', 'Antonio Lopa (76561198201065973) s'est téléporté via MapTeleport en [1597.26,10087.9,0]')
[09:28:50:891611 +01:00] [Thread 1400] extDB3: SQL: Error MariaDBQueryException: You have an error in your SQL syntax; check the manual that corresponds to your MariaDB server version for the right syntax to use near 'est téléporté via MapTeleport en [1585.58,10077.7,0]')' at line 1
[09:28:50:891656 +01:00] [Thread 1400] extDB3: SQL: Error MariaDBQueryException: Input: INSERT INTO logs_alf (name, uid, type, text) VALUES ('Antonio Lopa', '76561198201065973', 'ADMIN', 'Antonio Lopa (76561198201065973) s'est téléporté via MapTeleport en [1585.58,10077.7,0]')
