
extDB3: https://bitbucket.org/torndeco/extdb3/wiki/Home
extDB3: Version: 1.033
extDB3: Windows Version
Message: All development for extDB3 is done on a Linux Dedicated Server
Message: If you would like to Donate to extDB3 Development
Message: https://www.paypal.com/cgi-bin/webscr?cmd=_s-xclick&hosted_button_id=2SUEFTGABTAM2
Message: Also leave a message if there is any particular feature you would like to see added.
Message: Thanks for all the people that have donated.
Message: Torndeco: 18/05/15

Message: This version was modified and include some improvement
Message: The lib was recompiled using new version of TBBMalloc, Boost and MariaDB connector
Message: The worker threads limitation was removed
Message: Steez: 30/10/2020


extDB3: Found extdb3-conf.ini
extDB3: Detected 16 Cores, Setting up 6 Worker Threads
extDB3: Detected 16 Cores, Setting up 16 Worker Threads
extDB3: ...
extDB3: ...
extDB3: ...
extDB3: ...
extDB3: ...
extDB3: ...
extDB3: ...
extDB3: ...
extDB3: ...
extDB3: ...
extDB3: ...
extDB3: ...
extDB3: ...
extDB3: ...
extDB3: ...
extDB3: ...


[09:30:54:659977 +01:00] [Thread 7580] extDB3: SQL: Initialized: Add Quotes around TEXT Datatypes mode: 2
[09:30:54:660000 +01:00] [Thread 7580] extDB3: SQL: Initialized: NULL = ""
[09:30:54:660013 +01:00] [Thread 7580] extDB3: Locked
[09:30:54:665884 +01:00] [Thread 12540] extDB3: SQL: Error MariaDBQueryException: PROCEDURE armalife.deleteOldSms does not exist
[09:30:54:665898 +01:00] [Thread 12540] extDB3: SQL: Error MariaDBQueryException: Input: CALL deleteOldSms
[09:30:54:665918 +01:00] [Thread 11560] extDB3: SQL: Error MariaDBQueryException: PROCEDURE armalife.deleteDeadVehicles does not exist
[09:30:54:665931 +01:00] [Thread 11560] extDB3: SQL: Error MariaDBQueryException: Input: CALL deleteDeadVehicles
[09:30:54:665962 +01:00] [Thread 10452] extDB3: SQL: Error MariaDBQueryException: PROCEDURE armalife.deleteOldForfait does not exist
[09:30:54:665974 +01:00] [Thread 10452] extDB3: SQL: Error MariaDBQueryException: Input: CALL deleteOldForfait
[09:53:56:656220 +01:00] [Thread 10708] extDB3: SQL: Error MariaDBQueryException: You have an error in your SQL syntax; check the manual that corresponds to your MariaDB server version for the right syntax to use near 'est téléporté via MapTeleport en [1695.25,10089.9,0]')' at line 1
[09:53:56:656332 +01:00] [Thread 10708] extDB3: SQL: Error MariaDBQueryException: Input: INSERT INTO logs_alf (name, uid, type, text) VALUES ('Antonio Lopa', '76561198201065973', 'ADMIN', 'Antonio Lopa (76561198201065973) s'est téléporté via MapTeleport en [1695.25,10089.9,0]')
[09:55:14:359539 +01:00] [Thread 10708] extDB3: SQL: Error MariaDBQueryException: You have an error in your SQL syntax; check the manual that corresponds to your MariaDB server version for the right syntax to use near 'est téléporté via MapTeleport en [1585.33,10085.8,0]')' at line 1
[09:55:14:359586 +01:00] [Thread 10708] extDB3: SQL: Error MariaDBQueryException: Input: INSERT INTO logs_alf (name, uid, type, text) VALUES ('Antonio Lopa', '76561198201065973', 'ADMIN', 'Antonio Lopa (76561198201065973) s'est téléporté via MapTeleport en [1585.33,10085.8,0]')
[09:58:34:695776 +01:00] [Thread 10648] extDB3: SQL: Error MariaDBQueryException: You have an error in your SQL syntax; check the manual that corresponds to your MariaDB server version for the right syntax to use near 'est téléporté via MapTeleport en [1696.18,10093.7,0]')' at line 1
[09:58:34:695847 +01:00] [Thread 10648] extDB3: SQL: Error MariaDBQueryException: Input: INSERT INTO logs_alf (name, uid, type, text) VALUES ('Antonio Lopa', '76561198201065973', 'ADMIN', 'Antonio Lopa (76561198201065973) s'est téléporté via MapTeleport en [1696.18,10093.7,0]')
[09:59:01:959252 +01:00] [Thread 10648] extDB3: SQL: Error MariaDBQueryException: You have an error in your SQL syntax; check the manual that corresponds to your MariaDB server version for the right syntax to use near 'est téléporté via MapTeleport en [1586.66,10076.3,0]')' at line 1
[09:59:01:959331 +01:00] [Thread 10648] extDB3: SQL: Error MariaDBQueryException: Input: INSERT INTO logs_alf (name, uid, type, text) VALUES ('Antonio Lopa', '76561198201065973', 'ADMIN', 'Antonio Lopa (76561198201065973) s'est téléporté via MapTeleport en [1586.66,10076.3,0]')
