
extDB3: https://bitbucket.org/torndeco/extdb3/wiki/Home
extDB3: Version: 1.033
extDB3: Windows Version
Message: All development for extDB3 is done on a Linux Dedicated Server
Message: If you would like to Donate to extDB3 Development
Message: https://www.paypal.com/cgi-bin/webscr?cmd=_s-xclick&hosted_button_id=2SUEFTGABTAM2
Message: Also leave a message if there is any particular feature you would like to see added.
Message: Thanks for all the people that have donated.
Message: Torndeco: 18/05/15

Message: This version was modified and include some improvement
Message: The lib was recompiled using new version of TBBMalloc, Boost and MariaDB connector
Message: The worker threads limitation was removed
Message: Steez: 30/10/2020


extDB3: Found extdb3-conf.ini
extDB3: Detected 16 Cores, Setting up 6 Worker Threads
extDB3: Detected 16 Cores, Setting up 16 Worker Threads
extDB3: ...
extDB3: ...
extDB3: ...
extDB3: ...
extDB3: ...
extDB3: ...
extDB3: ...
extDB3: ...
extDB3: ...
extDB3: ...
extDB3: ...
extDB3: ...
extDB3: ...
extDB3: ...
extDB3: ...
extDB3: ...


[15:29:48:172918 +01:00] [Thread 18148] extDB3: SQL: Initialized: Add Quotes around TEXT Datatypes mode: 2
[15:29:48:172941 +01:00] [Thread 18148] extDB3: SQL: Initialized: NULL = ""
[15:29:48:172956 +01:00] [Thread 18148] extDB3: Locked
[15:29:48:179452 +01:00] [Thread 14888] extDB3: SQL: Error MariaDBQueryException: PROCEDURE armalife.deleteDeadVehicles does not exist
[15:29:48:179472 +01:00] [Thread 14888] extDB3: SQL: Error MariaDBQueryException: Input: CALL deleteDeadVehicles
[15:29:48:179527 +01:00] [Thread 17556] extDB3: SQL: Error MariaDBQueryException: PROCEDURE armalife.deleteOldSms does not exist
[15:29:48:179550 +01:00] [Thread 14560] extDB3: SQL: Error MariaDBQueryException: PROCEDURE armalife.deleteOldForfait does not exist
[15:29:48:179559 +01:00] [Thread 17556] extDB3: SQL: Error MariaDBQueryException: Input: CALL deleteOldSms
[15:29:48:179573 +01:00] [Thread 14560] extDB3: SQL: Error MariaDBQueryException: Input: CALL deleteOldForfait
[15:29:48:351590 +01:00] [Thread 17616] extDB3: SQL: Error MariaDBQueryException: Unknown column 'alarm_gendarmerie' in 'field list'
[15:29:48:351612 +01:00] [Thread 17616] extDB3: SQL: Error MariaDBQueryException: Input: SELECT id, pid, pos, sonnette, classname, alarm_gendarmerie FROM houses LIMIT 0,10
[15:32:19:847451 +01:00] [Thread 17616] extDB3: SQL: Error MariaDBQueryException: You have an error in your SQL syntax; check the manual that corresponds to your MariaDB server version for the right syntax to use near 'est téléporté via MapTeleport en [4050.44,4461.61,0]')' at line 1
[15:32:19:847534 +01:00] [Thread 17616] extDB3: SQL: Error MariaDBQueryException: Input: INSERT INTO logs_alf (name, uid, type, text) VALUES ('Antonio Lopa', '76561198201065973', 'ADMIN', 'Antonio Lopa (76561198201065973) s'est téléporté via MapTeleport en [4050.44,4461.61,0]')
