
extDB3: https://bitbucket.org/torndeco/extdb3/wiki/Home
extDB3: Version: 1.033
extDB3: Windows Version
Message: All development for extDB3 is done on a Linux Dedicated Server
Message: If you would like to Donate to extDB3 Development
Message: https://www.paypal.com/cgi-bin/webscr?cmd=_s-xclick&hosted_button_id=2SUEFTGABTAM2
Message: Also leave a message if there is any particular feature you would like to see added.
Message: Thanks for all the people that have donated.
Message: Torndeco: 18/05/15

Message: This version was modified and include some improvement
Message: The lib was recompiled using new version of TBBMalloc, Boost and MariaDB connector
Message: The worker threads limitation was removed
Message: Steez: 30/10/2020


extDB3: Found extdb3-conf.ini
extDB3: Detected 16 Cores, Setting up 6 Worker Threads
extDB3: Detected 16 Cores, Setting up 16 Worker Threads
extDB3: ...
extDB3: ...
extDB3: ...
extDB3: ...
extDB3: ...
extDB3: ...
extDB3: ...
extDB3: ...
extDB3: ...
extDB3: ...
extDB3: ...
extDB3: ...
extDB3: ...
extDB3: ...
extDB3: ...
extDB3: ...


[15:36:31:845480 +01:00] [Thread 17544] extDB3: SQL: Initialized: Add Quotes around TEXT Datatypes mode: 2
[15:36:31:845502 +01:00] [Thread 17544] extDB3: SQL: Initialized: NULL = ""
[15:36:31:845517 +01:00] [Thread 17544] extDB3: Locked
[15:36:31:851715 +01:00] [Thread 4952] extDB3: SQL: Error MariaDBQueryException: PROCEDURE armalife.deleteDeadVehicles does not exist
[15:36:31:851730 +01:00] [Thread 4952] extDB3: SQL: Error MariaDBQueryException: Input: CALL deleteDeadVehicles
[15:36:31:851769 +01:00] [Thread 10676] extDB3: SQL: Error MariaDBQueryException: PROCEDURE armalife.deleteOldForfait does not exist
[15:36:31:851775 +01:00] [Thread 16952] extDB3: SQL: Error MariaDBQueryException: PROCEDURE armalife.deleteOldSms does not exist
[15:36:31:851781 +01:00] [Thread 10676] extDB3: SQL: Error MariaDBQueryException: Input: CALL deleteOldForfait
[15:36:31:851792 +01:00] [Thread 16952] extDB3: SQL: Error MariaDBQueryException: Input: CALL deleteOldSms
[15:36:32:034663 +01:00] [Thread 15912] extDB3: SQL: Error MariaDBQueryException: Unknown column 'alarm_gendarmerie' in 'field list'
[15:36:32:034686 +01:00] [Thread 15912] extDB3: SQL: Error MariaDBQueryException: Input: SELECT id, pid, pos, sonnette, classname, alarm_gendarmerie FROM houses LIMIT 0,10
[15:38:55:156428 +01:00] [Thread 15912] extDB3: SQL: Error MariaDBQueryException: You have an error in your SQL syntax; check the manual that corresponds to your MariaDB server version for the right syntax to use near 'est téléporté via MapTeleport en [4048.17,4462.79,0]')' at line 1
[15:38:55:156527 +01:00] [Thread 15912] extDB3: SQL: Error MariaDBQueryException: Input: INSERT INTO logs_alf (name, uid, type, text) VALUES ('Antonio Lopa', '76561198201065973', 'ADMIN', 'Antonio Lopa (76561198201065973) s'est téléporté via MapTeleport en [4048.17,4462.79,0]')
