
extDB3: https://bitbucket.org/torndeco/extdb3/wiki/Home
extDB3: Version: 1.033
extDB3: Windows Version
Message: All development for extDB3 is done on a Linux Dedicated Server
Message: If you would like to Donate to extDB3 Development
Message: https://www.paypal.com/cgi-bin/webscr?cmd=_s-xclick&hosted_button_id=2SUEFTGABTAM2
Message: Also leave a message if there is any particular feature you would like to see added.
Message: Thanks for all the people that have donated.
Message: Torndeco: 18/05/15

Message: This version was modified and include some improvement
Message: The lib was recompiled using new version of TBBMalloc, Boost and MariaDB connector
Message: The worker threads limitation was removed
Message: Steez: 30/10/2020


extDB3: Found extdb3-conf.ini
extDB3: Detected 16 Cores, Setting up 6 Worker Threads
extDB3: Detected 16 Cores, Setting up 16 Worker Threads
extDB3: ...
extDB3: ...
extDB3: ...
extDB3: ...
extDB3: ...
extDB3: ...
extDB3: ...
extDB3: ...
extDB3: ...
extDB3: ...
extDB3: ...
extDB3: ...
extDB3: ...
extDB3: ...
extDB3: ...
extDB3: ...


[14:01:35:671520 +01:00] [Thread 2512] extDB3: SQL: Initialized: Add Quotes around TEXT Datatypes mode: 2
[14:01:35:671542 +01:00] [Thread 2512] extDB3: SQL: Initialized: NULL = ""
[14:01:35:671553 +01:00] [Thread 2512] extDB3: Locked
[14:01:35:679309 +01:00] [Thread 7512] extDB3: SQL: Error MariaDBQueryException: PROCEDURE altislife.resetLifeVehicles does not exist
[14:01:35:679322 +01:00] [Thread 7512] extDB3: SQL: Error MariaDBQueryException: Input: CALL resetLifeVehicles
[14:01:35:679346 +01:00] [Thread 5984] extDB3: SQL: Error MariaDBQueryException: PROCEDURE altislife.deleteDeadVehicles does not exist
[14:01:35:679378 +01:00] [Thread 5984] extDB3: SQL: Error MariaDBQueryException: Input: CALL deleteDeadVehicles
[14:01:35:679407 +01:00] [Thread 1840] extDB3: SQL: Error MariaDBQueryException: PROCEDURE altislife.Point_Permis does not exist
[14:01:35:679411 +01:00] [Thread 6620] extDB3: SQL: Error MariaDBQueryException: PROCEDURE altislife.deleteOldGangs does not exist
[14:01:35:679421 +01:00] [Thread 5924] extDB3: SQL: Error MariaDBQueryException: PROCEDURE altislife.deleteOldHouses does not exist
[14:01:35:679439 +01:00] [Thread 5924] extDB3: SQL: Error MariaDBQueryException: Input: CALL deleteOldHouses
[14:01:35:679428 +01:00] [Thread 6620] extDB3: SQL: Error MariaDBQueryException: Input: CALL deleteOldGangs
[14:01:35:679417 +01:00] [Thread 1840] extDB3: SQL: Error MariaDBQueryException: Input: CALL Point_Permis
[15:01:36:393449 +01:00] [Thread 6364] extDB3: SQL: Error MariaDBQueryException: PROCEDURE altislife.braceletTimeUpdate does not exist
[15:01:36:393573 +01:00] [Thread 6364] extDB3: SQL: Error MariaDBQueryException: Input: CALL braceletTimeUpdate
[16:01:36:460713 +01:00] [Thread 6592] extDB3: SQL: Error MariaDBQueryException: PROCEDURE altislife.braceletTimeUpdate does not exist
[16:01:36:460882 +01:00] [Thread 6592] extDB3: SQL: Error MariaDBQueryException: Input: CALL braceletTimeUpdate
[17:01:36:522825 +01:00] [Thread 1840] extDB3: SQL: Error MariaDBQueryException: PROCEDURE altislife.braceletTimeUpdate does not exist
[17:01:36:522980 +01:00] [Thread 1840] extDB3: SQL: Error MariaDBQueryException: Input: CALL braceletTimeUpdate
[18:01:36:605023 +01:00] [Thread 1840] extDB3: SQL: Error MariaDBQueryException: PROCEDURE altislife.braceletTimeUpdate does not exist
[18:01:36:605187 +01:00] [Thread 1840] extDB3: SQL: Error MariaDBQueryException: Input: CALL braceletTimeUpdate
[19:01:36:684265 +01:00] [Thread 6364] extDB3: SQL: Error MariaDBQueryException: PROCEDURE altislife.braceletTimeUpdate does not exist
[19:01:36:684434 +01:00] [Thread 6364] extDB3: SQL: Error MariaDBQueryException: Input: CALL braceletTimeUpdate
[20:01:36:757970 +01:00] [Thread 6612] extDB3: SQL: Error MariaDBQueryException: PROCEDURE altislife.braceletTimeUpdate does not exist
[20:01:36:758121 +01:00] [Thread 6612] extDB3: SQL: Error MariaDBQueryException: Input: CALL braceletTimeUpdate
[21:01:36:831595 +01:00] [Thread 832] extDB3: SQL: Error MariaDBQueryException: PROCEDURE altislife.braceletTimeUpdate does not exist
[21:01:36:831716 +01:00] [Thread 832] extDB3: SQL: Error MariaDBQueryException: Input: CALL braceletTimeUpdate
[22:01:36:914535 +01:00] [Thread 7436] extDB3: SQL: Error MariaDBQueryException: PROCEDURE altislife.braceletTimeUpdate does not exist
[22:01:36:914677 +01:00] [Thread 7436] extDB3: SQL: Error MariaDBQueryException: Input: CALL braceletTimeUpdate
[23:01:36:996721 +01:00] [Thread 5984] extDB3: SQL: Error MariaDBQueryException: PROCEDURE altislife.braceletTimeUpdate does not exist
[23:01:36:996855 +01:00] [Thread 5984] extDB3: SQL: Error MariaDBQueryException: Input: CALL braceletTimeUpdate
[00:01:37:080386 +01:00] [Thread 1748] extDB3: SQL: Error MariaDBQueryException: PROCEDURE altislife.braceletTimeUpdate does not exist
[00:01:37:080514 +01:00] [Thread 1748] extDB3: SQL: Error MariaDBQueryException: Input: CALL braceletTimeUpdate
[01:01:37:145480 +01:00] [Thread 6248] extDB3: SQL: Error MariaDBQueryException: PROCEDURE altislife.braceletTimeUpdate does not exist
[01:01:37:145569 +01:00] [Thread 6248] extDB3: SQL: Error MariaDBQueryException: Input: CALL braceletTimeUpdate
[02:01:37:219115 +01:00] [Thread 6248] extDB3: SQL: Error MariaDBQueryException: PROCEDURE altislife.braceletTimeUpdate does not exist
[02:01:37:219245 +01:00] [Thread 6248] extDB3: SQL: Error MariaDBQueryException: Input: CALL braceletTimeUpdate
[03:01:37:297451 +01:00] [Thread 1840] extDB3: SQL: Error MariaDBQueryException: PROCEDURE altislife.braceletTimeUpdate does not exist
[03:01:37:297565 +01:00] [Thread 1840] extDB3: SQL: Error MariaDBQueryException: Input: CALL braceletTimeUpdate
[04:01:37:368735 +01:00] [Thread 7512] extDB3: SQL: Error MariaDBQueryException: PROCEDURE altislife.braceletTimeUpdate does not exist
[04:01:37:368847 +01:00] [Thread 7512] extDB3: SQL: Error MariaDBQueryException: Input: CALL braceletTimeUpdate
[05:01:37:440501 +01:00] [Thread 2808] extDB3: SQL: Error MariaDBQueryException: PROCEDURE altislife.braceletTimeUpdate does not exist
[05:01:37:440636 +01:00] [Thread 2808] extDB3: SQL: Error MariaDBQueryException: Input: CALL braceletTimeUpdate
[06:01:37:527598 +01:00] [Thread 7436] extDB3: SQL: Error MariaDBQueryException: PROCEDURE altislife.braceletTimeUpdate does not exist
[06:01:37:527720 +01:00] [Thread 7436] extDB3: SQL: Error MariaDBQueryException: Input: CALL braceletTimeUpdate
[07:01:37:593353 +01:00] [Thread 5924] extDB3: SQL: Error MariaDBQueryException: PROCEDURE altislife.braceletTimeUpdate does not exist
[07:01:37:593487 +01:00] [Thread 5924] extDB3: SQL: Error MariaDBQueryException: Input: CALL braceletTimeUpdate
[08:01:37:673927 +01:00] [Thread 1748] extDB3: SQL: Error MariaDBQueryException: PROCEDURE altislife.braceletTimeUpdate does not exist
[08:01:37:674048 +01:00] [Thread 1748] extDB3: SQL: Error MariaDBQueryException: Input: CALL braceletTimeUpdate
[09:01:37:748324 +01:00] [Thread 2120] extDB3: SQL: Error MariaDBQueryException: PROCEDURE altislife.braceletTimeUpdate does not exist
[09:01:37:748445 +01:00] [Thread 2120] extDB3: SQL: Error MariaDBQueryException: Input: CALL braceletTimeUpdate
[10:01:37:809312 +01:00] [Thread 7436] extDB3: SQL: Error MariaDBQueryException: PROCEDURE altislife.braceletTimeUpdate does not exist
[10:01:37:809423 +01:00] [Thread 7436] extDB3: SQL: Error MariaDBQueryException: Input: CALL braceletTimeUpdate
[11:01:37:873588 +01:00] [Thread 6620] extDB3: SQL: Error MariaDBQueryException: PROCEDURE altislife.braceletTimeUpdate does not exist
[11:01:37:873707 +01:00] [Thread 6620] extDB3: SQL: Error MariaDBQueryException: Input: CALL braceletTimeUpdate
[12:01:37:946170 +01:00] [Thread 5924] extDB3: SQL: Error MariaDBQueryException: PROCEDURE altislife.braceletTimeUpdate does not exist
[12:01:37:946259 +01:00] [Thread 5924] extDB3: SQL: Error MariaDBQueryException: Input: CALL braceletTimeUpdate
[13:01:38:029694 +01:00] [Thread 5288] extDB3: SQL: Error MariaDBQueryException: PROCEDURE altislife.braceletTimeUpdate does not exist
[13:01:38:029826 +01:00] [Thread 5288] extDB3: SQL: Error MariaDBQueryException: Input: CALL braceletTimeUpdate
