
extDB3: https://bitbucket.org/torndeco/extdb3/wiki/Home
extDB3: Version: 1.033
extDB3: Windows Version
Message: All development for extDB3 is done on a Linux Dedicated Server
Message: If you would like to Donate to extDB3 Development
Message: https://www.paypal.com/cgi-bin/webscr?cmd=_s-xclick&hosted_button_id=2SUEFTGABTAM2
Message: Also leave a message if there is any particular feature you would like to see added.
Message: Thanks for all the people that have donated.
Message: Torndeco: 18/05/15

Message: This version was modified and include some improvement
Message: The lib was recompiled using new version of TBBMalloc, Boost and MariaDB connector
Message: The worker threads limitation was removed
Message: Steez: 30/10/2020


extDB3: Found extdb3-conf.ini
extDB3: Detected 16 Cores, Setting up 6 Worker Threads
extDB3: Detected 16 Cores, Setting up 16 Worker Threads
extDB3: ...
extDB3: ...
extDB3: ...
extDB3: ...
extDB3: ...
extDB3: ...
extDB3: ...
extDB3: ...
extDB3: ...
extDB3: ...
extDB3: ...
extDB3: ...
extDB3: ...
extDB3: ...
extDB3: ...
extDB3: ...


[14:01:34:602412 +02:00] [Thread 2396] extDB3: SQL: Initialized: Add Quotes around TEXT Datatypes mode: 2
[14:01:34:602433 +02:00] [Thread 2396] extDB3: SQL: Initialized: NULL = ""
[14:01:34:602444 +02:00] [Thread 2396] extDB3: Locked
[14:01:34:609715 +02:00] [Thread 6540] extDB3: SQL: Error MariaDBQueryException: PROCEDURE altislife.resetLifeVehicles does not exist
[14:01:34:609728 +02:00] [Thread 6540] extDB3: SQL: Error MariaDBQueryException: Input: CALL resetLifeVehicles
[14:01:34:609752 +02:00] [Thread 1808] extDB3: SQL: Error MariaDBQueryException: PROCEDURE altislife.deleteDeadVehicles does not exist
[14:01:34:609763 +02:00] [Thread 1808] extDB3: SQL: Error MariaDBQueryException: Input: CALL deleteDeadVehicles
[14:01:34:609774 +02:00] [Thread 2516] extDB3: SQL: Error MariaDBQueryException: PROCEDURE altislife.deleteOldGangs does not exist
[14:01:34:609778 +02:00] [Thread 2456] extDB3: SQL: Error MariaDBQueryException: PROCEDURE altislife.Point_Permis does not exist
[14:01:34:609786 +02:00] [Thread 2516] extDB3: SQL: Error MariaDBQueryException: Input: CALL deleteOldGangs
[14:01:34:609791 +02:00] [Thread 2456] extDB3: SQL: Error MariaDBQueryException: Input: CALL Point_Permis
[14:01:34:609791 +02:00] [Thread 7720] extDB3: SQL: Error MariaDBQueryException: PROCEDURE altislife.deleteOldHouses does not exist
[14:01:34:609810 +02:00] [Thread 7720] extDB3: SQL: Error MariaDBQueryException: Input: CALL deleteOldHouses
[15:01:35:296877 +02:00] [Thread 5748] extDB3: SQL: Error MariaDBQueryException: PROCEDURE altislife.braceletTimeUpdate does not exist
[15:01:35:297021 +02:00] [Thread 5748] extDB3: SQL: Error MariaDBQueryException: Input: CALL braceletTimeUpdate
[16:01:35:363656 +02:00] [Thread 3792] extDB3: SQL: Error MariaDBQueryException: PROCEDURE altislife.braceletTimeUpdate does not exist
[16:01:35:363753 +02:00] [Thread 3792] extDB3: SQL: Error MariaDBQueryException: Input: CALL braceletTimeUpdate
[17:01:35:439730 +02:00] [Thread 2456] extDB3: SQL: Error MariaDBQueryException: PROCEDURE altislife.braceletTimeUpdate does not exist
[17:01:35:439866 +02:00] [Thread 2456] extDB3: SQL: Error MariaDBQueryException: Input: CALL braceletTimeUpdate
[18:01:35:513920 +02:00] [Thread 5748] extDB3: SQL: Error MariaDBQueryException: PROCEDURE altislife.braceletTimeUpdate does not exist
[18:01:35:514112 +02:00] [Thread 5748] extDB3: SQL: Error MariaDBQueryException: Input: CALL braceletTimeUpdate
[19:01:35:579864 +02:00] [Thread 3792] extDB3: SQL: Error MariaDBQueryException: PROCEDURE altislife.braceletTimeUpdate does not exist
[19:01:35:580019 +02:00] [Thread 3792] extDB3: SQL: Error MariaDBQueryException: Input: CALL braceletTimeUpdate
[20:01:35:648348 +02:00] [Thread 3792] extDB3: SQL: Error MariaDBQueryException: PROCEDURE altislife.braceletTimeUpdate does not exist
[20:01:35:648492 +02:00] [Thread 3792] extDB3: SQL: Error MariaDBQueryException: Input: CALL braceletTimeUpdate
[21:01:35:722942 +02:00] [Thread 3792] extDB3: SQL: Error MariaDBQueryException: PROCEDURE altislife.braceletTimeUpdate does not exist
[21:01:35:723154 +02:00] [Thread 3792] extDB3: SQL: Error MariaDBQueryException: Input: CALL braceletTimeUpdate
[22:01:35:785878 +02:00] [Thread 2852] extDB3: SQL: Error MariaDBQueryException: PROCEDURE altislife.braceletTimeUpdate does not exist
[22:01:35:785969 +02:00] [Thread 2852] extDB3: SQL: Error MariaDBQueryException: Input: CALL braceletTimeUpdate
[23:01:35:853789 +02:00] [Thread 5380] extDB3: SQL: Error MariaDBQueryException: PROCEDURE altislife.braceletTimeUpdate does not exist
[23:01:35:853951 +02:00] [Thread 5380] extDB3: SQL: Error MariaDBQueryException: Input: CALL braceletTimeUpdate
[00:01:35:922784 +02:00] [Thread 1808] extDB3: SQL: Error MariaDBQueryException: PROCEDURE altislife.braceletTimeUpdate does not exist
[00:01:35:922926 +02:00] [Thread 1808] extDB3: SQL: Error MariaDBQueryException: Input: CALL braceletTimeUpdate
[01:01:35:999527 +02:00] [Thread 7244] extDB3: SQL: Error MariaDBQueryException: PROCEDURE altislife.braceletTimeUpdate does not exist
[01:01:35:999663 +02:00] [Thread 7244] extDB3: SQL: Error MariaDBQueryException: Input: CALL braceletTimeUpdate
[02:01:36:084276 +02:00] [Thread 2804] extDB3: SQL: Error MariaDBQueryException: PROCEDURE altislife.braceletTimeUpdate does not exist
[02:01:36:084435 +02:00] [Thread 2804] extDB3: SQL: Error MariaDBQueryException: Input: CALL braceletTimeUpdate
[03:01:36:144863 +02:00] [Thread 2172] extDB3: SQL: Error MariaDBQueryException: PROCEDURE altislife.braceletTimeUpdate does not exist
[03:01:36:145002 +02:00] [Thread 2172] extDB3: SQL: Error MariaDBQueryException: Input: CALL braceletTimeUpdate
[04:01:36:228438 +02:00] [Thread 5380] extDB3: SQL: Error MariaDBQueryException: PROCEDURE altislife.braceletTimeUpdate does not exist
[04:01:36:228578 +02:00] [Thread 5380] extDB3: SQL: Error MariaDBQueryException: Input: CALL braceletTimeUpdate
[05:01:36:294186 +02:00] [Thread 5288] extDB3: SQL: Error MariaDBQueryException: PROCEDURE altislife.braceletTimeUpdate does not exist
[05:01:36:294332 +02:00] [Thread 5288] extDB3: SQL: Error MariaDBQueryException: Input: CALL braceletTimeUpdate
[06:01:36:357670 +02:00] [Thread 2172] extDB3: SQL: Error MariaDBQueryException: PROCEDURE altislife.braceletTimeUpdate does not exist
[06:01:36:357812 +02:00] [Thread 2172] extDB3: SQL: Error MariaDBQueryException: Input: CALL braceletTimeUpdate
[07:01:36:422804 +02:00] [Thread 5500] extDB3: SQL: Error MariaDBQueryException: PROCEDURE altislife.braceletTimeUpdate does not exist
[07:01:36:422943 +02:00] [Thread 5500] extDB3: SQL: Error MariaDBQueryException: Input: CALL braceletTimeUpdate
[08:01:36:497857 +02:00] [Thread 6540] extDB3: SQL: Error MariaDBQueryException: PROCEDURE altislife.braceletTimeUpdate does not exist
[08:01:36:497952 +02:00] [Thread 6540] extDB3: SQL: Error MariaDBQueryException: Input: CALL braceletTimeUpdate
[09:01:36:572924 +02:00] [Thread 5288] extDB3: SQL: Error MariaDBQueryException: PROCEDURE altislife.braceletTimeUpdate does not exist
[09:01:36:573038 +02:00] [Thread 5288] extDB3: SQL: Error MariaDBQueryException: Input: CALL braceletTimeUpdate
[10:01:36:650642 +02:00] [Thread 3792] extDB3: SQL: Error MariaDBQueryException: PROCEDURE altislife.braceletTimeUpdate does not exist
[10:01:36:650797 +02:00] [Thread 3792] extDB3: SQL: Error MariaDBQueryException: Input: CALL braceletTimeUpdate
[11:01:36:732946 +02:00] [Thread 7000] extDB3: SQL: Error MariaDBQueryException: PROCEDURE altislife.braceletTimeUpdate does not exist
[11:01:36:733079 +02:00] [Thread 7000] extDB3: SQL: Error MariaDBQueryException: Input: CALL braceletTimeUpdate
[12:01:36:816370 +02:00] [Thread 7000] extDB3: SQL: Error MariaDBQueryException: PROCEDURE altislife.braceletTimeUpdate does not exist
[12:01:36:816471 +02:00] [Thread 7000] extDB3: SQL: Error MariaDBQueryException: Input: CALL braceletTimeUpdate
[13:01:36:895295 +02:00] [Thread 2804] extDB3: SQL: Error MariaDBQueryException: PROCEDURE altislife.braceletTimeUpdate does not exist
[13:01:36:895413 +02:00] [Thread 2804] extDB3: SQL: Error MariaDBQueryException: Input: CALL braceletTimeUpdate
