
extDB3: https://bitbucket.org/torndeco/extdb3/wiki/Home
extDB3: Version: 1.033
extDB3: Windows Version
Message: All development for extDB3 is done on a Linux Dedicated Server
Message: If you would like to Donate to extDB3 Development
Message: https://www.paypal.com/cgi-bin/webscr?cmd=_s-xclick&hosted_button_id=2SUEFTGABTAM2
Message: Also leave a message if there is any particular feature you would like to see added.
Message: Thanks for all the people that have donated.
Message: Torndeco: 18/05/15

Message: This version was modified and include some improvement
Message: The lib was recompiled using new version of TBBMalloc, Boost and MariaDB connector
Message: The worker threads limitation was removed
Message: Steez: 30/10/2020


extDB3: Found extdb3-conf.ini
extDB3: Detected 16 Cores, Setting up 6 Worker Threads
extDB3: Detected 16 Cores, Setting up 16 Worker Threads
extDB3: ...
extDB3: ...
extDB3: ...
extDB3: ...
extDB3: ...
extDB3: ...
extDB3: ...
extDB3: ...
extDB3: ...
extDB3: ...
extDB3: ...
extDB3: ...
extDB3: ...
extDB3: ...
extDB3: ...
extDB3: ...


[15:19:53:268895 +01:00] [Thread 9524] extDB3: SQL: Initialized: Add Quotes around TEXT Datatypes mode: 2
[15:19:53:268916 +01:00] [Thread 9524] extDB3: SQL: Initialized: NULL = ""
[15:19:53:268930 +01:00] [Thread 9524] extDB3: Locked
[15:19:53:275374 +01:00] [Thread 6808] extDB3: SQL: Error MariaDBQueryException: PROCEDURE armalife.deleteDeadVehicles does not exist
[15:19:53:275407 +01:00] [Thread 6808] extDB3: SQL: Error MariaDBQueryException: Input: CALL deleteDeadVehicles
[15:19:53:275427 +01:00] [Thread 6888] extDB3: SQL: Error MariaDBQueryException: PROCEDURE armalife.deleteOldSms does not exist
[15:19:53:275462 +01:00] [Thread 6888] extDB3: SQL: Error MariaDBQueryException: Input: CALL deleteOldSms
[15:19:53:275488 +01:00] [Thread 4980] extDB3: SQL: Error MariaDBQueryException: PROCEDURE armalife.deleteOldForfait does not exist
[15:19:53:275519 +01:00] [Thread 4980] extDB3: SQL: Error MariaDBQueryException: Input: CALL deleteOldForfait
[15:19:53:888775 +01:00] [Thread 6448] extDB3: SQL: Error MariaDBQueryException: Unknown column 'alarm_gendarmerie' in 'field list'
[15:19:53:888798 +01:00] [Thread 6448] extDB3: SQL: Error MariaDBQueryException: Input: SELECT id, pid, pos, sonnette, classname, alarm_gendarmerie FROM houses LIMIT 0,10
[15:22:00:239621 +01:00] [Thread 6448] extDB3: SQL: Error MariaDBQueryException: You have an error in your SQL syntax; check the manual that corresponds to your MariaDB server version for the right syntax to use near 'est téléporté via MapTeleport en [4154.92,5889.08,0]')' at line 1
[15:22:00:239724 +01:00] [Thread 6448] extDB3: SQL: Error MariaDBQueryException: Input: INSERT INTO logs_alf (name, uid, type, text) VALUES ('Antonio Lopa', '76561198201065973', 'ADMIN', 'Antonio Lopa (76561198201065973) s'est téléporté via MapTeleport en [4154.92,5889.08,0]')
[15:22:21:255307 +01:00] [Thread 6448] extDB3: SQL: Error MariaDBQueryException: You have an error in your SQL syntax; check the manual that corresponds to your MariaDB server version for the right syntax to use near 'est téléporté via MapTeleport en [3865.24,4705.84,0]')' at line 1
[15:22:21:255380 +01:00] [Thread 6448] extDB3: SQL: Error MariaDBQueryException: Input: INSERT INTO logs_alf (name, uid, type, text) VALUES ('Antonio Lopa', '76561198201065973', 'ADMIN', 'Antonio Lopa (76561198201065973) s'est téléporté via MapTeleport en [3865.24,4705.84,0]')
