
extDB3: https://bitbucket.org/torndeco/extdb3/wiki/Home
extDB3: Version: 1.033
extDB3: Windows Version
Message: All development for extDB3 is done on a Linux Dedicated Server
Message: If you would like to Donate to extDB3 Development
Message: https://www.paypal.com/cgi-bin/webscr?cmd=_s-xclick&hosted_button_id=2SUEFTGABTAM2
Message: Also leave a message if there is any particular feature you would like to see added.
Message: Thanks for all the people that have donated.
Message: Torndeco: 18/05/15

Message: This version was modified and include some improvement
Message: The lib was recompiled using new version of TBBMalloc, Boost and MariaDB connector
Message: The worker threads limitation was removed
Message: Steez: 30/10/2020


extDB3: Found extdb3-conf.ini
extDB3: Detected 16 Cores, Setting up 6 Worker Threads
extDB3: Detected 16 Cores, Setting up 16 Worker Threads
extDB3: ...
extDB3: ...
extDB3: ...
extDB3: ...
extDB3: ...
extDB3: ...
extDB3: ...
extDB3: ...
extDB3: ...
extDB3: ...
extDB3: ...
extDB3: ...
extDB3: ...
extDB3: ...
extDB3: ...
extDB3: ...


[16:38:21:622587 +01:00] [Thread 6572] extDB3: SQL: Initialized: Add Quotes around TEXT Datatypes mode: 2
[16:38:21:622609 +01:00] [Thread 6572] extDB3: SQL: Initialized: NULL = ""
[16:38:21:622623 +01:00] [Thread 6572] extDB3: Locked
[16:38:21:628728 +01:00] [Thread 8552] extDB3: SQL: Error MariaDBQueryException: PROCEDURE armalife.deleteOldSms does not exist
[16:38:21:628736 +01:00] [Thread 8032] extDB3: SQL: Error MariaDBQueryException: PROCEDURE armalife.deleteDeadVehicles does not exist
[16:38:21:628741 +01:00] [Thread 8552] extDB3: SQL: Error MariaDBQueryException: Input: CALL deleteOldSms
[16:38:21:628758 +01:00] [Thread 8032] extDB3: SQL: Error MariaDBQueryException: Input: CALL deleteDeadVehicles
[16:38:21:628798 +01:00] [Thread 5808] extDB3: SQL: Error MariaDBQueryException: PROCEDURE armalife.deleteOldForfait does not exist
[16:38:21:628828 +01:00] [Thread 5808] extDB3: SQL: Error MariaDBQueryException: Input: CALL deleteOldForfait
[16:38:22:244123 +01:00] [Thread 4764] extDB3: SQL: Error MariaDBQueryException: Unknown column 'alarm_gendarmerie' in 'field list'
[16:38:22:244147 +01:00] [Thread 4764] extDB3: SQL: Error MariaDBQueryException: Input: SELECT id, pid, pos, sonnette, classname, alarm_gendarmerie FROM houses LIMIT 0,10
[16:43:34:883856 +01:00] [Thread 4764] extDB3: SQL: Error MariaDBQueryException: You have an error in your SQL syntax; check the manual that corresponds to your MariaDB server version for the right syntax to use near 'est téléporté via MapTeleport en [4244,4257.67,0]')' at line 1
[16:43:34:883924 +01:00] [Thread 4764] extDB3: SQL: Error MariaDBQueryException: Input: INSERT INTO logs_alf (name, uid, type, text) VALUES ('Antonio Lopa', '76561198201065973', 'ADMIN', 'Antonio Lopa (76561198201065973) s'est téléporté via MapTeleport en [4244,4257.67,0]')
[16:44:12:063662 +01:00] [Thread 8552] extDB3: SQL: Error MariaDBQueryException: You have an error in your SQL syntax; check the manual that corresponds to your MariaDB server version for the right syntax to use near 'est téléporté via MapTeleport en [5053.32,3141.19,0]')' at line 1
[16:44:12:063746 +01:00] [Thread 8552] extDB3: SQL: Error MariaDBQueryException: Input: INSERT INTO logs_alf (name, uid, type, text) VALUES ('Antonio Lopa', '76561198201065973', 'ADMIN', 'Antonio Lopa (76561198201065973) s'est téléporté via MapTeleport en [5053.32,3141.19,0]')
