
extDB3: https://bitbucket.org/torndeco/extdb3/wiki/Home
extDB3: Version: 1.033
extDB3: Windows Version
Message: All development for extDB3 is done on a Linux Dedicated Server
Message: If you would like to Donate to extDB3 Development
Message: https://www.paypal.com/cgi-bin/webscr?cmd=_s-xclick&hosted_button_id=2SUEFTGABTAM2
Message: Also leave a message if there is any particular feature you would like to see added.
Message: Thanks for all the people that have donated.
Message: Torndeco: 18/05/15

Message: This version was modified and include some improvement
Message: The lib was recompiled using new version of TBBMalloc, Boost and MariaDB connector
Message: The worker threads limitation was removed
Message: Steez: 30/10/2020


extDB3: Found extdb3-conf.ini
extDB3: Detected 16 Cores, Setting up 6 Worker Threads
extDB3: Detected 16 Cores, Setting up 16 Worker Threads
extDB3: ...
extDB3: ...
extDB3: ...
extDB3: ...
extDB3: ...
extDB3: ...
extDB3: ...
extDB3: ...
extDB3: ...
extDB3: ...
extDB3: ...
extDB3: ...
extDB3: ...
extDB3: ...
extDB3: ...
extDB3: ...


[16:49:11:473445 +01:00] [Thread 2176] extDB3: SQL: Initialized: Add Quotes around TEXT Datatypes mode: 2
[16:49:11:473466 +01:00] [Thread 2176] extDB3: SQL: Initialized: NULL = ""
[16:49:11:473480 +01:00] [Thread 2176] extDB3: Locked
[16:49:11:479708 +01:00] [Thread 11624] extDB3: SQL: Error MariaDBQueryException: PROCEDURE armalife.deleteDeadVehicles does not exist
[16:49:11:479721 +01:00] [Thread 11624] extDB3: SQL: Error MariaDBQueryException: Input: CALL deleteDeadVehicles
[16:49:11:479742 +01:00] [Thread 11632] extDB3: SQL: Error MariaDBQueryException: PROCEDURE armalife.deleteOldSms does not exist
[16:49:11:479749 +01:00] [Thread 6720] extDB3: SQL: Error MariaDBQueryException: PROCEDURE armalife.deleteOldForfait does not exist
[16:49:11:479754 +01:00] [Thread 11632] extDB3: SQL: Error MariaDBQueryException: Input: CALL deleteOldSms
[16:49:11:479767 +01:00] [Thread 6720] extDB3: SQL: Error MariaDBQueryException: Input: CALL deleteOldForfait
[16:51:53:726711 +01:00] [Thread 12640] extDB3: SQL: Error MariaDBQueryException: You have an error in your SQL syntax; check the manual that corresponds to your MariaDB server version for the right syntax to use near 'est téléporté via MapTeleport en [4250.79,4263,0]')' at line 1
[16:51:53:726799 +01:00] [Thread 12640] extDB3: SQL: Error MariaDBQueryException: Input: INSERT INTO logs_alf (name, uid, type, text) VALUES ('Antonio Lopa', '76561198201065973', 'ADMIN', 'Antonio Lopa (76561198201065973) s'est téléporté via MapTeleport en [4250.79,4263,0]')
[16:52:13:571424 +01:00] [Thread 12640] extDB3: SQL: Error MariaDBQueryException: You have an error in your SQL syntax; check the manual that corresponds to your MariaDB server version for the right syntax to use near 'est téléporté via MapTeleport en [5051.51,3138.84,0]')' at line 1
[16:52:13:571481 +01:00] [Thread 12640] extDB3: SQL: Error MariaDBQueryException: Input: INSERT INTO logs_alf (name, uid, type, text) VALUES ('Antonio Lopa', '76561198201065973', 'ADMIN', 'Antonio Lopa (76561198201065973) s'est téléporté via MapTeleport en [5051.51,3138.84,0]')
[16:59:17:141643 +01:00] [Thread 13084] extDB3: SQL: Error MariaDBQueryException: You have an error in your SQL syntax; check the manual that corresponds to your MariaDB server version for the right syntax to use near 'est téléporté via MapTeleport en [4623.74,4775.92,0]')' at line 1
[16:59:17:141704 +01:00] [Thread 13084] extDB3: SQL: Error MariaDBQueryException: Input: INSERT INTO logs_alf (name, uid, type, text) VALUES ('Antonio Lopa', '76561198201065973', 'ADMIN', 'Antonio Lopa (76561198201065973) s'est téléporté via MapTeleport en [4623.74,4775.92,0]')
[16:59:32:427001 +01:00] [Thread 13084] extDB3: SQL: Error MariaDBQueryException: You have an error in your SQL syntax; check the manual that corresponds to your MariaDB server version for the right syntax to use near 'est téléporté via MapTeleport en [5069.57,3142.4,0]')' at line 1
[16:59:32:427059 +01:00] [Thread 13084] extDB3: SQL: Error MariaDBQueryException: Input: INSERT INTO logs_alf (name, uid, type, text) VALUES ('Antonio Lopa', '76561198201065973', 'ADMIN', 'Antonio Lopa (76561198201065973) s'est téléporté via MapTeleport en [5069.57,3142.4,0]')
