
extDB3: https://bitbucket.org/torndeco/extdb3/wiki/Home
extDB3: Version: 1.033
extDB3: Windows Version
Message: All development for extDB3 is done on a Linux Dedicated Server
Message: If you would like to Donate to extDB3 Development
Message: https://www.paypal.com/cgi-bin/webscr?cmd=_s-xclick&hosted_button_id=2SUEFTGABTAM2
Message: Also leave a message if there is any particular feature you would like to see added.
Message: Thanks for all the people that have donated.
Message: Torndeco: 18/05/15

Message: This version was modified and include some improvement
Message: The lib was recompiled using new version of TBBMalloc, Boost and MariaDB connector
Message: The worker threads limitation was removed
Message: Steez: 30/10/2020


extDB3: Found extdb3-conf.ini
extDB3: Detected 16 Cores, Setting up 6 Worker Threads
extDB3: Detected 16 Cores, Setting up 16 Worker Threads
extDB3: ...
extDB3: ...
extDB3: ...
extDB3: ...
extDB3: ...
extDB3: ...
extDB3: ...
extDB3: ...
extDB3: ...
extDB3: ...
extDB3: ...
extDB3: ...
extDB3: ...
extDB3: ...
extDB3: ...
extDB3: ...


[19:08:54:967776 +01:00] [Thread 10980] extDB3: SQL: Initialized: Add Quotes around TEXT Datatypes mode: 2
[19:08:54:967801 +01:00] [Thread 10980] extDB3: SQL: Initialized: NULL = ""
[19:08:54:967814 +01:00] [Thread 10980] extDB3: Locked
[19:08:54:974474 +01:00] [Thread 6408] extDB3: SQL: Error MariaDBQueryException: PROCEDURE armalife.deleteDeadVehicles does not exist
[19:08:54:974492 +01:00] [Thread 6408] extDB3: SQL: Error MariaDBQueryException: Input: CALL deleteDeadVehicles
[19:08:54:974504 +01:00] [Thread 8628] extDB3: SQL: Error MariaDBQueryException: PROCEDURE armalife.deleteOldSms does not exist
[19:08:54:974517 +01:00] [Thread 8628] extDB3: SQL: Error MariaDBQueryException: Input: CALL deleteOldSms
[19:08:54:974545 +01:00] [Thread 10284] extDB3: SQL: Error MariaDBQueryException: PROCEDURE armalife.deleteOldForfait does not exist
[19:08:54:974558 +01:00] [Thread 10284] extDB3: SQL: Error MariaDBQueryException: Input: CALL deleteOldForfait
[19:45:53:115262 +01:00] [Thread 10180] extDB3: SQL: Error MariaDBQueryException: You have an error in your SQL syntax; check the manual that corresponds to your MariaDB server version for the right syntax to use near 'est téléporté via MapTeleport en [4636.13,4776.49,0]')' at line 1
[19:45:53:115470 +01:00] [Thread 10180] extDB3: SQL: Error MariaDBQueryException: Input: INSERT INTO logs_alf (name, uid, type, text) VALUES ('Antonio Lopa', '76561198201065973', 'ADMIN', 'Antonio Lopa (76561198201065973) s'est téléporté via MapTeleport en [4636.13,4776.49,0]')
[19:46:54:482198 +01:00] [Thread 10180] extDB3: SQL: Error MariaDBQueryException: You have an error in your SQL syntax; check the manual that corresponds to your MariaDB server version for the right syntax to use near 'est téléporté via MapTeleport en [5087.56,3069.85,0]')' at line 1
[19:46:54:482268 +01:00] [Thread 10180] extDB3: SQL: Error MariaDBQueryException: Input: INSERT INTO logs_alf (name, uid, type, text) VALUES ('Antonio Lopa', '76561198201065973', 'ADMIN', 'Antonio Lopa (76561198201065973) s'est téléporté via MapTeleport en [5087.56,3069.85,0]')
