
extDB3: https://bitbucket.org/torndeco/extdb3/wiki/Home
extDB3: Version: 1.033
extDB3: Windows Version
Message: All development for extDB3 is done on a Linux Dedicated Server
Message: If you would like to Donate to extDB3 Development
Message: https://www.paypal.com/cgi-bin/webscr?cmd=_s-xclick&hosted_button_id=2SUEFTGABTAM2
Message: Also leave a message if there is any particular feature you would like to see added.
Message: Thanks for all the people that have donated.
Message: Torndeco: 18/05/15

Message: This version was modified and include some improvement
Message: The lib was recompiled using new version of TBBMalloc, Boost and MariaDB connector
Message: The worker threads limitation was removed
Message: Steez: 30/10/2020


extDB3: Found extdb3-conf.ini
extDB3: Detected 16 Cores, Setting up 6 Worker Threads
extDB3: Detected 16 Cores, Setting up 16 Worker Threads
extDB3: ...
extDB3: ...
extDB3: ...
extDB3: ...
extDB3: ...
extDB3: ...
extDB3: ...
extDB3: ...
extDB3: ...
extDB3: ...
extDB3: ...
extDB3: ...
extDB3: ...
extDB3: ...
extDB3: ...
extDB3: ...


[11:37:27:686338 +02:00] [Thread 14712] extDB3: SQL: Initialized: Add Quotes around TEXT Datatypes mode: 2
[11:37:27:686364 +02:00] [Thread 14712] extDB3: SQL: Initialized: NULL = ""
[11:37:27:686381 +02:00] [Thread 14712] extDB3: Locked
[11:37:27:693233 +02:00] [Thread 8272] extDB3: SQL: Error MariaDBQueryException: PROCEDURE armalife.deleteDeadVehicles does not exist
[11:37:27:693254 +02:00] [Thread 8272] extDB3: SQL: Error MariaDBQueryException: Input: CALL deleteDeadVehicles
[11:37:27:693269 +02:00] [Thread 13512] extDB3: SQL: Error MariaDBQueryException: PROCEDURE armalife.deleteOldForfait does not exist
[11:37:27:693282 +02:00] [Thread 13512] extDB3: SQL: Error MariaDBQueryException: Input: CALL deleteOldForfait
[11:37:27:693324 +02:00] [Thread 15144] extDB3: SQL: Error MariaDBQueryException: PROCEDURE armalife.deleteOldSms does not exist
[11:37:27:693357 +02:00] [Thread 15144] extDB3: SQL: Error MariaDBQueryException: Input: CALL deleteOldSms
[11:38:24:950608 +02:00] [Thread 10196] extDB3: SQL: Error MariaDBQueryException: You have an error in your SQL syntax; check the manual that corresponds to your MariaDB server version for the right syntax to use near 'action 'Arsenal' via le menu admin.')' at line 1
[11:38:24:950638 +02:00] [Thread 10196] extDB3: SQL: Error MariaDBQueryException: Input: INSERT INTO logs_alf (name, uid, type, text) VALUES ('Antonio Lopa', '76561198201065973', 'ADMIN', 'A utilisé l'action 'Arsenal' via le menu admin.')
