
extDB3: https://bitbucket.org/torndeco/extdb3/wiki/Home
extDB3: Version: 1.033
extDB3: Windows Version
Message: All development for extDB3 is done on a Linux Dedicated Server
Message: If you would like to Donate to extDB3 Development
Message: https://www.paypal.com/cgi-bin/webscr?cmd=_s-xclick&hosted_button_id=2SUEFTGABTAM2
Message: Also leave a message if there is any particular feature you would like to see added.
Message: Thanks for all the people that have donated.
Message: Torndeco: 18/05/15

Message: This version was modified and include some improvement
Message: The lib was recompiled using new version of TBBMalloc, Boost and MariaDB connector
Message: The worker threads limitation was removed
Message: Steez: 30/10/2020


extDB3: Found extdb3-conf.ini
extDB3: Detected 16 Cores, Setting up 6 Worker Threads
extDB3: Detected 16 Cores, Setting up 16 Worker Threads
extDB3: ...
extDB3: ...
extDB3: ...
extDB3: ...
extDB3: ...
extDB3: ...
extDB3: ...
extDB3: ...
extDB3: ...
extDB3: ...
extDB3: ...
extDB3: ...
extDB3: ...
extDB3: ...
extDB3: ...
extDB3: ...


[12:18:37:820219 +02:00] [Thread 12792] extDB3: SQL: Initialized: Add Quotes around TEXT Datatypes mode: 2
[12:18:37:820243 +02:00] [Thread 12792] extDB3: SQL: Initialized: NULL = ""
[12:18:37:820259 +02:00] [Thread 12792] extDB3: Locked
[12:18:37:827053 +02:00] [Thread 980] extDB3: SQL: Error MariaDBQueryException: PROCEDURE armalife.deleteOldSms does not exist
[12:18:37:827074 +02:00] [Thread 980] extDB3: SQL: Error MariaDBQueryException: Input: CALL deleteOldSms
[12:18:37:827132 +02:00] [Thread 15028] extDB3: SQL: Error MariaDBQueryException: PROCEDURE armalife.deleteDeadVehicles does not exist
[12:18:37:827142 +02:00] [Thread 13124] extDB3: SQL: Error MariaDBQueryException: PROCEDURE armalife.deleteOldForfait does not exist
[12:18:37:827146 +02:00] [Thread 15028] extDB3: SQL: Error MariaDBQueryException: Input: CALL deleteDeadVehicles
[12:18:37:827161 +02:00] [Thread 13124] extDB3: SQL: Error MariaDBQueryException: Input: CALL deleteOldForfait
[12:21:15:910053 +02:00] [Thread 14660] extDB3: SQL: Error MariaDBQueryException: You have an error in your SQL syntax; check the manual that corresponds to your MariaDB server version for the right syntax to use near 'est téléporté via MapTeleport en [5591.59,4887.25,0]')' at line 1
[12:21:15:910154 +02:00] [Thread 14660] extDB3: SQL: Error MariaDBQueryException: Input: INSERT INTO logs_alf (name, uid, type, text) VALUES ('Antonio Lopa', '76561198201065973', 'ADMIN', 'Antonio Lopa (76561198201065973) s'est téléporté via MapTeleport en [5591.59,4887.25,0]')
[12:21:44:222679 +02:00] [Thread 14660] extDB3: SQL: Error MariaDBQueryException: You have an error in your SQL syntax; check the manual that corresponds to your MariaDB server version for the right syntax to use near 'action 'Arsenal' via le menu admin.')' at line 1
[12:21:44:222742 +02:00] [Thread 14660] extDB3: SQL: Error MariaDBQueryException: Input: INSERT INTO logs_alf (name, uid, type, text) VALUES ('Antonio Lopa', '76561198201065973', 'ADMIN', 'A utilisé l'action 'Arsenal' via le menu admin.')
