
extDB3: https://bitbucket.org/torndeco/extdb3/wiki/Home
extDB3: Version: 1.033
extDB3: Windows Version
Message: All development for extDB3 is done on a Linux Dedicated Server
Message: If you would like to Donate to extDB3 Development
Message: https://www.paypal.com/cgi-bin/webscr?cmd=_s-xclick&hosted_button_id=2SUEFTGABTAM2
Message: Also leave a message if there is any particular feature you would like to see added.
Message: Thanks for all the people that have donated.
Message: Torndeco: 18/05/15

Message: This version was modified and include some improvement
Message: The lib was recompiled using new version of TBBMalloc, Boost and MariaDB connector
Message: The worker threads limitation was removed
Message: Steez: 30/10/2020


extDB3: Found extdb3-conf.ini
extDB3: Detected 16 Cores, Setting up 6 Worker Threads
extDB3: Detected 16 Cores, Setting up 16 Worker Threads
extDB3: ...
extDB3: ...
extDB3: ...
extDB3: ...
extDB3: ...
extDB3: ...
extDB3: ...
extDB3: ...
extDB3: ...
extDB3: ...
extDB3: ...
extDB3: ...
extDB3: ...
extDB3: ...
extDB3: ...
extDB3: ...


[12:25:59:708514 +02:00] [Thread 13416] extDB3: SQL: Initialized: Add Quotes around TEXT Datatypes mode: 2
[12:25:59:708579 +02:00] [Thread 13416] extDB3: SQL: Initialized: NULL = ""
[12:25:59:708596 +02:00] [Thread 13416] extDB3: Locked
[12:25:59:715328 +02:00] [Thread 5936] extDB3: SQL: Error MariaDBQueryException: PROCEDURE armalife.deleteDeadVehicles does not exist
[12:25:59:715378 +02:00] [Thread 5936] extDB3: SQL: Error MariaDBQueryException: Input: CALL deleteDeadVehicles
[12:25:59:715380 +02:00] [Thread 2924] extDB3: SQL: Error MariaDBQueryException: PROCEDURE armalife.deleteOldSms does not exist
[12:25:59:715411 +02:00] [Thread 2924] extDB3: SQL: Error MariaDBQueryException: Input: CALL deleteOldSms
[12:25:59:715416 +02:00] [Thread 12792] extDB3: SQL: Error MariaDBQueryException: PROCEDURE armalife.deleteOldForfait does not exist
[12:25:59:715444 +02:00] [Thread 12792] extDB3: SQL: Error MariaDBQueryException: Input: CALL deleteOldForfait
[12:28:17:466376 +02:00] [Thread 4104] extDB3: SQL: Error MariaDBQueryException: You have an error in your SQL syntax; check the manual that corresponds to your MariaDB server version for the right syntax to use near 'action 'Arsenal' via le menu admin.')' at line 1
[12:28:17:466435 +02:00] [Thread 4104] extDB3: SQL: Error MariaDBQueryException: Input: INSERT INTO logs_alf (name, uid, type, text) VALUES ('Antonio Lopa', '76561198201065973', 'ADMIN', 'A utilisé l'action 'Arsenal' via le menu admin.')
[12:34:12:398729 +02:00] [Thread 8272] extDB3: SQL: Error MariaDBQueryException: You have an error in your SQL syntax; check the manual that corresponds to your MariaDB server version for the right syntax to use near 'action 'Arsenal' via le menu admin.')' at line 1
[12:34:12:398785 +02:00] [Thread 8272] extDB3: SQL: Error MariaDBQueryException: Input: INSERT INTO logs_alf (name, uid, type, text) VALUES ('Antonio Lopa', '76561198201065973', 'ADMIN', 'A utilisé l'action 'Arsenal' via le menu admin.')
