
extDB3: https://bitbucket.org/torndeco/extdb3/wiki/Home
extDB3: Version: 1.033
extDB3: Windows Version
Message: All development for extDB3 is done on a Linux Dedicated Server
Message: If you would like to Donate to extDB3 Development
Message: https://www.paypal.com/cgi-bin/webscr?cmd=_s-xclick&hosted_button_id=2SUEFTGABTAM2
Message: Also leave a message if there is any particular feature you would like to see added.
Message: Thanks for all the people that have donated.
Message: Torndeco: 18/05/15

Message: This version was modified and include some improvement
Message: The lib was recompiled using new version of TBBMalloc, Boost and MariaDB connector
Message: The worker threads limitation was removed
Message: Steez: 30/10/2020


extDB3: Found extdb3-conf.ini
extDB3: Detected 16 Cores, Setting up 6 Worker Threads
extDB3: Detected 16 Cores, Setting up 16 Worker Threads
extDB3: ...
extDB3: ...
extDB3: ...
extDB3: ...
extDB3: ...
extDB3: ...
extDB3: ...
extDB3: ...
extDB3: ...
extDB3: ...
extDB3: ...
extDB3: ...
extDB3: ...
extDB3: ...
extDB3: ...
extDB3: ...


[12:57:31:060204 +02:00] [Thread 496] extDB3: SQL: Initialized: Add Quotes around TEXT Datatypes mode: 2
[12:57:31:060229 +02:00] [Thread 496] extDB3: SQL: Initialized: NULL = ""
[12:57:31:060245 +02:00] [Thread 496] extDB3: Locked
[12:57:31:067119 +02:00] [Thread 9568] extDB3: SQL: Error MariaDBQueryException: PROCEDURE armalife.deleteDeadVehicles does not exist
[12:57:31:067158 +02:00] [Thread 9568] extDB3: SQL: Error MariaDBQueryException: Input: CALL deleteDeadVehicles
[12:57:31:067127 +02:00] [Thread 10192] extDB3: SQL: Error MariaDBQueryException: PROCEDURE armalife.deleteOldSms does not exist
[12:57:31:067118 +02:00] [Thread 14580] extDB3: SQL: Error MariaDBQueryException: PROCEDURE armalife.deleteOldForfait does not exist
[12:57:31:067214 +02:00] [Thread 10192] extDB3: SQL: Error MariaDBQueryException: Input: CALL deleteOldSms
[12:57:31:067246 +02:00] [Thread 14580] extDB3: SQL: Error MariaDBQueryException: Input: CALL deleteOldForfait
