
extDB3: https://bitbucket.org/torndeco/extdb3/wiki/Home
extDB3: Version: 1.033
extDB3: Windows Version
Message: All development for extDB3 is done on a Linux Dedicated Server
Message: If you would like to Donate to extDB3 Development
Message: https://www.paypal.com/cgi-bin/webscr?cmd=_s-xclick&hosted_button_id=2SUEFTGABTAM2
Message: Also leave a message if there is any particular feature you would like to see added.
Message: Thanks for all the people that have donated.
Message: Torndeco: 18/05/15

Message: This version was modified and include some improvement
Message: The lib was recompiled using new version of TBBMalloc, Boost and MariaDB connector
Message: The worker threads limitation was removed
Message: Steez: 30/10/2020


extDB3: Found extdb3-conf.ini
extDB3: Detected 16 Cores, Setting up 6 Worker Threads
extDB3: Detected 16 Cores, Setting up 16 Worker Threads
extDB3: ...
extDB3: ...
extDB3: ...
extDB3: ...
extDB3: ...
extDB3: ...
extDB3: ...
extDB3: ...
extDB3: ...
extDB3: ...
extDB3: ...
extDB3: ...
extDB3: ...
extDB3: ...
extDB3: ...
extDB3: ...


[14:28:44:723837 +02:00] [Thread 12316] extDB3: SQL: Initialized: Add Quotes around TEXT Datatypes mode: 2
[14:28:44:723860 +02:00] [Thread 12316] extDB3: SQL: Initialized: NULL = ""
[14:28:44:723876 +02:00] [Thread 12316] extDB3: Locked
[14:28:44:730775 +02:00] [Thread 9888] extDB3: SQL: Error MariaDBQueryException: PROCEDURE armalife.deleteDeadVehicles does not exist
[14:28:44:730785 +02:00] [Thread 15076] extDB3: SQL: Error MariaDBQueryException: PROCEDURE armalife.deleteOldForfait does not exist
[14:28:44:730822 +02:00] [Thread 15076] extDB3: SQL: Error MariaDBQueryException: Input: CALL deleteOldForfait
[14:28:44:730802 +02:00] [Thread 9888] extDB3: SQL: Error MariaDBQueryException: Input: CALL deleteDeadVehicles
[14:28:44:730797 +02:00] [Thread 9012] extDB3: SQL: Error MariaDBQueryException: PROCEDURE armalife.deleteOldSms does not exist
[14:28:44:730900 +02:00] [Thread 9012] extDB3: SQL: Error MariaDBQueryException: Input: CALL deleteOldSms
[14:31:26:897731 +02:00] [Thread 13452] extDB3: SQL: Error MariaDBQueryException: You have an error in your SQL syntax; check the manual that corresponds to your MariaDB server version for the right syntax to use near 'action 'Arsenal' via le menu admin.')' at line 1
[14:31:26:897840 +02:00] [Thread 13452] extDB3: SQL: Error MariaDBQueryException: Input: INSERT INTO logs_alf (name, uid, type, text) VALUES ('Antonio Lopa', '76561198201065973', 'ADMIN', 'A utilisé l'action 'Arsenal' via le menu admin.')
[14:35:06:655902 +02:00] [Thread 14588] extDB3: SQL: Error MariaDBQueryException: You have an error in your SQL syntax; check the manual that corresponds to your MariaDB server version for the right syntax to use near 'est téléporté via MapTeleport en [5499.01,4826.93,0]')' at line 1
[14:35:06:655971 +02:00] [Thread 14588] extDB3: SQL: Error MariaDBQueryException: Input: INSERT INTO logs_alf (name, uid, type, text) VALUES ('Antonio Lopa', '76561198201065973', 'ADMIN', 'Antonio Lopa (76561198201065973) s'est téléporté via MapTeleport en [5499.01,4826.93,0]')
[14:41:07:833537 +02:00] [Thread 12868] extDB3: SQL: Error MariaDBQueryException: You have an error in your SQL syntax; check the manual that corresponds to your MariaDB server version for the right syntax to use near 'action 'Arsenal' via le menu admin.')' at line 1
[14:41:07:833598 +02:00] [Thread 12868] extDB3: SQL: Error MariaDBQueryException: Input: INSERT INTO logs_alf (name, uid, type, text) VALUES ('Antonio Lopa', '76561198201065973', 'ADMIN', 'A utilisé l'action 'Arsenal' via le menu admin.')
