
extDB3: https://bitbucket.org/torndeco/extdb3/wiki/Home
extDB3: Version: 1.033
extDB3: Windows Version
Message: All development for extDB3 is done on a Linux Dedicated Server
Message: If you would like to Donate to extDB3 Development
Message: https://www.paypal.com/cgi-bin/webscr?cmd=_s-xclick&hosted_button_id=2SUEFTGABTAM2
Message: Also leave a message if there is any particular feature you would like to see added.
Message: Thanks for all the people that have donated.
Message: Torndeco: 18/05/15

Message: This version was modified and include some improvement
Message: The lib was recompiled using new version of TBBMalloc, Boost and MariaDB connector
Message: The worker threads limitation was removed
Message: Steez: 30/10/2020


extDB3: Found extdb3-conf.ini
extDB3: Detected 16 Cores, Setting up 6 Worker Threads
extDB3: Detected 16 Cores, Setting up 16 Worker Threads
extDB3: ...
extDB3: ...
extDB3: ...
extDB3: ...
extDB3: ...
extDB3: ...
extDB3: ...
extDB3: ...
extDB3: ...
extDB3: ...
extDB3: ...
extDB3: ...
extDB3: ...
extDB3: ...
extDB3: ...
extDB3: ...


[14:42:45:296365 +02:00] [Thread 8140] extDB3: SQL: Initialized: Add Quotes around TEXT Datatypes mode: 2
[14:42:45:296389 +02:00] [Thread 8140] extDB3: SQL: Initialized: NULL = ""
[14:42:45:296404 +02:00] [Thread 8140] extDB3: Locked
[14:42:45:303052 +02:00] [Thread 12908] extDB3: SQL: Error MariaDBQueryException: PROCEDURE armalife.deleteOldForfait does not exist
[14:42:45:303106 +02:00] [Thread 13080] extDB3: SQL: Error MariaDBQueryException: PROCEDURE armalife.deleteOldSms does not exist
[14:42:45:303072 +02:00] [Thread 13140] extDB3: SQL: Error MariaDBQueryException: PROCEDURE armalife.deleteDeadVehicles does not exist
[14:42:45:303155 +02:00] [Thread 13080] extDB3: SQL: Error MariaDBQueryException: Input: CALL deleteOldSms
[14:42:45:303169 +02:00] [Thread 13140] extDB3: SQL: Error MariaDBQueryException: Input: CALL deleteDeadVehicles
[14:42:45:303127 +02:00] [Thread 12908] extDB3: SQL: Error MariaDBQueryException: Input: CALL deleteOldForfait
[14:55:35:841028 +02:00] [Thread 13328] extDB3: SQL: Error MariaDBQueryException: You have an error in your SQL syntax; check the manual that corresponds to your MariaDB server version for the right syntax to use near 'action 'Arsenal' via le menu admin.')' at line 1
[14:55:35:841099 +02:00] [Thread 13328] extDB3: SQL: Error MariaDBQueryException: Input: INSERT INTO logs_alf (name, uid, type, text) VALUES ('Antonio Lopa', '76561198201065973', 'ADMIN', 'A utilisé l'action 'Arsenal' via le menu admin.')
[14:59:33:698728 +02:00] [Thread 14564] extDB3: SQL: Error MariaDBQueryException: You have an error in your SQL syntax; check the manual that corresponds to your MariaDB server version for the right syntax to use near 'est téléporté via MapTeleport en [5502.05,4824.57,0]')' at line 1
[14:59:33:698809 +02:00] [Thread 14564] extDB3: SQL: Error MariaDBQueryException: Input: INSERT INTO logs_alf (name, uid, type, text) VALUES ('Antonio Lopa', '76561198201065973', 'ADMIN', 'Antonio Lopa (76561198201065973) s'est téléporté via MapTeleport en [5502.05,4824.57,0]')
[15:00:08:197033 +02:00] [Thread 14564] extDB3: SQL: Error MariaDBQueryException: You have an error in your SQL syntax; check the manual that corresponds to your MariaDB server version for the right syntax to use near 'est téléporté via MapTeleport en [6206.79,7214.03,0]')' at line 1
[15:00:08:197094 +02:00] [Thread 14564] extDB3: SQL: Error MariaDBQueryException: Input: INSERT INTO logs_alf (name, uid, type, text) VALUES ('Antonio Lopa', '76561198201065973', 'ADMIN', 'Antonio Lopa (76561198201065973) s'est téléporté via MapTeleport en [6206.79,7214.03,0]')
