
extDB3: https://bitbucket.org/torndeco/extdb3/wiki/Home
extDB3: Version: 1.033
extDB3: Windows Version
Message: All development for extDB3 is done on a Linux Dedicated Server
Message: If you would like to Donate to extDB3 Development
Message: https://www.paypal.com/cgi-bin/webscr?cmd=_s-xclick&hosted_button_id=2SUEFTGABTAM2
Message: Also leave a message if there is any particular feature you would like to see added.
Message: Thanks for all the people that have donated.
Message: Torndeco: 18/05/15

Message: This version was modified and include some improvement
Message: The lib was recompiled using new version of TBBMalloc, Boost and MariaDB connector
Message: The worker threads limitation was removed
Message: Steez: 30/10/2020


extDB3: Found extdb3-conf.ini
extDB3: Detected 16 Cores, Setting up 6 Worker Threads
extDB3: Detected 16 Cores, Setting up 16 Worker Threads
extDB3: ...
extDB3: ...
extDB3: ...
extDB3: ...
extDB3: ...
extDB3: ...
extDB3: ...
extDB3: ...
extDB3: ...
extDB3: ...
extDB3: ...
extDB3: ...
extDB3: ...
extDB3: ...
extDB3: ...
extDB3: ...


[09:57:24:969230 +02:00] [Thread 13060] extDB3: SQL: Initialized: Add Quotes around TEXT Datatypes mode: 2
[09:57:24:969253 +02:00] [Thread 13060] extDB3: SQL: Initialized: NULL = ""
[09:57:24:969269 +02:00] [Thread 13060] extDB3: Locked
[09:57:24:975229 +02:00] [Thread 13104] extDB3: SQL: Error MariaDBQueryException: PROCEDURE armalife.deleteOldForfait does not exist
[09:57:24:975243 +02:00] [Thread 13104] extDB3: SQL: Error MariaDBQueryException: Input: CALL deleteOldForfait
[09:57:24:975270 +02:00] [Thread 13256] extDB3: SQL: Error MariaDBQueryException: PROCEDURE armalife.deleteDeadVehicles does not exist
[09:57:24:975282 +02:00] [Thread 13256] extDB3: SQL: Error MariaDBQueryException: Input: CALL deleteDeadVehicles
[09:57:24:975307 +02:00] [Thread 7344] extDB3: SQL: Error MariaDBQueryException: PROCEDURE armalife.deleteOldSms does not exist
[09:57:24:975319 +02:00] [Thread 7344] extDB3: SQL: Error MariaDBQueryException: Input: CALL deleteOldSms
[10:00:02:908963 +02:00] [Thread 5336] extDB3: SQL: Error MariaDBQueryException: You have an error in your SQL syntax; check the manual that corresponds to your MariaDB server version for the right syntax to use near 'est téléporté via MapTeleport en [5556.68,4871.18,0]')' at line 1
[10:00:02:910784 +02:00] [Thread 5336] extDB3: SQL: Error MariaDBQueryException: Input: INSERT INTO logs_alf (name, uid, type, text) VALUES ('Antonio Lopa', '76561198201065973', 'ADMIN', 'Antonio Lopa (76561198201065973) s'est téléporté via MapTeleport en [5556.68,4871.18,0]')
[10:01:36:463616 +02:00] [Thread 5336] extDB3: SQL: Error MariaDBQueryException: You have an error in your SQL syntax; check the manual that corresponds to your MariaDB server version for the right syntax to use near 'action 'Arsenal' via le menu admin.')' at line 1
[10:01:36:463665 +02:00] [Thread 5336] extDB3: SQL: Error MariaDBQueryException: Input: INSERT INTO logs_alf (name, uid, type, text) VALUES ('Antonio Lopa', '76561198201065973', 'ADMIN', 'A utilisé l'action 'Arsenal' via le menu admin.')
[10:04:01:768932 +02:00] [Thread 12884] extDB3: SQL: Error MariaDBQueryException: You have an error in your SQL syntax; check the manual that corresponds to your MariaDB server version for the right syntax to use near 'action 'Arsenal' via le menu admin.')' at line 1
[10:04:01:769032 +02:00] [Thread 12884] extDB3: SQL: Error MariaDBQueryException: Input: INSERT INTO logs_alf (name, uid, type, text) VALUES ('Antonio Lopa', '76561198201065973', 'ADMIN', 'A utilisé l'action 'Arsenal' via le menu admin.')
