
extDB3: https://bitbucket.org/torndeco/extdb3/wiki/Home
extDB3: Version: 1.033
extDB3: Windows Version
Message: All development for extDB3 is done on a Linux Dedicated Server
Message: If you would like to Donate to extDB3 Development
Message: https://www.paypal.com/cgi-bin/webscr?cmd=_s-xclick&hosted_button_id=2SUEFTGABTAM2
Message: Also leave a message if there is any particular feature you would like to see added.
Message: Thanks for all the people that have donated.
Message: Torndeco: 18/05/15

Message: This version was modified and include some improvement
Message: The lib was recompiled using new version of TBBMalloc, Boost and MariaDB connector
Message: The worker threads limitation was removed
Message: Steez: 30/10/2020


extDB3: Found extdb3-conf.ini
extDB3: Detected 16 Cores, Setting up 6 Worker Threads
extDB3: Detected 16 Cores, Setting up 16 Worker Threads
extDB3: ...
extDB3: ...
extDB3: ...
extDB3: ...
extDB3: ...
extDB3: ...
extDB3: ...
extDB3: ...
extDB3: ...
extDB3: ...
extDB3: ...
extDB3: ...
extDB3: ...
extDB3: ...
extDB3: ...
extDB3: ...


[12:25:00:299365 +01:00] [Thread 5396] extDB3: SQL: Initialized: Add Quotes around TEXT Datatypes mode: 2
[12:25:00:299394 +01:00] [Thread 5396] extDB3: SQL: Initialized: NULL = ""
[12:25:00:299410 +01:00] [Thread 5396] extDB3: Locked
[12:25:00:306240 +01:00] [Thread 1876] extDB3: SQL: Error MariaDBQueryException: PROCEDURE armalife.deleteOldSms does not exist
[12:25:00:306253 +01:00] [Thread 1876] extDB3: SQL: Error MariaDBQueryException: Input: CALL deleteOldSms
[12:25:00:306276 +01:00] [Thread 9052] extDB3: SQL: Error MariaDBQueryException: PROCEDURE armalife.deleteDeadVehicles does not exist
[12:25:00:306289 +01:00] [Thread 9052] extDB3: SQL: Error MariaDBQueryException: Input: CALL deleteDeadVehicles
[12:25:00:306317 +01:00] [Thread 11436] extDB3: SQL: Error MariaDBQueryException: PROCEDURE armalife.deleteOldForfait does not exist
[12:25:00:306329 +01:00] [Thread 11436] extDB3: SQL: Error MariaDBQueryException: Input: CALL deleteOldForfait
[12:29:00:238393 +01:00] [Thread 14172] extDB3: SQL: Error MariaDBQueryException: You have an error in your SQL syntax; check the manual that corresponds to your MariaDB server version for the right syntax to use near 'est téléporté via MapTeleport en [5981.7,4214.99,0]')' at line 1
[12:29:00:242492 +01:00] [Thread 14172] extDB3: SQL: Error MariaDBQueryException: Input: INSERT INTO logs_alf (name, uid, type, text) VALUES ('Antonio Lopa', '76561198201065973', 'ADMIN', 'Antonio Lopa (76561198201065973) s'est téléporté via MapTeleport en [5981.7,4214.99,0]')
[12:46:59:331393 +01:00] [Thread 7080] extDB3: SQL: Error MariaDBQueryException: You have an error in your SQL syntax; check the manual that corresponds to your MariaDB server version for the right syntax to use near 'est téléporté via MapTeleport en [5304.88,8636.36,0]')' at line 1
[12:46:59:331458 +01:00] [Thread 7080] extDB3: SQL: Error MariaDBQueryException: Input: INSERT INTO logs_alf (name, uid, type, text) VALUES ('Antonio Lopa', '76561198201065973', 'ADMIN', 'Antonio Lopa (76561198201065973) s'est téléporté via MapTeleport en [5304.88,8636.36,0]')
