
extDB3: https://bitbucket.org/torndeco/extdb3/wiki/Home
extDB3: Version: 1.033
extDB3: Windows Version
Message: All development for extDB3 is done on a Linux Dedicated Server
Message: If you would like to Donate to extDB3 Development
Message: https://www.paypal.com/cgi-bin/webscr?cmd=_s-xclick&hosted_button_id=2SUEFTGABTAM2
Message: Also leave a message if there is any particular feature you would like to see added.
Message: Thanks for all the people that have donated.
Message: Torndeco: 18/05/15

Message: This version was modified and include some improvement
Message: The lib was recompiled using new version of TBBMalloc, Boost and MariaDB connector
Message: The worker threads limitation was removed
Message: Steez: 30/10/2020


extDB3: Found extdb3-conf.ini
extDB3: Detected 16 Cores, Setting up 6 Worker Threads
extDB3: Detected 16 Cores, Setting up 16 Worker Threads
extDB3: ...
extDB3: ...
extDB3: ...
extDB3: ...
extDB3: ...
extDB3: ...
extDB3: ...
extDB3: ...
extDB3: ...
extDB3: ...
extDB3: ...
extDB3: ...
extDB3: ...
extDB3: ...
extDB3: ...
extDB3: ...


[12:51:00:260010 +01:00] [Thread 14180] extDB3: SQL: Initialized: Add Quotes around TEXT Datatypes mode: 2
[12:51:00:260036 +01:00] [Thread 14180] extDB3: SQL: Initialized: NULL = ""
[12:51:00:260051 +01:00] [Thread 14180] extDB3: Locked
[12:51:00:266475 +01:00] [Thread 6632] extDB3: SQL: Error MariaDBQueryException: PROCEDURE armalife.deleteDeadVehicles does not exist
[12:51:00:266488 +01:00] [Thread 6632] extDB3: SQL: Error MariaDBQueryException: Input: CALL deleteDeadVehicles
[12:51:00:266518 +01:00] [Thread 12660] extDB3: SQL: Error MariaDBQueryException: PROCEDURE armalife.deleteOldSms does not exist
[12:51:00:266530 +01:00] [Thread 12660] extDB3: SQL: Error MariaDBQueryException: Input: CALL deleteOldSms
[12:51:00:266558 +01:00] [Thread 13852] extDB3: SQL: Error MariaDBQueryException: PROCEDURE armalife.deleteOldForfait does not exist
[12:51:00:266570 +01:00] [Thread 13852] extDB3: SQL: Error MariaDBQueryException: Input: CALL deleteOldForfait
[13:04:56:959272 +01:00] [Thread 12660] extDB3: SQL: Error MariaDBQueryException: You have an error in your SQL syntax; check the manual that corresponds to your MariaDB server version for the right syntax to use near 'est téléporté via MapTeleport en [4153.21,5898.66,0]')' at line 1
[13:04:56:961189 +01:00] [Thread 12660] extDB3: SQL: Error MariaDBQueryException: Input: INSERT INTO logs_alf (name, uid, type, text) VALUES ('Antonio Lopa', '76561198201065973', 'ADMIN', 'Antonio Lopa (76561198201065973) s'est téléporté via MapTeleport en [4153.21,5898.66,0]')
[13:05:06:617756 +01:00] [Thread 12660] extDB3: SQL: Error MariaDBQueryException: You have an error in your SQL syntax; check the manual that corresponds to your MariaDB server version for the right syntax to use near 'est téléporté via MapTeleport en [5936.49,4240.28,0]')' at line 1
[13:05:06:617823 +01:00] [Thread 12660] extDB3: SQL: Error MariaDBQueryException: Input: INSERT INTO logs_alf (name, uid, type, text) VALUES ('Antonio Lopa', '76561198201065973', 'ADMIN', 'Antonio Lopa (76561198201065973) s'est téléporté via MapTeleport en [5936.49,4240.28,0]')
[13:09:48:750508 +01:00] [Thread 6632] extDB3: SQL: Error MariaDBQueryException: You have an error in your SQL syntax; check the manual that corresponds to your MariaDB server version for the right syntax to use near 'est téléporté via MapTeleport en [5341.63,4654.45,0]')' at line 1
[13:09:48:750548 +01:00] [Thread 6632] extDB3: SQL: Error MariaDBQueryException: Input: INSERT INTO logs_alf (name, uid, type, text) VALUES ('Antonio Lopa', '76561198201065973', 'ADMIN', 'Antonio Lopa (76561198201065973) s'est téléporté via MapTeleport en [5341.63,4654.45,0]')
[13:09:59:439881 +01:00] [Thread 6632] extDB3: SQL: Error MariaDBQueryException: You have an error in your SQL syntax; check the manual that corresponds to your MariaDB server version for the right syntax to use near 'est téléporté via MapTeleport en [3913.45,4616.83,0]')' at line 1
[13:09:59:439922 +01:00] [Thread 6632] extDB3: SQL: Error MariaDBQueryException: Input: INSERT INTO logs_alf (name, uid, type, text) VALUES ('Antonio Lopa', '76561198201065973', 'ADMIN', 'Antonio Lopa (76561198201065973) s'est téléporté via MapTeleport en [3913.45,4616.83,0]')
[13:10:05:278175 +01:00] [Thread 6632] extDB3: SQL: Error MariaDBQueryException: You have an error in your SQL syntax; check the manual that corresponds to your MariaDB server version for the right syntax to use near 'est téléporté via MapTeleport en [4143.12,4566.24,0]')' at line 1
[13:10:05:278227 +01:00] [Thread 6632] extDB3: SQL: Error MariaDBQueryException: Input: INSERT INTO logs_alf (name, uid, type, text) VALUES ('Antonio Lopa', '76561198201065973', 'ADMIN', 'Antonio Lopa (76561198201065973) s'est téléporté via MapTeleport en [4143.12,4566.24,0]')
[13:11:41:941940 +01:00] [Thread 7216] extDB3: SQL: Error MariaDBQueryException: You have an error in your SQL syntax; check the manual that corresponds to your MariaDB server version for the right syntax to use near 'est téléporté via MapTeleport en [5898.13,4208.48,0]')' at line 1
[13:11:41:941990 +01:00] [Thread 7216] extDB3: SQL: Error MariaDBQueryException: Input: INSERT INTO logs_alf (name, uid, type, text) VALUES ('Antonio Lopa', '76561198201065973', 'ADMIN', 'Antonio Lopa (76561198201065973) s'est téléporté via MapTeleport en [5898.13,4208.48,0]')
