
extDB3: https://bitbucket.org/torndeco/extdb3/wiki/Home
extDB3: Version: 1.033
extDB3: Windows Version
Message: All development for extDB3 is done on a Linux Dedicated Server
Message: If you would like to Donate to extDB3 Development
Message: https://www.paypal.com/cgi-bin/webscr?cmd=_s-xclick&hosted_button_id=2SUEFTGABTAM2
Message: Also leave a message if there is any particular feature you would like to see added.
Message: Thanks for all the people that have donated.
Message: Torndeco: 18/05/15

Message: This version was modified and include some improvement
Message: The lib was recompiled using new version of TBBMalloc, Boost and MariaDB connector
Message: The worker threads limitation was removed
Message: Steez: 30/10/2020


extDB3: Found extdb3-conf.ini
extDB3: Detected 16 Cores, Setting up 6 Worker Threads
extDB3: Detected 16 Cores, Setting up 16 Worker Threads
extDB3: ...
extDB3: ...
extDB3: ...
extDB3: ...
extDB3: ...
extDB3: ...
extDB3: ...
extDB3: ...
extDB3: ...
extDB3: ...
extDB3: ...
extDB3: ...
extDB3: ...
extDB3: ...
extDB3: ...
extDB3: ...


[14:00:39:342536 +01:00] [Thread 16172] extDB3: SQL: Initialized: Add Quotes around TEXT Datatypes mode: 2
[14:00:39:342559 +01:00] [Thread 16172] extDB3: SQL: Initialized: NULL = ""
[14:00:39:342575 +01:00] [Thread 16172] extDB3: Locked
[14:00:39:348989 +01:00] [Thread 14924] extDB3: SQL: Error MariaDBQueryException: PROCEDURE armalife.deleteOldSms does not exist
[14:00:39:349007 +01:00] [Thread 14924] extDB3: SQL: Error MariaDBQueryException: Input: CALL deleteOldSms
[14:00:39:349029 +01:00] [Thread 18424] extDB3: SQL: Error MariaDBQueryException: PROCEDURE armalife.deleteDeadVehicles does not exist
[14:00:39:349042 +01:00] [Thread 18424] extDB3: SQL: Error MariaDBQueryException: Input: CALL deleteDeadVehicles
[14:00:39:349076 +01:00] [Thread 17132] extDB3: SQL: Error MariaDBQueryException: PROCEDURE armalife.deleteOldForfait does not exist
[14:00:39:349111 +01:00] [Thread 17132] extDB3: SQL: Error MariaDBQueryException: Input: CALL deleteOldForfait
[14:00:39:519387 +01:00] [Thread 16004] extDB3: SQL: Error MariaDBQueryException: Unknown column 'alarm_gendarmerie' in 'field list'
[14:00:39:519410 +01:00] [Thread 16004] extDB3: SQL: Error MariaDBQueryException: Input: SELECT id, pid, pos, sonnette, classname, alarm_gendarmerie FROM houses LIMIT 0,10
[14:04:54:930998 +01:00] [Thread 16004] extDB3: SQL: Error MariaDBQueryException: You have an error in your SQL syntax; check the manual that corresponds to your MariaDB server version for the right syntax to use near 'est téléporté via MapTeleport en [4051.11,4460.98,0]')' at line 1
[14:04:54:931114 +01:00] [Thread 16004] extDB3: SQL: Error MariaDBQueryException: Input: INSERT INTO logs_alf (name, uid, type, text) VALUES ('Antonio Lopa', '76561198201065973', 'ADMIN', 'Antonio Lopa (76561198201065973) s'est téléporté via MapTeleport en [4051.11,4460.98,0]')
[14:06:28:557044 +01:00] [Thread 14544] extDB3: SQL: Error MariaDBQueryException: You have an error in your SQL syntax; check the manual that corresponds to your MariaDB server version for the right syntax to use near 'est téléporté via MapTeleport en [4154.68,5891.22,0]')' at line 1
[14:06:28:557122 +01:00] [Thread 14544] extDB3: SQL: Error MariaDBQueryException: Input: INSERT INTO logs_alf (name, uid, type, text) VALUES ('Antonio Lopa', '76561198201065973', 'ADMIN', 'Antonio Lopa (76561198201065973) s'est téléporté via MapTeleport en [4154.68,5891.22,0]')
