
extDB3: https://bitbucket.org/torndeco/extdb3/wiki/Home
extDB3: Version: 1.033
extDB3: Windows Version
Message: All development for extDB3 is done on a Linux Dedicated Server
Message: If you would like to Donate to extDB3 Development
Message: https://www.paypal.com/cgi-bin/webscr?cmd=_s-xclick&hosted_button_id=2SUEFTGABTAM2
Message: Also leave a message if there is any particular feature you would like to see added.
Message: Thanks for all the people that have donated.
Message: Torndeco: 18/05/15

Message: This version was modified and include some improvement
Message: The lib was recompiled using new version of TBBMalloc, Boost and MariaDB connector
Message: The worker threads limitation was removed
Message: Steez: 30/10/2020


extDB3: Found extdb3-conf.ini
extDB3: Detected 16 Cores, Setting up 6 Worker Threads
extDB3: Detected 16 Cores, Setting up 16 Worker Threads
extDB3: ...
extDB3: ...
extDB3: ...
extDB3: ...
extDB3: ...
extDB3: ...
extDB3: ...
extDB3: ...
extDB3: ...
extDB3: ...
extDB3: ...
extDB3: ...
extDB3: ...
extDB3: ...
extDB3: ...
extDB3: ...


[13:59:28:325550 +02:00] [Thread 17712] extDB3: SQL: Initialized: Add Quotes around TEXT Datatypes mode: 2
[13:59:28:325602 +02:00] [Thread 17712] extDB3: SQL: Initialized: NULL = ""
[13:59:28:325623 +02:00] [Thread 17712] extDB3: Locked
[13:59:28:333311 +02:00] [Thread 16020] extDB3: SQL: Error MariaDBQueryException: PROCEDURE armalife.deleteDeadVehicles does not exist
[13:59:28:333333 +02:00] [Thread 16020] extDB3: SQL: Error MariaDBQueryException: Input: CALL deleteDeadVehicles
[13:59:28:333358 +02:00] [Thread 14828] extDB3: SQL: Error MariaDBQueryException: PROCEDURE armalife.deleteOldForfait does not exist
[13:59:28:333358 +02:00] [Thread 15672] extDB3: SQL: Error MariaDBQueryException: PROCEDURE armalife.deleteOldSms does not exist
[13:59:28:333377 +02:00] [Thread 14828] extDB3: SQL: Error MariaDBQueryException: Input: CALL deleteOldForfait
[13:59:28:333391 +02:00] [Thread 15672] extDB3: SQL: Error MariaDBQueryException: Input: CALL deleteOldSms
[14:25:34:478179 +02:00] [Thread 16648] extDB3: SQL: Error MariaDBQueryException: You have an error in your SQL syntax; check the manual that corresponds to your MariaDB server version for the right syntax to use near 'est téléporté via MapTeleport en [5268.33,4717.72,0]')' at line 1
[14:25:34:480963 +02:00] [Thread 16648] extDB3: SQL: Error MariaDBQueryException: Input: INSERT INTO logs_alf (name, uid, type, text) VALUES ('Antonio Lopa', '76561198201065973', 'ADMIN', 'Antonio Lopa (76561198201065973) s'est téléporté via MapTeleport en [5268.33,4717.72,0]')
[14:32:36:265436 +02:00] [Thread 12464] extDB3: SQL: Error MariaDBQueryException: You have an error in your SQL syntax; check the manual that corresponds to your MariaDB server version for the right syntax to use near 'est téléporté via MapTeleport en [4355.3,4585.71,0]')' at line 1
[14:32:36:265655 +02:00] [Thread 12464] extDB3: SQL: Error MariaDBQueryException: Input: INSERT INTO logs_alf (name, uid, type, text) VALUES ('Antonio Lopa', '76561198201065973', 'ADMIN', 'Antonio Lopa (76561198201065973) s'est téléporté via MapTeleport en [4355.3,4585.71,0]')
[14:32:49:048676 +02:00] [Thread 12464] extDB3: SQL: Error MariaDBQueryException: You have an error in your SQL syntax; check the manual that corresponds to your MariaDB server version for the right syntax to use near 'est téléporté via MapTeleport en [4159,4572.99,0]')' at line 1
[14:32:49:048759 +02:00] [Thread 12464] extDB3: SQL: Error MariaDBQueryException: Input: INSERT INTO logs_alf (name, uid, type, text) VALUES ('Antonio Lopa', '76561198201065973', 'ADMIN', 'Antonio Lopa (76561198201065973) s'est téléporté via MapTeleport en [4159,4572.99,0]')
