
extDB3: https://bitbucket.org/torndeco/extdb3/wiki/Home
extDB3: Version: 1.033
extDB3: Windows Version
Message: All development for extDB3 is done on a Linux Dedicated Server
Message: If you would like to Donate to extDB3 Development
Message: https://www.paypal.com/cgi-bin/webscr?cmd=_s-xclick&hosted_button_id=2SUEFTGABTAM2
Message: Also leave a message if there is any particular feature you would like to see added.
Message: Thanks for all the people that have donated.
Message: Torndeco: 18/05/15

Message: This version was modified and include some improvement
Message: The lib was recompiled using new version of TBBMalloc, Boost and MariaDB connector
Message: The worker threads limitation was removed
Message: Steez: 30/10/2020


extDB3: Found extdb3-conf.ini
extDB3: Detected 16 Cores, Setting up 6 Worker Threads
extDB3: Detected 16 Cores, Setting up 16 Worker Threads
extDB3: ...
extDB3: ...
extDB3: ...
extDB3: ...
extDB3: ...
extDB3: ...
extDB3: ...
extDB3: ...
extDB3: ...
extDB3: ...
extDB3: ...
extDB3: ...
extDB3: ...
extDB3: ...
extDB3: ...
extDB3: ...


[18:14:29:162495 +02:00] [Thread 18296] extDB3: SQL: Initialized: Add Quotes around TEXT Datatypes mode: 2
[18:14:29:162519 +02:00] [Thread 18296] extDB3: SQL: Initialized: NULL = ""
[18:14:29:162535 +02:00] [Thread 18296] extDB3: Locked
[18:14:29:169807 +02:00] [Thread 604] extDB3: SQL: Error MariaDBQueryException: PROCEDURE armalife.deleteOldForfait does not exist
[18:14:29:169812 +02:00] [Thread 13492] extDB3: SQL: Error MariaDBQueryException: PROCEDURE armalife.deleteDeadVehicles does not exist
[18:14:29:169816 +02:00] [Thread 17900] extDB3: SQL: Error MariaDBQueryException: PROCEDURE armalife.deleteOldSms does not exist
[18:14:29:169842 +02:00] [Thread 604] extDB3: SQL: Error MariaDBQueryException: Input: CALL deleteOldForfait
[18:14:29:169875 +02:00] [Thread 17900] extDB3: SQL: Error MariaDBQueryException: Input: CALL deleteOldSms
[18:14:29:169857 +02:00] [Thread 13492] extDB3: SQL: Error MariaDBQueryException: Input: CALL deleteDeadVehicles
