
extDB3: https://bitbucket.org/torndeco/extdb3/wiki/Home
extDB3: Version: 1.033
extDB3: Windows Version
Message: All development for extDB3 is done on a Linux Dedicated Server
Message: If you would like to Donate to extDB3 Development
Message: https://www.paypal.com/cgi-bin/webscr?cmd=_s-xclick&hosted_button_id=2SUEFTGABTAM2
Message: Also leave a message if there is any particular feature you would like to see added.
Message: Thanks for all the people that have donated.
Message: Torndeco: 18/05/15

Message: This version was modified and include some improvement
Message: The lib was recompiled using new version of TBBMalloc, Boost and MariaDB connector
Message: The worker threads limitation was removed
Message: Steez: 30/10/2020


extDB3: Found extdb3-conf.ini
extDB3: Detected 16 Cores, Setting up 6 Worker Threads
extDB3: Detected 16 Cores, Setting up 16 Worker Threads
extDB3: ...
extDB3: ...
extDB3: ...
extDB3: ...
extDB3: ...
extDB3: ...
extDB3: ...
extDB3: ...
extDB3: ...
extDB3: ...
extDB3: ...
extDB3: ...
extDB3: ...
extDB3: ...
extDB3: ...
extDB3: ...


[21:01:59:043510 +02:00] [Thread 13816] extDB3: SQL: Initialized: Add Quotes around TEXT Datatypes mode: 2
[21:01:59:043534 +02:00] [Thread 13816] extDB3: SQL: Initialized: NULL = ""
[21:01:59:043550 +02:00] [Thread 13816] extDB3: Locked
[21:01:59:050012 +02:00] [Thread 14164] extDB3: SQL: Error MariaDBQueryException: PROCEDURE armalife.deleteOldForfait does not exist
[21:01:59:050012 +02:00] [Thread 16144] extDB3: SQL: Error MariaDBQueryException: PROCEDURE armalife.deleteDeadVehicles does not exist
[21:01:59:050054 +02:00] [Thread 19096] extDB3: SQL: Error MariaDBQueryException: PROCEDURE armalife.deleteOldSms does not exist
[21:01:59:050051 +02:00] [Thread 14164] extDB3: SQL: Error MariaDBQueryException: Input: CALL deleteOldForfait
[21:01:59:050066 +02:00] [Thread 19096] extDB3: SQL: Error MariaDBQueryException: Input: CALL deleteOldSms
[21:01:59:050114 +02:00] [Thread 16144] extDB3: SQL: Error MariaDBQueryException: Input: CALL deleteDeadVehicles
[21:03:09:963316 +02:00] [Thread 8544] extDB3: SQL: Error MariaDBQueryException: You have an error in your SQL syntax; check the manual that corresponds to your MariaDB server version for the right syntax to use near 'est téléporté via MapTeleport en [3346.46,4217.39,0]')' at line 1
[21:03:09:963378 +02:00] [Thread 8544] extDB3: SQL: Error MariaDBQueryException: Input: INSERT INTO logs_alf (name, uid, type, text) VALUES ('Antonio Lopa', '76561198201065973', 'ADMIN', 'Antonio Lopa (76561198201065973) s'est téléporté via MapTeleport en [3346.46,4217.39,0]')
