
extDB3: https://bitbucket.org/torndeco/extdb3/wiki/Home
extDB3: Version: 1.033
extDB3: Windows Version
Message: All development for extDB3 is done on a Linux Dedicated Server
Message: If you would like to Donate to extDB3 Development
Message: https://www.paypal.com/cgi-bin/webscr?cmd=_s-xclick&hosted_button_id=2SUEFTGABTAM2
Message: Also leave a message if there is any particular feature you would like to see added.
Message: Thanks for all the people that have donated.
Message: Torndeco: 18/05/15

Message: This version was modified and include some improvement
Message: The lib was recompiled using new version of TBBMalloc, Boost and MariaDB connector
Message: The worker threads limitation was removed
Message: Steez: 30/10/2020


extDB3: Found extdb3-conf.ini
extDB3: Detected 16 Cores, Setting up 6 Worker Threads
extDB3: Detected 16 Cores, Setting up 16 Worker Threads
extDB3: ...
extDB3: ...
extDB3: ...
extDB3: ...
extDB3: ...
extDB3: ...
extDB3: ...
extDB3: ...
extDB3: ...
extDB3: ...
extDB3: ...
extDB3: ...
extDB3: ...
extDB3: ...
extDB3: ...
extDB3: ...


[21:39:09:192192 +02:00] [Thread 18956] extDB3: SQL: Initialized: Add Quotes around TEXT Datatypes mode: 2
[21:39:09:192228 +02:00] [Thread 18956] extDB3: SQL: Initialized: NULL = ""
[21:39:09:192249 +02:00] [Thread 18956] extDB3: Locked
[21:39:09:199245 +02:00] [Thread 18760] extDB3: SQL: Error MariaDBQueryException: PROCEDURE armalife.deleteOldSms does not exist
[21:39:09:199251 +02:00] [Thread 11088] extDB3: SQL: Error MariaDBQueryException: PROCEDURE armalife.deleteDeadVehicles does not exist
[21:39:09:199266 +02:00] [Thread 18760] extDB3: SQL: Error MariaDBQueryException: Input: CALL deleteOldSms
[21:39:09:199295 +02:00] [Thread 11604] extDB3: SQL: Error MariaDBQueryException: PROCEDURE armalife.deleteOldForfait does not exist
[21:39:09:199333 +02:00] [Thread 11604] extDB3: SQL: Error MariaDBQueryException: Input: CALL deleteOldForfait
[21:39:09:199297 +02:00] [Thread 11088] extDB3: SQL: Error MariaDBQueryException: Input: CALL deleteDeadVehicles
