
extDB3: https://bitbucket.org/torndeco/extdb3/wiki/Home
extDB3: Version: 1.033
extDB3: Windows Version
Message: All development for extDB3 is done on a Linux Dedicated Server
Message: If you would like to Donate to extDB3 Development
Message: https://www.paypal.com/cgi-bin/webscr?cmd=_s-xclick&hosted_button_id=2SUEFTGABTAM2
Message: Also leave a message if there is any particular feature you would like to see added.
Message: Thanks for all the people that have donated.
Message: Torndeco: 18/05/15

Message: This version was modified and include some improvement
Message: The lib was recompiled using new version of TBBMalloc, Boost and MariaDB connector
Message: The worker threads limitation was removed
Message: Steez: 30/10/2020


extDB3: Found extdb3-conf.ini
extDB3: Detected 16 Cores, Setting up 6 Worker Threads
extDB3: Detected 16 Cores, Setting up 16 Worker Threads
extDB3: ...
extDB3: ...
extDB3: ...
extDB3: ...
extDB3: ...
extDB3: ...
extDB3: ...
extDB3: ...
extDB3: ...
extDB3: ...
extDB3: ...
extDB3: ...
extDB3: ...
extDB3: ...
extDB3: ...
extDB3: ...


[12:45:41:105317 +01:00] [Thread 19000] extDB3: SQL: Initialized: Add Quotes around TEXT Datatypes mode: 2
[12:45:41:105339 +01:00] [Thread 19000] extDB3: SQL: Initialized: NULL = ""
[12:45:41:105353 +01:00] [Thread 19000] extDB3: Locked
[12:45:41:111408 +01:00] [Thread 15848] extDB3: SQL: Error MariaDBQueryException: PROCEDURE armalife.deleteDeadVehicles does not exist
[12:45:41:111421 +01:00] [Thread 15848] extDB3: SQL: Error MariaDBQueryException: Input: CALL deleteDeadVehicles
[12:45:41:111440 +01:00] [Thread 10456] extDB3: SQL: Error MariaDBQueryException: PROCEDURE armalife.deleteOldForfait does not exist
[12:45:41:111450 +01:00] [Thread 18692] extDB3: SQL: Error MariaDBQueryException: PROCEDURE armalife.deleteOldSms does not exist
[12:45:41:111452 +01:00] [Thread 10456] extDB3: SQL: Error MariaDBQueryException: Input: CALL deleteOldForfait
[12:45:41:111459 +01:00] [Thread 18692] extDB3: SQL: Error MariaDBQueryException: Input: CALL deleteOldSms
[12:49:10:843314 +01:00] [Thread 16584] extDB3: SQL: Error MariaDBQueryException: You have an error in your SQL syntax; check the manual that corresponds to your MariaDB server version for the right syntax to use near 'action 'Animations Rapides' via le menu admin.')' at line 1
[12:49:10:843373 +01:00] [Thread 16584] extDB3: SQL: Error MariaDBQueryException: Input: INSERT INTO logs_alf (name, uid, type, text) VALUES ('Antonio Lopa', '76561198201065973', 'ADMIN', 'A utilisé l'action 'Animations Rapides' via le menu admin.')
[12:49:38:343115 +01:00] [Thread 16584] extDB3: SQL: Error MariaDBQueryException: You have an error in your SQL syntax; check the manual that corresponds to your MariaDB server version for the right syntax to use near 'est téléporté via MapTeleport en [4158.86,5891.97,0]')' at line 1
[12:49:38:343232 +01:00] [Thread 16584] extDB3: SQL: Error MariaDBQueryException: Input: INSERT INTO logs_alf (name, uid, type, text) VALUES ('Antonio Lopa', '76561198201065973', 'ADMIN', 'Antonio Lopa (76561198201065973) s'est téléporté via MapTeleport en [4158.86,5891.97,0]')
[12:49:48:583654 +01:00] [Thread 16584] extDB3: SQL: Error MariaDBQueryException: You have an error in your SQL syntax; check the manual that corresponds to your MariaDB server version for the right syntax to use near 'est téléporté via MapTeleport en [4020.02,5827.73,0]')' at line 1
[12:49:48:583727 +01:00] [Thread 16584] extDB3: SQL: Error MariaDBQueryException: Input: INSERT INTO logs_alf (name, uid, type, text) VALUES ('Antonio Lopa', '76561198201065973', 'ADMIN', 'Antonio Lopa (76561198201065973) s'est téléporté via MapTeleport en [4020.02,5827.73,0]')
[12:51:24:209279 +01:00] [Thread 17192] extDB3: SQL: Error MariaDBQueryException: You have an error in your SQL syntax; check the manual that corresponds to your MariaDB server version for the right syntax to use near 'est téléporté via MapTeleport en [6301.17,3869.82,0]')' at line 1
[12:51:24:209330 +01:00] [Thread 17192] extDB3: SQL: Error MariaDBQueryException: Input: INSERT INTO logs_alf (name, uid, type, text) VALUES ('Antonio Lopa', '76561198201065973', 'ADMIN', 'Antonio Lopa (76561198201065973) s'est téléporté via MapTeleport en [6301.17,3869.82,0]')
[12:54:13:768889 +01:00] [Thread 17192] extDB3: SQL: Error MariaDBQueryException: You have an error in your SQL syntax; check the manual that corresponds to your MariaDB server version for the right syntax to use near 'est téléporté via MapTeleport en [4468.09,7549.04,0]')' at line 1
[12:54:13:768958 +01:00] [Thread 17192] extDB3: SQL: Error MariaDBQueryException: Input: INSERT INTO logs_alf (name, uid, type, text) VALUES ('Antonio Lopa', '76561198201065973', 'ADMIN', 'Antonio Lopa (76561198201065973) s'est téléporté via MapTeleport en [4468.09,7549.04,0]')
