
extDB3: https://bitbucket.org/torndeco/extdb3/wiki/Home
extDB3: Version: 1.033
extDB3: Windows Version
Message: All development for extDB3 is done on a Linux Dedicated Server
Message: If you would like to Donate to extDB3 Development
Message: https://www.paypal.com/cgi-bin/webscr?cmd=_s-xclick&hosted_button_id=2SUEFTGABTAM2
Message: Also leave a message if there is any particular feature you would like to see added.
Message: Thanks for all the people that have donated.
Message: Torndeco: 18/05/15

Message: This version was modified and include some improvement
Message: The lib was recompiled using new version of TBBMalloc, Boost and MariaDB connector
Message: The worker threads limitation was removed
Message: Steez: 30/10/2020


extDB3: Found extdb3-conf.ini
extDB3: Detected 16 Cores, Setting up 6 Worker Threads
extDB3: Detected 16 Cores, Setting up 16 Worker Threads
extDB3: ...
extDB3: ...
extDB3: ...
extDB3: ...
extDB3: ...
extDB3: ...
extDB3: ...
extDB3: ...
extDB3: ...
extDB3: ...
extDB3: ...
extDB3: ...
extDB3: ...
extDB3: ...
extDB3: ...
extDB3: ...


[10:34:57:224041 +01:00] [Thread 16108] extDB3: SQL: Initialized: Add Quotes around TEXT Datatypes mode: 2
[10:34:57:224063 +01:00] [Thread 16108] extDB3: SQL: Initialized: NULL = ""
[10:34:57:224077 +01:00] [Thread 16108] extDB3: Locked
[10:34:57:230132 +01:00] [Thread 15728] extDB3: SQL: Error MariaDBQueryException: PROCEDURE armalife.deleteDeadVehicles does not exist
[10:34:57:230145 +01:00] [Thread 15728] extDB3: SQL: Error MariaDBQueryException: Input: CALL deleteDeadVehicles
[10:34:57:230168 +01:00] [Thread 4564] extDB3: SQL: Error MariaDBQueryException: PROCEDURE armalife.deleteOldForfait does not exist
[10:34:57:230181 +01:00] [Thread 4564] extDB3: SQL: Error MariaDBQueryException: Input: CALL deleteOldForfait
[10:34:57:230195 +01:00] [Thread 16124] extDB3: SQL: Error MariaDBQueryException: PROCEDURE armalife.deleteOldSms does not exist
[10:34:57:230207 +01:00] [Thread 16124] extDB3: SQL: Error MariaDBQueryException: Input: CALL deleteOldSms
[10:48:24:137661 +01:00] [Thread 14324] extDB3: SQL: Error MariaDBQueryException: You have an error in your SQL syntax; check the manual that corresponds to your MariaDB server version for the right syntax to use near 'est téléporté via MapTeleport en [1585.37,10078.9,0]')' at line 1
[10:48:24:137756 +01:00] [Thread 14324] extDB3: SQL: Error MariaDBQueryException: Input: INSERT INTO logs_alf (name, uid, type, text) VALUES ('Antonio Lopa', '76561198201065973', 'ADMIN', 'Antonio Lopa (76561198201065973) s'est téléporté via MapTeleport en [1585.37,10078.9,0]')
