
extDB3: https://bitbucket.org/torndeco/extdb3/wiki/Home
extDB3: Version: 1.033
extDB3: Windows Version
Message: All development for extDB3 is done on a Linux Dedicated Server
Message: If you would like to Donate to extDB3 Development
Message: https://www.paypal.com/cgi-bin/webscr?cmd=_s-xclick&hosted_button_id=2SUEFTGABTAM2
Message: Also leave a message if there is any particular feature you would like to see added.
Message: Thanks for all the people that have donated.
Message: Torndeco: 18/05/15

Message: This version was modified and include some improvement
Message: The lib was recompiled using new version of TBBMalloc, Boost and MariaDB connector
Message: The worker threads limitation was removed
Message: Steez: 30/10/2020


extDB3: Found extdb3-conf.ini
extDB3: Detected 16 Cores, Setting up 6 Worker Threads
extDB3: Detected 16 Cores, Setting up 16 Worker Threads
extDB3: ...
extDB3: ...
extDB3: ...
extDB3: ...
extDB3: ...
extDB3: ...
extDB3: ...
extDB3: ...
extDB3: ...
extDB3: ...
extDB3: ...
extDB3: ...
extDB3: ...
extDB3: ...
extDB3: ...
extDB3: ...


[11:37:15:521484 +01:00] [Thread 15708] extDB3: SQL: Initialized: Add Quotes around TEXT Datatypes mode: 2
[11:37:15:521506 +01:00] [Thread 15708] extDB3: SQL: Initialized: NULL = ""
[11:37:15:521521 +01:00] [Thread 15708] extDB3: Locked
[11:37:15:527161 +01:00] [Thread 1668] extDB3: SQL: Error MariaDBQueryException: PROCEDURE armalife.deleteDeadVehicles does not exist
[11:37:15:527173 +01:00] [Thread 1668] extDB3: SQL: Error MariaDBQueryException: Input: CALL deleteDeadVehicles
[11:37:15:527193 +01:00] [Thread 13448] extDB3: SQL: Error MariaDBQueryException: PROCEDURE armalife.deleteOldForfait does not exist
[11:37:15:527209 +01:00] [Thread 13448] extDB3: SQL: Error MariaDBQueryException: Input: CALL deleteOldForfait
[11:37:15:527218 +01:00] [Thread 12648] extDB3: SQL: Error MariaDBQueryException: PROCEDURE armalife.deleteOldSms does not exist
[11:37:15:527231 +01:00] [Thread 12648] extDB3: SQL: Error MariaDBQueryException: Input: CALL deleteOldSms
[11:39:43:157926 +01:00] [Thread 16292] extDB3: SQL: Error MariaDBQueryException: You have an error in your SQL syntax; check the manual that corresponds to your MariaDB server version for the right syntax to use near 'est téléporté via MapTeleport en [1585.95,10079,0]')' at line 1
[11:39:43:158031 +01:00] [Thread 16292] extDB3: SQL: Error MariaDBQueryException: Input: INSERT INTO logs_alf (name, uid, type, text) VALUES ('Antonio Lopa', '76561198201065973', 'ADMIN', 'Antonio Lopa (76561198201065973) s'est téléporté via MapTeleport en [1585.95,10079,0]')
[11:40:03:008630 +01:00] [Thread 16292] extDB3: SQL: Error MariaDBQueryException: You have an error in your SQL syntax; check the manual that corresponds to your MariaDB server version for the right syntax to use near 'action 'Animations Rapides' via le menu admin.')' at line 1
[11:40:03:008678 +01:00] [Thread 16292] extDB3: SQL: Error MariaDBQueryException: Input: INSERT INTO logs_alf (name, uid, type, text) VALUES ('Antonio Lopa', '76561198201065973', 'ADMIN', 'A utilisé l'action 'Animations Rapides' via le menu admin.')
[11:44:12:288259 +01:00] [Thread 12408] extDB3: SQL: Error MariaDBQueryException: You have an error in your SQL syntax; check the manual that corresponds to your MariaDB server version for the right syntax to use near 'est téléporté via MapTeleport en [1675.17,10095.1,0]')' at line 1
[11:44:12:288315 +01:00] [Thread 12408] extDB3: SQL: Error MariaDBQueryException: Input: INSERT INTO logs_alf (name, uid, type, text) VALUES ('Antonio Lopa', '76561198201065973', 'ADMIN', 'Antonio Lopa (76561198201065973) s'est téléporté via MapTeleport en [1675.17,10095.1,0]')
[11:44:20:650029 +01:00] [Thread 12408] extDB3: SQL: Error MariaDBQueryException: You have an error in your SQL syntax; check the manual that corresponds to your MariaDB server version for the right syntax to use near 'est téléporté via MapTeleport en [1585.25,10076.5,0]')' at line 1
[11:44:20:650113 +01:00] [Thread 12408] extDB3: SQL: Error MariaDBQueryException: Input: INSERT INTO logs_alf (name, uid, type, text) VALUES ('Antonio Lopa', '76561198201065973', 'ADMIN', 'Antonio Lopa (76561198201065973) s'est téléporté via MapTeleport en [1585.25,10076.5,0]')
