
extDB3: https://bitbucket.org/torndeco/extdb3/wiki/Home
extDB3: Version: 1.033
extDB3: Windows Version
Message: All development for extDB3 is done on a Linux Dedicated Server
Message: If you would like to Donate to extDB3 Development
Message: https://www.paypal.com/cgi-bin/webscr?cmd=_s-xclick&hosted_button_id=2SUEFTGABTAM2
Message: Also leave a message if there is any particular feature you would like to see added.
Message: Thanks for all the people that have donated.
Message: Torndeco: 18/05/15

Message: This version was modified and include some improvement
Message: The lib was recompiled using new version of TBBMalloc, Boost and MariaDB connector
Message: The worker threads limitation was removed
Message: Steez: 30/10/2020


extDB3: Found extdb3-conf.ini
extDB3: Detected 16 Cores, Setting up 6 Worker Threads
extDB3: Detected 16 Cores, Setting up 16 Worker Threads
extDB3: ...
extDB3: ...
extDB3: ...
extDB3: ...
extDB3: ...
extDB3: ...
extDB3: ...
extDB3: ...
extDB3: ...
extDB3: ...
extDB3: ...
extDB3: ...
extDB3: ...
extDB3: ...
extDB3: ...
extDB3: ...


[11:09:27:456882 +01:00] [Thread 7420] extDB3: SQL: Initialized: Add Quotes around TEXT Datatypes mode: 2
[11:09:27:456904 +01:00] [Thread 7420] extDB3: SQL: Initialized: NULL = ""
[11:09:27:456918 +01:00] [Thread 7420] extDB3: Locked
[11:09:27:462938 +01:00] [Thread 7392] extDB3: SQL: Error MariaDBQueryException: PROCEDURE armalife.deleteOldSms does not exist
[11:09:27:462951 +01:00] [Thread 7392] extDB3: SQL: Error MariaDBQueryException: Input: CALL deleteOldSms
[11:09:27:462974 +01:00] [Thread 16124] extDB3: SQL: Error MariaDBQueryException: PROCEDURE armalife.deleteDeadVehicles does not exist
[11:09:27:462986 +01:00] [Thread 16124] extDB3: SQL: Error MariaDBQueryException: Input: CALL deleteDeadVehicles
[11:09:27:463019 +01:00] [Thread 9932] extDB3: SQL: Error MariaDBQueryException: PROCEDURE armalife.deleteOldForfait does not exist
[11:09:27:463031 +01:00] [Thread 9932] extDB3: SQL: Error MariaDBQueryException: Input: CALL deleteOldForfait
[11:12:17:013235 +01:00] [Thread 13480] extDB3: SQL: Error MariaDBQueryException: You have an error in your SQL syntax; check the manual that corresponds to your MariaDB server version for the right syntax to use near 'est téléporté via MapTeleport en [1585.58,10079.2,0]')' at line 1
[11:12:17:013296 +01:00] [Thread 13480] extDB3: SQL: Error MariaDBQueryException: Input: INSERT INTO logs_alf (name, uid, type, text) VALUES ('Antonio Lopa', '76561198201065973', 'ADMIN', 'Antonio Lopa (76561198201065973) s'est téléporté via MapTeleport en [1585.58,10079.2,0]')
[11:15:03:523685 +01:00] [Thread 16124] extDB3: SQL: Error MariaDBQueryException: You have an error in your SQL syntax; check the manual that corresponds to your MariaDB server version for the right syntax to use near 'est téléporté via MapTeleport en [1685.15,10099.3,0]')' at line 1
[11:15:03:523742 +01:00] [Thread 16124] extDB3: SQL: Error MariaDBQueryException: Input: INSERT INTO logs_alf (name, uid, type, text) VALUES ('Antonio Lopa', '76561198201065973', 'ADMIN', 'Antonio Lopa (76561198201065973) s'est téléporté via MapTeleport en [1685.15,10099.3,0]')
