
extDB3: https://bitbucket.org/torndeco/extdb3/wiki/Home
extDB3: Version: 1.033
extDB3: Windows Version
Message: All development for extDB3 is done on a Linux Dedicated Server
Message: If you would like to Donate to extDB3 Development
Message: https://www.paypal.com/cgi-bin/webscr?cmd=_s-xclick&hosted_button_id=2SUEFTGABTAM2
Message: Also leave a message if there is any particular feature you would like to see added.
Message: Thanks for all the people that have donated.
Message: Torndeco: 18/05/15

Message: This version was modified and include some improvement
Message: The lib was recompiled using new version of TBBMalloc, Boost and MariaDB connector
Message: The worker threads limitation was removed
Message: Steez: 30/10/2020


extDB3: Found extdb3-conf.ini
extDB3: Detected 16 Cores, Setting up 6 Worker Threads
extDB3: Detected 16 Cores, Setting up 16 Worker Threads
extDB3: ...
extDB3: ...
extDB3: ...
extDB3: ...
extDB3: ...
extDB3: ...
extDB3: ...
extDB3: ...
extDB3: ...
extDB3: ...
extDB3: ...
extDB3: ...
extDB3: ...
extDB3: ...
extDB3: ...
extDB3: ...


[11:22:04:811250 +02:00] [Thread 11416] extDB3: SQL: Initialized: Add Quotes around TEXT Datatypes mode: 2
[11:22:04:811273 +02:00] [Thread 11416] extDB3: SQL: Initialized: NULL = ""
[11:22:04:811289 +02:00] [Thread 11416] extDB3: Locked
[11:22:04:819061 +02:00] [Thread 11348] extDB3: SQL: Error MariaDBQueryException: PROCEDURE armalife.deleteDeadVehicles does not exist
[11:22:04:819062 +02:00] [Thread 11620] extDB3: SQL: Error MariaDBQueryException: PROCEDURE armalife.deleteOldSms does not exist
[11:22:04:819115 +02:00] [Thread 11620] extDB3: SQL: Error MariaDBQueryException: Input: CALL deleteOldSms
[11:22:04:819114 +02:00] [Thread 11720] extDB3: SQL: Error MariaDBQueryException: PROCEDURE armalife.deleteOldForfait does not exist
[11:22:04:819146 +02:00] [Thread 11720] extDB3: SQL: Error MariaDBQueryException: Input: CALL deleteOldForfait
[11:22:04:819086 +02:00] [Thread 11348] extDB3: SQL: Error MariaDBQueryException: Input: CALL deleteDeadVehicles
[11:25:15:742591 +02:00] [Thread 11008] extDB3: SQL: Error MariaDBQueryException: You have an error in your SQL syntax; check the manual that corresponds to your MariaDB server version for the right syntax to use near 'est téléporté via MapTeleport en [6211.05,7210.45,0]')' at line 1
[11:25:15:742674 +02:00] [Thread 11008] extDB3: SQL: Error MariaDBQueryException: Input: INSERT INTO logs_alf (name, uid, type, text) VALUES ('Antonio Lopa', '76561198201065973', 'ADMIN', 'Antonio Lopa (76561198201065973) s'est téléporté via MapTeleport en [6211.05,7210.45,0]')
[11:25:50:996072 +02:00] [Thread 11008] extDB3: SQL: Error MariaDBQueryException: You have an error in your SQL syntax; check the manual that corresponds to your MariaDB server version for the right syntax to use near 'est téléporté via MapTeleport en [4740.96,8981.96,0]')' at line 1
[11:25:50:996148 +02:00] [Thread 11008] extDB3: SQL: Error MariaDBQueryException: Input: INSERT INTO logs_alf (name, uid, type, text) VALUES ('Antonio Lopa', '76561198201065973', 'ADMIN', 'Antonio Lopa (76561198201065973) s'est téléporté via MapTeleport en [4740.96,8981.96,0]')
[11:26:05:768265 +02:00] [Thread 11008] extDB3: SQL: Error MariaDBQueryException: You have an error in your SQL syntax; check the manual that corresponds to your MariaDB server version for the right syntax to use near 'est téléporté via MapTeleport en [6211.01,7211.12,0]')' at line 1
[11:26:05:768325 +02:00] [Thread 11008] extDB3: SQL: Error MariaDBQueryException: Input: INSERT INTO logs_alf (name, uid, type, text) VALUES ('Antonio Lopa', '76561198201065973', 'ADMIN', 'Antonio Lopa (76561198201065973) s'est téléporté via MapTeleport en [6211.01,7211.12,0]')
[11:38:29:980072 +02:00] [Thread 11620] extDB3: SQL: Error MariaDBQueryException: You have an error in your SQL syntax; check the manual that corresponds to your MariaDB server version for the right syntax to use near 'est téléporté via MapTeleport en [6314.09,7361.13,0]')' at line 1
[11:38:29:980136 +02:00] [Thread 11620] extDB3: SQL: Error MariaDBQueryException: Input: INSERT INTO logs_alf (name, uid, type, text) VALUES ('Antonio Lopa', '76561198201065973', 'ADMIN', 'Antonio Lopa (76561198201065973) s'est téléporté via MapTeleport en [6314.09,7361.13,0]')
[11:38:48:559350 +02:00] [Thread 11620] extDB3: SQL: Error MariaDBQueryException: You have an error in your SQL syntax; check the manual that corresponds to your MariaDB server version for the right syntax to use near 'est téléporté via MapTeleport en [4732.76,8976.56,0]')' at line 1
[11:38:48:559430 +02:00] [Thread 11620] extDB3: SQL: Error MariaDBQueryException: Input: INSERT INTO logs_alf (name, uid, type, text) VALUES ('Antonio Lopa', '76561198201065973', 'ADMIN', 'Antonio Lopa (76561198201065973) s'est téléporté via MapTeleport en [4732.76,8976.56,0]')
[11:39:08:762493 +02:00] [Thread 11620] extDB3: SQL: Error MariaDBQueryException: You have an error in your SQL syntax; check the manual that corresponds to your MariaDB server version for the right syntax to use near 'est téléporté via MapTeleport en [6520.73,7292.02,0]')' at line 1
[11:39:08:762560 +02:00] [Thread 11620] extDB3: SQL: Error MariaDBQueryException: Input: INSERT INTO logs_alf (name, uid, type, text) VALUES ('Antonio Lopa', '76561198201065973', 'ADMIN', 'Antonio Lopa (76561198201065973) s'est téléporté via MapTeleport en [6520.73,7292.02,0]')
[11:40:05:331035 +02:00] [Thread 11620] extDB3: SQL: Error MariaDBQueryException: You have an error in your SQL syntax; check the manual that corresponds to your MariaDB server version for the right syntax to use near 'est téléporté via MapTeleport en [6308,7368.15,0]')' at line 1
[11:40:05:331093 +02:00] [Thread 11620] extDB3: SQL: Error MariaDBQueryException: Input: INSERT INTO logs_alf (name, uid, type, text) VALUES ('Antonio Lopa', '76561198201065973', 'ADMIN', 'Antonio Lopa (76561198201065973) s'est téléporté via MapTeleport en [6308,7368.15,0]')
[11:44:57:357312 +02:00] [Thread 11620] extDB3: SQL: Error MariaDBQueryException: You have an error in your SQL syntax; check the manual that corresponds to your MariaDB server version for the right syntax to use near 'est téléporté via MapTeleport en [6221.86,7214.71,0]')' at line 1
[11:44:57:357391 +02:00] [Thread 11620] extDB3: SQL: Error MariaDBQueryException: Input: INSERT INTO logs_alf (name, uid, type, text) VALUES ('Antonio Lopa', '76561198201065973', 'ADMIN', 'Antonio Lopa (76561198201065973) s'est téléporté via MapTeleport en [6221.86,7214.71,0]')
