
extDB3: https://bitbucket.org/torndeco/extdb3/wiki/Home
extDB3: Version: 1.033
extDB3: Windows Version
Message: All development for extDB3 is done on a Linux Dedicated Server
Message: If you would like to Donate to extDB3 Development
Message: https://www.paypal.com/cgi-bin/webscr?cmd=_s-xclick&hosted_button_id=2SUEFTGABTAM2
Message: Also leave a message if there is any particular feature you would like to see added.
Message: Thanks for all the people that have donated.
Message: Torndeco: 18/05/15

Message: This version was modified and include some improvement
Message: The lib was recompiled using new version of TBBMalloc, Boost and MariaDB connector
Message: The worker threads limitation was removed
Message: Steez: 30/10/2020


extDB3: Found extdb3-conf.ini
extDB3: Detected 16 Cores, Setting up 6 Worker Threads
extDB3: Detected 16 Cores, Setting up 16 Worker Threads
extDB3: ...
extDB3: ...
extDB3: ...
extDB3: ...
extDB3: ...
extDB3: ...
extDB3: ...
extDB3: ...
extDB3: ...
extDB3: ...
extDB3: ...
extDB3: ...
extDB3: ...
extDB3: ...
extDB3: ...
extDB3: ...


[13:11:56:957700 +02:00] [Thread 11876] extDB3: SQL: Initialized: Add Quotes around TEXT Datatypes mode: 2
[13:11:56:957750 +02:00] [Thread 11876] extDB3: SQL: Initialized: NULL = ""
[13:11:56:957767 +02:00] [Thread 11876] extDB3: Locked
[13:11:56:966549 +02:00] [Thread 3560] extDB3: SQL: Error MariaDBQueryException: PROCEDURE armalife.deleteDeadVehicles does not exist
[13:11:56:966554 +02:00] [Thread 11880] extDB3: SQL: Error MariaDBQueryException: PROCEDURE armalife.deleteOldForfait does not exist
[13:11:56:966572 +02:00] [Thread 11424] extDB3: SQL: Error MariaDBQueryException: PROCEDURE armalife.deleteOldSms does not exist
[13:11:56:966606 +02:00] [Thread 3560] extDB3: SQL: Error MariaDBQueryException: Input: CALL deleteDeadVehicles
[13:11:56:966619 +02:00] [Thread 11880] extDB3: SQL: Error MariaDBQueryException: Input: CALL deleteOldForfait
[13:11:56:966632 +02:00] [Thread 11424] extDB3: SQL: Error MariaDBQueryException: Input: CALL deleteOldSms
[14:09:02:418379 +02:00] [Thread 13176] extDB3: SQL: Error MariaDBQueryException: You have an error in your SQL syntax; check the manual that corresponds to your MariaDB server version for the right syntax to use near 'action 'Se Rassasier' via le menu admin.')' at line 1
[14:09:02:418464 +02:00] [Thread 13176] extDB3: SQL: Error MariaDBQueryException: Input: INSERT INTO logs_alf (name, uid, type, text) VALUES ('Antonio Lopa', '76561198201065973', 'ADMIN', 'A utilisé l'action 'Se Rassasier' via le menu admin.')
[14:09:25:695514 +02:00] [Thread 13176] extDB3: SQL: Error MariaDBQueryException: You have an error in your SQL syntax; check the manual that corresponds to your MariaDB server version for the right syntax to use near 'est téléporté via MapTeleport en [6701.49,6195.91,0]')' at line 1
[14:09:25:695556 +02:00] [Thread 13176] extDB3: SQL: Error MariaDBQueryException: Input: INSERT INTO logs_alf (name, uid, type, text) VALUES ('Antonio Lopa', '76561198201065973', 'ADMIN', 'Antonio Lopa (76561198201065973) s'est téléporté via MapTeleport en [6701.49,6195.91,0]')
