
extDB3: https://bitbucket.org/torndeco/extdb3/wiki/Home
extDB3: Version: 1.033
extDB3: Windows Version
Message: All development for extDB3 is done on a Linux Dedicated Server
Message: If you would like to Donate to extDB3 Development
Message: https://www.paypal.com/cgi-bin/webscr?cmd=_s-xclick&hosted_button_id=2SUEFTGABTAM2
Message: Also leave a message if there is any particular feature you would like to see added.
Message: Thanks for all the people that have donated.
Message: Torndeco: 18/05/15

Message: This version was modified and include some improvement
Message: The lib was recompiled using new version of TBBMalloc, Boost and MariaDB connector
Message: The worker threads limitation was removed
Message: Steez: 30/10/2020


extDB3: Found extdb3-conf.ini
extDB3: Detected 16 Cores, Setting up 6 Worker Threads
extDB3: Detected 16 Cores, Setting up 16 Worker Threads
extDB3: ...
extDB3: ...
extDB3: ...
extDB3: ...
extDB3: ...
extDB3: ...
extDB3: ...
extDB3: ...
extDB3: ...
extDB3: ...
extDB3: ...
extDB3: ...
extDB3: ...
extDB3: ...
extDB3: ...
extDB3: ...


[16:43:21:439950 +02:00] [Thread 10812] extDB3: SQL: Initialized: Add Quotes around TEXT Datatypes mode: 2
[16:43:21:440011 +02:00] [Thread 10812] extDB3: SQL: Initialized: NULL = ""
[16:43:21:440041 +02:00] [Thread 10812] extDB3: Locked
[16:43:24:400135 +02:00] [Thread 10008] extDB3: SQL: Error MariaDBQueryException: Table 'armalife.atm_dispo' doesn't exist
[16:43:24:400201 +02:00] [Thread 10008] extDB3: SQL: Error MariaDBQueryException: Input: SELECT pos_x, pos_y, cash_available FROM atm_dispo
[16:43:27:981200 +02:00] [Thread 10008] extDB3: SQL: Error MariaDBQueryException: 
[16:43:27:981271 +02:00] [Thread 10008] extDB3: SQL: Error MariaDBQueryException: Input: INSERT INTO atm_dispo (pos_x, pos_y, cash_available) VALUES (5011, 6754, 20000) ON DUPLICATE KEY UPDATE cash_available=20000
[16:43:27:991710 +02:00] [Thread 11236] extDB3: SQL: Error MariaDBQueryException: Table 'armalife.atm_dispo' doesn't exist
[16:43:27:991695 +02:00] [Thread 11468] extDB3: SQL: Error MariaDBQueryException: Table 'armalife.atm_dispo' doesn't exist
[16:43:27:991768 +02:00] [Thread 13180] extDB3: SQL: Error MariaDBQueryException: Table 'armalife.atm_dispo' doesn't exist
[16:43:27:991695 +02:00] [Thread 5400] extDB3: SQL: Error MariaDBQueryException: Table 'armalife.atm_dispo' doesn't exist
[16:43:27:991793 +02:00] [Thread 11604] extDB3: SQL: Error MariaDBQueryException: Table 'armalife.atm_dispo' doesn't exist
[16:43:27:991757 +02:00] [Thread 11236] extDB3: SQL: Error MariaDBQueryException: Input: INSERT INTO atm_dispo (pos_x, pos_y, cash_available) VALUES (7630, 4645, 200000) ON DUPLICATE KEY UPDATE cash_available=200000
[16:43:27:991781 +02:00] [Thread 13180] extDB3: SQL: Error MariaDBQueryException: Input: INSERT INTO atm_dispo (pos_x, pos_y, cash_available) VALUES (3677, 2223, 20000) ON DUPLICATE KEY UPDATE cash_available=20000
[16:43:27:991782 +02:00] [Thread 11468] extDB3: SQL: Error MariaDBQueryException: Input: INSERT INTO atm_dispo (pos_x, pos_y, cash_available) VALUES (4062, 4528, 20000) ON DUPLICATE KEY UPDATE cash_available=20000
[16:43:27:991763 +02:00] [Thread 2548] extDB3: SQL: Error MariaDBQueryException: Table 'armalife.atm_dispo' doesn't exist
[16:43:27:991799 +02:00] [Thread 8100] extDB3: SQL: Error MariaDBQueryException: Table 'armalife.atm_dispo' doesn't exist
[16:43:27:991925 +02:00] [Thread 10980] extDB3: SQL: Error MariaDBQueryException: Table 'armalife.atm_dispo' doesn't exist
[16:43:27:991817 +02:00] [Thread 11604] extDB3: SQL: Error MariaDBQueryException: Input: INSERT INTO atm_dispo (pos_x, pos_y, cash_available) VALUES (1137, 7229, 200000) ON DUPLICATE KEY UPDATE cash_available=200000
[16:43:27:991918 +02:00] [Thread 2548] extDB3: SQL: Error MariaDBQueryException: Input: INSERT INTO atm_dispo (pos_x, pos_y, cash_available) VALUES (3830, 9240, 20000) ON DUPLICATE KEY UPDATE cash_available=20000
[16:43:27:991800 +02:00] [Thread 5400] extDB3: SQL: Error MariaDBQueryException: Input: INSERT INTO atm_dispo (pos_x, pos_y, cash_available) VALUES (6311, 7374, 200000) ON DUPLICATE KEY UPDATE cash_available=200000
[16:43:27:991931 +02:00] [Thread 8100] extDB3: SQL: Error MariaDBQueryException: Input: INSERT INTO atm_dispo (pos_x, pos_y, cash_available) VALUES (8339, 1634, 200000) ON DUPLICATE KEY UPDATE cash_available=200000
[16:43:27:991942 +02:00] [Thread 10980] extDB3: SQL: Error MariaDBQueryException: Input: INSERT INTO atm_dispo (pos_x, pos_y, cash_available) VALUES (1891, 9925, 200000) ON DUPLICATE KEY UPDATE cash_available=200000
