
extDB3: https://bitbucket.org/torndeco/extdb3/wiki/Home
extDB3: Version: 1.033
extDB3: Windows Version
Message: All development for extDB3 is done on a Linux Dedicated Server
Message: If you would like to Donate to extDB3 Development
Message: https://www.paypal.com/cgi-bin/webscr?cmd=_s-xclick&hosted_button_id=2SUEFTGABTAM2
Message: Also leave a message if there is any particular feature you would like to see added.
Message: Thanks for all the people that have donated.
Message: Torndeco: 18/05/15

Message: This version was modified and include some improvement
Message: The lib was recompiled using new version of TBBMalloc, Boost and MariaDB connector
Message: The worker threads limitation was removed
Message: Steez: 30/10/2020


extDB3: Found extdb3-conf.ini
extDB3: Detected 16 Cores, Setting up 6 Worker Threads
extDB3: Detected 16 Cores, Setting up 16 Worker Threads
extDB3: ...
extDB3: ...
extDB3: ...
extDB3: ...
extDB3: ...
extDB3: ...
extDB3: ...
extDB3: ...
extDB3: ...
extDB3: ...
extDB3: ...
extDB3: ...
extDB3: ...
extDB3: ...
extDB3: ...
extDB3: ...


[16:05:20:499468 +02:00] [Thread 12752] extDB3: SQL: Initialized: Add Quotes around TEXT Datatypes mode: 2
[16:05:20:499491 +02:00] [Thread 12752] extDB3: SQL: Initialized: NULL = ""
[16:05:20:499506 +02:00] [Thread 12752] extDB3: Locked
[16:05:20:507260 +02:00] [Thread 5496] extDB3: SQL: Error MariaDBQueryException: PROCEDURE armalife.deleteOldSms does not exist
[16:05:20:507300 +02:00] [Thread 5496] extDB3: SQL: Error MariaDBQueryException: Input: CALL deleteOldSms
[16:05:20:507305 +02:00] [Thread 13140] extDB3: SQL: Error MariaDBQueryException: PROCEDURE armalife.deleteDeadVehicles does not exist
[16:05:20:507316 +02:00] [Thread 8824] extDB3: SQL: Error MariaDBQueryException: PROCEDURE armalife.deleteOldForfait does not exist
[16:05:20:507319 +02:00] [Thread 13140] extDB3: SQL: Error MariaDBQueryException: Input: CALL deleteDeadVehicles
[16:05:20:507336 +02:00] [Thread 8824] extDB3: SQL: Error MariaDBQueryException: Input: CALL deleteOldForfait
[16:08:28:143002 +02:00] [Thread 11860] extDB3: SQL: Error MariaDBQueryException: You have an error in your SQL syntax; check the manual that corresponds to your MariaDB server version for the right syntax to use near 'est téléporté via MapTeleport en [1171.1,6754.33,0]')' at line 1
[16:08:28:143084 +02:00] [Thread 11860] extDB3: SQL: Error MariaDBQueryException: Input: INSERT INTO logs_alf (name, uid, type, text) VALUES ('Antonio Lopa', '76561198201065973', 'ADMIN', 'Antonio Lopa (76561198201065973) s'est téléporté via MapTeleport en [1171.1,6754.33,0]')
[16:12:41:829543 +02:00] [Thread 6644] extDB3: SQL: Error MariaDBQueryException: You have an error in your SQL syntax; check the manual that corresponds to your MariaDB server version for the right syntax to use near 'est téléporté via MapTeleport en [6695.68,6218.57,0]')' at line 1
[16:12:41:829597 +02:00] [Thread 6644] extDB3: SQL: Error MariaDBQueryException: Input: INSERT INTO logs_alf (name, uid, type, text) VALUES ('Antonio Lopa', '76561198201065973', 'ADMIN', 'Antonio Lopa (76561198201065973) s'est téléporté via MapTeleport en [6695.68,6218.57,0]')
[16:21:19:582768 +02:00] [Thread 12772] extDB3: SQL: Error MariaDBQueryException: You have an error in your SQL syntax; check the manual that corresponds to your MariaDB server version for the right syntax to use near 'est téléporté via MapTeleport en [4895.67,3082.59,0]')' at line 1
[16:21:19:582843 +02:00] [Thread 12772] extDB3: SQL: Error MariaDBQueryException: Input: INSERT INTO logs_alf (name, uid, type, text) VALUES ('Antonio Lopa', '76561198201065973', 'ADMIN', 'Antonio Lopa (76561198201065973) s'est téléporté via MapTeleport en [4895.67,3082.59,0]')
[16:21:42:461060 +02:00] [Thread 12772] extDB3: SQL: Error MariaDBQueryException: You have an error in your SQL syntax; check the manual that corresponds to your MariaDB server version for the right syntax to use near 'est téléporté via MapTeleport en [8127.36,1769.31,0]')' at line 1
[16:21:42:461122 +02:00] [Thread 12772] extDB3: SQL: Error MariaDBQueryException: Input: INSERT INTO logs_alf (name, uid, type, text) VALUES ('Antonio Lopa', '76561198201065973', 'ADMIN', 'Antonio Lopa (76561198201065973) s'est téléporté via MapTeleport en [8127.36,1769.31,0]')
[16:21:48:793694 +02:00] [Thread 12772] extDB3: SQL: Error MariaDBQueryException: You have an error in your SQL syntax; check the manual that corresponds to your MariaDB server version for the right syntax to use near 'est téléporté via MapTeleport en [4868.91,3079.12,0]')' at line 1
[16:21:48:793768 +02:00] [Thread 12772] extDB3: SQL: Error MariaDBQueryException: Input: INSERT INTO logs_alf (name, uid, type, text) VALUES ('Antonio Lopa', '76561198201065973', 'ADMIN', 'Antonio Lopa (76561198201065973) s'est téléporté via MapTeleport en [4868.91,3079.12,0]')
[16:22:10:891051 +02:00] [Thread 12772] extDB3: SQL: Error MariaDBQueryException: You have an error in your SQL syntax; check the manual that corresponds to your MariaDB server version for the right syntax to use near 'est téléporté via MapTeleport en [7606.62,4713.53,0]')' at line 1
[16:22:10:891118 +02:00] [Thread 12772] extDB3: SQL: Error MariaDBQueryException: Input: INSERT INTO logs_alf (name, uid, type, text) VALUES ('Antonio Lopa', '76561198201065973', 'ADMIN', 'Antonio Lopa (76561198201065973) s'est téléporté via MapTeleport en [7606.62,4713.53,0]')
[16:23:51:846304 +02:00] [Thread 12772] extDB3: SQL: Error MariaDBQueryException: You have an error in your SQL syntax; check the manual that corresponds to your MariaDB server version for the right syntax to use near 'est téléporté via MapTeleport en [2556.11,8600.05,0]')' at line 1
[16:23:51:846369 +02:00] [Thread 12772] extDB3: SQL: Error MariaDBQueryException: Input: INSERT INTO logs_alf (name, uid, type, text) VALUES ('Antonio Lopa', '76561198201065973', 'ADMIN', 'Antonio Lopa (76561198201065973) s'est téléporté via MapTeleport en [2556.11,8600.05,0]')
