
extDB3: https://bitbucket.org/torndeco/extdb3/wiki/Home
extDB3: Version: 1.033
extDB3: Windows Version
Message: All development for extDB3 is done on a Linux Dedicated Server
Message: If you would like to Donate to extDB3 Development
Message: https://www.paypal.com/cgi-bin/webscr?cmd=_s-xclick&hosted_button_id=2SUEFTGABTAM2
Message: Also leave a message if there is any particular feature you would like to see added.
Message: Thanks for all the people that have donated.
Message: Torndeco: 18/05/15

Message: This version was modified and include some improvement
Message: The lib was recompiled using new version of TBBMalloc, Boost and MariaDB connector
Message: The worker threads limitation was removed
Message: Steez: 30/10/2020


extDB3: Found extdb3-conf.ini
extDB3: Detected 16 Cores, Setting up 6 Worker Threads
extDB3: Detected 16 Cores, Setting up 16 Worker Threads
extDB3: ...
extDB3: ...
extDB3: ...
extDB3: ...
extDB3: ...
extDB3: ...
extDB3: ...
extDB3: ...
extDB3: ...
extDB3: ...
extDB3: ...
extDB3: ...
extDB3: ...
extDB3: ...
extDB3: ...
extDB3: ...


[17:20:10:385776 +02:00] [Thread 13012] extDB3: SQL: Initialized: Add Quotes around TEXT Datatypes mode: 2
[17:20:10:385800 +02:00] [Thread 13012] extDB3: SQL: Initialized: NULL = ""
[17:20:10:385816 +02:00] [Thread 13012] extDB3: Locked
[17:20:10:391836 +02:00] [Thread 6064] extDB3: SQL: Error MariaDBQueryException: PROCEDURE armalife.deleteOldForfait does not exist
[17:20:10:391848 +02:00] [Thread 6064] extDB3: SQL: Error MariaDBQueryException: Input: CALL deleteOldForfait
[17:20:10:391865 +02:00] [Thread 8796] extDB3: SQL: Error MariaDBQueryException: PROCEDURE armalife.deleteOldSms does not exist
[17:20:10:391878 +02:00] [Thread 8796] extDB3: SQL: Error MariaDBQueryException: Input: CALL deleteOldSms
[17:20:10:391906 +02:00] [Thread 12960] extDB3: SQL: Error MariaDBQueryException: PROCEDURE armalife.deleteDeadVehicles does not exist
[17:20:10:391913 +02:00] [Thread 12960] extDB3: SQL: Error MariaDBQueryException: Input: CALL deleteDeadVehicles
[17:22:16:482416 +02:00] [Thread 9924] extDB3: SQL: Error MariaDBQueryException: You have an error in your SQL syntax; check the manual that corresponds to your MariaDB server version for the right syntax to use near 'est téléporté via MapTeleport en [6289.31,7284.07,0]')' at line 1
[17:22:16:482511 +02:00] [Thread 9924] extDB3: SQL: Error MariaDBQueryException: Input: INSERT INTO logs_alf (name, uid, type, text) VALUES ('Antonio Lopa', '76561198201065973', 'ADMIN', 'Antonio Lopa (76561198201065973) s'est téléporté via MapTeleport en [6289.31,7284.07,0]')
[17:22:29:490847 +02:00] [Thread 9924] extDB3: SQL: Error MariaDBQueryException: You have an error in your SQL syntax; check the manual that corresponds to your MariaDB server version for the right syntax to use near 'est téléporté via MapTeleport en [6694.36,6203.37,0]')' at line 1
[17:22:29:490914 +02:00] [Thread 9924] extDB3: SQL: Error MariaDBQueryException: Input: INSERT INTO logs_alf (name, uid, type, text) VALUES ('Antonio Lopa', '76561198201065973', 'ADMIN', 'Antonio Lopa (76561198201065973) s'est téléporté via MapTeleport en [6694.36,6203.37,0]')
[17:26:40:877892 +02:00] [Thread 11836] extDB3: SQL: Error MariaDBQueryException: You have an error in your SQL syntax; check the manual that corresponds to your MariaDB server version for the right syntax to use near 'est téléporté via MapTeleport en [430.617,9215.29,0]')' at line 1
[17:26:40:877957 +02:00] [Thread 11836] extDB3: SQL: Error MariaDBQueryException: Input: INSERT INTO logs_alf (name, uid, type, text) VALUES ('Antonio Lopa', '76561198201065973', 'ADMIN', 'Antonio Lopa (76561198201065973) s'est téléporté via MapTeleport en [430.617,9215.29,0]')
[17:27:21:324104 +02:00] [Thread 11836] extDB3: SQL: Error MariaDBQueryException: You have an error in your SQL syntax; check the manual that corresponds to your MariaDB server version for the right syntax to use near 'est téléporté via MapTeleport en [4679.65,3209.58,0]')' at line 1
[17:27:21:324171 +02:00] [Thread 11836] extDB3: SQL: Error MariaDBQueryException: Input: INSERT INTO logs_alf (name, uid, type, text) VALUES ('Antonio Lopa', '76561198201065973', 'ADMIN', 'Antonio Lopa (76561198201065973) s'est téléporté via MapTeleport en [4679.65,3209.58,0]')
[17:32:28:578004 +02:00] [Thread 11684] extDB3: SQL: Error MariaDBQueryException: You have an error in your SQL syntax; check the manual that corresponds to your MariaDB server version for the right syntax to use near 'est téléporté via MapTeleport en [8343.61,1661.24,0]')' at line 1
[17:32:28:578059 +02:00] [Thread 11684] extDB3: SQL: Error MariaDBQueryException: Input: INSERT INTO logs_alf (name, uid, type, text) VALUES ('Antonio Lopa', '76561198201065973', 'ADMIN', 'Antonio Lopa (76561198201065973) s'est téléporté via MapTeleport en [8343.61,1661.24,0]')
