
extDB3: https://bitbucket.org/torndeco/extdb3/wiki/Home
extDB3: Version: 1.033
extDB3: Windows Version
Message: All development for extDB3 is done on a Linux Dedicated Server
Message: If you would like to Donate to extDB3 Development
Message: https://www.paypal.com/cgi-bin/webscr?cmd=_s-xclick&hosted_button_id=2SUEFTGABTAM2
Message: Also leave a message if there is any particular feature you would like to see added.
Message: Thanks for all the people that have donated.
Message: Torndeco: 18/05/15

Message: This version was modified and include some improvement
Message: The lib was recompiled using new version of TBBMalloc, Boost and MariaDB connector
Message: The worker threads limitation was removed
Message: Steez: 30/10/2020


extDB3: Found extdb3-conf.ini
extDB3: Detected 16 Cores, Setting up 6 Worker Threads
extDB3: Detected 16 Cores, Setting up 16 Worker Threads
extDB3: ...
extDB3: ...
extDB3: ...
extDB3: ...
extDB3: ...
extDB3: ...
extDB3: ...
extDB3: ...
extDB3: ...
extDB3: ...
extDB3: ...
extDB3: ...
extDB3: ...
extDB3: ...
extDB3: ...
extDB3: ...


[09:32:08:734489 +02:00] [Thread 7196] extDB3: SQL: Initialized: Add Quotes around TEXT Datatypes mode: 2
[09:32:08:734510 +02:00] [Thread 7196] extDB3: SQL: Initialized: NULL = ""
[09:32:08:734525 +02:00] [Thread 7196] extDB3: Locked
[09:32:08:740560 +02:00] [Thread 4152] extDB3: SQL: Error MariaDBQueryException: PROCEDURE armalife.deleteDeadVehicles does not exist
[09:32:08:740584 +02:00] [Thread 8140] extDB3: SQL: Error MariaDBQueryException: PROCEDURE armalife.deleteOldSms does not exist
[09:32:08:740621 +02:00] [Thread 8140] extDB3: SQL: Error MariaDBQueryException: Input: CALL deleteOldSms
[09:32:08:740587 +02:00] [Thread 7016] extDB3: SQL: Error MariaDBQueryException: PROCEDURE armalife.deleteOldForfait does not exist
[09:32:08:740660 +02:00] [Thread 7016] extDB3: SQL: Error MariaDBQueryException: Input: CALL deleteOldForfait
[09:32:08:740592 +02:00] [Thread 4152] extDB3: SQL: Error MariaDBQueryException: Input: CALL deleteDeadVehicles
[09:34:39:603247 +02:00] [Thread 7220] extDB3: SQL: Error MariaDBQueryException: You have an error in your SQL syntax; check the manual that corresponds to your MariaDB server version for the right syntax to use near 'est téléporté via MapTeleport en [4248.44,4264.88,0]')' at line 1
[09:34:39:603333 +02:00] [Thread 7220] extDB3: SQL: Error MariaDBQueryException: Input: INSERT INTO logs_alf (name, uid, type, text) VALUES ('Antonio Lopa', '76561198201065973', 'ADMIN', 'Antonio Lopa (76561198201065973) s'est téléporté via MapTeleport en [4248.44,4264.88,0]')
[09:43:34:754264 +02:00] [Thread 7016] extDB3: SQL: Error MariaDBQueryException: You have an error in your SQL syntax; check the manual that corresponds to your MariaDB server version for the right syntax to use near 'est téléporté via MapTeleport en [6703.39,6209.24,0]')' at line 1
[09:43:34:754308 +02:00] [Thread 7016] extDB3: SQL: Error MariaDBQueryException: Input: INSERT INTO logs_alf (name, uid, type, text) VALUES ('Antonio Lopa', '76561198201065973', 'ADMIN', 'Antonio Lopa (76561198201065973) s'est téléporté via MapTeleport en [6703.39,6209.24,0]')
