
extDB3: https://bitbucket.org/torndeco/extdb3/wiki/Home
extDB3: Version: 1.033
extDB3: Windows Version
Message: All development for extDB3 is done on a Linux Dedicated Server
Message: If you would like to Donate to extDB3 Development
Message: https://www.paypal.com/cgi-bin/webscr?cmd=_s-xclick&hosted_button_id=2SUEFTGABTAM2
Message: Also leave a message if there is any particular feature you would like to see added.
Message: Thanks for all the people that have donated.
Message: Torndeco: 18/05/15

Message: This version was modified and include some improvement
Message: The lib was recompiled using new version of TBBMalloc, Boost and MariaDB connector
Message: The worker threads limitation was removed
Message: Steez: 30/10/2020


extDB3: Found extdb3-conf.ini
extDB3: Detected 16 Cores, Setting up 6 Worker Threads
extDB3: Detected 16 Cores, Setting up 16 Worker Threads
extDB3: ...
extDB3: ...
extDB3: ...
extDB3: ...
extDB3: ...
extDB3: ...
extDB3: ...
extDB3: ...
extDB3: ...
extDB3: ...
extDB3: ...
extDB3: ...
extDB3: ...
extDB3: ...
extDB3: ...
extDB3: ...


[18:26:12:384746 +01:00] [Thread 7368] extDB3: SQL: Initialized: Add Quotes around TEXT Datatypes mode: 2
[18:26:12:384767 +01:00] [Thread 7368] extDB3: SQL: Initialized: NULL = ""
[18:26:12:384782 +01:00] [Thread 7368] extDB3: Locked
[18:26:12:391305 +01:00] [Thread 15652] extDB3: SQL: Error MariaDBQueryException: PROCEDURE armalife.deleteDeadVehicles does not exist
[18:26:12:391311 +01:00] [Thread 16664] extDB3: SQL: Error MariaDBQueryException: PROCEDURE armalife.deleteOldForfait does not exist
[18:26:12:391318 +01:00] [Thread 15652] extDB3: SQL: Error MariaDBQueryException: Input: CALL deleteDeadVehicles
[18:26:12:391330 +01:00] [Thread 16664] extDB3: SQL: Error MariaDBQueryException: Input: CALL deleteOldForfait
[18:26:12:391347 +01:00] [Thread 17140] extDB3: SQL: Error MariaDBQueryException: PROCEDURE armalife.deleteOldSms does not exist
[18:26:12:391360 +01:00] [Thread 17140] extDB3: SQL: Error MariaDBQueryException: Input: CALL deleteOldSms
[18:38:28:294667 +01:00] [Thread 6576] extDB3: SQL: Error MariaDBQueryException: You have an error in your SQL syntax; check the manual that corresponds to your MariaDB server version for the right syntax to use near 'est téléporté via MapTeleport en [4312.81,4464.31,0]')' at line 1
[18:38:28:294748 +01:00] [Thread 6576] extDB3: SQL: Error MariaDBQueryException: Input: INSERT INTO logs_alf (name, uid, type, text) VALUES ('Antonio Lopa', '76561198201065973', 'ADMIN', 'Antonio Lopa (76561198201065973) s'est téléporté via MapTeleport en [4312.81,4464.31,0]')
[18:39:21:608827 +01:00] [Thread 6576] extDB3: SQL: Error MariaDBQueryException: You have an error in your SQL syntax; check the manual that corresponds to your MariaDB server version for the right syntax to use near 'est téléporté via MapTeleport en [1179.92,6755.07,0]')' at line 1
[18:39:21:608924 +01:00] [Thread 6576] extDB3: SQL: Error MariaDBQueryException: Input: INSERT INTO logs_alf (name, uid, type, text) VALUES ('Antonio Lopa', '76561198201065973', 'ADMIN', 'Antonio Lopa (76561198201065973) s'est téléporté via MapTeleport en [1179.92,6755.07,0]')
[18:39:57:973301 +01:00] [Thread 6576] extDB3: SQL: Error MariaDBQueryException: You have an error in your SQL syntax; check the manual that corresponds to your MariaDB server version for the right syntax to use near 'est téléporté via MapTeleport en [1133.9,7229.2,0]')' at line 1
[18:39:57:973362 +01:00] [Thread 6576] extDB3: SQL: Error MariaDBQueryException: Input: INSERT INTO logs_alf (name, uid, type, text) VALUES ('Antonio Lopa', '76561198201065973', 'ADMIN', 'Antonio Lopa (76561198201065973) s'est téléporté via MapTeleport en [1133.9,7229.2,0]')
[18:40:28:711959 +01:00] [Thread 16628] extDB3: SQL: Error MariaDBQueryException: You have an error in your SQL syntax; check the manual that corresponds to your MariaDB server version for the right syntax to use near 'est téléporté via MapTeleport en [1188.19,6755.66,0]')' at line 1
[18:40:28:712009 +01:00] [Thread 16628] extDB3: SQL: Error MariaDBQueryException: Input: INSERT INTO logs_alf (name, uid, type, text) VALUES ('Antonio Lopa', '76561198201065973', 'ADMIN', 'Antonio Lopa (76561198201065973) s'est téléporté via MapTeleport en [1188.19,6755.66,0]')
