
extDB3: https://bitbucket.org/torndeco/extdb3/wiki/Home
extDB3: Version: 1.033
extDB3: Windows Version
Message: All development for extDB3 is done on a Linux Dedicated Server
Message: If you would like to Donate to extDB3 Development
Message: https://www.paypal.com/cgi-bin/webscr?cmd=_s-xclick&hosted_button_id=2SUEFTGABTAM2
Message: Also leave a message if there is any particular feature you would like to see added.
Message: Thanks for all the people that have donated.
Message: Torndeco: 18/05/15

Message: This version was modified and include some improvement
Message: The lib was recompiled using new version of TBBMalloc, Boost and MariaDB connector
Message: The worker threads limitation was removed
Message: Steez: 30/10/2020


extDB3: Found extdb3-conf.ini
extDB3: Detected 16 Cores, Setting up 6 Worker Threads
extDB3: Detected 16 Cores, Setting up 16 Worker Threads
extDB3: ...
extDB3: ...
extDB3: ...
extDB3: ...
extDB3: ...
extDB3: ...
extDB3: ...
extDB3: ...
extDB3: ...
extDB3: ...
extDB3: ...
extDB3: ...
extDB3: ...
extDB3: ...
extDB3: ...
extDB3: ...


[10:17:31:315148 +01:00] [Thread 11008] extDB3: SQL: Initialized: Add Quotes around TEXT Datatypes mode: 2
[10:17:31:315172 +01:00] [Thread 11008] extDB3: SQL: Initialized: NULL = ""
[10:17:31:315188 +01:00] [Thread 11008] extDB3: Locked
[10:17:31:322662 +01:00] [Thread 18204] extDB3: SQL: Error MariaDBQueryException: PROCEDURE armalife.deleteOldSms does not exist
[10:17:31:322678 +01:00] [Thread 17920] extDB3: SQL: Error MariaDBQueryException: PROCEDURE armalife.deleteDeadVehicles does not exist
[10:17:31:322709 +01:00] [Thread 18204] extDB3: SQL: Error MariaDBQueryException: Input: CALL deleteOldSms
[10:17:31:322722 +01:00] [Thread 15868] extDB3: SQL: Error MariaDBQueryException: PROCEDURE armalife.deleteOldForfait does not exist
[10:17:31:322724 +01:00] [Thread 17920] extDB3: SQL: Error MariaDBQueryException: Input: CALL deleteDeadVehicles
[10:17:31:322748 +01:00] [Thread 15868] extDB3: SQL: Error MariaDBQueryException: Input: CALL deleteOldForfait
[10:19:52:900821 +01:00] [Thread 20288] extDB3: SQL: Error MariaDBQueryException: You have an error in your SQL syntax; check the manual that corresponds to your MariaDB server version for the right syntax to use near 'est téléporté via MapTeleport en [6157.91,7403.9,0]')' at line 1
[10:19:52:900891 +01:00] [Thread 20288] extDB3: SQL: Error MariaDBQueryException: Input: INSERT INTO logs_alf (name, uid, type, text) VALUES ('Antonio Lopa', '76561198201065973', 'ADMIN', 'Antonio Lopa (76561198201065973) s'est téléporté via MapTeleport en [6157.91,7403.9,0]')
[10:20:00:948528 +01:00] [Thread 20288] extDB3: SQL: Error MariaDBQueryException: You have an error in your SQL syntax; check the manual that corresponds to your MariaDB server version for the right syntax to use near 'action 'Animations Rapides' via le menu admin.')' at line 1
[10:20:00:948609 +01:00] [Thread 20288] extDB3: SQL: Error MariaDBQueryException: Input: INSERT INTO logs_alf (name, uid, type, text) VALUES ('Antonio Lopa', '76561198201065973', 'ADMIN', 'A utilisé l'action 'Animations Rapides' via le menu admin.')
[10:21:28:342831 +01:00] [Thread 20288] extDB3: SQL: Error MariaDBQueryException: You have an error in your SQL syntax; check the manual that corresponds to your MariaDB server version for the right syntax to use near 'est téléporté via MapTeleport en [6519.07,7289.13,0]')' at line 1
[10:21:28:342892 +01:00] [Thread 20288] extDB3: SQL: Error MariaDBQueryException: Input: INSERT INTO logs_alf (name, uid, type, text) VALUES ('Antonio Lopa', '76561198201065973', 'ADMIN', 'Antonio Lopa (76561198201065973) s'est téléporté via MapTeleport en [6519.07,7289.13,0]')
[10:23:01:273503 +01:00] [Thread 20236] extDB3: SQL: Error MariaDBQueryException: You have an error in your SQL syntax; check the manual that corresponds to your MariaDB server version for the right syntax to use near 'est téléporté via MapTeleport en [6193.25,7214.11,0]')' at line 1
[10:23:01:273551 +01:00] [Thread 20236] extDB3: SQL: Error MariaDBQueryException: Input: INSERT INTO logs_alf (name, uid, type, text) VALUES ('Antonio Lopa', '76561198201065973', 'ADMIN', 'Antonio Lopa (76561198201065973) s'est téléporté via MapTeleport en [6193.25,7214.11,0]')
[10:46:53:610389 +01:00] [Thread 17920] extDB3: SQL: Error MariaDBQueryException: You have an error in your SQL syntax; check the manual that corresponds to your MariaDB server version for the right syntax to use near 'est téléporté via MapTeleport en [3911.13,4617.49,0]')' at line 1
[10:46:53:610497 +01:00] [Thread 17920] extDB3: SQL: Error MariaDBQueryException: Input: INSERT INTO logs_alf (name, uid, type, text) VALUES ('Antonio Lopa', '76561198201065973', 'ADMIN', 'Antonio Lopa (76561198201065973) s'est téléporté via MapTeleport en [3911.13,4617.49,0]')
