
extDB3: https://bitbucket.org/torndeco/extdb3/wiki/Home
extDB3: Version: 1.033
extDB3: Windows Version
Message: All development for extDB3 is done on a Linux Dedicated Server
Message: If you would like to Donate to extDB3 Development
Message: https://www.paypal.com/cgi-bin/webscr?cmd=_s-xclick&hosted_button_id=2SUEFTGABTAM2
Message: Also leave a message if there is any particular feature you would like to see added.
Message: Thanks for all the people that have donated.
Message: Torndeco: 18/05/15

Message: This version was modified and include some improvement
Message: The lib was recompiled using new version of TBBMalloc, Boost and MariaDB connector
Message: The worker threads limitation was removed
Message: Steez: 30/10/2020


extDB3: Found extdb3-conf.ini
extDB3: Detected 16 Cores, Setting up 6 Worker Threads
extDB3: Detected 16 Cores, Setting up 16 Worker Threads
extDB3: ...
extDB3: ...
extDB3: ...
extDB3: ...
extDB3: ...
extDB3: ...
extDB3: ...
extDB3: ...
extDB3: ...
extDB3: ...
extDB3: ...
extDB3: ...
extDB3: ...
extDB3: ...
extDB3: ...
extDB3: ...


[11:53:58:978139 +01:00] [Thread 20072] extDB3: SQL: Initialized: Add Quotes around TEXT Datatypes mode: 2
[11:53:58:978163 +01:00] [Thread 20072] extDB3: SQL: Initialized: NULL = ""
[11:53:58:978178 +01:00] [Thread 20072] extDB3: Locked
[11:53:58:985671 +01:00] [Thread 21076] extDB3: SQL: Error MariaDBQueryException: PROCEDURE armalife.deleteDeadVehicles does not exist
[11:53:58:985690 +01:00] [Thread 21076] extDB3: SQL: Error MariaDBQueryException: Input: CALL deleteDeadVehicles
[11:53:58:985708 +01:00] [Thread 18520] extDB3: SQL: Error MariaDBQueryException: PROCEDURE armalife.deleteOldSms does not exist
[11:53:58:985713 +01:00] [Thread 21416] extDB3: SQL: Error MariaDBQueryException: PROCEDURE armalife.deleteOldForfait does not exist
[11:53:58:985721 +01:00] [Thread 18520] extDB3: SQL: Error MariaDBQueryException: Input: CALL deleteOldSms
[11:53:58:985731 +01:00] [Thread 21416] extDB3: SQL: Error MariaDBQueryException: Input: CALL deleteOldForfait
[11:56:14:450982 +01:00] [Thread 20200] extDB3: SQL: Error MariaDBQueryException: You have an error in your SQL syntax; check the manual that corresponds to your MariaDB server version for the right syntax to use near 'est téléporté via MapTeleport en [6208.22,7215.97,0]')' at line 1
[11:56:14:451050 +01:00] [Thread 20200] extDB3: SQL: Error MariaDBQueryException: Input: INSERT INTO logs_alf (name, uid, type, text) VALUES ('Antonio Lopa', '76561198201065973', 'ADMIN', 'Antonio Lopa (76561198201065973) s'est téléporté via MapTeleport en [6208.22,7215.97,0]')
[12:00:21:857705 +01:00] [Thread 21240] extDB3: SQL: Error MariaDBQueryException: You have an error in your SQL syntax; check the manual that corresponds to your MariaDB server version for the right syntax to use near 'est téléporté via MapTeleport en [2553.94,8600.78,0]')' at line 1
[12:00:21:857749 +01:00] [Thread 21240] extDB3: SQL: Error MariaDBQueryException: Input: INSERT INTO logs_alf (name, uid, type, text) VALUES ('Antonio Lopa', '76561198201065973', 'ADMIN', 'Antonio Lopa (76561198201065973) s'est téléporté via MapTeleport en [2553.94,8600.78,0]')
[12:00:33:183838 +01:00] [Thread 21240] extDB3: SQL: Error MariaDBQueryException: You have an error in your SQL syntax; check the manual that corresponds to your MariaDB server version for the right syntax to use near 'est téléporté via MapTeleport en [3836.78,9239.17,0]')' at line 1
[12:00:33:183895 +01:00] [Thread 21240] extDB3: SQL: Error MariaDBQueryException: Input: INSERT INTO logs_alf (name, uid, type, text) VALUES ('Antonio Lopa', '76561198201065973', 'ADMIN', 'Antonio Lopa (76561198201065973) s'est téléporté via MapTeleport en [3836.78,9239.17,0]')
[12:00:49:062699 +01:00] [Thread 21240] extDB3: SQL: Error MariaDBQueryException: You have an error in your SQL syntax; check the manual that corresponds to your MariaDB server version for the right syntax to use near 'est téléporté via MapTeleport en [430.027,9223.77,0]')' at line 1
[12:00:49:062773 +01:00] [Thread 21240] extDB3: SQL: Error MariaDBQueryException: Input: INSERT INTO logs_alf (name, uid, type, text) VALUES ('Antonio Lopa', '76561198201065973', 'ADMIN', 'Antonio Lopa (76561198201065973) s'est téléporté via MapTeleport en [430.027,9223.77,0]')
