
extDB3: https://bitbucket.org/torndeco/extdb3/wiki/Home
extDB3: Version: 1.033
extDB3: Windows Version
Message: All development for extDB3 is done on a Linux Dedicated Server
Message: If you would like to Donate to extDB3 Development
Message: https://www.paypal.com/cgi-bin/webscr?cmd=_s-xclick&hosted_button_id=2SUEFTGABTAM2
Message: Also leave a message if there is any particular feature you would like to see added.
Message: Thanks for all the people that have donated.
Message: Torndeco: 18/05/15

Message: This version was modified and include some improvement
Message: The lib was recompiled using new version of TBBMalloc, Boost and MariaDB connector
Message: The worker threads limitation was removed
Message: Steez: 30/10/2020


extDB3: Found extdb3-conf.ini
extDB3: Detected 16 Cores, Setting up 6 Worker Threads
extDB3: Detected 16 Cores, Setting up 16 Worker Threads
extDB3: ...
extDB3: ...
extDB3: ...
extDB3: ...
extDB3: ...
extDB3: ...
extDB3: ...
extDB3: ...
extDB3: ...
extDB3: ...
extDB3: ...
extDB3: ...
extDB3: ...
extDB3: ...
extDB3: ...
extDB3: ...


[12:04:08:473243 +01:00] [Thread 20632] extDB3: SQL: Initialized: Add Quotes around TEXT Datatypes mode: 2
[12:04:08:473266 +01:00] [Thread 20632] extDB3: SQL: Initialized: NULL = ""
[12:04:08:473282 +01:00] [Thread 20632] extDB3: Locked
[12:04:08:481115 +01:00] [Thread 21284] extDB3: SQL: Error MariaDBQueryException: PROCEDURE armalife.deleteOldForfait does not exist
[12:04:08:481119 +01:00] [Thread 6460] extDB3: SQL: Error MariaDBQueryException: PROCEDURE armalife.deleteDeadVehicles does not exist
[12:04:08:481123 +01:00] [Thread 20944] extDB3: SQL: Error MariaDBQueryException: PROCEDURE armalife.deleteOldSms does not exist
[12:04:08:481143 +01:00] [Thread 21284] extDB3: SQL: Error MariaDBQueryException: Input: CALL deleteOldForfait
[12:04:08:481158 +01:00] [Thread 6460] extDB3: SQL: Error MariaDBQueryException: Input: CALL deleteDeadVehicles
[12:04:08:481170 +01:00] [Thread 20944] extDB3: SQL: Error MariaDBQueryException: Input: CALL deleteOldSms
[12:10:21:403212 +01:00] [Thread 20944] extDB3: SQL: Error MariaDBQueryException: You have an error in your SQL syntax; check the manual that corresponds to your MariaDB server version for the right syntax to use near 'est téléporté via MapTeleport en [4731.31,8977.04,0]')' at line 1
[12:10:21:403302 +01:00] [Thread 20944] extDB3: SQL: Error MariaDBQueryException: Input: INSERT INTO logs_alf (name, uid, type, text) VALUES ('Antonio Lopa', '76561198201065973', 'ADMIN', 'Antonio Lopa (76561198201065973) s'est téléporté via MapTeleport en [4731.31,8977.04,0]')
[12:10:29:802456 +01:00] [Thread 20944] extDB3: SQL: Error MariaDBQueryException: You have an error in your SQL syntax; check the manual that corresponds to your MariaDB server version for the right syntax to use near 'est téléporté via MapTeleport en [2546.55,8599.62,0]')' at line 1
[12:10:29:802523 +01:00] [Thread 20944] extDB3: SQL: Error MariaDBQueryException: Input: INSERT INTO logs_alf (name, uid, type, text) VALUES ('Antonio Lopa', '76561198201065973', 'ADMIN', 'Antonio Lopa (76561198201065973) s'est téléporté via MapTeleport en [2546.55,8599.62,0]')
[12:10:47:138387 +01:00] [Thread 20944] extDB3: SQL: Error MariaDBQueryException: You have an error in your SQL syntax; check the manual that corresponds to your MariaDB server version for the right syntax to use near 'est téléporté via MapTeleport en [4730.12,8977.66,0]')' at line 1
[12:10:47:138458 +01:00] [Thread 20944] extDB3: SQL: Error MariaDBQueryException: Input: INSERT INTO logs_alf (name, uid, type, text) VALUES ('Antonio Lopa', '76561198201065973', 'ADMIN', 'Antonio Lopa (76561198201065973) s'est téléporté via MapTeleport en [4730.12,8977.66,0]')
