
extDB3: https://bitbucket.org/torndeco/extdb3/wiki/Home
extDB3: Version: 1.033
extDB3: Windows Version
Message: All development for extDB3 is done on a Linux Dedicated Server
Message: If you would like to Donate to extDB3 Development
Message: https://www.paypal.com/cgi-bin/webscr?cmd=_s-xclick&hosted_button_id=2SUEFTGABTAM2
Message: Also leave a message if there is any particular feature you would like to see added.
Message: Thanks for all the people that have donated.
Message: Torndeco: 18/05/15

Message: This version was modified and include some improvement
Message: The lib was recompiled using new version of TBBMalloc, Boost and MariaDB connector
Message: The worker threads limitation was removed
Message: Steez: 30/10/2020


extDB3: Found extdb3-conf.ini
extDB3: Detected 16 Cores, Setting up 6 Worker Threads
extDB3: Detected 16 Cores, Setting up 16 Worker Threads
extDB3: ...
extDB3: ...
extDB3: ...
extDB3: ...
extDB3: ...
extDB3: ...
extDB3: ...
extDB3: ...
extDB3: ...
extDB3: ...
extDB3: ...
extDB3: ...
extDB3: ...
extDB3: ...
extDB3: ...
extDB3: ...


[13:32:11:665282 +01:00] [Thread 14492] extDB3: SQL: Initialized: Add Quotes around TEXT Datatypes mode: 2
[13:32:11:665305 +01:00] [Thread 14492] extDB3: SQL: Initialized: NULL = ""
[13:32:11:665320 +01:00] [Thread 14492] extDB3: Locked
[13:32:11:673257 +01:00] [Thread 18184] extDB3: SQL: Error MariaDBQueryException: PROCEDURE armalife.deleteDeadVehicles does not exist
[13:32:11:673316 +01:00] [Thread 18184] extDB3: SQL: Error MariaDBQueryException: Input: CALL deleteDeadVehicles
[13:32:11:673341 +01:00] [Thread 20968] extDB3: SQL: Error MariaDBQueryException: PROCEDURE armalife.deleteOldSms does not exist
[13:32:11:673354 +01:00] [Thread 20968] extDB3: SQL: Error MariaDBQueryException: Input: CALL deleteOldSms
[13:32:11:673366 +01:00] [Thread 21372] extDB3: SQL: Error MariaDBQueryException: PROCEDURE armalife.deleteOldForfait does not exist
[13:32:11:673394 +01:00] [Thread 21372] extDB3: SQL: Error MariaDBQueryException: Input: CALL deleteOldForfait
[13:34:24:576661 +01:00] [Thread 10536] extDB3: SQL: Error MariaDBQueryException: You have an error in your SQL syntax; check the manual that corresponds to your MariaDB server version for the right syntax to use near 'est téléporté via MapTeleport en [4158.41,5894.52,0]')' at line 1
[13:34:24:576750 +01:00] [Thread 10536] extDB3: SQL: Error MariaDBQueryException: Input: INSERT INTO logs_alf (name, uid, type, text) VALUES ('Antonio Lopa', '76561198201065973', 'ADMIN', 'Antonio Lopa (76561198201065973) s'est téléporté via MapTeleport en [4158.41,5894.52,0]')
