
extDB3: https://bitbucket.org/torndeco/extdb3/wiki/Home
extDB3: Version: 1.033
extDB3: Windows Version
Message: All development for extDB3 is done on a Linux Dedicated Server
Message: If you would like to Donate to extDB3 Development
Message: https://www.paypal.com/cgi-bin/webscr?cmd=_s-xclick&hosted_button_id=2SUEFTGABTAM2
Message: Also leave a message if there is any particular feature you would like to see added.
Message: Thanks for all the people that have donated.
Message: Torndeco: 18/05/15

Message: This version was modified and include some improvement
Message: The lib was recompiled using new version of TBBMalloc, Boost and MariaDB connector
Message: The worker threads limitation was removed
Message: Steez: 30/10/2020


extDB3: Found extdb3-conf.ini
extDB3: Detected 16 Cores, Setting up 6 Worker Threads
extDB3: Detected 16 Cores, Setting up 16 Worker Threads
extDB3: ...
extDB3: ...
extDB3: ...
extDB3: ...
extDB3: ...
extDB3: ...
extDB3: ...
extDB3: ...
extDB3: ...
extDB3: ...
extDB3: ...
extDB3: ...
extDB3: ...
extDB3: ...
extDB3: ...
extDB3: ...


[14:54:22:220570 +01:00] [Thread 12240] extDB3: SQL: Initialized: Add Quotes around TEXT Datatypes mode: 2
[14:54:22:220592 +01:00] [Thread 12240] extDB3: SQL: Initialized: NULL = ""
[14:54:22:220608 +01:00] [Thread 12240] extDB3: Locked
[14:54:22:228387 +01:00] [Thread 20200] extDB3: SQL: Error MariaDBQueryException: PROCEDURE armalife.deleteOldSms does not exist
[14:54:22:228408 +01:00] [Thread 20200] extDB3: SQL: Error MariaDBQueryException: Input: CALL deleteOldSms
[14:54:22:228432 +01:00] [Thread 1044] extDB3: SQL: Error MariaDBQueryException: PROCEDURE armalife.deleteOldForfait does not exist
[14:54:22:228431 +01:00] [Thread 21156] extDB3: SQL: Error MariaDBQueryException: PROCEDURE armalife.deleteDeadVehicles does not exist
[14:54:22:228438 +01:00] [Thread 1044] extDB3: SQL: Error MariaDBQueryException: Input: CALL deleteOldForfait
[14:54:22:228452 +01:00] [Thread 21156] extDB3: SQL: Error MariaDBQueryException: Input: CALL deleteDeadVehicles
[14:56:17:535760 +01:00] [Thread 19492] extDB3: SQL: Error MariaDBQueryException: You have an error in your SQL syntax; check the manual that corresponds to your MariaDB server version for the right syntax to use near 'est téléporté via MapTeleport en [3268.86,4353.91,0]')' at line 1
[14:56:17:535840 +01:00] [Thread 19492] extDB3: SQL: Error MariaDBQueryException: Input: INSERT INTO logs_alf (name, uid, type, text) VALUES ('Antonio Lopa', '76561198201065973', 'ADMIN', 'Antonio Lopa (76561198201065973) s'est téléporté via MapTeleport en [3268.86,4353.91,0]')
[14:56:31:408707 +01:00] [Thread 19492] extDB3: SQL: Error MariaDBQueryException: You have an error in your SQL syntax; check the manual that corresponds to your MariaDB server version for the right syntax to use near 'est téléporté via MapTeleport en [6285.38,4710.57,0]')' at line 1
[14:56:31:408778 +01:00] [Thread 19492] extDB3: SQL: Error MariaDBQueryException: Input: INSERT INTO logs_alf (name, uid, type, text) VALUES ('Antonio Lopa', '76561198201065973', 'ADMIN', 'Antonio Lopa (76561198201065973) s'est téléporté via MapTeleport en [6285.38,4710.57,0]')
[14:57:52:627909 +01:00] [Thread 19492] extDB3: SQL: Error MariaDBQueryException: You have an error in your SQL syntax; check the manual that corresponds to your MariaDB server version for the right syntax to use near 'est téléporté via MapTeleport en [6291.91,4715.1,0]')' at line 1
[14:57:52:627952 +01:00] [Thread 19492] extDB3: SQL: Error MariaDBQueryException: Input: INSERT INTO logs_alf (name, uid, type, text) VALUES ('Antonio Lopa', '76561198201065973', 'ADMIN', 'Antonio Lopa (76561198201065973) s'est téléporté via MapTeleport en [6291.91,4715.1,0]')
[14:57:57:534366 +01:00] [Thread 19492] extDB3: SQL: Error MariaDBQueryException: You have an error in your SQL syntax; check the manual that corresponds to your MariaDB server version for the right syntax to use near 'est téléporté via MapTeleport en [4157.4,5895.21,0]')' at line 1
[14:57:57:534413 +01:00] [Thread 19492] extDB3: SQL: Error MariaDBQueryException: Input: INSERT INTO logs_alf (name, uid, type, text) VALUES ('Antonio Lopa', '76561198201065973', 'ADMIN', 'Antonio Lopa (76561198201065973) s'est téléporté via MapTeleport en [4157.4,5895.21,0]')
[14:58:07:463444 +01:00] [Thread 19492] extDB3: SQL: Error MariaDBQueryException: You have an error in your SQL syntax; check the manual that corresponds to your MariaDB server version for the right syntax to use near 'est téléporté via MapTeleport en [6208.79,7210.85,0]')' at line 1
[14:58:07:463501 +01:00] [Thread 19492] extDB3: SQL: Error MariaDBQueryException: Input: INSERT INTO logs_alf (name, uid, type, text) VALUES ('Antonio Lopa', '76561198201065973', 'ADMIN', 'Antonio Lopa (76561198201065973) s'est téléporté via MapTeleport en [6208.79,7210.85,0]')
