
extDB3: https://bitbucket.org/torndeco/extdb3/wiki/Home
extDB3: Version: 1.033
extDB3: Windows Version
Message: All development for extDB3 is done on a Linux Dedicated Server
Message: If you would like to Donate to extDB3 Development
Message: https://www.paypal.com/cgi-bin/webscr?cmd=_s-xclick&hosted_button_id=2SUEFTGABTAM2
Message: Also leave a message if there is any particular feature you would like to see added.
Message: Thanks for all the people that have donated.
Message: Torndeco: 18/05/15

Message: This version was modified and include some improvement
Message: The lib was recompiled using new version of TBBMalloc, Boost and MariaDB connector
Message: The worker threads limitation was removed
Message: Steez: 30/10/2020


extDB3: Found extdb3-conf.ini
extDB3: Detected 16 Cores, Setting up 6 Worker Threads
extDB3: Detected 16 Cores, Setting up 16 Worker Threads
extDB3: ...
extDB3: ...
extDB3: ...
extDB3: ...
extDB3: ...
extDB3: ...
extDB3: ...
extDB3: ...
extDB3: ...
extDB3: ...
extDB3: ...
extDB3: ...
extDB3: ...
extDB3: ...
extDB3: ...
extDB3: ...


[16:00:01:748827 +01:00] [Thread 18960] extDB3: SQL: Initialized: Add Quotes around TEXT Datatypes mode: 2
[16:00:01:748866 +01:00] [Thread 18960] extDB3: SQL: Initialized: NULL = ""
[16:00:01:748899 +01:00] [Thread 18960] extDB3: Locked
[16:00:01:755863 +01:00] [Thread 7568] extDB3: SQL: Error MariaDBQueryException: PROCEDURE armalife.deleteDeadVehicles does not exist
[16:00:01:755879 +01:00] [Thread 7568] extDB3: SQL: Error MariaDBQueryException: Input: CALL deleteDeadVehicles
[16:00:01:755896 +01:00] [Thread 19572] extDB3: SQL: Error MariaDBQueryException: PROCEDURE armalife.deleteOldSms does not exist
[16:00:01:755899 +01:00] [Thread 18044] extDB3: SQL: Error MariaDBQueryException: PROCEDURE armalife.deleteOldForfait does not exist
[16:00:01:755911 +01:00] [Thread 19572] extDB3: SQL: Error MariaDBQueryException: Input: CALL deleteOldSms
[16:00:01:755916 +01:00] [Thread 18044] extDB3: SQL: Error MariaDBQueryException: Input: CALL deleteOldForfait
[16:03:13:693790 +01:00] [Thread 19724] extDB3: SQL: Error MariaDBQueryException: You have an error in your SQL syntax; check the manual that corresponds to your MariaDB server version for the right syntax to use near 'est téléporté via MapTeleport en [6207.43,7211.34,0]')' at line 1
[16:03:13:693872 +01:00] [Thread 19724] extDB3: SQL: Error MariaDBQueryException: Input: INSERT INTO logs_alf (name, uid, type, text) VALUES ('Antonio Lopa', '76561198201065973', 'ADMIN', 'Antonio Lopa (76561198201065973) s'est téléporté via MapTeleport en [6207.43,7211.34,0]')
[16:06:46:647864 +01:00] [Thread 15200] extDB3: SQL: Error MariaDBQueryException: You have an error in your SQL syntax; check the manual that corresponds to your MariaDB server version for the right syntax to use near 'est téléporté via MapTeleport en [8348.45,1672.86,0]')' at line 1
[16:06:46:647941 +01:00] [Thread 15200] extDB3: SQL: Error MariaDBQueryException: Input: INSERT INTO logs_alf (name, uid, type, text) VALUES ('Antonio Lopa', '76561198201065973', 'ADMIN', 'Antonio Lopa (76561198201065973) s'est téléporté via MapTeleport en [8348.45,1672.86,0]')
