
extDB3: https://bitbucket.org/torndeco/extdb3/wiki/Home
extDB3: Version: 1.033
extDB3: Windows Version
Message: All development for extDB3 is done on a Linux Dedicated Server
Message: If you would like to Donate to extDB3 Development
Message: https://www.paypal.com/cgi-bin/webscr?cmd=_s-xclick&hosted_button_id=2SUEFTGABTAM2
Message: Also leave a message if there is any particular feature you would like to see added.
Message: Thanks for all the people that have donated.
Message: Torndeco: 18/05/15

Message: This version was modified and include some improvement
Message: The lib was recompiled using new version of TBBMalloc, Boost and MariaDB connector
Message: The worker threads limitation was removed
Message: Steez: 30/10/2020


extDB3: Found extdb3-conf.ini
extDB3: Detected 16 Cores, Setting up 6 Worker Threads
extDB3: Detected 16 Cores, Setting up 16 Worker Threads
extDB3: ...
extDB3: ...
extDB3: ...
extDB3: ...
extDB3: ...
extDB3: ...
extDB3: ...
extDB3: ...
extDB3: ...
extDB3: ...
extDB3: ...
extDB3: ...
extDB3: ...
extDB3: ...
extDB3: ...
extDB3: ...


[19:53:17:822145 +01:00] [Thread 17472] extDB3: SQL: Initialized: Add Quotes around TEXT Datatypes mode: 2
[19:53:17:822187 +01:00] [Thread 17472] extDB3: SQL: Initialized: NULL = ""
[19:53:17:822211 +01:00] [Thread 17472] extDB3: Locked
[19:53:20:831794 +01:00] [Thread 18960] extDB3: SQL: Error MariaDBQueryException: Table 'armalife.atm_dispo' doesn't exist
[19:53:20:831851 +01:00] [Thread 18960] extDB3: SQL: Error MariaDBQueryException: Input: SELECT pos_x, pos_y, cash_available FROM atm_dispo
[19:53:22:639989 +01:00] [Thread 18960] extDB3: SQL: Error MariaDBQueryException: Table 'armalife.atm_dispo' doesn't exist
[19:53:22:640039 +01:00] [Thread 18960] extDB3: SQL: Error MariaDBQueryException: Input: INSERT INTO atm_dispo (pos_x, pos_y, cash_available) VALUES (5011, 6754, 200000) ON DUPLICATE KEY UPDATE cash_available=200000
[19:53:22:650433 +01:00] [Thread 19300] extDB3: SQL: Error MariaDBQueryException: Table 'armalife.atm_dispo' doesn't exist
[19:53:22:650461 +01:00] [Thread 19300] extDB3: SQL: Error MariaDBQueryException: Input: INSERT INTO atm_dispo (pos_x, pos_y, cash_available) VALUES (6311, 7374, 200000) ON DUPLICATE KEY UPDATE cash_available=200000
[19:53:22:650463 +01:00] [Thread 14696] extDB3: SQL: Error MariaDBQueryException: Table 'armalife.atm_dispo' doesn't exist
[19:53:22:650473 +01:00] [Thread 6948] extDB3: SQL: Error MariaDBQueryException: Table 'armalife.atm_dispo' doesn't exist
[19:53:22:650489 +01:00] [Thread 19404] extDB3: SQL: Error MariaDBQueryException: Table 'armalife.atm_dispo' doesn't exist
[19:53:22:650479 +01:00] [Thread 16640] extDB3: SQL: Error MariaDBQueryException: Table 'armalife.atm_dispo' doesn't exist
[19:53:22:650484 +01:00] [Thread 14696] extDB3: SQL: Error MariaDBQueryException: Input: INSERT INTO atm_dispo (pos_x, pos_y, cash_available) VALUES (4062, 4528, 200000) ON DUPLICATE KEY UPDATE cash_available=200000
[19:53:22:650521 +01:00] [Thread 15792] extDB3: SQL: Error MariaDBQueryException: Table 'armalife.atm_dispo' doesn't exist
[19:53:22:650502 +01:00] [Thread 18976] extDB3: SQL: Error MariaDBQueryException: Table 'armalife.atm_dispo' doesn't exist
[19:53:22:650516 +01:00] [Thread 19404] extDB3: SQL: Error MariaDBQueryException: Input: INSERT INTO atm_dispo (pos_x, pos_y, cash_available) VALUES (7485, 7261, 200000) ON DUPLICATE KEY UPDATE cash_available=200000
[19:53:22:650526 +01:00] [Thread 21244] extDB3: SQL: Error MariaDBQueryException: Table 'armalife.atm_dispo' doesn't exist
[19:53:22:650501 +01:00] [Thread 6948] extDB3: SQL: Error MariaDBQueryException: Input: INSERT INTO atm_dispo (pos_x, pos_y, cash_available) VALUES (7482, 7257, 200000) ON DUPLICATE KEY UPDATE cash_available=200000
[19:53:22:650583 +01:00] [Thread 21244] extDB3: SQL: Error MariaDBQueryException: Input: INSERT INTO atm_dispo (pos_x, pos_y, cash_available) VALUES (3677, 2223, 200000) ON DUPLICATE KEY UPDATE cash_available=200000
[19:53:22:650531 +01:00] [Thread 16640] extDB3: SQL: Error MariaDBQueryException: Input: INSERT INTO atm_dispo (pos_x, pos_y, cash_available) VALUES (7484, 7259, 20000) ON DUPLICATE KEY UPDATE cash_available=20000
[19:53:22:650622 +01:00] [Thread 18580] extDB3: SQL: Error MariaDBQueryException: Table 'armalife.atm_dispo' doesn't exist
[19:53:22:650549 +01:00] [Thread 20324] extDB3: SQL: Error MariaDBQueryException: Table 'armalife.atm_dispo' doesn't exist
[19:53:22:650561 +01:00] [Thread 18976] extDB3: SQL: Error MariaDBQueryException: Input: INSERT INTO atm_dispo (pos_x, pos_y, cash_available) VALUES (7630, 4645, 20000) ON DUPLICATE KEY UPDATE cash_available=20000
[19:53:22:650542 +01:00] [Thread 17824] extDB3: SQL: Error MariaDBQueryException: Table 'armalife.atm_dispo' doesn't exist
[19:53:22:650549 +01:00] [Thread 15792] extDB3: SQL: Error MariaDBQueryException: Input: INSERT INTO atm_dispo (pos_x, pos_y, cash_available) VALUES (3830, 9240, 200000) ON DUPLICATE KEY UPDATE cash_available=200000
[19:53:22:650691 +01:00] [Thread 18580] extDB3: SQL: Error MariaDBQueryException: Input: INSERT INTO atm_dispo (pos_x, pos_y, cash_available) VALUES (1891, 9925, 200000) ON DUPLICATE KEY UPDATE cash_available=200000
[19:53:22:650701 +01:00] [Thread 20324] extDB3: SQL: Error MariaDBQueryException: Input: INSERT INTO atm_dispo (pos_x, pos_y, cash_available) VALUES (8339, 1634, 20000) ON DUPLICATE KEY UPDATE cash_available=20000
[19:53:22:650721 +01:00] [Thread 17824] extDB3: SQL: Error MariaDBQueryException: Input: INSERT INTO atm_dispo (pos_x, pos_y, cash_available) VALUES (1137, 7229, 200000) ON DUPLICATE KEY UPDATE cash_available=200000
