
extDB3: https://bitbucket.org/torndeco/extdb3/wiki/Home
extDB3: Version: 1.033
extDB3: Windows Version
Message: All development for extDB3 is done on a Linux Dedicated Server
Message: If you would like to Donate to extDB3 Development
Message: https://www.paypal.com/cgi-bin/webscr?cmd=_s-xclick&hosted_button_id=2SUEFTGABTAM2
Message: Also leave a message if there is any particular feature you would like to see added.
Message: Thanks for all the people that have donated.
Message: Torndeco: 18/05/15

Message: This version was modified and include some improvement
Message: The lib was recompiled using new version of TBBMalloc, Boost and MariaDB connector
Message: The worker threads limitation was removed
Message: Steez: 30/10/2020


extDB3: Found extdb3-conf.ini
extDB3: Detected 16 Cores, Setting up 6 Worker Threads
extDB3: Detected 16 Cores, Setting up 16 Worker Threads
extDB3: ...
extDB3: ...
extDB3: ...
extDB3: ...
extDB3: ...
extDB3: ...
extDB3: ...
extDB3: ...
extDB3: ...
extDB3: ...
extDB3: ...
extDB3: ...
extDB3: ...
extDB3: ...
extDB3: ...
extDB3: ...


[20:57:37:042348 +01:00] [Thread 6252] extDB3: SQL: Initialized: Add Quotes around TEXT Datatypes mode: 2
[20:57:37:042373 +01:00] [Thread 6252] extDB3: SQL: Initialized: NULL = ""
[20:57:37:042392 +01:00] [Thread 6252] extDB3: Locked
[20:57:37:049638 +01:00] [Thread 18616] extDB3: SQL: Error MariaDBQueryException: PROCEDURE armalife.deleteDeadVehicles does not exist
[20:57:37:049659 +01:00] [Thread 18616] extDB3: SQL: Error MariaDBQueryException: Input: CALL deleteDeadVehicles
[20:57:37:049670 +01:00] [Thread 21880] extDB3: SQL: Error MariaDBQueryException: PROCEDURE armalife.deleteOldForfait does not exist
[20:57:37:049702 +01:00] [Thread 21880] extDB3: SQL: Error MariaDBQueryException: Input: CALL deleteOldForfait
[20:57:37:049672 +01:00] [Thread 21492] extDB3: SQL: Error MariaDBQueryException: PROCEDURE armalife.deleteOldSms does not exist
[20:57:37:049761 +01:00] [Thread 21492] extDB3: SQL: Error MariaDBQueryException: Input: CALL deleteOldSms
[20:59:44:329413 +01:00] [Thread 21824] extDB3: SQL: Error MariaDBQueryException: You have an error in your SQL syntax; check the manual that corresponds to your MariaDB server version for the right syntax to use near 'est téléporté via MapTeleport en [6209.1,7213.17,0]')' at line 1
[20:59:44:329506 +01:00] [Thread 21824] extDB3: SQL: Error MariaDBQueryException: Input: INSERT INTO logs_alf (name, uid, type, text) VALUES ('Antonio Lopa', '76561198201065973', 'ADMIN', 'Antonio Lopa (76561198201065973) s'est téléporté via MapTeleport en [6209.1,7213.17,0]')
[20:59:58:709524 +01:00] [Thread 21824] extDB3: SQL: Error MariaDBQueryException: You have an error in your SQL syntax; check the manual that corresponds to your MariaDB server version for the right syntax to use near 'est téléporté via MapTeleport en [6313.98,7367.4,0]')' at line 1
[20:59:58:709582 +01:00] [Thread 21824] extDB3: SQL: Error MariaDBQueryException: Input: INSERT INTO logs_alf (name, uid, type, text) VALUES ('Antonio Lopa', '76561198201065973', 'ADMIN', 'Antonio Lopa (76561198201065973) s'est téléporté via MapTeleport en [6313.98,7367.4,0]')
[21:00:37:251191 +01:00] [Thread 21824] extDB3: SQL: Error MariaDBQueryException: You have an error in your SQL syntax; check the manual that corresponds to your MariaDB server version for the right syntax to use near 'est téléporté via MapTeleport en [6211.14,7211.3,0]')' at line 1
[21:00:37:251240 +01:00] [Thread 21824] extDB3: SQL: Error MariaDBQueryException: Input: INSERT INTO logs_alf (name, uid, type, text) VALUES ('Antonio Lopa', '76561198201065973', 'ADMIN', 'Antonio Lopa (76561198201065973) s'est téléporté via MapTeleport en [6211.14,7211.3,0]')
[21:04:35:451183 +01:00] [Thread 21492] extDB3: SQL: Error MariaDBQueryException: You have an error in your SQL syntax; check the manual that corresponds to your MariaDB server version for the right syntax to use near 'est téléporté via MapTeleport en [4156.54,5887.61,0]')' at line 1
[21:04:35:451249 +01:00] [Thread 21492] extDB3: SQL: Error MariaDBQueryException: Input: INSERT INTO logs_alf (name, uid, type, text) VALUES ('Antonio Lopa', '76561198201065973', 'ADMIN', 'Antonio Lopa (76561198201065973) s'est téléporté via MapTeleport en [4156.54,5887.61,0]')
