
extDB3: https://bitbucket.org/torndeco/extdb3/wiki/Home
extDB3: Version: 1.033
extDB3: Windows Version
Message: All development for extDB3 is done on a Linux Dedicated Server
Message: If you would like to Donate to extDB3 Development
Message: https://www.paypal.com/cgi-bin/webscr?cmd=_s-xclick&hosted_button_id=2SUEFTGABTAM2
Message: Also leave a message if there is any particular feature you would like to see added.
Message: Thanks for all the people that have donated.
Message: Torndeco: 18/05/15

Message: This version was modified and include some improvement
Message: The lib was recompiled using new version of TBBMalloc, Boost and MariaDB connector
Message: The worker threads limitation was removed
Message: Steez: 30/10/2020


extDB3: Found extdb3-conf.ini
extDB3: Detected 16 Cores, Setting up 6 Worker Threads
extDB3: Detected 16 Cores, Setting up 16 Worker Threads
extDB3: ...
extDB3: ...
extDB3: ...
extDB3: ...
extDB3: ...
extDB3: ...
extDB3: ...
extDB3: ...
extDB3: ...
extDB3: ...
extDB3: ...
extDB3: ...
extDB3: ...
extDB3: ...
extDB3: ...
extDB3: ...


[21:17:00:966670 +01:00] [Thread 16476] extDB3: SQL: Initialized: Add Quotes around TEXT Datatypes mode: 2
[21:17:00:966693 +01:00] [Thread 16476] extDB3: SQL: Initialized: NULL = ""
[21:17:00:966710 +01:00] [Thread 16476] extDB3: Locked
[21:17:00:973944 +01:00] [Thread 20064] extDB3: SQL: Error MariaDBQueryException: PROCEDURE armalife.deleteDeadVehicles does not exist
[21:17:00:973969 +01:00] [Thread 20064] extDB3: SQL: Error MariaDBQueryException: Input: CALL deleteDeadVehicles
[21:17:00:974052 +01:00] [Thread 21400] extDB3: SQL: Error MariaDBQueryException: PROCEDURE armalife.deleteOldForfait does not exist
[21:17:00:974060 +01:00] [Thread 21964] extDB3: SQL: Error MariaDBQueryException: PROCEDURE armalife.deleteOldSms does not exist
[21:17:00:974067 +01:00] [Thread 21400] extDB3: SQL: Error MariaDBQueryException: Input: CALL deleteOldForfait
[21:17:00:974102 +01:00] [Thread 21964] extDB3: SQL: Error MariaDBQueryException: Input: CALL deleteOldSms
[21:20:52:932918 +01:00] [Thread 15092] extDB3: SQL: Error MariaDBQueryException: You have an error in your SQL syntax; check the manual that corresponds to your MariaDB server version for the right syntax to use near 'est téléporté via MapTeleport en [8202.57,6537.41,0]')' at line 1
[21:20:52:932997 +01:00] [Thread 15092] extDB3: SQL: Error MariaDBQueryException: Input: INSERT INTO logs_alf (name, uid, type, text) VALUES ('Antonio Lopa', '76561198201065973', 'ADMIN', 'Antonio Lopa (76561198201065973) s'est téléporté via MapTeleport en [8202.57,6537.41,0]')
[21:31:15:906045 +01:00] [Thread 18812] extDB3: SQL: Error MariaDBQueryException: You have an error in your SQL syntax; check the manual that corresponds to your MariaDB server version for the right syntax to use near 'est téléporté via MapTeleport en [6212.28,7214,0]')' at line 1
[21:31:15:906108 +01:00] [Thread 18812] extDB3: SQL: Error MariaDBQueryException: Input: INSERT INTO logs_alf (name, uid, type, text) VALUES ('Antonio Lopa', '76561198201065973', 'ADMIN', 'Antonio Lopa (76561198201065973) s'est téléporté via MapTeleport en [6212.28,7214,0]')
