
extDB3: https://bitbucket.org/torndeco/extdb3/wiki/Home
extDB3: Version: 1.033
extDB3: Windows Version
Message: All development for extDB3 is done on a Linux Dedicated Server
Message: If you would like to Donate to extDB3 Development
Message: https://www.paypal.com/cgi-bin/webscr?cmd=_s-xclick&hosted_button_id=2SUEFTGABTAM2
Message: Also leave a message if there is any particular feature you would like to see added.
Message: Thanks for all the people that have donated.
Message: Torndeco: 18/05/15

Message: This version was modified and include some improvement
Message: The lib was recompiled using new version of TBBMalloc, Boost and MariaDB connector
Message: The worker threads limitation was removed
Message: Steez: 30/10/2020


extDB3: Found extdb3-conf.ini
extDB3: Detected 16 Cores, Setting up 6 Worker Threads
extDB3: Detected 16 Cores, Setting up 16 Worker Threads
extDB3: ...
extDB3: ...
extDB3: ...
extDB3: ...
extDB3: ...
extDB3: ...
extDB3: ...
extDB3: ...
extDB3: ...
extDB3: ...
extDB3: ...
extDB3: ...
extDB3: ...
extDB3: ...
extDB3: ...
extDB3: ...


[09:25:14:870130 +01:00] [Thread 17640] extDB3: SQL: Initialized: Add Quotes around TEXT Datatypes mode: 2
[09:25:14:870152 +01:00] [Thread 17640] extDB3: SQL: Initialized: NULL = ""
[09:25:14:870168 +01:00] [Thread 17640] extDB3: Locked
[09:25:14:877377 +01:00] [Thread 20248] extDB3: SQL: Error MariaDBQueryException: PROCEDURE armalife.deleteOldForfait does not exist
[09:25:14:877382 +01:00] [Thread 11604] extDB3: SQL: Error MariaDBQueryException: PROCEDURE armalife.deleteDeadVehicles does not exist
[09:25:14:877413 +01:00] [Thread 11604] extDB3: SQL: Error MariaDBQueryException: Input: CALL deleteDeadVehicles
[09:25:14:877401 +01:00] [Thread 20248] extDB3: SQL: Error MariaDBQueryException: Input: CALL deleteOldForfait
[09:25:14:877384 +01:00] [Thread 2484] extDB3: SQL: Error MariaDBQueryException: PROCEDURE armalife.deleteOldSms does not exist
[09:25:14:877501 +01:00] [Thread 2484] extDB3: SQL: Error MariaDBQueryException: Input: CALL deleteOldSms
[10:09:39:879310 +01:00] [Thread 11400] extDB3: SQL: Error MariaDBQueryException: You have an error in your SQL syntax; check the manual that corresponds to your MariaDB server version for the right syntax to use near 'est téléporté via MapTeleport en [6193.72,7223.82,0]')' at line 1
[10:09:39:879471 +01:00] [Thread 11400] extDB3: SQL: Error MariaDBQueryException: Input: INSERT INTO logs_alf (name, uid, type, text) VALUES ('Antonio Lopa', '76561198201065973', 'ADMIN', 'Antonio Lopa (76561198201065973) s'est téléporté via MapTeleport en [6193.72,7223.82,0]')
[10:11:51:269095 +01:00] [Thread 18928] extDB3: SQL: Error MariaDBQueryException: You have an error in your SQL syntax; check the manual that corresponds to your MariaDB server version for the right syntax to use near 'est téléporté via MapTeleport en [3952.58,4582.56,0]')' at line 1
[10:11:51:269152 +01:00] [Thread 18928] extDB3: SQL: Error MariaDBQueryException: Input: INSERT INTO logs_alf (name, uid, type, text) VALUES ('Antonio Lopa', '76561198201065973', 'ADMIN', 'Antonio Lopa (76561198201065973) s'est téléporté via MapTeleport en [3952.58,4582.56,0]')
[10:12:01:865498 +01:00] [Thread 18928] extDB3: SQL: Error MariaDBQueryException: You have an error in your SQL syntax; check the manual that corresponds to your MariaDB server version for the right syntax to use near 'est téléporté via MapTeleport en [3327.68,4455.43,0]')' at line 1
[10:12:01:865552 +01:00] [Thread 18928] extDB3: SQL: Error MariaDBQueryException: Input: INSERT INTO logs_alf (name, uid, type, text) VALUES ('Antonio Lopa', '76561198201065973', 'ADMIN', 'Antonio Lopa (76561198201065973) s'est téléporté via MapTeleport en [3327.68,4455.43,0]')
