
extDB3: https://bitbucket.org/torndeco/extdb3/wiki/Home
extDB3: Version: 1.033
extDB3: Windows Version
Message: All development for extDB3 is done on a Linux Dedicated Server
Message: If you would like to Donate to extDB3 Development
Message: https://www.paypal.com/cgi-bin/webscr?cmd=_s-xclick&hosted_button_id=2SUEFTGABTAM2
Message: Also leave a message if there is any particular feature you would like to see added.
Message: Thanks for all the people that have donated.
Message: Torndeco: 18/05/15

Message: This version was modified and include some improvement
Message: The lib was recompiled using new version of TBBMalloc, Boost and MariaDB connector
Message: The worker threads limitation was removed
Message: Steez: 30/10/2020


extDB3: Found extdb3-conf.ini
extDB3: Detected 16 Cores, Setting up 6 Worker Threads
extDB3: Detected 16 Cores, Setting up 16 Worker Threads
extDB3: ...
extDB3: ...
extDB3: ...
extDB3: ...
extDB3: ...
extDB3: ...
extDB3: ...
extDB3: ...
extDB3: ...
extDB3: ...
extDB3: ...
extDB3: ...
extDB3: ...
extDB3: ...
extDB3: ...
extDB3: ...


[18:50:41:430203 +02:00] [Thread 16484] extDB3: SQL: Initialized: Add Quotes around TEXT Datatypes mode: 2
[18:50:41:430228 +02:00] [Thread 16484] extDB3: SQL: Initialized: NULL = ""
[18:50:41:430244 +02:00] [Thread 16484] extDB3: Locked
[18:50:41:437340 +02:00] [Thread 19652] extDB3: SQL: Error MariaDBQueryException: PROCEDURE armalife.deleteDeadVehicles does not exist
[18:50:41:437364 +02:00] [Thread 19652] extDB3: SQL: Error MariaDBQueryException: Input: CALL deleteDeadVehicles
[18:50:41:437390 +02:00] [Thread 11760] extDB3: SQL: Error MariaDBQueryException: PROCEDURE armalife.deleteOldForfait does not exist
[18:50:41:437422 +02:00] [Thread 11760] extDB3: SQL: Error MariaDBQueryException: Input: CALL deleteOldForfait
[18:50:41:437455 +02:00] [Thread 19268] extDB3: SQL: Error MariaDBQueryException: PROCEDURE armalife.deleteOldSms does not exist
[18:50:41:437484 +02:00] [Thread 19268] extDB3: SQL: Error MariaDBQueryException: Input: CALL deleteOldSms
[18:52:13:175718 +02:00] [Thread 11760] extDB3: SQL: Error MariaDBQueryException: You have an error in your SQL syntax; check the manual that corresponds to your MariaDB server version for the right syntax to use near 'est téléporté via MapTeleport en [4985.82,6742.03,0]')' at line 1
[18:52:13:176042 +02:00] [Thread 11760] extDB3: SQL: Error MariaDBQueryException: Input: INSERT INTO logs_alf (name, uid, type, text) VALUES ('Antonio Lopa', '76561198201065973', 'ADMIN', 'Antonio Lopa (76561198201065973) s'est téléporté via MapTeleport en [4985.82,6742.03,0]')
[18:52:19:576335 +02:00] [Thread 11760] extDB3: SQL: Error MariaDBQueryException: You have an error in your SQL syntax; check the manual that corresponds to your MariaDB server version for the right syntax to use near 'action 'Créer un feu (cible)' via le menu admin.')' at line 1
[18:52:19:576376 +02:00] [Thread 11760] extDB3: SQL: Error MariaDBQueryException: Input: INSERT INTO logs_alf (name, uid, type, text) VALUES ('Antonio Lopa', '76561198201065973', 'ADMIN', 'A utilisé l'action 'Créer un feu (cible)' via le menu admin.')
[18:52:20:985275 +02:00] [Thread 11760] extDB3: SQL: Error MariaDBQueryException: You have an error in your SQL syntax; check the manual that corresponds to your MariaDB server version for the right syntax to use near 'action 'Créer un feu (cible)' via le menu admin.')' at line 1
[18:52:20:985343 +02:00] [Thread 11760] extDB3: SQL: Error MariaDBQueryException: Input: INSERT INTO logs_alf (name, uid, type, text) VALUES ('Antonio Lopa', '76561198201065973', 'ADMIN', 'A utilisé l'action 'Créer un feu (cible)' via le menu admin.')
[18:53:10:955741 +02:00] [Thread 11760] extDB3: SQL: Error MariaDBQueryException: You have an error in your SQL syntax; check the manual that corresponds to your MariaDB server version for the right syntax to use near 'est téléporté via MapTeleport en [4388.08,7574.69,0]')' at line 1
[18:53:10:955819 +02:00] [Thread 11760] extDB3: SQL: Error MariaDBQueryException: Input: INSERT INTO logs_alf (name, uid, type, text) VALUES ('Antonio Lopa', '76561198201065973', 'ADMIN', 'Antonio Lopa (76561198201065973) s'est téléporté via MapTeleport en [4388.08,7574.69,0]')
[18:53:25:425714 +02:00] [Thread 11760] extDB3: SQL: Error MariaDBQueryException: You have an error in your SQL syntax; check the manual that corresponds to your MariaDB server version for the right syntax to use near 'est téléporté via MapTeleport en [4983.97,6729.65,0]')' at line 1
[18:53:25:425787 +02:00] [Thread 11760] extDB3: SQL: Error MariaDBQueryException: Input: INSERT INTO logs_alf (name, uid, type, text) VALUES ('Antonio Lopa', '76561198201065973', 'ADMIN', 'Antonio Lopa (76561198201065973) s'est téléporté via MapTeleport en [4983.97,6729.65,0]')
[18:53:31:872452 +02:00] [Thread 11760] extDB3: SQL: Error MariaDBQueryException: You have an error in your SQL syntax; check the manual that corresponds to your MariaDB server version for the right syntax to use near 'action 'Créer un feu (cible)' via le menu admin.')' at line 1
[18:53:31:872504 +02:00] [Thread 11760] extDB3: SQL: Error MariaDBQueryException: Input: INSERT INTO logs_alf (name, uid, type, text) VALUES ('Antonio Lopa', '76561198201065973', 'ADMIN', 'A utilisé l'action 'Créer un feu (cible)' via le menu admin.')
[18:54:12:237501 +02:00] [Thread 11760] extDB3: SQL: Error MariaDBQueryException: You have an error in your SQL syntax; check the manual that corresponds to your MariaDB server version for the right syntax to use near 'est téléporté via MapTeleport en [4391.15,7573.95,0]')' at line 1
[18:54:12:237574 +02:00] [Thread 11760] extDB3: SQL: Error MariaDBQueryException: Input: INSERT INTO logs_alf (name, uid, type, text) VALUES ('Antonio Lopa', '76561198201065973', 'ADMIN', 'Antonio Lopa (76561198201065973) s'est téléporté via MapTeleport en [4391.15,7573.95,0]')
[18:54:54:206584 +02:00] [Thread 19268] extDB3: SQL: Error MariaDBQueryException: You have an error in your SQL syntax; check the manual that corresponds to your MariaDB server version for the right syntax to use near 'est téléporté via MapTeleport en [4979.65,6740.6,0]')' at line 1
[18:54:54:206819 +02:00] [Thread 19268] extDB3: SQL: Error MariaDBQueryException: Input: INSERT INTO logs_alf (name, uid, type, text) VALUES ('Antonio Lopa', '76561198201065973', 'ADMIN', 'Antonio Lopa (76561198201065973) s'est téléporté via MapTeleport en [4979.65,6740.6,0]')
[18:55:01:598462 +02:00] [Thread 19268] extDB3: SQL: Error MariaDBQueryException: You have an error in your SQL syntax; check the manual that corresponds to your MariaDB server version for the right syntax to use near 'action 'Créer un feu (cible)' via le menu admin.')' at line 1
[18:55:01:598518 +02:00] [Thread 19268] extDB3: SQL: Error MariaDBQueryException: Input: INSERT INTO logs_alf (name, uid, type, text) VALUES ('Antonio Lopa', '76561198201065973', 'ADMIN', 'A utilisé l'action 'Créer un feu (cible)' via le menu admin.')
[18:55:29:535639 +02:00] [Thread 19268] extDB3: SQL: Error MariaDBQueryException: You have an error in your SQL syntax; check the manual that corresponds to your MariaDB server version for the right syntax to use near 'action 'Créer un feu (cible)' via le menu admin.')' at line 1
[18:55:29:535684 +02:00] [Thread 19268] extDB3: SQL: Error MariaDBQueryException: Input: INSERT INTO logs_alf (name, uid, type, text) VALUES ('Antonio Lopa', '76561198201065973', 'ADMIN', 'A utilisé l'action 'Créer un feu (cible)' via le menu admin.')
[18:59:59:966595 +02:00] [Thread 19652] extDB3: SQL: Error MariaDBQueryException: You have an error in your SQL syntax; check the manual that corresponds to your MariaDB server version for the right syntax to use near 'est téléporté via MapTeleport en [6277.34,7318.56,0]')' at line 1
[18:59:59:966656 +02:00] [Thread 19652] extDB3: SQL: Error MariaDBQueryException: Input: INSERT INTO logs_alf (name, uid, type, text) VALUES ('Antonio Lopa', '76561198201065973', 'ADMIN', 'Antonio Lopa (76561198201065973) s'est téléporté via MapTeleport en [6277.34,7318.56,0]')
[19:00:13:662525 +02:00] [Thread 19652] extDB3: SQL: Error MariaDBQueryException: You have an error in your SQL syntax; check the manual that corresponds to your MariaDB server version for the right syntax to use near 'est téléporté via MapTeleport en [4986,6738.92,0]')' at line 1
[19:00:13:662610 +02:00] [Thread 19652] extDB3: SQL: Error MariaDBQueryException: Input: INSERT INTO logs_alf (name, uid, type, text) VALUES ('Antonio Lopa', '76561198201065973', 'ADMIN', 'Antonio Lopa (76561198201065973) s'est téléporté via MapTeleport en [4986,6738.92,0]')
[19:00:45:425684 +02:00] [Thread 19652] extDB3: SQL: Error MariaDBQueryException: You have an error in your SQL syntax; check the manual that corresponds to your MariaDB server version for the right syntax to use near 'est téléporté via MapTeleport en [4395.99,7557.6,0]')' at line 1
[19:00:45:425753 +02:00] [Thread 19652] extDB3: SQL: Error MariaDBQueryException: Input: INSERT INTO logs_alf (name, uid, type, text) VALUES ('Antonio Lopa', '76561198201065973', 'ADMIN', 'Antonio Lopa (76561198201065973) s'est téléporté via MapTeleport en [4395.99,7557.6,0]')
[19:01:41:952298 +02:00] [Thread 19652] extDB3: SQL: Error MariaDBQueryException: You have an error in your SQL syntax; check the manual that corresponds to your MariaDB server version for the right syntax to use near 'est téléporté via MapTeleport en [4984.6,6737.67,0]')' at line 1
[19:01:41:952359 +02:00] [Thread 19652] extDB3: SQL: Error MariaDBQueryException: Input: INSERT INTO logs_alf (name, uid, type, text) VALUES ('Antonio Lopa', '76561198201065973', 'ADMIN', 'Antonio Lopa (76561198201065973) s'est téléporté via MapTeleport en [4984.6,6737.67,0]')
[19:02:33:829202 +02:00] [Thread 19652] extDB3: SQL: Error MariaDBQueryException: You have an error in your SQL syntax; check the manual that corresponds to your MariaDB server version for the right syntax to use near 'action 'Créer feu de maison (cible)' via le menu admin.')' at line 1
[19:02:33:829251 +02:00] [Thread 19652] extDB3: SQL: Error MariaDBQueryException: Input: INSERT INTO logs_alf (name, uid, type, text) VALUES ('Antonio Lopa', '76561198201065973', 'ADMIN', 'A utilisé l'action 'Créer feu de maison (cible)' via le menu admin.')
[19:08:56:381851 +02:00] [Thread 11760] extDB3: SQL: Error MariaDBQueryException: You have an error in your SQL syntax; check the manual that corresponds to your MariaDB server version for the right syntax to use near 'action 'Créer un feu (cible)' via le menu admin.')' at line 1
[19:08:56:381891 +02:00] [Thread 11760] extDB3: SQL: Error MariaDBQueryException: Input: INSERT INTO logs_alf (name, uid, type, text) VALUES ('Antonio Lopa', '76561198201065973', 'ADMIN', 'A utilisé l'action 'Créer un feu (cible)' via le menu admin.')
[19:08:57:581481 +02:00] [Thread 11760] extDB3: SQL: Error MariaDBQueryException: You have an error in your SQL syntax; check the manual that corresponds to your MariaDB server version for the right syntax to use near 'action 'Créer un feu (cible)' via le menu admin.')' at line 1
[19:08:57:581524 +02:00] [Thread 11760] extDB3: SQL: Error MariaDBQueryException: Input: INSERT INTO logs_alf (name, uid, type, text) VALUES ('Antonio Lopa', '76561198201065973', 'ADMIN', 'A utilisé l'action 'Créer un feu (cible)' via le menu admin.')
[19:09:44:999098 +02:00] [Thread 11760] extDB3: SQL: Error MariaDBQueryException: You have an error in your SQL syntax; check the manual that corresponds to your MariaDB server version for the right syntax to use near 'action 'Supprimer incendies' via le menu admin.')' at line 1
[19:09:44:999186 +02:00] [Thread 11760] extDB3: SQL: Error MariaDBQueryException: Input: INSERT INTO logs_alf (name, uid, type, text) VALUES ('Antonio Lopa', '76561198201065973', 'ADMIN', 'A utilisé l'action 'Supprimer incendies' via le menu admin.')
[19:09:49:338934 +02:00] [Thread 11760] extDB3: SQL: Error MariaDBQueryException: You have an error in your SQL syntax; check the manual that corresponds to your MariaDB server version for the right syntax to use near 'action 'Supprimer incendies' via le menu admin.')' at line 1
[19:09:49:339003 +02:00] [Thread 11760] extDB3: SQL: Error MariaDBQueryException: Input: INSERT INTO logs_alf (name, uid, type, text) VALUES ('Antonio Lopa', '76561198201065973', 'ADMIN', 'A utilisé l'action 'Supprimer incendies' via le menu admin.')
[19:10:05:270424 +02:00] [Thread 11760] extDB3: SQL: Error MariaDBQueryException: You have an error in your SQL syntax; check the manual that corresponds to your MariaDB server version for the right syntax to use near 'action 'Créer un feu (cible)' via le menu admin.')' at line 1
[19:10:05:270479 +02:00] [Thread 11760] extDB3: SQL: Error MariaDBQueryException: Input: INSERT INTO logs_alf (name, uid, type, text) VALUES ('Antonio Lopa', '76561198201065973', 'ADMIN', 'A utilisé l'action 'Créer un feu (cible)' via le menu admin.')
[19:11:07:979378 +02:00] [Thread 11760] extDB3: SQL: Error MariaDBQueryException: You have an error in your SQL syntax; check the manual that corresponds to your MariaDB server version for the right syntax to use near 'action 'Supprimer incendies' via le menu admin.')' at line 1
[19:11:07:979449 +02:00] [Thread 11760] extDB3: SQL: Error MariaDBQueryException: Input: INSERT INTO logs_alf (name, uid, type, text) VALUES ('Antonio Lopa', '76561198201065973', 'ADMIN', 'A utilisé l'action 'Supprimer incendies' via le menu admin.')
[19:11:19:753246 +02:00] [Thread 12040] extDB3: SQL: Error MariaDBQueryException: You have an error in your SQL syntax; check the manual that corresponds to your MariaDB server version for the right syntax to use near 'est téléporté via MapTeleport en [6277.88,7319.8,0]')' at line 1
[19:11:19:753318 +02:00] [Thread 12040] extDB3: SQL: Error MariaDBQueryException: Input: INSERT INTO logs_alf (name, uid, type, text) VALUES ('Antonio Lopa', '76561198201065973', 'ADMIN', 'Antonio Lopa (76561198201065973) s'est téléporté via MapTeleport en [6277.88,7319.8,0]')
[19:11:30:878505 +02:00] [Thread 12040] extDB3: SQL: Error MariaDBQueryException: You have an error in your SQL syntax; check the manual that corresponds to your MariaDB server version for the right syntax to use near 'est téléporté via MapTeleport en [4997,6757.17,0]')' at line 1
[19:11:30:878565 +02:00] [Thread 12040] extDB3: SQL: Error MariaDBQueryException: Input: INSERT INTO logs_alf (name, uid, type, text) VALUES ('Antonio Lopa', '76561198201065973', 'ADMIN', 'Antonio Lopa (76561198201065973) s'est téléporté via MapTeleport en [4997,6757.17,0]')
[19:15:28:267712 +02:00] [Thread 12040] extDB3: SQL: Error MariaDBQueryException: You have an error in your SQL syntax; check the manual that corresponds to your MariaDB server version for the right syntax to use near 'est téléporté via MapTeleport en [4401.06,7561.76,0]')' at line 1
[19:15:28:267787 +02:00] [Thread 12040] extDB3: SQL: Error MariaDBQueryException: Input: INSERT INTO logs_alf (name, uid, type, text) VALUES ('Antonio Lopa', '76561198201065973', 'ADMIN', 'Antonio Lopa (76561198201065973) s'est téléporté via MapTeleport en [4401.06,7561.76,0]')
[19:21:04:494476 +02:00] [Thread 19652] extDB3: SQL: Error MariaDBQueryException: You have an error in your SQL syntax; check the manual that corresponds to your MariaDB server version for the right syntax to use near 'est téléporté via MapTeleport en [4997.63,6755.15,0]')' at line 1
[19:21:04:494543 +02:00] [Thread 19652] extDB3: SQL: Error MariaDBQueryException: Input: INSERT INTO logs_alf (name, uid, type, text) VALUES ('Antonio Lopa', '76561198201065973', 'ADMIN', 'Antonio Lopa (76561198201065973) s'est téléporté via MapTeleport en [4997.63,6755.15,0]')
[19:46:23:360303 +02:00] [Thread 18664] extDB3: SQL: Error MariaDBQueryException: You have an error in your SQL syntax; check the manual that corresponds to your MariaDB server version for the right syntax to use near 'est téléporté via MapTeleport en [5260.75,4714.83,0]')' at line 1
[19:46:23:360430 +02:00] [Thread 18664] extDB3: SQL: Error MariaDBQueryException: Input: INSERT INTO logs_alf (name, uid, type, text) VALUES ('Antonio Lopa', '76561198201065973', 'ADMIN', 'Antonio Lopa (76561198201065973) s'est téléporté via MapTeleport en [5260.75,4714.83,0]')
