
extDB3: https://bitbucket.org/torndeco/extdb3/wiki/Home
extDB3: Version: 1.033
extDB3: Windows Version
Message: All development for extDB3 is done on a Linux Dedicated Server
Message: If you would like to Donate to extDB3 Development
Message: https://www.paypal.com/cgi-bin/webscr?cmd=_s-xclick&hosted_button_id=2SUEFTGABTAM2
Message: Also leave a message if there is any particular feature you would like to see added.
Message: Thanks for all the people that have donated.
Message: Torndeco: 18/05/15

Message: This version was modified and include some improvement
Message: The lib was recompiled using new version of TBBMalloc, Boost and MariaDB connector
Message: The worker threads limitation was removed
Message: Steez: 30/10/2020


extDB3: Found extdb3-conf.ini
extDB3: Detected 16 Cores, Setting up 6 Worker Threads
extDB3: Detected 16 Cores, Setting up 16 Worker Threads
extDB3: ...
extDB3: ...
extDB3: ...
extDB3: ...
extDB3: ...
extDB3: ...
extDB3: ...
extDB3: ...
extDB3: ...
extDB3: ...
extDB3: ...
extDB3: ...
extDB3: ...
extDB3: ...
extDB3: ...
extDB3: ...


[19:48:34:910838 +02:00] [Thread 18568] extDB3: SQL: Initialized: Add Quotes around TEXT Datatypes mode: 2
[19:48:34:910862 +02:00] [Thread 18568] extDB3: SQL: Initialized: NULL = ""
[19:48:34:910880 +02:00] [Thread 18568] extDB3: Locked
[19:48:34:918062 +02:00] [Thread 20212] extDB3: SQL: Error MariaDBQueryException: PROCEDURE armalife.deleteDeadVehicles does not exist
[19:48:34:918076 +02:00] [Thread 14924] extDB3: SQL: Error MariaDBQueryException: PROCEDURE armalife.deleteOldForfait does not exist
[19:48:34:918082 +02:00] [Thread 20212] extDB3: SQL: Error MariaDBQueryException: Input: CALL deleteDeadVehicles
[19:48:34:918094 +02:00] [Thread 14924] extDB3: SQL: Error MariaDBQueryException: Input: CALL deleteOldForfait
[19:48:34:918102 +02:00] [Thread 14984] extDB3: SQL: Error MariaDBQueryException: PROCEDURE armalife.deleteOldSms does not exist
[19:48:34:918115 +02:00] [Thread 14984] extDB3: SQL: Error MariaDBQueryException: Input: CALL deleteOldSms
[19:51:01:939322 +02:00] [Thread 20104] extDB3: SQL: Error MariaDBQueryException: You have an error in your SQL syntax; check the manual that corresponds to your MariaDB server version for the right syntax to use near 'action 'Créer un feu (cible)' via le menu admin.')' at line 1
[19:51:01:939789 +02:00] [Thread 20104] extDB3: SQL: Error MariaDBQueryException: Input: INSERT INTO logs_alf (name, uid, type, text) VALUES ('Antonio Lopa', '76561198201065973', 'ADMIN', 'A utilisé l'action 'Créer un feu (cible)' via le menu admin.')
[19:51:03:083068 +02:00] [Thread 14984] extDB3: SQL: Error MariaDBQueryException: You have an error in your SQL syntax; check the manual that corresponds to your MariaDB server version for the right syntax to use near 'action 'Créer un feu (cible)' via le menu admin.')' at line 1
[19:51:03:083124 +02:00] [Thread 14984] extDB3: SQL: Error MariaDBQueryException: Input: INSERT INTO logs_alf (name, uid, type, text) VALUES ('Antonio Lopa', '76561198201065973', 'ADMIN', 'A utilisé l'action 'Créer un feu (cible)' via le menu admin.')
[19:51:26:599881 +02:00] [Thread 14984] extDB3: SQL: Error MariaDBQueryException: You have an error in your SQL syntax; check the manual that corresponds to your MariaDB server version for the right syntax to use near 'action 'Créer un feu (cible)' via le menu admin.')' at line 1
[19:51:26:599959 +02:00] [Thread 14984] extDB3: SQL: Error MariaDBQueryException: Input: INSERT INTO logs_alf (name, uid, type, text) VALUES ('Antonio Lopa', '76561198201065973', 'ADMIN', 'A utilisé l'action 'Créer un feu (cible)' via le menu admin.')
[19:52:30:247025 +02:00] [Thread 14984] extDB3: SQL: Error MariaDBQueryException: You have an error in your SQL syntax; check the manual that corresponds to your MariaDB server version for the right syntax to use near 'est téléporté via MapTeleport en [5263.05,4715.06,0]')' at line 1
[19:52:30:247084 +02:00] [Thread 14984] extDB3: SQL: Error MariaDBQueryException: Input: INSERT INTO logs_alf (name, uid, type, text) VALUES ('Antonio Lopa', '76561198201065973', 'ADMIN', 'Antonio Lopa (76561198201065973) s'est téléporté via MapTeleport en [5263.05,4715.06,0]')
[20:17:02:958027 +02:00] [Thread 13492] extDB3: SQL: Error MariaDBQueryException: You have an error in your SQL syntax; check the manual that corresponds to your MariaDB server version for the right syntax to use near 'est téléporté via MapTeleport en [4157.34,5894.13,0]')' at line 1
[20:17:02:958194 +02:00] [Thread 13492] extDB3: SQL: Error MariaDBQueryException: Input: INSERT INTO logs_alf (name, uid, type, text) VALUES ('Antonio Lopa', '76561198201065973', 'ADMIN', 'Antonio Lopa (76561198201065973) s'est téléporté via MapTeleport en [4157.34,5894.13,0]')
