
extDB3: https://bitbucket.org/torndeco/extdb3/wiki/Home
extDB3: Version: 1.033
extDB3: Windows Version
Message: All development for extDB3 is done on a Linux Dedicated Server
Message: If you would like to Donate to extDB3 Development
Message: https://www.paypal.com/cgi-bin/webscr?cmd=_s-xclick&hosted_button_id=2SUEFTGABTAM2
Message: Also leave a message if there is any particular feature you would like to see added.
Message: Thanks for all the people that have donated.
Message: Torndeco: 18/05/15

Message: This version was modified and include some improvement
Message: The lib was recompiled using new version of TBBMalloc, Boost and MariaDB connector
Message: The worker threads limitation was removed
Message: Steez: 30/10/2020


extDB3: Found extdb3-conf.ini
extDB3: Detected 16 Cores, Setting up 6 Worker Threads
extDB3: Detected 16 Cores, Setting up 16 Worker Threads
extDB3: ...
extDB3: ...
extDB3: ...
extDB3: ...
extDB3: ...
extDB3: ...
extDB3: ...
extDB3: ...
extDB3: ...
extDB3: ...
extDB3: ...
extDB3: ...
extDB3: ...
extDB3: ...
extDB3: ...
extDB3: ...


[14:01:33:277540 +01:00] [Thread 9104] extDB3: SQL: Initialized: Add Quotes around TEXT Datatypes mode: 2
[14:01:33:277561 +01:00] [Thread 9104] extDB3: SQL: Initialized: NULL = ""
[14:01:33:277572 +01:00] [Thread 9104] extDB3: Locked
[14:01:33:284870 +01:00] [Thread 3004] extDB3: SQL: Error MariaDBQueryException: PROCEDURE altislife.resetLifeVehicles does not exist
[14:01:33:284883 +01:00] [Thread 3004] extDB3: SQL: Error MariaDBQueryException: Input: CALL resetLifeVehicles
[14:01:33:284903 +01:00] [Thread 8924] extDB3: SQL: Error MariaDBQueryException: PROCEDURE altislife.deleteDeadVehicles does not exist
[14:01:33:284915 +01:00] [Thread 8924] extDB3: SQL: Error MariaDBQueryException: Input: CALL deleteDeadVehicles
[14:01:33:284952 +01:00] [Thread 2420] extDB3: SQL: Error MariaDBQueryException: PROCEDURE altislife.deleteOldHouses does not exist
[14:01:33:284963 +01:00] [Thread 2420] extDB3: SQL: Error MariaDBQueryException: Input: CALL deleteOldHouses
[14:01:33:284972 +01:00] [Thread 1636] extDB3: SQL: Error MariaDBQueryException: PROCEDURE altislife.Point_Permis does not exist
[14:01:33:284983 +01:00] [Thread 1636] extDB3: SQL: Error MariaDBQueryException: Input: CALL Point_Permis
[14:01:33:284990 +01:00] [Thread 6768] extDB3: SQL: Error MariaDBQueryException: PROCEDURE altislife.deleteOldGangs does not exist
[14:01:33:285001 +01:00] [Thread 6768] extDB3: SQL: Error MariaDBQueryException: Input: CALL deleteOldGangs
[15:01:33:990591 +01:00] [Thread 5968] extDB3: SQL: Error MariaDBQueryException: PROCEDURE altislife.braceletTimeUpdate does not exist
[15:01:33:990720 +01:00] [Thread 5968] extDB3: SQL: Error MariaDBQueryException: Input: CALL braceletTimeUpdate
[16:01:34:067032 +01:00] [Thread 5968] extDB3: SQL: Error MariaDBQueryException: PROCEDURE altislife.braceletTimeUpdate does not exist
[16:01:34:067142 +01:00] [Thread 5968] extDB3: SQL: Error MariaDBQueryException: Input: CALL braceletTimeUpdate
[17:01:34:131590 +01:00] [Thread 2420] extDB3: SQL: Error MariaDBQueryException: PROCEDURE altislife.braceletTimeUpdate does not exist
[17:01:34:131678 +01:00] [Thread 2420] extDB3: SQL: Error MariaDBQueryException: Input: CALL braceletTimeUpdate
[18:01:34:213176 +01:00] [Thread 3940] extDB3: SQL: Error MariaDBQueryException: PROCEDURE altislife.braceletTimeUpdate does not exist
[18:01:34:213281 +01:00] [Thread 3940] extDB3: SQL: Error MariaDBQueryException: Input: CALL braceletTimeUpdate
[19:01:34:280122 +01:00] [Thread 2420] extDB3: SQL: Error MariaDBQueryException: PROCEDURE altislife.braceletTimeUpdate does not exist
[19:01:34:280207 +01:00] [Thread 2420] extDB3: SQL: Error MariaDBQueryException: Input: CALL braceletTimeUpdate
[20:01:34:366548 +01:00] [Thread 5640] extDB3: SQL: Error MariaDBQueryException: PROCEDURE altislife.braceletTimeUpdate does not exist
[20:01:34:366691 +01:00] [Thread 5640] extDB3: SQL: Error MariaDBQueryException: Input: CALL braceletTimeUpdate
[21:01:34:450023 +01:00] [Thread 3736] extDB3: SQL: Error MariaDBQueryException: PROCEDURE altislife.braceletTimeUpdate does not exist
[21:01:34:450136 +01:00] [Thread 3736] extDB3: SQL: Error MariaDBQueryException: Input: CALL braceletTimeUpdate
[22:01:34:531026 +01:00] [Thread 3940] extDB3: SQL: Error MariaDBQueryException: PROCEDURE altislife.braceletTimeUpdate does not exist
[22:01:34:531155 +01:00] [Thread 3940] extDB3: SQL: Error MariaDBQueryException: Input: CALL braceletTimeUpdate
[23:01:34:597407 +01:00] [Thread 1636] extDB3: SQL: Error MariaDBQueryException: PROCEDURE altislife.braceletTimeUpdate does not exist
[23:01:34:597531 +01:00] [Thread 1636] extDB3: SQL: Error MariaDBQueryException: Input: CALL braceletTimeUpdate
[00:01:34:671274 +01:00] [Thread 9000] extDB3: SQL: Error MariaDBQueryException: PROCEDURE altislife.braceletTimeUpdate does not exist
[00:01:34:671407 +01:00] [Thread 9000] extDB3: SQL: Error MariaDBQueryException: Input: CALL braceletTimeUpdate
[01:01:34:754017 +01:00] [Thread 1056] extDB3: SQL: Error MariaDBQueryException: PROCEDURE altislife.braceletTimeUpdate does not exist
[01:01:34:754115 +01:00] [Thread 1056] extDB3: SQL: Error MariaDBQueryException: Input: CALL braceletTimeUpdate
[02:01:34:818657 +01:00] [Thread 9088] extDB3: SQL: Error MariaDBQueryException: PROCEDURE altislife.braceletTimeUpdate does not exist
[02:01:34:818754 +01:00] [Thread 9088] extDB3: SQL: Error MariaDBQueryException: Input: CALL braceletTimeUpdate
[03:01:34:885956 +01:00] [Thread 8924] extDB3: SQL: Error MariaDBQueryException: PROCEDURE altislife.braceletTimeUpdate does not exist
[03:01:34:886073 +01:00] [Thread 8924] extDB3: SQL: Error MariaDBQueryException: Input: CALL braceletTimeUpdate
[04:01:34:949227 +01:00] [Thread 3736] extDB3: SQL: Error MariaDBQueryException: PROCEDURE altislife.braceletTimeUpdate does not exist
[04:01:34:949351 +01:00] [Thread 3736] extDB3: SQL: Error MariaDBQueryException: Input: CALL braceletTimeUpdate
[05:01:35:030098 +01:00] [Thread 3736] extDB3: SQL: Error MariaDBQueryException: PROCEDURE altislife.braceletTimeUpdate does not exist
[05:01:35:030207 +01:00] [Thread 3736] extDB3: SQL: Error MariaDBQueryException: Input: CALL braceletTimeUpdate
[06:01:35:105222 +01:00] [Thread 4404] extDB3: SQL: Error MariaDBQueryException: PROCEDURE altislife.braceletTimeUpdate does not exist
[06:01:35:105363 +01:00] [Thread 4404] extDB3: SQL: Error MariaDBQueryException: Input: CALL braceletTimeUpdate
[07:01:35:167415 +01:00] [Thread 1636] extDB3: SQL: Error MariaDBQueryException: PROCEDURE altislife.braceletTimeUpdate does not exist
[07:01:35:167553 +01:00] [Thread 1636] extDB3: SQL: Error MariaDBQueryException: Input: CALL braceletTimeUpdate
[08:01:35:242478 +01:00] [Thread 5640] extDB3: SQL: Error MariaDBQueryException: PROCEDURE altislife.braceletTimeUpdate does not exist
[08:01:35:242593 +01:00] [Thread 5640] extDB3: SQL: Error MariaDBQueryException: Input: CALL braceletTimeUpdate
[09:01:35:308436 +01:00] [Thread 4404] extDB3: SQL: Error MariaDBQueryException: PROCEDURE altislife.braceletTimeUpdate does not exist
[09:01:35:308562 +01:00] [Thread 4404] extDB3: SQL: Error MariaDBQueryException: Input: CALL braceletTimeUpdate
[10:01:35:387494 +01:00] [Thread 3488] extDB3: SQL: Error MariaDBQueryException: PROCEDURE altislife.braceletTimeUpdate does not exist
[10:01:35:387628 +01:00] [Thread 3488] extDB3: SQL: Error MariaDBQueryException: Input: CALL braceletTimeUpdate
[11:01:35:458777 +01:00] [Thread 6768] extDB3: SQL: Error MariaDBQueryException: PROCEDURE altislife.braceletTimeUpdate does not exist
[11:01:35:458918 +01:00] [Thread 6768] extDB3: SQL: Error MariaDBQueryException: Input: CALL braceletTimeUpdate
[12:01:35:527445 +01:00] [Thread 9000] extDB3: SQL: Error MariaDBQueryException: PROCEDURE altislife.braceletTimeUpdate does not exist
[12:01:35:527553 +01:00] [Thread 9000] extDB3: SQL: Error MariaDBQueryException: Input: CALL braceletTimeUpdate
[13:01:35:604358 +01:00] [Thread 4404] extDB3: SQL: Error MariaDBQueryException: PROCEDURE altislife.braceletTimeUpdate does not exist
[13:01:35:604455 +01:00] [Thread 4404] extDB3: SQL: Error MariaDBQueryException: Input: CALL braceletTimeUpdate
