
extDB3: https://bitbucket.org/torndeco/extdb3/wiki/Home
extDB3: Version: 1.033
extDB3: Windows Version
Message: All development for extDB3 is done on a Linux Dedicated Server
Message: If you would like to Donate to extDB3 Development
Message: https://www.paypal.com/cgi-bin/webscr?cmd=_s-xclick&hosted_button_id=2SUEFTGABTAM2
Message: Also leave a message if there is any particular feature you would like to see added.
Message: Thanks for all the people that have donated.
Message: Torndeco: 18/05/15

Message: This version was modified and include some improvement
Message: The lib was recompiled using new version of TBBMalloc, Boost and MariaDB connector
Message: The worker threads limitation was removed
Message: Steez: 30/10/2020


extDB3: Found extdb3-conf.ini
extDB3: Detected 16 Cores, Setting up 6 Worker Threads
extDB3: Detected 16 Cores, Setting up 16 Worker Threads
extDB3: ...
extDB3: ...
extDB3: ...
extDB3: ...
extDB3: ...
extDB3: ...
extDB3: ...
extDB3: ...
extDB3: ...
extDB3: ...
extDB3: ...
extDB3: ...
extDB3: ...
extDB3: ...
extDB3: ...
extDB3: ...


[14:50:22:564786 +02:00] [Thread 12852] extDB3: SQL: Initialized: Add Quotes around TEXT Datatypes mode: 2
[14:50:22:564809 +02:00] [Thread 12852] extDB3: SQL: Initialized: NULL = ""
[14:50:22:564824 +02:00] [Thread 12852] extDB3: Locked
[14:50:22:572482 +02:00] [Thread 13896] extDB3: SQL: Error MariaDBQueryException: PROCEDURE armalife.deleteDeadVehicles does not exist
[14:50:22:572522 +02:00] [Thread 13896] extDB3: SQL: Error MariaDBQueryException: Input: CALL deleteDeadVehicles
[14:50:22:572521 +02:00] [Thread 4988] extDB3: SQL: Error MariaDBQueryException: PROCEDURE armalife.deleteOldForfait does not exist
[14:50:22:572529 +02:00] [Thread 13188] extDB3: SQL: Error MariaDBQueryException: PROCEDURE armalife.deleteOldSms does not exist
[14:50:22:572555 +02:00] [Thread 4988] extDB3: SQL: Error MariaDBQueryException: Input: CALL deleteOldForfait
[14:50:22:572591 +02:00] [Thread 13188] extDB3: SQL: Error MariaDBQueryException: Input: CALL deleteOldSms
[14:52:24:682014 +02:00] [Thread 13664] extDB3: SQL: Error MariaDBQueryException: You have an error in your SQL syntax; check the manual that corresponds to your MariaDB server version for the right syntax to use near 'est téléporté via MapTeleport en [6698.55,6197.1,0]')' at line 1
[14:52:24:682076 +02:00] [Thread 13664] extDB3: SQL: Error MariaDBQueryException: Input: INSERT INTO logs_alf (name, uid, type, text) VALUES ('Antonio Lopa', '76561198201065973', 'ADMIN', 'Antonio Lopa (76561198201065973) s'est téléporté via MapTeleport en [6698.55,6197.1,0]')
[14:52:41:523495 +02:00] [Thread 13664] extDB3: SQL: Error MariaDBQueryException: You have an error in your SQL syntax; check the manual that corresponds to your MariaDB server version for the right syntax to use near 'est téléporté via MapTeleport en [6210.22,7213.62,0]')' at line 1
[14:52:41:523615 +02:00] [Thread 13664] extDB3: SQL: Error MariaDBQueryException: Input: INSERT INTO logs_alf (name, uid, type, text) VALUES ('Antonio Lopa', '76561198201065973', 'ADMIN', 'Antonio Lopa (76561198201065973) s'est téléporté via MapTeleport en [6210.22,7213.62,0]')
[14:53:18:047029 +02:00] [Thread 13664] extDB3: SQL: Error MariaDBQueryException: You have an error in your SQL syntax; check the manual that corresponds to your MariaDB server version for the right syntax to use near 'est téléporté via MapTeleport en [4729.28,8976.25,0]')' at line 1
[14:53:18:047097 +02:00] [Thread 13664] extDB3: SQL: Error MariaDBQueryException: Input: INSERT INTO logs_alf (name, uid, type, text) VALUES ('Antonio Lopa', '76561198201065973', 'ADMIN', 'Antonio Lopa (76561198201065973) s'est téléporté via MapTeleport en [4729.28,8976.25,0]')
[14:53:45:104439 +02:00] [Thread 13664] extDB3: SQL: Error MariaDBQueryException: You have an error in your SQL syntax; check the manual that corresponds to your MariaDB server version for the right syntax to use near 'est téléporté via MapTeleport en [6226.06,7214.96,0]')' at line 1
[14:53:45:104509 +02:00] [Thread 13664] extDB3: SQL: Error MariaDBQueryException: Input: INSERT INTO logs_alf (name, uid, type, text) VALUES ('Antonio Lopa', '76561198201065973', 'ADMIN', 'Antonio Lopa (76561198201065973) s'est téléporté via MapTeleport en [6226.06,7214.96,0]')
[14:56:10:154817 +02:00] [Thread 14160] extDB3: SQL: Error MariaDBQueryException: You have an error in your SQL syntax; check the manual that corresponds to your MariaDB server version for the right syntax to use near 'est téléporté via MapTeleport en [4321.35,4764.63,0]')' at line 1
[14:56:10:154915 +02:00] [Thread 14160] extDB3: SQL: Error MariaDBQueryException: Input: INSERT INTO logs_alf (name, uid, type, text) VALUES ('Antonio Lopa', '76561198201065973', 'ADMIN', 'Antonio Lopa (76561198201065973) s'est téléporté via MapTeleport en [4321.35,4764.63,0]')
[14:57:04:836070 +02:00] [Thread 14160] extDB3: SQL: Error MariaDBQueryException: You have an error in your SQL syntax; check the manual that corresponds to your MariaDB server version for the right syntax to use near 'est téléporté via MapTeleport en [6212.46,7211.98,0]')' at line 1
[14:57:04:836132 +02:00] [Thread 14160] extDB3: SQL: Error MariaDBQueryException: Input: INSERT INTO logs_alf (name, uid, type, text) VALUES ('Antonio Lopa', '76561198201065973', 'ADMIN', 'Antonio Lopa (76561198201065973) s'est téléporté via MapTeleport en [6212.46,7211.98,0]')
