
extDB3: https://bitbucket.org/torndeco/extdb3/wiki/Home
extDB3: Version: 1.033
extDB3: Windows Version
Message: All development for extDB3 is done on a Linux Dedicated Server
Message: If you would like to Donate to extDB3 Development
Message: https://www.paypal.com/cgi-bin/webscr?cmd=_s-xclick&hosted_button_id=2SUEFTGABTAM2
Message: Also leave a message if there is any particular feature you would like to see added.
Message: Thanks for all the people that have donated.
Message: Torndeco: 18/05/15

Message: This version was modified and include some improvement
Message: The lib was recompiled using new version of TBBMalloc, Boost and MariaDB connector
Message: The worker threads limitation was removed
Message: Steez: 30/10/2020


extDB3: Found extdb3-conf.ini
extDB3: Detected 16 Cores, Setting up 6 Worker Threads
extDB3: Detected 16 Cores, Setting up 16 Worker Threads
extDB3: ...
extDB3: ...
extDB3: ...
extDB3: ...
extDB3: ...
extDB3: ...
extDB3: ...
extDB3: ...
extDB3: ...
extDB3: ...
extDB3: ...
extDB3: ...
extDB3: ...
extDB3: ...
extDB3: ...
extDB3: ...


[14:01:32:936121 +01:00] [Thread 2224] extDB3: SQL: Initialized: Add Quotes around TEXT Datatypes mode: 2
[14:01:32:936143 +01:00] [Thread 2224] extDB3: SQL: Initialized: NULL = ""
[14:01:32:936153 +01:00] [Thread 2224] extDB3: Locked
[14:01:32:943427 +01:00] [Thread 4860] extDB3: SQL: Error MariaDBQueryException: PROCEDURE altislife.resetLifeVehicles does not exist
[14:01:32:943435 +01:00] [Thread 3020] extDB3: SQL: Error MariaDBQueryException: PROCEDURE altislife.deleteOldHouses does not exist
[14:01:32:943428 +01:00] [Thread 6236] extDB3: SQL: Error MariaDBQueryException: PROCEDURE altislife.deleteDeadVehicles does not exist
[14:01:32:943495 +01:00] [Thread 2892] extDB3: SQL: Error MariaDBQueryException: PROCEDURE altislife.deleteOldGangs does not exist
[14:01:32:943546 +01:00] [Thread 2892] extDB3: SQL: Error MariaDBQueryException: Input: CALL deleteOldGangs
[14:01:32:943442 +01:00] [Thread 4860] extDB3: SQL: Error MariaDBQueryException: Input: CALL resetLifeVehicles
[14:01:32:943546 +01:00] [Thread 2796] extDB3: SQL: Error MariaDBQueryException: PROCEDURE altislife.Point_Permis does not exist
[14:01:32:943491 +01:00] [Thread 3020] extDB3: SQL: Error MariaDBQueryException: Input: CALL deleteOldHouses
[14:01:32:943518 +01:00] [Thread 6236] extDB3: SQL: Error MariaDBQueryException: Input: CALL deleteDeadVehicles
[14:01:32:943579 +01:00] [Thread 2796] extDB3: SQL: Error MariaDBQueryException: Input: CALL Point_Permis
[15:01:33:773866 +01:00] [Thread 1808] extDB3: SQL: Error MariaDBQueryException: PROCEDURE altislife.braceletTimeUpdate does not exist
[15:01:33:773992 +01:00] [Thread 1808] extDB3: SQL: Error MariaDBQueryException: Input: CALL braceletTimeUpdate
[16:01:33:844446 +01:00] [Thread 6236] extDB3: SQL: Error MariaDBQueryException: PROCEDURE altislife.braceletTimeUpdate does not exist
[16:01:33:844543 +01:00] [Thread 6236] extDB3: SQL: Error MariaDBQueryException: Input: CALL braceletTimeUpdate
[17:01:33:921895 +01:00] [Thread 8808] extDB3: SQL: Error MariaDBQueryException: PROCEDURE altislife.braceletTimeUpdate does not exist
[17:01:33:922160 +01:00] [Thread 8808] extDB3: SQL: Error MariaDBQueryException: Input: CALL braceletTimeUpdate
[18:01:33:996505 +01:00] [Thread 8972] extDB3: SQL: Error MariaDBQueryException: PROCEDURE altislife.braceletTimeUpdate does not exist
[18:01:33:996625 +01:00] [Thread 8972] extDB3: SQL: Error MariaDBQueryException: Input: CALL braceletTimeUpdate
[19:01:34:066785 +01:00] [Thread 1840] extDB3: SQL: Error MariaDBQueryException: PROCEDURE altislife.braceletTimeUpdate does not exist
[19:01:34:066910 +01:00] [Thread 1840] extDB3: SQL: Error MariaDBQueryException: Input: CALL braceletTimeUpdate
[20:01:34:138124 +01:00] [Thread 2796] extDB3: SQL: Error MariaDBQueryException: PROCEDURE altislife.braceletTimeUpdate does not exist
[20:01:34:138220 +01:00] [Thread 2796] extDB3: SQL: Error MariaDBQueryException: Input: CALL braceletTimeUpdate
[21:01:34:230699 +01:00] [Thread 2892] extDB3: SQL: Error MariaDBQueryException: PROCEDURE altislife.braceletTimeUpdate does not exist
[21:01:34:230901 +01:00] [Thread 2892] extDB3: SQL: Error MariaDBQueryException: Input: CALL braceletTimeUpdate
[22:01:35:122821 +01:00] [Thread 8496] extDB3: SQL: Error MariaDBQueryException: PROCEDURE altislife.braceletTimeUpdate does not exist
[22:01:35:122950 +01:00] [Thread 8496] extDB3: SQL: Error MariaDBQueryException: Input: CALL braceletTimeUpdate
[23:01:35:205480 +01:00] [Thread 6236] extDB3: SQL: Error MariaDBQueryException: PROCEDURE altislife.braceletTimeUpdate does not exist
[23:01:35:205640 +01:00] [Thread 6236] extDB3: SQL: Error MariaDBQueryException: Input: CALL braceletTimeUpdate
[00:01:35:284015 +01:00] [Thread 6236] extDB3: SQL: Error MariaDBQueryException: PROCEDURE altislife.braceletTimeUpdate does not exist
[00:01:35:284146 +01:00] [Thread 6236] extDB3: SQL: Error MariaDBQueryException: Input: CALL braceletTimeUpdate
[01:01:35:352241 +01:00] [Thread 2684] extDB3: SQL: Error MariaDBQueryException: PROCEDURE altislife.braceletTimeUpdate does not exist
[01:01:35:352404 +01:00] [Thread 2684] extDB3: SQL: Error MariaDBQueryException: Input: CALL braceletTimeUpdate
[02:01:35:420499 +01:00] [Thread 6660] extDB3: SQL: Error MariaDBQueryException: PROCEDURE altislife.braceletTimeUpdate does not exist
[02:01:35:420638 +01:00] [Thread 6660] extDB3: SQL: Error MariaDBQueryException: Input: CALL braceletTimeUpdate
[03:01:35:485601 +01:00] [Thread 4860] extDB3: SQL: Error MariaDBQueryException: PROCEDURE altislife.braceletTimeUpdate does not exist
[03:01:35:485715 +01:00] [Thread 4860] extDB3: SQL: Error MariaDBQueryException: Input: CALL braceletTimeUpdate
[04:01:35:561022 +01:00] [Thread 2796] extDB3: SQL: Error MariaDBQueryException: PROCEDURE altislife.braceletTimeUpdate does not exist
[04:01:35:561136 +01:00] [Thread 2796] extDB3: SQL: Error MariaDBQueryException: Input: CALL braceletTimeUpdate
[05:01:35:632303 +01:00] [Thread 2892] extDB3: SQL: Error MariaDBQueryException: PROCEDURE altislife.braceletTimeUpdate does not exist
[05:01:35:632407 +01:00] [Thread 2892] extDB3: SQL: Error MariaDBQueryException: Input: CALL braceletTimeUpdate
[06:01:35:708914 +01:00] [Thread 6660] extDB3: SQL: Error MariaDBQueryException: PROCEDURE altislife.braceletTimeUpdate does not exist
[06:01:35:709111 +01:00] [Thread 6660] extDB3: SQL: Error MariaDBQueryException: Input: CALL braceletTimeUpdate
[07:01:35:768850 +01:00] [Thread 8972] extDB3: SQL: Error MariaDBQueryException: PROCEDURE altislife.braceletTimeUpdate does not exist
[07:01:35:768918 +01:00] [Thread 8972] extDB3: SQL: Error MariaDBQueryException: Input: CALL braceletTimeUpdate
[08:01:35:834936 +01:00] [Thread 4860] extDB3: SQL: Error MariaDBQueryException: PROCEDURE altislife.braceletTimeUpdate does not exist
[08:01:35:835072 +01:00] [Thread 4860] extDB3: SQL: Error MariaDBQueryException: Input: CALL braceletTimeUpdate
[09:01:35:907768 +01:00] [Thread 8808] extDB3: SQL: Error MariaDBQueryException: PROCEDURE altislife.braceletTimeUpdate does not exist
[09:01:35:907881 +01:00] [Thread 8808] extDB3: SQL: Error MariaDBQueryException: Input: CALL braceletTimeUpdate
[10:01:35:990486 +01:00] [Thread 3020] extDB3: SQL: Error MariaDBQueryException: PROCEDURE altislife.braceletTimeUpdate does not exist
[10:01:35:990601 +01:00] [Thread 3020] extDB3: SQL: Error MariaDBQueryException: Input: CALL braceletTimeUpdate
[11:01:36:074978 +01:00] [Thread 3708] extDB3: SQL: Error MariaDBQueryException: PROCEDURE altislife.braceletTimeUpdate does not exist
[11:01:36:075091 +01:00] [Thread 3708] extDB3: SQL: Error MariaDBQueryException: Input: CALL braceletTimeUpdate
[12:01:36:158201 +01:00] [Thread 8496] extDB3: SQL: Error MariaDBQueryException: PROCEDURE altislife.braceletTimeUpdate does not exist
[12:01:36:158326 +01:00] [Thread 8496] extDB3: SQL: Error MariaDBQueryException: Input: CALL braceletTimeUpdate
[13:01:36:230812 +01:00] [Thread 8972] extDB3: SQL: Error MariaDBQueryException: PROCEDURE altislife.braceletTimeUpdate does not exist
[13:01:36:230932 +01:00] [Thread 8972] extDB3: SQL: Error MariaDBQueryException: Input: CALL braceletTimeUpdate
