
extDB3: https://bitbucket.org/torndeco/extdb3/wiki/Home
extDB3: Version: 1.033
extDB3: Windows Version
Message: All development for extDB3 is done on a Linux Dedicated Server
Message: If you would like to Donate to extDB3 Development
Message: https://www.paypal.com/cgi-bin/webscr?cmd=_s-xclick&hosted_button_id=2SUEFTGABTAM2
Message: Also leave a message if there is any particular feature you would like to see added.
Message: Thanks for all the people that have donated.
Message: Torndeco: 18/05/15

Message: This version was modified and include some improvement
Message: The lib was recompiled using new version of TBBMalloc, Boost and MariaDB connector
Message: The worker threads limitation was removed
Message: Steez: 30/10/2020


extDB3: Found extdb3-conf.ini
extDB3: Detected 16 Cores, Setting up 6 Worker Threads
extDB3: Detected 16 Cores, Setting up 16 Worker Threads
extDB3: ...
extDB3: ...
extDB3: ...
extDB3: ...
extDB3: ...
extDB3: ...
extDB3: ...
extDB3: ...
extDB3: ...
extDB3: ...
extDB3: ...
extDB3: ...
extDB3: ...
extDB3: ...
extDB3: ...
extDB3: ...


[00:06:13:524129 +01:00] [Thread 13612] extDB3: SQL: Initialized: Add Quotes around TEXT Datatypes mode: 2
[00:06:13:524153 +01:00] [Thread 13612] extDB3: SQL: Initialized: NULL = ""
[00:06:13:524167 +01:00] [Thread 13612] extDB3: Locked
[00:06:13:530267 +01:00] [Thread 15688] extDB3: SQL: Error MariaDBQueryException: PROCEDURE armalife.deleteDeadVehicles does not exist
[00:06:13:530281 +01:00] [Thread 15688] extDB3: SQL: Error MariaDBQueryException: Input: CALL deleteDeadVehicles
[00:06:13:530309 +01:00] [Thread 15808] extDB3: SQL: Error MariaDBQueryException: PROCEDURE armalife.deleteOldForfait does not exist
[00:06:13:530321 +01:00] [Thread 15808] extDB3: SQL: Error MariaDBQueryException: Input: CALL deleteOldForfait
[00:06:13:530353 +01:00] [Thread 16760] extDB3: SQL: Error MariaDBQueryException: PROCEDURE armalife.deleteOldSms does not exist
[00:06:13:530366 +01:00] [Thread 16760] extDB3: SQL: Error MariaDBQueryException: Input: CALL deleteOldSms
[00:09:19:965940 +01:00] [Thread 16760] extDB3: SQL: Error MariaDBQueryException: You have an error in your SQL syntax; check the manual that corresponds to your MariaDB server version for the right syntax to use near 'action 'Animations Rapides' via le menu admin.')' at line 1
[00:09:19:966025 +01:00] [Thread 16760] extDB3: SQL: Error MariaDBQueryException: Input: INSERT INTO logs_alf (name, uid, type, text) VALUES ('Antonio Lopa', '76561198201065973', 'ADMIN', 'A utilisé l'action 'Animations Rapides' via le menu admin.')
[00:10:42:000723 +01:00] [Thread 16760] extDB3: SQL: Error MariaDBQueryException: You have an error in your SQL syntax; check the manual that corresponds to your MariaDB server version for the right syntax to use near 'est téléporté via MapTeleport en [9318.91,3120.76,0]')' at line 1
[00:10:42:000793 +01:00] [Thread 16760] extDB3: SQL: Error MariaDBQueryException: Input: INSERT INTO logs_alf (name, uid, type, text) VALUES ('Antonio Lopa', '76561198201065973', 'ADMIN', 'Antonio Lopa (76561198201065973) s'est téléporté via MapTeleport en [9318.91,3120.76,0]')
[00:11:27:473325 +01:00] [Thread 16760] extDB3: SQL: Error MariaDBQueryException: You have an error in your SQL syntax; check the manual that corresponds to your MariaDB server version for the right syntax to use near 'est téléporté via MapTeleport en [3304.23,4403.79,0]')' at line 1
[00:11:27:473416 +01:00] [Thread 16760] extDB3: SQL: Error MariaDBQueryException: Input: INSERT INTO logs_alf (name, uid, type, text) VALUES ('Antonio Lopa', '76561198201065973', 'ADMIN', 'Antonio Lopa (76561198201065973) s'est téléporté via MapTeleport en [3304.23,4403.79,0]')
