
extDB3: https://bitbucket.org/torndeco/extdb3/wiki/Home
extDB3: Version: 1.033
extDB3: Windows Version
Message: All development for extDB3 is done on a Linux Dedicated Server
Message: If you would like to Donate to extDB3 Development
Message: https://www.paypal.com/cgi-bin/webscr?cmd=_s-xclick&hosted_button_id=2SUEFTGABTAM2
Message: Also leave a message if there is any particular feature you would like to see added.
Message: Thanks for all the people that have donated.
Message: Torndeco: 18/05/15

Message: This version was modified and include some improvement
Message: The lib was recompiled using new version of TBBMalloc, Boost and MariaDB connector
Message: The worker threads limitation was removed
Message: Steez: 30/10/2020


extDB3: Found extdb3-conf.ini
extDB3: Detected 16 Cores, Setting up 6 Worker Threads
extDB3: Detected 16 Cores, Setting up 16 Worker Threads
extDB3: ...
extDB3: ...
extDB3: ...
extDB3: ...
extDB3: ...
extDB3: ...
extDB3: ...
extDB3: ...
extDB3: ...
extDB3: ...
extDB3: ...
extDB3: ...
extDB3: ...
extDB3: ...
extDB3: ...
extDB3: ...


[10:40:40:599094 +01:00] [Thread 18320] extDB3: SQL: Initialized: Add Quotes around TEXT Datatypes mode: 2
[10:40:40:599117 +01:00] [Thread 18320] extDB3: SQL: Initialized: NULL = ""
[10:40:40:599130 +01:00] [Thread 18320] extDB3: Locked
[10:40:40:604250 +01:00] [Thread 18216] extDB3: SQL: Error MariaDBQueryException: PROCEDURE armalife.deleteOldSms does not exist
[10:40:40:604264 +01:00] [Thread 18216] extDB3: SQL: Error MariaDBQueryException: Input: CALL deleteOldSms
[10:40:40:604342 +01:00] [Thread 15700] extDB3: SQL: Error MariaDBQueryException: PROCEDURE armalife.deleteDeadVehicles does not exist
[10:40:40:604355 +01:00] [Thread 15700] extDB3: SQL: Error MariaDBQueryException: Input: CALL deleteDeadVehicles
[10:40:40:604372 +01:00] [Thread 18296] extDB3: SQL: Error MariaDBQueryException: PROCEDURE armalife.deleteOldForfait does not exist
[10:40:40:604385 +01:00] [Thread 18296] extDB3: SQL: Error MariaDBQueryException: Input: CALL deleteOldForfait
[10:42:40:664405 +01:00] [Thread 17728] extDB3: SQL: Error MariaDBQueryException: You have an error in your SQL syntax; check the manual that corresponds to your MariaDB server version for the right syntax to use near 'est téléporté via MapTeleport en [3313.65,4340.46,0]')' at line 1
[10:42:40:664484 +01:00] [Thread 17728] extDB3: SQL: Error MariaDBQueryException: Input: INSERT INTO logs_alf (name, uid, type, text) VALUES ('Vince Delpiero', '76561198135183362', 'ADMIN', 'Vince Delpiero (76561198135183362) s'est téléporté via MapTeleport en [3313.65,4340.46,0]')
[10:42:44:398587 +01:00] [Thread 17728] extDB3: SQL: Error MariaDBQueryException: You have an error in your SQL syntax; check the manual that corresponds to your MariaDB server version for the right syntax to use near 'est téléporté via MapTeleport en [3306.27,4352.66,0]')' at line 1
[10:42:44:398646 +01:00] [Thread 17728] extDB3: SQL: Error MariaDBQueryException: Input: INSERT INTO logs_alf (name, uid, type, text) VALUES ('Antonio Lopa', '76561198201065973', 'ADMIN', 'Antonio Lopa (76561198201065973) s'est téléporté via MapTeleport en [3306.27,4352.66,0]')
[10:42:56:054054 +01:00] [Thread 17728] extDB3: SQL: Error MariaDBQueryException: You have an error in your SQL syntax; check the manual that corresponds to your MariaDB server version for the right syntax to use near 'action 'Animations Rapides' via le menu admin.')' at line 1
[10:42:56:054113 +01:00] [Thread 17728] extDB3: SQL: Error MariaDBQueryException: Input: INSERT INTO logs_alf (name, uid, type, text) VALUES ('Antonio Lopa', '76561198201065973', 'ADMIN', 'A utilisé l'action 'Animations Rapides' via le menu admin.')
[10:43:29:134346 +01:00] [Thread 17728] extDB3: SQL: Error MariaDBQueryException: You have an error in your SQL syntax; check the manual that corresponds to your MariaDB server version for the right syntax to use near 'est téléporté via MapTeleport en [6231.87,3190.54,0]')' at line 1
[10:43:29:134412 +01:00] [Thread 17728] extDB3: SQL: Error MariaDBQueryException: Input: INSERT INTO logs_alf (name, uid, type, text) VALUES ('Vince Delpiero', '76561198135183362', 'ADMIN', 'Vince Delpiero (76561198135183362) s'est téléporté via MapTeleport en [6231.87,3190.54,0]')
