
extDB3: https://bitbucket.org/torndeco/extdb3/wiki/Home
extDB3: Version: 1.033
extDB3: Windows Version
Message: All development for extDB3 is done on a Linux Dedicated Server
Message: If you would like to Donate to extDB3 Development
Message: https://www.paypal.com/cgi-bin/webscr?cmd=_s-xclick&hosted_button_id=2SUEFTGABTAM2
Message: Also leave a message if there is any particular feature you would like to see added.
Message: Thanks for all the people that have donated.
Message: Torndeco: 18/05/15

Message: This version was modified and include some improvement
Message: The lib was recompiled using new version of TBBMalloc, Boost and MariaDB connector
Message: The worker threads limitation was removed
Message: Steez: 30/10/2020


extDB3: Found extdb3-conf.ini
extDB3: Detected 16 Cores, Setting up 6 Worker Threads
extDB3: Detected 16 Cores, Setting up 16 Worker Threads
extDB3: ...
extDB3: ...
extDB3: ...
extDB3: ...
extDB3: ...
extDB3: ...
extDB3: ...
extDB3: ...
extDB3: ...
extDB3: ...
extDB3: ...
extDB3: ...
extDB3: ...
extDB3: ...
extDB3: ...
extDB3: ...


[11:41:40:235132 +01:00] [Thread 17748] extDB3: SQL: Initialized: Add Quotes around TEXT Datatypes mode: 2
[11:41:40:235155 +01:00] [Thread 17748] extDB3: SQL: Initialized: NULL = ""
[11:41:40:235169 +01:00] [Thread 17748] extDB3: Locked
[11:41:40:241064 +01:00] [Thread 13060] extDB3: SQL: Error MariaDBQueryException: PROCEDURE armalife.deleteOldForfait does not exist
[11:41:40:241077 +01:00] [Thread 13060] extDB3: SQL: Error MariaDBQueryException: Input: CALL deleteOldForfait
[11:41:40:241111 +01:00] [Thread 11052] extDB3: SQL: Error MariaDBQueryException: PROCEDURE armalife.deleteDeadVehicles does not exist
[11:41:40:241124 +01:00] [Thread 11052] extDB3: SQL: Error MariaDBQueryException: Input: CALL deleteDeadVehicles
[11:41:40:241148 +01:00] [Thread 16596] extDB3: SQL: Error MariaDBQueryException: PROCEDURE armalife.deleteOldSms does not exist
[11:41:40:241160 +01:00] [Thread 16596] extDB3: SQL: Error MariaDBQueryException: Input: CALL deleteOldSms
[11:44:48:568277 +01:00] [Thread 17276] extDB3: SQL: Error MariaDBQueryException: You have an error in your SQL syntax; check the manual that corresponds to your MariaDB server version for the right syntax to use near 'est téléporté via MapTeleport en [4233.71,4268.44,0]')' at line 1
[11:44:48:568368 +01:00] [Thread 17276] extDB3: SQL: Error MariaDBQueryException: Input: INSERT INTO logs_alf (name, uid, type, text) VALUES ('Romain Dinn', '76561198284885659', 'ADMIN', 'Romain Dinn (76561198284885659) s'est téléporté via MapTeleport en [4233.71,4268.44,0]')
[11:45:05:886420 +01:00] [Thread 17276] extDB3: SQL: Error MariaDBQueryException: You have an error in your SQL syntax; check the manual that corresponds to your MariaDB server version for the right syntax to use near 'est téléporté via MapTeleport en [3338.28,4378.82,0]')' at line 1
[11:45:05:886483 +01:00] [Thread 17276] extDB3: SQL: Error MariaDBQueryException: Input: INSERT INTO logs_alf (name, uid, type, text) VALUES ('Antonio Lopa', '76561198201065973', 'ADMIN', 'Antonio Lopa (76561198201065973) s'est téléporté via MapTeleport en [3338.28,4378.82,0]')
[11:45:24:067734 +01:00] [Thread 17276] extDB3: SQL: Error MariaDBQueryException: You have an error in your SQL syntax; check the manual that corresponds to your MariaDB server version for the right syntax to use near 'est téléporté vers Vince Delpiero (76561198135183362) en [[3336.54,4412.02...' at line 1
[11:45:24:067810 +01:00] [Thread 17276] extDB3: SQL: Error MariaDBQueryException: Input: INSERT INTO logs_alf (name, uid, type, text) VALUES ('Romain Dinn', '76561198284885659', 'ADMIN', 'Romain Dinn (76561198284885659) s'est téléporté vers Vince Delpiero (76561198135183362) en [[3336.54,4412.02,0.0380554]].')
[11:47:09:968370 +01:00] [Thread 12820] extDB3: SQL: Error MariaDBQueryException: You have an error in your SQL syntax; check the manual that corresponds to your MariaDB server version for the right syntax to use near 'action 'Animations Rapides' via le menu admin.')' at line 1
[11:47:09:968525 +01:00] [Thread 12820] extDB3: SQL: Error MariaDBQueryException: Input: INSERT INTO logs_alf (name, uid, type, text) VALUES ('Antonio Lopa', '76561198201065973', 'ADMIN', 'A utilisé l'action 'Animations Rapides' via le menu admin.')
