
extDB3: https://bitbucket.org/torndeco/extdb3/wiki/Home
extDB3: Version: 1.033
extDB3: Windows Version
Message: All development for extDB3 is done on a Linux Dedicated Server
Message: If you would like to Donate to extDB3 Development
Message: https://www.paypal.com/cgi-bin/webscr?cmd=_s-xclick&hosted_button_id=2SUEFTGABTAM2
Message: Also leave a message if there is any particular feature you would like to see added.
Message: Thanks for all the people that have donated.
Message: Torndeco: 18/05/15

Message: This version was modified and include some improvement
Message: The lib was recompiled using new version of TBBMalloc, Boost and MariaDB connector
Message: The worker threads limitation was removed
Message: Steez: 30/10/2020


extDB3: Found extdb3-conf.ini
extDB3: Detected 16 Cores, Setting up 6 Worker Threads
extDB3: Detected 16 Cores, Setting up 16 Worker Threads
extDB3: ...
extDB3: ...
extDB3: ...
extDB3: ...
extDB3: ...
extDB3: ...
extDB3: ...
extDB3: ...
extDB3: ...
extDB3: ...
extDB3: ...
extDB3: ...
extDB3: ...
extDB3: ...
extDB3: ...
extDB3: ...


[12:57:48:961873 +01:00] [Thread 12412] extDB3: SQL: Initialized: Add Quotes around TEXT Datatypes mode: 2
[12:57:48:961896 +01:00] [Thread 12412] extDB3: SQL: Initialized: NULL = ""
[12:57:48:961910 +01:00] [Thread 12412] extDB3: Locked
[12:57:48:967716 +01:00] [Thread 18308] extDB3: SQL: Error MariaDBQueryException: PROCEDURE armalife.deleteOldForfait does not exist
[12:57:48:967729 +01:00] [Thread 18308] extDB3: SQL: Error MariaDBQueryException: Input: CALL deleteOldForfait
[12:57:48:967754 +01:00] [Thread 17660] extDB3: SQL: Error MariaDBQueryException: PROCEDURE armalife.deleteOldSms does not exist
[12:57:48:967767 +01:00] [Thread 17660] extDB3: SQL: Error MariaDBQueryException: Input: CALL deleteOldSms
[12:57:48:967804 +01:00] [Thread 15704] extDB3: SQL: Error MariaDBQueryException: PROCEDURE armalife.deleteDeadVehicles does not exist
[12:57:48:967815 +01:00] [Thread 15704] extDB3: SQL: Error MariaDBQueryException: Input: CALL deleteDeadVehicles
[13:00:01:163912 +01:00] [Thread 15808] extDB3: SQL: Error MariaDBQueryException: You have an error in your SQL syntax; check the manual that corresponds to your MariaDB server version for the right syntax to use near 'est téléporté via MapTeleport en [3269.49,4351.87,0]')' at line 1
[13:00:01:164028 +01:00] [Thread 15808] extDB3: SQL: Error MariaDBQueryException: Input: INSERT INTO logs_alf (name, uid, type, text) VALUES ('Antonio Lopa', '76561198201065973', 'ADMIN', 'Antonio Lopa (76561198201065973) s'est téléporté via MapTeleport en [3269.49,4351.87,0]')
[13:00:17:333113 +01:00] [Thread 15704] extDB3: SQL: Error MariaDBQueryException: You have an error in your SQL syntax; check the manual that corresponds to your MariaDB server version for the right syntax to use near 'est téléporté via MapTeleport en [3265.94,4345.74,0]')' at line 1
[13:00:17:333181 +01:00] [Thread 15704] extDB3: SQL: Error MariaDBQueryException: Input: INSERT INTO logs_alf (name, uid, type, text) VALUES ('Vince Delpiero', '76561198135183362', 'ADMIN', 'Vince Delpiero (76561198135183362) s'est téléporté via MapTeleport en [3265.94,4345.74,0]')
[13:00:18:116653 +01:00] [Thread 15704] extDB3: SQL: Error MariaDBQueryException: You have an error in your SQL syntax; check the manual that corresponds to your MariaDB server version for the right syntax to use near 'est téléporté via MapTeleport en [6271.97,4705.74,0]')' at line 1
[13:00:18:116703 +01:00] [Thread 15704] extDB3: SQL: Error MariaDBQueryException: Input: INSERT INTO logs_alf (name, uid, type, text) VALUES ('Romain Dinn', '76561198284885659', 'ADMIN', 'Romain Dinn (76561198284885659) s'est téléporté via MapTeleport en [6271.97,4705.74,0]')
[13:00:43:225906 +01:00] [Thread 15704] extDB3: SQL: Error MariaDBQueryException: You have an error in your SQL syntax; check the manual that corresponds to your MariaDB server version for the right syntax to use near 'est téléporté vers Vince Delpiero (76561198135183362) en [[3275.78,4345.76...' at line 1
[13:00:43:226047 +01:00] [Thread 15704] extDB3: SQL: Error MariaDBQueryException: Input: INSERT INTO logs_alf (name, uid, type, text) VALUES ('Romain Dinn', '76561198284885659', 'ADMIN', 'Romain Dinn (76561198284885659) s'est téléporté vers Vince Delpiero (76561198135183362) en [[3275.78,4345.76,0.00143909]].')
[13:01:09:410494 +01:00] [Thread 15704] extDB3: SQL: Error MariaDBQueryException: You have an error in your SQL syntax; check the manual that corresponds to your MariaDB server version for the right syntax to use near 'action 'Arsenal' via le menu admin.')' at line 1
[13:01:09:410560 +01:00] [Thread 15704] extDB3: SQL: Error MariaDBQueryException: Input: INSERT INTO logs_alf (name, uid, type, text) VALUES ('Vince Delpiero', '76561198135183362', 'ADMIN', 'A utilisé l'action 'Arsenal' via le menu admin.')
