
extDB3: https://bitbucket.org/torndeco/extdb3/wiki/Home
extDB3: Version: 1.033
extDB3: Windows Version
Message: All development for extDB3 is done on a Linux Dedicated Server
Message: If you would like to Donate to extDB3 Development
Message: https://www.paypal.com/cgi-bin/webscr?cmd=_s-xclick&hosted_button_id=2SUEFTGABTAM2
Message: Also leave a message if there is any particular feature you would like to see added.
Message: Thanks for all the people that have donated.
Message: Torndeco: 18/05/15

Message: This version was modified and include some improvement
Message: The lib was recompiled using new version of TBBMalloc, Boost and MariaDB connector
Message: The worker threads limitation was removed
Message: Steez: 30/10/2020


extDB3: Found extdb3-conf.ini
extDB3: Detected 16 Cores, Setting up 6 Worker Threads
extDB3: Detected 16 Cores, Setting up 16 Worker Threads
extDB3: ...
extDB3: ...
extDB3: ...
extDB3: ...
extDB3: ...
extDB3: ...
extDB3: ...
extDB3: ...
extDB3: ...
extDB3: ...
extDB3: ...
extDB3: ...
extDB3: ...
extDB3: ...
extDB3: ...
extDB3: ...


[13:02:36:840224 +01:00] [Thread 17840] extDB3: SQL: Initialized: Add Quotes around TEXT Datatypes mode: 2
[13:02:36:840246 +01:00] [Thread 17840] extDB3: SQL: Initialized: NULL = ""
[13:02:36:840260 +01:00] [Thread 17840] extDB3: Locked
[13:02:36:846279 +01:00] [Thread 15848] extDB3: SQL: Error MariaDBQueryException: PROCEDURE armalife.deleteDeadVehicles does not exist
[13:02:36:846292 +01:00] [Thread 15848] extDB3: SQL: Error MariaDBQueryException: Input: CALL deleteDeadVehicles
[13:02:36:846315 +01:00] [Thread 18120] extDB3: SQL: Error MariaDBQueryException: PROCEDURE armalife.deleteOldForfait does not exist
[13:02:36:846366 +01:00] [Thread 18120] extDB3: SQL: Error MariaDBQueryException: Input: CALL deleteOldForfait
[13:02:36:846374 +01:00] [Thread 18352] extDB3: SQL: Error MariaDBQueryException: PROCEDURE armalife.deleteOldSms does not exist
[13:02:36:846387 +01:00] [Thread 18352] extDB3: SQL: Error MariaDBQueryException: Input: CALL deleteOldSms
[13:04:29:392405 +01:00] [Thread 18352] extDB3: SQL: Error MariaDBQueryException: You have an error in your SQL syntax; check the manual that corresponds to your MariaDB server version for the right syntax to use near 'est téléporté via MapTeleport en [3276.94,4355.27,0]')' at line 1
[13:04:29:392613 +01:00] [Thread 18352] extDB3: SQL: Error MariaDBQueryException: Input: INSERT INTO logs_alf (name, uid, type, text) VALUES ('Antonio Lopa', '76561198201065973', 'ADMIN', 'Antonio Lopa (76561198201065973) s'est téléporté via MapTeleport en [3276.94,4355.27,0]')
[13:05:11:514828 +01:00] [Thread 18352] extDB3: SQL: Error MariaDBQueryException: You have an error in your SQL syntax; check the manual that corresponds to your MariaDB server version for the right syntax to use near 'est téléporté vers Vince Delpiero (76561198135183362) en [[3275.1,4345.57,...' at line 1
[13:05:11:514907 +01:00] [Thread 18352] extDB3: SQL: Error MariaDBQueryException: Input: INSERT INTO logs_alf (name, uid, type, text) VALUES ('Romain Dinn', '76561198284885659', 'ADMIN', 'Romain Dinn (76561198284885659) s'est téléporté vers Vince Delpiero (76561198135183362) en [[3275.1,4345.57,0.00143909]].')
[13:07:15:601730 +01:00] [Thread 18352] extDB3: SQL: Error MariaDBQueryException: You have an error in your SQL syntax; check the manual that corresponds to your MariaDB server version for the right syntax to use near 'est téléporté via MapTeleport en [5194.83,2985.46,0]')' at line 1
[13:07:15:601798 +01:00] [Thread 18352] extDB3: SQL: Error MariaDBQueryException: Input: INSERT INTO logs_alf (name, uid, type, text) VALUES ('Vince Delpiero', '76561198135183362', 'ADMIN', 'Vince Delpiero (76561198135183362) s'est téléporté via MapTeleport en [5194.83,2985.46,0]')
