
extDB3: https://bitbucket.org/torndeco/extdb3/wiki/Home
extDB3: Version: 1.033
extDB3: Windows Version
Message: All development for extDB3 is done on a Linux Dedicated Server
Message: If you would like to Donate to extDB3 Development
Message: https://www.paypal.com/cgi-bin/webscr?cmd=_s-xclick&hosted_button_id=2SUEFTGABTAM2
Message: Also leave a message if there is any particular feature you would like to see added.
Message: Thanks for all the people that have donated.
Message: Torndeco: 18/05/15

Message: This version was modified and include some improvement
Message: The lib was recompiled using new version of TBBMalloc, Boost and MariaDB connector
Message: The worker threads limitation was removed
Message: Steez: 30/10/2020


extDB3: Found extdb3-conf.ini
extDB3: Detected 16 Cores, Setting up 6 Worker Threads
extDB3: Detected 16 Cores, Setting up 16 Worker Threads
extDB3: ...
extDB3: ...
extDB3: ...
extDB3: ...
extDB3: ...
extDB3: ...
extDB3: ...
extDB3: ...
extDB3: ...
extDB3: ...
extDB3: ...
extDB3: ...
extDB3: ...
extDB3: ...
extDB3: ...
extDB3: ...


[15:41:02:226551 +01:00] [Thread 12672] extDB3: SQL: Initialized: Add Quotes around TEXT Datatypes mode: 2
[15:41:02:226573 +01:00] [Thread 12672] extDB3: SQL: Initialized: NULL = ""
[15:41:02:226587 +01:00] [Thread 12672] extDB3: Locked
[15:41:02:232622 +01:00] [Thread 19072] extDB3: SQL: Error MariaDBQueryException: PROCEDURE armalife.deleteDeadVehicles does not exist
[15:41:02:232635 +01:00] [Thread 19072] extDB3: SQL: Error MariaDBQueryException: Input: CALL deleteDeadVehicles
[15:41:02:232666 +01:00] [Thread 18120] extDB3: SQL: Error MariaDBQueryException: PROCEDURE armalife.deleteOldForfait does not exist
[15:41:02:232679 +01:00] [Thread 18120] extDB3: SQL: Error MariaDBQueryException: Input: CALL deleteOldForfait
[15:41:02:232706 +01:00] [Thread 15128] extDB3: SQL: Error MariaDBQueryException: PROCEDURE armalife.deleteOldSms does not exist
[15:41:02:232719 +01:00] [Thread 15128] extDB3: SQL: Error MariaDBQueryException: Input: CALL deleteOldSms
[15:44:17:079414 +01:00] [Thread 18676] extDB3: SQL: Error MariaDBQueryException: You have an error in your SQL syntax; check the manual that corresponds to your MariaDB server version for the right syntax to use near 'est téléporté via MapTeleport en [3270.13,4349.66,0]')' at line 1
[15:44:17:079500 +01:00] [Thread 18676] extDB3: SQL: Error MariaDBQueryException: Input: INSERT INTO logs_alf (name, uid, type, text) VALUES ('Antonio Lopa', '76561198201065973', 'ADMIN', 'Antonio Lopa (76561198201065973) s'est téléporté via MapTeleport en [3270.13,4349.66,0]')
[15:44:27:693019 +01:00] [Thread 18676] extDB3: SQL: Error MariaDBQueryException: You have an error in your SQL syntax; check the manual that corresponds to your MariaDB server version for the right syntax to use near 'est téléporté via MapTeleport en [6282.31,4720.94,0]')' at line 1
[15:44:27:693090 +01:00] [Thread 18676] extDB3: SQL: Error MariaDBQueryException: Input: INSERT INTO logs_alf (name, uid, type, text) VALUES ('Antonio Lopa', '76561198201065973', 'ADMIN', 'Antonio Lopa (76561198201065973) s'est téléporté via MapTeleport en [6282.31,4720.94,0]')
[15:44:35:596825 +01:00] [Thread 18676] extDB3: SQL: Error MariaDBQueryException: You have an error in your SQL syntax; check the manual that corresponds to your MariaDB server version for the right syntax to use near 'est téléporté via MapTeleport en [3271.07,4349.67,0]')' at line 1
[15:44:35:596884 +01:00] [Thread 18676] extDB3: SQL: Error MariaDBQueryException: Input: INSERT INTO logs_alf (name, uid, type, text) VALUES ('Antonio Lopa', '76561198201065973', 'ADMIN', 'Antonio Lopa (76561198201065973) s'est téléporté via MapTeleport en [3271.07,4349.67,0]')
[15:46:07:436541 +01:00] [Thread 18676] extDB3: SQL: Error MariaDBQueryException: You have an error in your SQL syntax; check the manual that corresponds to your MariaDB server version for the right syntax to use near 'est téléporté via MapTeleport en [617.933,8147.36,0]')' at line 1
[15:46:07:436630 +01:00] [Thread 18676] extDB3: SQL: Error MariaDBQueryException: Input: INSERT INTO logs_alf (name, uid, type, text) VALUES ('Antonio Lopa', '76561198201065973', 'ADMIN', 'Antonio Lopa (76561198201065973) s'est téléporté via MapTeleport en [617.933,8147.36,0]')
[15:46:18:064478 +01:00] [Thread 18676] extDB3: SQL: Error MariaDBQueryException: You have an error in your SQL syntax; check the manual that corresponds to your MariaDB server version for the right syntax to use near 'action 'Animations Rapides' via le menu admin.')' at line 1
[15:46:18:064534 +01:00] [Thread 18676] extDB3: SQL: Error MariaDBQueryException: Input: INSERT INTO logs_alf (name, uid, type, text) VALUES ('Antonio Lopa', '76561198201065973', 'ADMIN', 'A utilisé l'action 'Animations Rapides' via le menu admin.')
[15:48:52:566621 +01:00] [Thread 19072] extDB3: SQL: Error MariaDBQueryException: You have an error in your SQL syntax; check the manual that corresponds to your MariaDB server version for the right syntax to use near 'est téléporté via MapTeleport en [293.361,8859.73,0]')' at line 1
[15:48:52:566691 +01:00] [Thread 19072] extDB3: SQL: Error MariaDBQueryException: Input: INSERT INTO logs_alf (name, uid, type, text) VALUES ('Antonio Lopa', '76561198201065973', 'ADMIN', 'Antonio Lopa (76561198201065973) s'est téléporté via MapTeleport en [293.361,8859.73,0]')
[15:55:14:240751 +01:00] [Thread 18836] extDB3: SQL: Error MariaDBQueryException: You have an error in your SQL syntax; check the manual that corresponds to your MariaDB server version for the right syntax to use near 'est téléporté via MapTeleport en [6282.16,4713.63,0]')' at line 1
[15:55:14:240800 +01:00] [Thread 18836] extDB3: SQL: Error MariaDBQueryException: Input: INSERT INTO logs_alf (name, uid, type, text) VALUES ('Antonio Lopa', '76561198201065973', 'ADMIN', 'Antonio Lopa (76561198201065973) s'est téléporté via MapTeleport en [6282.16,4713.63,0]')
[15:57:02:296437 +01:00] [Thread 18836] extDB3: SQL: Error MariaDBQueryException: You have an error in your SQL syntax; check the manual that corresponds to your MariaDB server version for the right syntax to use near 'est téléporté via MapTeleport en [4748.19,8977.52,0]')' at line 1
[15:57:02:296521 +01:00] [Thread 18836] extDB3: SQL: Error MariaDBQueryException: Input: INSERT INTO logs_alf (name, uid, type, text) VALUES ('Antonio Lopa', '76561198201065973', 'ADMIN', 'Antonio Lopa (76561198201065973) s'est téléporté via MapTeleport en [4748.19,8977.52,0]')
[16:26:21:378316 +01:00] [Thread 15128] extDB3: SQL: Error MariaDBQueryException: You have an error in your SQL syntax; check the manual that corresponds to your MariaDB server version for the right syntax to use near 'est téléporté via MapTeleport en [4156.21,5893.91,0]')' at line 1
[16:26:21:378467 +01:00] [Thread 15128] extDB3: SQL: Error MariaDBQueryException: Input: INSERT INTO logs_alf (name, uid, type, text) VALUES ('Antonio Lopa', '76561198201065973', 'ADMIN', 'Antonio Lopa (76561198201065973) s'est téléporté via MapTeleport en [4156.21,5893.91,0]')
[16:26:53:316685 +01:00] [Thread 19160] extDB3: SQL: Error MariaDBQueryException: You have an error in your SQL syntax; check the manual that corresponds to your MariaDB server version for the right syntax to use near 'est téléporté via MapTeleport en [4161.92,5903.77,0]')' at line 1
[16:26:53:316753 +01:00] [Thread 19160] extDB3: SQL: Error MariaDBQueryException: Input: INSERT INTO logs_alf (name, uid, type, text) VALUES ('Antonio Lopa', '76561198201065973', 'ADMIN', 'Antonio Lopa (76561198201065973) s'est téléporté via MapTeleport en [4161.92,5903.77,0]')
[16:27:33:539597 +01:00] [Thread 18512] extDB3: SQL: Error MariaDBQueryException: You have an error in your SQL syntax; check the manual that corresponds to your MariaDB server version for the right syntax to use near 'est téléporté via MapTeleport en [6857.64,6229.13,0]')' at line 1
[16:27:33:539664 +01:00] [Thread 18512] extDB3: SQL: Error MariaDBQueryException: Input: INSERT INTO logs_alf (name, uid, type, text) VALUES ('Antonio Lopa', '76561198201065973', 'ADMIN', 'Antonio Lopa (76561198201065973) s'est téléporté via MapTeleport en [6857.64,6229.13,0]')
[16:30:12:469396 +01:00] [Thread 18512] extDB3: SQL: Error MariaDBQueryException: You have an error in your SQL syntax; check the manual that corresponds to your MariaDB server version for the right syntax to use near 'est téléporté via MapTeleport en [6146.4,7325.05,0]')' at line 1
[16:30:12:469472 +01:00] [Thread 18512] extDB3: SQL: Error MariaDBQueryException: Input: INSERT INTO logs_alf (name, uid, type, text) VALUES ('Antonio Lopa', '76561198201065973', 'ADMIN', 'Antonio Lopa (76561198201065973) s'est téléporté via MapTeleport en [6146.4,7325.05,0]')
[16:34:38:986826 +01:00] [Thread 19020] extDB3: SQL: Error MariaDBQueryException: You have an error in your SQL syntax; check the manual that corresponds to your MariaDB server version for the right syntax to use near 'est téléporté via MapTeleport en [3273.15,4346.45,0]')' at line 1
[16:34:38:986895 +01:00] [Thread 19020] extDB3: SQL: Error MariaDBQueryException: Input: INSERT INTO logs_alf (name, uid, type, text) VALUES ('Antonio Lopa', '76561198201065973', 'ADMIN', 'Antonio Lopa (76561198201065973) s'est téléporté via MapTeleport en [3273.15,4346.45,0]')
[16:37:02:989981 +01:00] [Thread 19280] extDB3: SQL: Error MariaDBQueryException: You have an error in your SQL syntax; check the manual that corresponds to your MariaDB server version for the right syntax to use near 'action 'Marqueurs' via le menu admin.')' at line 1
[16:37:02:990057 +01:00] [Thread 19280] extDB3: SQL: Error MariaDBQueryException: Input: INSERT INTO logs_alf (name, uid, type, text) VALUES ('Antonio Lopa', '76561198201065973', 'ADMIN', 'A utilisé l'action 'Marqueurs' via le menu admin.')
[16:37:04:243160 +01:00] [Thread 18120] extDB3: SQL: Error MariaDBQueryException: You have an error in your SQL syntax; check the manual that corresponds to your MariaDB server version for the right syntax to use near 'est téléporté vers Antonio Lopa (76561198201065973) en [[3271.41,4359.3,0....' at line 1
[16:37:04:243220 +01:00] [Thread 18120] extDB3: SQL: Error MariaDBQueryException: Input: INSERT INTO logs_alf (name, uid, type, text) VALUES ('Vince Delpiero', '76561198135183362', 'ADMIN', 'Vince Delpiero (76561198135183362) s'est téléporté vers Antonio Lopa (76561198201065973) en [[3271.41,4359.3,0.03792]].')
[16:37:35:141891 +01:00] [Thread 18120] extDB3: SQL: Error MariaDBQueryException: You have an error in your SQL syntax; check the manual that corresponds to your MariaDB server version for the right syntax to use near 'est téléporté via MapTeleport en [6282.91,4719.76,0]')' at line 1
[16:37:35:141944 +01:00] [Thread 18120] extDB3: SQL: Error MariaDBQueryException: Input: INSERT INTO logs_alf (name, uid, type, text) VALUES ('Antonio Lopa', '76561198201065973', 'ADMIN', 'Antonio Lopa (76561198201065973) s'est téléporté via MapTeleport en [6282.91,4719.76,0]')
[16:37:42:164339 +01:00] [Thread 18120] extDB3: SQL: Error MariaDBQueryException: You have an error in your SQL syntax; check the manual that corresponds to your MariaDB server version for the right syntax to use near 'est téléporté via MapTeleport en [6280.79,4717.33,0]')' at line 1
[16:37:42:164670 +01:00] [Thread 18120] extDB3: SQL: Error MariaDBQueryException: Input: INSERT INTO logs_alf (name, uid, type, text) VALUES ('Vince Delpiero', '76561198135183362', 'ADMIN', 'Vince Delpiero (76561198135183362) s'est téléporté via MapTeleport en [6280.79,4717.33,0]')
[16:39:05:078972 +01:00] [Thread 18120] extDB3: SQL: Error MariaDBQueryException: You have an error in your SQL syntax; check the manual that corresponds to your MariaDB server version for the right syntax to use near 'est téléporté via MapTeleport en [3266.78,4350.38,0]')' at line 1
[16:39:05:079046 +01:00] [Thread 18120] extDB3: SQL: Error MariaDBQueryException: Input: INSERT INTO logs_alf (name, uid, type, text) VALUES ('Antonio Lopa', '76561198201065973', 'ADMIN', 'Antonio Lopa (76561198201065973) s'est téléporté via MapTeleport en [3266.78,4350.38,0]')
