
extDB3: https://bitbucket.org/torndeco/extdb3/wiki/Home
extDB3: Version: 1.033
extDB3: Windows Version
Message: All development for extDB3 is done on a Linux Dedicated Server
Message: If you would like to Donate to extDB3 Development
Message: https://www.paypal.com/cgi-bin/webscr?cmd=_s-xclick&hosted_button_id=2SUEFTGABTAM2
Message: Also leave a message if there is any particular feature you would like to see added.
Message: Thanks for all the people that have donated.
Message: Torndeco: 18/05/15

Message: This version was modified and include some improvement
Message: The lib was recompiled using new version of TBBMalloc, Boost and MariaDB connector
Message: The worker threads limitation was removed
Message: Steez: 30/10/2020


extDB3: Found extdb3-conf.ini
extDB3: Detected 16 Cores, Setting up 6 Worker Threads
extDB3: Detected 16 Cores, Setting up 16 Worker Threads
extDB3: ...
extDB3: ...
extDB3: ...
extDB3: ...
extDB3: ...
extDB3: ...
extDB3: ...
extDB3: ...
extDB3: ...
extDB3: ...
extDB3: ...
extDB3: ...
extDB3: ...
extDB3: ...
extDB3: ...
extDB3: ...


[16:48:41:041183 +01:00] [Thread 16720] extDB3: SQL: Initialized: Add Quotes around TEXT Datatypes mode: 2
[16:48:41:041206 +01:00] [Thread 16720] extDB3: SQL: Initialized: NULL = ""
[16:48:41:041220 +01:00] [Thread 16720] extDB3: Locked
[16:48:41:047046 +01:00] [Thread 18984] extDB3: SQL: Error MariaDBQueryException: PROCEDURE armalife.deleteDeadVehicles does not exist
[16:48:41:047059 +01:00] [Thread 18984] extDB3: SQL: Error MariaDBQueryException: Input: CALL deleteDeadVehicles
[16:48:41:047089 +01:00] [Thread 17640] extDB3: SQL: Error MariaDBQueryException: PROCEDURE armalife.deleteOldSms does not exist
[16:48:41:047101 +01:00] [Thread 17640] extDB3: SQL: Error MariaDBQueryException: Input: CALL deleteOldSms
[16:48:41:047144 +01:00] [Thread 18780] extDB3: SQL: Error MariaDBQueryException: PROCEDURE armalife.deleteOldForfait does not exist
[16:48:41:047155 +01:00] [Thread 18780] extDB3: SQL: Error MariaDBQueryException: Input: CALL deleteOldForfait
[16:50:31:326528 +01:00] [Thread 18408] extDB3: SQL: Error MariaDBQueryException: You have an error in your SQL syntax; check the manual that corresponds to your MariaDB server version for the right syntax to use near 'est téléporté via MapTeleport en [3274.16,4347.64,0]')' at line 1
[16:50:31:326610 +01:00] [Thread 18408] extDB3: SQL: Error MariaDBQueryException: Input: INSERT INTO logs_alf (name, uid, type, text) VALUES ('Antonio Lopa', '76561198201065973', 'ADMIN', 'Antonio Lopa (76561198201065973) s'est téléporté via MapTeleport en [3274.16,4347.64,0]')
[16:51:58:210915 +01:00] [Thread 18408] extDB3: SQL: Error MariaDBQueryException: You have an error in your SQL syntax; check the manual that corresponds to your MariaDB server version for the right syntax to use near 'est téléporté via MapTeleport en [4156.7,5926.19,0]')' at line 1
[16:51:58:210971 +01:00] [Thread 18408] extDB3: SQL: Error MariaDBQueryException: Input: INSERT INTO logs_alf (name, uid, type, text) VALUES ('Antonio Lopa', '76561198201065973', 'ADMIN', 'Antonio Lopa (76561198201065973) s'est téléporté via MapTeleport en [4156.7,5926.19,0]')
[16:52:10:644648 +01:00] [Thread 18408] extDB3: SQL: Error MariaDBQueryException: You have an error in your SQL syntax; check the manual that corresponds to your MariaDB server version for the right syntax to use near 'est téléporté via MapTeleport en [3271.95,4349.48,0]')' at line 1
[16:52:10:644699 +01:00] [Thread 18408] extDB3: SQL: Error MariaDBQueryException: Input: INSERT INTO logs_alf (name, uid, type, text) VALUES ('Antonio Lopa', '76561198201065973', 'ADMIN', 'Antonio Lopa (76561198201065973) s'est téléporté via MapTeleport en [3271.95,4349.48,0]')
