
extDB3: https://bitbucket.org/torndeco/extdb3/wiki/Home
extDB3: Version: 1.033
extDB3: Windows Version
Message: All development for extDB3 is done on a Linux Dedicated Server
Message: If you would like to Donate to extDB3 Development
Message: https://www.paypal.com/cgi-bin/webscr?cmd=_s-xclick&hosted_button_id=2SUEFTGABTAM2
Message: Also leave a message if there is any particular feature you would like to see added.
Message: Thanks for all the people that have donated.
Message: Torndeco: 18/05/15

Message: This version was modified and include some improvement
Message: The lib was recompiled using new version of TBBMalloc, Boost and MariaDB connector
Message: The worker threads limitation was removed
Message: Steez: 30/10/2020


extDB3: Found extdb3-conf.ini
extDB3: Detected 16 Cores, Setting up 6 Worker Threads
extDB3: Detected 16 Cores, Setting up 16 Worker Threads
extDB3: ...
extDB3: ...
extDB3: ...
extDB3: ...
extDB3: ...
extDB3: ...
extDB3: ...
extDB3: ...
extDB3: ...
extDB3: ...
extDB3: ...
extDB3: ...
extDB3: ...
extDB3: ...
extDB3: ...
extDB3: ...


[17:38:58:386987 +01:00] [Thread 17232] extDB3: SQL: Initialized: Add Quotes around TEXT Datatypes mode: 2
[17:38:58:387012 +01:00] [Thread 17232] extDB3: SQL: Initialized: NULL = ""
[17:38:58:387027 +01:00] [Thread 17232] extDB3: Locked
[17:38:58:394591 +01:00] [Thread 13128] extDB3: SQL: Error MariaDBQueryException: PROCEDURE armalife.deleteOldSms does not exist
[17:38:58:394590 +01:00] [Thread 18308] extDB3: SQL: Error MariaDBQueryException: PROCEDURE armalife.deleteOldForfait does not exist
[17:38:58:394599 +01:00] [Thread 16168] extDB3: SQL: Error MariaDBQueryException: PROCEDURE armalife.deleteDeadVehicles does not exist
[17:38:58:394640 +01:00] [Thread 16168] extDB3: SQL: Error MariaDBQueryException: Input: CALL deleteDeadVehicles
[17:38:58:394626 +01:00] [Thread 18308] extDB3: SQL: Error MariaDBQueryException: Input: CALL deleteOldForfait
[17:38:58:394612 +01:00] [Thread 13128] extDB3: SQL: Error MariaDBQueryException: Input: CALL deleteOldSms
[17:40:51:293084 +01:00] [Thread 10748] extDB3: SQL: Error MariaDBQueryException: You have an error in your SQL syntax; check the manual that corresponds to your MariaDB server version for the right syntax to use near 'est téléporté via MapTeleport en [3271.4,4347.87,0]')' at line 1
[17:40:51:293138 +01:00] [Thread 10748] extDB3: SQL: Error MariaDBQueryException: Input: INSERT INTO logs_alf (name, uid, type, text) VALUES ('Antonio Lopa', '76561198201065973', 'ADMIN', 'Antonio Lopa (76561198201065973) s'est téléporté via MapTeleport en [3271.4,4347.87,0]')
[17:41:03:136928 +01:00] [Thread 10748] extDB3: SQL: Error MariaDBQueryException: You have an error in your SQL syntax; check the manual that corresponds to your MariaDB server version for the right syntax to use near 'est téléporté via MapTeleport en [6279.53,4715.5,0]')' at line 1
[17:41:03:136997 +01:00] [Thread 10748] extDB3: SQL: Error MariaDBQueryException: Input: INSERT INTO logs_alf (name, uid, type, text) VALUES ('Antonio Lopa', '76561198201065973', 'ADMIN', 'Antonio Lopa (76561198201065973) s'est téléporté via MapTeleport en [6279.53,4715.5,0]')
