
extDB3: https://bitbucket.org/torndeco/extdb3/wiki/Home
extDB3: Version: 1.033
extDB3: Windows Version
Message: All development for extDB3 is done on a Linux Dedicated Server
Message: If you would like to Donate to extDB3 Development
Message: https://www.paypal.com/cgi-bin/webscr?cmd=_s-xclick&hosted_button_id=2SUEFTGABTAM2
Message: Also leave a message if there is any particular feature you would like to see added.
Message: Thanks for all the people that have donated.
Message: Torndeco: 18/05/15

Message: This version was modified and include some improvement
Message: The lib was recompiled using new version of TBBMalloc, Boost and MariaDB connector
Message: The worker threads limitation was removed
Message: Steez: 30/10/2020


extDB3: Found extdb3-conf.ini
extDB3: Detected 16 Cores, Setting up 6 Worker Threads
extDB3: Detected 16 Cores, Setting up 16 Worker Threads
extDB3: ...
extDB3: ...
extDB3: ...
extDB3: ...
extDB3: ...
extDB3: ...
extDB3: ...
extDB3: ...
extDB3: ...
extDB3: ...
extDB3: ...
extDB3: ...
extDB3: ...
extDB3: ...
extDB3: ...
extDB3: ...


[17:48:02:866394 +01:00] [Thread 19404] extDB3: SQL: Initialized: Add Quotes around TEXT Datatypes mode: 2
[17:48:02:866416 +01:00] [Thread 19404] extDB3: SQL: Initialized: NULL = ""
[17:48:02:866430 +01:00] [Thread 19404] extDB3: Locked
[17:48:02:872539 +01:00] [Thread 18372] extDB3: SQL: Error MariaDBQueryException: PROCEDURE armalife.deleteOldSms does not exist
[17:48:02:872552 +01:00] [Thread 18372] extDB3: SQL: Error MariaDBQueryException: Input: CALL deleteOldSms
[17:48:02:872586 +01:00] [Thread 19104] extDB3: SQL: Error MariaDBQueryException: PROCEDURE armalife.deleteDeadVehicles does not exist
[17:48:02:872598 +01:00] [Thread 19104] extDB3: SQL: Error MariaDBQueryException: Input: CALL deleteDeadVehicles
[17:48:02:872619 +01:00] [Thread 19240] extDB3: SQL: Error MariaDBQueryException: PROCEDURE armalife.deleteOldForfait does not exist
[17:48:02:872631 +01:00] [Thread 19240] extDB3: SQL: Error MariaDBQueryException: Input: CALL deleteOldForfait
[17:50:24:307340 +01:00] [Thread 16092] extDB3: SQL: Error MariaDBQueryException: You have an error in your SQL syntax; check the manual that corresponds to your MariaDB server version for the right syntax to use near 'est téléporté via MapTeleport en [3272.51,4345.06,0]')' at line 1
[17:50:24:307409 +01:00] [Thread 16092] extDB3: SQL: Error MariaDBQueryException: Input: INSERT INTO logs_alf (name, uid, type, text) VALUES ('Antonio Lopa', '76561198201065973', 'ADMIN', 'Antonio Lopa (76561198201065973) s'est téléporté via MapTeleport en [3272.51,4345.06,0]')
[17:50:44:455425 +01:00] [Thread 16092] extDB3: SQL: Error MariaDBQueryException: You have an error in your SQL syntax; check the manual that corresponds to your MariaDB server version for the right syntax to use near 'est téléporté via MapTeleport en [6284.48,4718.12,0]')' at line 1
[17:50:44:455474 +01:00] [Thread 16092] extDB3: SQL: Error MariaDBQueryException: Input: INSERT INTO logs_alf (name, uid, type, text) VALUES ('Antonio Lopa', '76561198201065973', 'ADMIN', 'Antonio Lopa (76561198201065973) s'est téléporté via MapTeleport en [6284.48,4718.12,0]')
[17:50:47:678486 +01:00] [Thread 16092] extDB3: SQL: Error MariaDBQueryException: You have an error in your SQL syntax; check the manual that corresponds to your MariaDB server version for the right syntax to use near 'action 'Arsenal' via le menu admin.')' at line 1
[17:50:47:678559 +01:00] [Thread 16092] extDB3: SQL: Error MariaDBQueryException: Input: INSERT INTO logs_alf (name, uid, type, text) VALUES ('Vince Delpiero', '76561198135183362', 'ADMIN', 'A utilisé l'action 'Arsenal' via le menu admin.')
[17:54:38:582413 +01:00] [Thread 16092] extDB3: SQL: Error MariaDBQueryException: You have an error in your SQL syntax; check the manual that corresponds to your MariaDB server version for the right syntax to use near 'est téléporté via MapTeleport en [3270.1,4364.46,0]')' at line 1
[17:54:38:582465 +01:00] [Thread 16092] extDB3: SQL: Error MariaDBQueryException: Input: INSERT INTO logs_alf (name, uid, type, text) VALUES ('Vince Delpiero', '76561198135183362', 'ADMIN', 'Vince Delpiero (76561198135183362) s'est téléporté via MapTeleport en [3270.1,4364.46,0]')
[17:55:03:424380 +01:00] [Thread 16092] extDB3: SQL: Error MariaDBQueryException: You have an error in your SQL syntax; check the manual that corresponds to your MariaDB server version for the right syntax to use near 'est téléporté via MapTeleport en [5388.72,4223.18,0]')' at line 1
[17:55:03:424465 +01:00] [Thread 16092] extDB3: SQL: Error MariaDBQueryException: Input: INSERT INTO logs_alf (name, uid, type, text) VALUES ('Vince Delpiero', '76561198135183362', 'ADMIN', 'Vince Delpiero (76561198135183362) s'est téléporté via MapTeleport en [5388.72,4223.18,0]')
[17:55:35:495545 +01:00] [Thread 16092] extDB3: SQL: Error MariaDBQueryException: You have an error in your SQL syntax; check the manual that corresponds to your MariaDB server version for the right syntax to use near 'est téléporté via MapTeleport en [3277.85,4347.42,0]')' at line 1
[17:55:35:495629 +01:00] [Thread 16092] extDB3: SQL: Error MariaDBQueryException: Input: INSERT INTO logs_alf (name, uid, type, text) VALUES ('Vince Delpiero', '76561198135183362', 'ADMIN', 'Vince Delpiero (76561198135183362) s'est téléporté via MapTeleport en [3277.85,4347.42,0]')
[17:55:41:239312 +01:00] [Thread 16092] extDB3: SQL: Error MariaDBQueryException: You have an error in your SQL syntax; check the manual that corresponds to your MariaDB server version for the right syntax to use near 'est téléporté via MapTeleport en [3258.32,4325.8,0]')' at line 1
[17:55:41:239387 +01:00] [Thread 16092] extDB3: SQL: Error MariaDBQueryException: Input: INSERT INTO logs_alf (name, uid, type, text) VALUES ('Vince Delpiero', '76561198135183362', 'ADMIN', 'Vince Delpiero (76561198135183362) s'est téléporté via MapTeleport en [3258.32,4325.8,0]')
