
extDB3: https://bitbucket.org/torndeco/extdb3/wiki/Home
extDB3: Version: 1.033
extDB3: Windows Version
Message: All development for extDB3 is done on a Linux Dedicated Server
Message: If you would like to Donate to extDB3 Development
Message: https://www.paypal.com/cgi-bin/webscr?cmd=_s-xclick&hosted_button_id=2SUEFTGABTAM2
Message: Also leave a message if there is any particular feature you would like to see added.
Message: Thanks for all the people that have donated.
Message: Torndeco: 18/05/15

Message: This version was modified and include some improvement
Message: The lib was recompiled using new version of TBBMalloc, Boost and MariaDB connector
Message: The worker threads limitation was removed
Message: Steez: 30/10/2020


extDB3: Found extdb3-conf.ini
extDB3: Detected 16 Cores, Setting up 6 Worker Threads
extDB3: Detected 16 Cores, Setting up 16 Worker Threads
extDB3: ...
extDB3: ...
extDB3: ...
extDB3: ...
extDB3: ...
extDB3: ...
extDB3: ...
extDB3: ...
extDB3: ...
extDB3: ...
extDB3: ...
extDB3: ...
extDB3: ...
extDB3: ...
extDB3: ...
extDB3: ...


[18:00:11:446387 +01:00] [Thread 13828] extDB3: SQL: Initialized: Add Quotes around TEXT Datatypes mode: 2
[18:00:11:446446 +01:00] [Thread 13828] extDB3: SQL: Initialized: NULL = ""
[18:00:11:446491 +01:00] [Thread 13828] extDB3: Locked
[18:00:14:456050 +01:00] [Thread 19040] extDB3: SQL: Error MariaDBQueryException: Table 'armalife.atm_dispo' doesn't exist
[18:00:14:456098 +01:00] [Thread 19040] extDB3: SQL: Error MariaDBQueryException: Input: SELECT pos_x, pos_y, cash_available FROM atm_dispo
[18:00:18:057500 +01:00] [Thread 19040] extDB3: SQL: Error MariaDBQueryException: 
[18:00:18:057558 +01:00] [Thread 19040] extDB3: SQL: Error MariaDBQueryException: Input: INSERT INTO atm_dispo (pos_x, pos_y, cash_available) VALUES (5011, 6754, 200000) ON DUPLICATE KEY UPDATE cash_available=200000
[18:00:18:070256 +01:00] [Thread 19288] extDB3: SQL: Error MariaDBQueryException: 
[18:00:18:070294 +01:00] [Thread 19288] extDB3: SQL: Error MariaDBQueryException: Input: INSERT INTO atm_dispo (pos_x, pos_y, cash_available) VALUES (6311, 7374, 200000) ON DUPLICATE KEY UPDATE cash_available=200000
[18:00:18:070301 +01:00] [Thread 9648] extDB3: SQL: Error MariaDBQueryException: Table 'armalife.atm_dispo' doesn't exist
[18:00:18:070309 +01:00] [Thread 19292] extDB3: SQL: Error MariaDBQueryException: Table 'armalife.atm_dispo' doesn't exist
[18:00:18:070325 +01:00] [Thread 6252] extDB3: SQL: Error MariaDBQueryException: Table 'armalife.atm_dispo' doesn't exist
[18:00:18:070341 +01:00] [Thread 18548] extDB3: SQL: Error MariaDBQueryException: Table 'armalife.atm_dispo' doesn't exist
[18:00:18:070332 +01:00] [Thread 19292] extDB3: SQL: Error MariaDBQueryException: Input: INSERT INTO atm_dispo (pos_x, pos_y, cash_available) VALUES (7630, 4645, 20000) ON DUPLICATE KEY UPDATE cash_available=20000
[18:00:18:070362 +01:00] [Thread 18548] extDB3: SQL: Error MariaDBQueryException: Input: INSERT INTO atm_dispo (pos_x, pos_y, cash_available) VALUES (1137, 7229, 20000) ON DUPLICATE KEY UPDATE cash_available=20000
[18:00:18:070346 +01:00] [Thread 19260] extDB3: SQL: Error MariaDBQueryException: Table 'armalife.atm_dispo' doesn't exist
[18:00:18:070349 +01:00] [Thread 6252] extDB3: SQL: Error MariaDBQueryException: Input: INSERT INTO atm_dispo (pos_x, pos_y, cash_available) VALUES (3830, 9240, 20000) ON DUPLICATE KEY UPDATE cash_available=20000
[18:00:18:070386 +01:00] [Thread 19260] extDB3: SQL: Error MariaDBQueryException: Input: INSERT INTO atm_dispo (pos_x, pos_y, cash_available) VALUES (8339, 1634, 200000) ON DUPLICATE KEY UPDATE cash_available=200000
[18:00:18:070317 +01:00] [Thread 9648] extDB3: SQL: Error MariaDBQueryException: Input: INSERT INTO atm_dispo (pos_x, pos_y, cash_available) VALUES (4062, 4528, 200000) ON DUPLICATE KEY UPDATE cash_available=200000
[18:00:18:070425 +01:00] [Thread 16200] extDB3: SQL: Error MariaDBQueryException: Table 'armalife.atm_dispo' doesn't exist
[18:00:18:070438 +01:00] [Thread 16200] extDB3: SQL: Error MariaDBQueryException: Input: INSERT INTO atm_dispo (pos_x, pos_y, cash_available) VALUES (1891, 9925, 200000) ON DUPLICATE KEY UPDATE cash_available=200000
[18:00:18:070451 +01:00] [Thread 17976] extDB3: SQL: Error MariaDBQueryException: Table 'armalife.atm_dispo' doesn't exist
[18:00:18:070502 +01:00] [Thread 17976] extDB3: SQL: Error MariaDBQueryException: Input: INSERT INTO atm_dispo (pos_x, pos_y, cash_available) VALUES (3677, 2223, 200000) ON DUPLICATE KEY UPDATE cash_available=200000
