
extDB3: https://bitbucket.org/torndeco/extdb3/wiki/Home
extDB3: Version: 1.033
extDB3: Windows Version
Message: All development for extDB3 is done on a Linux Dedicated Server
Message: If you would like to Donate to extDB3 Development
Message: https://www.paypal.com/cgi-bin/webscr?cmd=_s-xclick&hosted_button_id=2SUEFTGABTAM2
Message: Also leave a message if there is any particular feature you would like to see added.
Message: Thanks for all the people that have donated.
Message: Torndeco: 18/05/15

Message: This version was modified and include some improvement
Message: The lib was recompiled using new version of TBBMalloc, Boost and MariaDB connector
Message: The worker threads limitation was removed
Message: Steez: 30/10/2020


extDB3: Found extdb3-conf.ini
extDB3: Detected 16 Cores, Setting up 6 Worker Threads
extDB3: Detected 16 Cores, Setting up 16 Worker Threads
extDB3: ...
extDB3: ...
extDB3: ...
extDB3: ...
extDB3: ...
extDB3: ...
extDB3: ...
extDB3: ...
extDB3: ...
extDB3: ...
extDB3: ...
extDB3: ...
extDB3: ...
extDB3: ...
extDB3: ...
extDB3: ...


[17:58:39:668848 +01:00] [Thread 18736] extDB3: SQL: Initialized: Add Quotes around TEXT Datatypes mode: 2
[17:58:39:668871 +01:00] [Thread 18736] extDB3: SQL: Initialized: NULL = ""
[17:58:39:668885 +01:00] [Thread 18736] extDB3: Locked
[17:58:39:675812 +01:00] [Thread 18776] extDB3: SQL: Error MariaDBQueryException: PROCEDURE armalife.deleteOldSms does not exist
[17:58:39:675828 +01:00] [Thread 18776] extDB3: SQL: Error MariaDBQueryException: Input: CALL deleteOldSms
[17:58:39:675850 +01:00] [Thread 16304] extDB3: SQL: Error MariaDBQueryException: PROCEDURE armalife.deleteDeadVehicles does not exist
[17:58:39:675880 +01:00] [Thread 16304] extDB3: SQL: Error MariaDBQueryException: Input: CALL deleteDeadVehicles
[17:58:39:675906 +01:00] [Thread 19008] extDB3: SQL: Error MariaDBQueryException: PROCEDURE armalife.deleteOldForfait does not exist
[17:58:39:675919 +01:00] [Thread 19008] extDB3: SQL: Error MariaDBQueryException: Input: CALL deleteOldForfait
[18:01:00:365161 +01:00] [Thread 11304] extDB3: SQL: Error MariaDBQueryException: You have an error in your SQL syntax; check the manual that corresponds to your MariaDB server version for the right syntax to use near 'est téléporté via MapTeleport en [3265.21,4349.93,0]')' at line 1
[18:01:00:365212 +01:00] [Thread 11304] extDB3: SQL: Error MariaDBQueryException: Input: INSERT INTO logs_alf (name, uid, type, text) VALUES ('Antonio Lopa', '76561198201065973', 'ADMIN', 'Antonio Lopa (76561198201065973) s'est téléporté via MapTeleport en [3265.21,4349.93,0]')
[18:01:16:916479 +01:00] [Thread 11304] extDB3: SQL: Error MariaDBQueryException: You have an error in your SQL syntax; check the manual that corresponds to your MariaDB server version for the right syntax to use near 'est téléporté via MapTeleport en [6284.4,4716.66,0]')' at line 1
[18:01:16:916566 +01:00] [Thread 11304] extDB3: SQL: Error MariaDBQueryException: Input: INSERT INTO logs_alf (name, uid, type, text) VALUES ('Antonio Lopa', '76561198201065973', 'ADMIN', 'Antonio Lopa (76561198201065973) s'est téléporté via MapTeleport en [6284.4,4716.66,0]')
