
extDB3: https://bitbucket.org/torndeco/extdb3/wiki/Home
extDB3: Version: 1.033
extDB3: Windows Version
Message: All development for extDB3 is done on a Linux Dedicated Server
Message: If you would like to Donate to extDB3 Development
Message: https://www.paypal.com/cgi-bin/webscr?cmd=_s-xclick&hosted_button_id=2SUEFTGABTAM2
Message: Also leave a message if there is any particular feature you would like to see added.
Message: Thanks for all the people that have donated.
Message: Torndeco: 18/05/15

Message: This version was modified and include some improvement
Message: The lib was recompiled using new version of TBBMalloc, Boost and MariaDB connector
Message: The worker threads limitation was removed
Message: Steez: 30/10/2020


extDB3: Found extdb3-conf.ini
extDB3: Detected 16 Cores, Setting up 6 Worker Threads
extDB3: Detected 16 Cores, Setting up 16 Worker Threads
extDB3: ...
extDB3: ...
extDB3: ...
extDB3: ...
extDB3: ...
extDB3: ...
extDB3: ...
extDB3: ...
extDB3: ...
extDB3: ...
extDB3: ...
extDB3: ...
extDB3: ...
extDB3: ...
extDB3: ...
extDB3: ...


[18:51:29:942758 +01:00] [Thread 8404] extDB3: SQL: Initialized: Add Quotes around TEXT Datatypes mode: 2
[18:51:29:942780 +01:00] [Thread 8404] extDB3: SQL: Initialized: NULL = ""
[18:51:29:942794 +01:00] [Thread 8404] extDB3: Locked
[18:51:29:949056 +01:00] [Thread 15284] extDB3: SQL: Error MariaDBQueryException: PROCEDURE armalife.deleteDeadVehicles does not exist
[18:51:29:949071 +01:00] [Thread 15284] extDB3: SQL: Error MariaDBQueryException: Input: CALL deleteDeadVehicles
[18:51:29:949093 +01:00] [Thread 13216] extDB3: SQL: Error MariaDBQueryException: PROCEDURE armalife.deleteOldForfait does not exist
[18:51:29:949106 +01:00] [Thread 13216] extDB3: SQL: Error MariaDBQueryException: Input: CALL deleteOldForfait
[18:51:29:949125 +01:00] [Thread 17500] extDB3: SQL: Error MariaDBQueryException: PROCEDURE armalife.deleteOldSms does not exist
[18:51:29:949138 +01:00] [Thread 17500] extDB3: SQL: Error MariaDBQueryException: Input: CALL deleteOldSms
[18:54:34:094431 +01:00] [Thread 18944] extDB3: SQL: Error MariaDBQueryException: You have an error in your SQL syntax; check the manual that corresponds to your MariaDB server version for the right syntax to use near 'est téléporté via MapTeleport en [3272.48,4346.17,0]')' at line 1
[18:54:34:094515 +01:00] [Thread 18944] extDB3: SQL: Error MariaDBQueryException: Input: INSERT INTO logs_alf (name, uid, type, text) VALUES ('Antonio Lopa', '76561198201065973', 'ADMIN', 'Antonio Lopa (76561198201065973) s'est téléporté via MapTeleport en [3272.48,4346.17,0]')
[18:55:05:416577 +01:00] [Thread 18944] extDB3: SQL: Error MariaDBQueryException: You have an error in your SQL syntax; check the manual that corresponds to your MariaDB server version for the right syntax to use near 'est téléporté via MapTeleport en [6280.97,4721.73,0]')' at line 1
[18:55:05:416632 +01:00] [Thread 18944] extDB3: SQL: Error MariaDBQueryException: Input: INSERT INTO logs_alf (name, uid, type, text) VALUES ('Antonio Lopa', '76561198201065973', 'ADMIN', 'Antonio Lopa (76561198201065973) s'est téléporté via MapTeleport en [6280.97,4721.73,0]')
