
extDB3: https://bitbucket.org/torndeco/extdb3/wiki/Home
extDB3: Version: 1.033
extDB3: Windows Version
Message: All development for extDB3 is done on a Linux Dedicated Server
Message: If you would like to Donate to extDB3 Development
Message: https://www.paypal.com/cgi-bin/webscr?cmd=_s-xclick&hosted_button_id=2SUEFTGABTAM2
Message: Also leave a message if there is any particular feature you would like to see added.
Message: Thanks for all the people that have donated.
Message: Torndeco: 18/05/15

Message: This version was modified and include some improvement
Message: The lib was recompiled using new version of TBBMalloc, Boost and MariaDB connector
Message: The worker threads limitation was removed
Message: Steez: 30/10/2020


extDB3: Found extdb3-conf.ini
extDB3: Detected 16 Cores, Setting up 6 Worker Threads
extDB3: Detected 16 Cores, Setting up 16 Worker Threads
extDB3: ...
extDB3: ...
extDB3: ...
extDB3: ...
extDB3: ...
extDB3: ...
extDB3: ...
extDB3: ...
extDB3: ...
extDB3: ...
extDB3: ...
extDB3: ...
extDB3: ...
extDB3: ...
extDB3: ...
extDB3: ...


[18:58:37:281061 +01:00] [Thread 17672] extDB3: SQL: Initialized: Add Quotes around TEXT Datatypes mode: 2
[18:58:37:281084 +01:00] [Thread 17672] extDB3: SQL: Initialized: NULL = ""
[18:58:37:281098 +01:00] [Thread 17672] extDB3: Locked
[18:58:37:286971 +01:00] [Thread 8560] extDB3: SQL: Error MariaDBQueryException: PROCEDURE armalife.deleteOldSms does not exist
[18:58:37:286983 +01:00] [Thread 8560] extDB3: SQL: Error MariaDBQueryException: Input: CALL deleteOldSms
[18:58:37:287022 +01:00] [Thread 16532] extDB3: SQL: Error MariaDBQueryException: PROCEDURE armalife.deleteDeadVehicles does not exist
[18:58:37:287023 +01:00] [Thread 18176] extDB3: SQL: Error MariaDBQueryException: PROCEDURE armalife.deleteOldForfait does not exist
[18:58:37:287036 +01:00] [Thread 16532] extDB3: SQL: Error MariaDBQueryException: Input: CALL deleteDeadVehicles
[18:58:37:287042 +01:00] [Thread 18176] extDB3: SQL: Error MariaDBQueryException: Input: CALL deleteOldForfait
[19:00:30:041202 +01:00] [Thread 18520] extDB3: SQL: Error MariaDBQueryException: You have an error in your SQL syntax; check the manual that corresponds to your MariaDB server version for the right syntax to use near 'est téléporté via MapTeleport en [3271.71,4349.81,0]')' at line 1
[19:00:30:041278 +01:00] [Thread 18520] extDB3: SQL: Error MariaDBQueryException: Input: INSERT INTO logs_alf (name, uid, type, text) VALUES ('Antonio Lopa', '76561198201065973', 'ADMIN', 'Antonio Lopa (76561198201065973) s'est téléporté via MapTeleport en [3271.71,4349.81,0]')
[19:00:51:155419 +01:00] [Thread 18520] extDB3: SQL: Error MariaDBQueryException: You have an error in your SQL syntax; check the manual that corresponds to your MariaDB server version for the right syntax to use near 'est téléporté via MapTeleport en [6283.32,4716.44,0]')' at line 1
[19:00:51:155494 +01:00] [Thread 18520] extDB3: SQL: Error MariaDBQueryException: Input: INSERT INTO logs_alf (name, uid, type, text) VALUES ('Antonio Lopa', '76561198201065973', 'ADMIN', 'Antonio Lopa (76561198201065973) s'est téléporté via MapTeleport en [6283.32,4716.44,0]')
