
extDB3: https://bitbucket.org/torndeco/extdb3/wiki/Home
extDB3: Version: 1.033
extDB3: Windows Version
Message: All development for extDB3 is done on a Linux Dedicated Server
Message: If you would like to Donate to extDB3 Development
Message: https://www.paypal.com/cgi-bin/webscr?cmd=_s-xclick&hosted_button_id=2SUEFTGABTAM2
Message: Also leave a message if there is any particular feature you would like to see added.
Message: Thanks for all the people that have donated.
Message: Torndeco: 18/05/15

Message: This version was modified and include some improvement
Message: The lib was recompiled using new version of TBBMalloc, Boost and MariaDB connector
Message: The worker threads limitation was removed
Message: Steez: 30/10/2020


extDB3: Found extdb3-conf.ini
extDB3: Detected 16 Cores, Setting up 6 Worker Threads
extDB3: Detected 16 Cores, Setting up 16 Worker Threads
extDB3: ...
extDB3: ...
extDB3: ...
extDB3: ...
extDB3: ...
extDB3: ...
extDB3: ...
extDB3: ...
extDB3: ...
extDB3: ...
extDB3: ...
extDB3: ...
extDB3: ...
extDB3: ...
extDB3: ...
extDB3: ...


[19:14:13:324116 +01:00] [Thread 20476] extDB3: SQL: Initialized: Add Quotes around TEXT Datatypes mode: 2
[19:14:13:324138 +01:00] [Thread 20476] extDB3: SQL: Initialized: NULL = ""
[19:14:13:324152 +01:00] [Thread 20476] extDB3: Locked
[19:14:13:330147 +01:00] [Thread 15804] extDB3: SQL: Error MariaDBQueryException: PROCEDURE armalife.deleteDeadVehicles does not exist
[19:14:13:330160 +01:00] [Thread 15804] extDB3: SQL: Error MariaDBQueryException: Input: CALL deleteDeadVehicles
[19:14:13:330193 +01:00] [Thread 18692] extDB3: SQL: Error MariaDBQueryException: PROCEDURE armalife.deleteOldForfait does not exist
[19:14:13:330205 +01:00] [Thread 18692] extDB3: SQL: Error MariaDBQueryException: Input: CALL deleteOldForfait
[19:14:13:330231 +01:00] [Thread 18140] extDB3: SQL: Error MariaDBQueryException: PROCEDURE armalife.deleteOldSms does not exist
[19:14:13:330243 +01:00] [Thread 18140] extDB3: SQL: Error MariaDBQueryException: Input: CALL deleteOldSms
[19:16:08:000123 +01:00] [Thread 17192] extDB3: SQL: Error MariaDBQueryException: You have an error in your SQL syntax; check the manual that corresponds to your MariaDB server version for the right syntax to use near 'est téléporté via MapTeleport en [3268.33,4349.88,0]')' at line 1
[19:16:08:000180 +01:00] [Thread 17192] extDB3: SQL: Error MariaDBQueryException: Input: INSERT INTO logs_alf (name, uid, type, text) VALUES ('Antonio Lopa', '76561198201065973', 'ADMIN', 'Antonio Lopa (76561198201065973) s'est téléporté via MapTeleport en [3268.33,4349.88,0]')
[19:16:23:614853 +01:00] [Thread 17192] extDB3: SQL: Error MariaDBQueryException: You have an error in your SQL syntax; check the manual that corresponds to your MariaDB server version for the right syntax to use near 'est téléporté via MapTeleport en [6284.21,4718.35,0]')' at line 1
[19:16:23:614964 +01:00] [Thread 17192] extDB3: SQL: Error MariaDBQueryException: Input: INSERT INTO logs_alf (name, uid, type, text) VALUES ('Antonio Lopa', '76561198201065973', 'ADMIN', 'Antonio Lopa (76561198201065973) s'est téléporté via MapTeleport en [6284.21,4718.35,0]')
