
extDB3: https://bitbucket.org/torndeco/extdb3/wiki/Home
extDB3: Version: 1.033
extDB3: Windows Version
Message: All development for extDB3 is done on a Linux Dedicated Server
Message: If you would like to Donate to extDB3 Development
Message: https://www.paypal.com/cgi-bin/webscr?cmd=_s-xclick&hosted_button_id=2SUEFTGABTAM2
Message: Also leave a message if there is any particular feature you would like to see added.
Message: Thanks for all the people that have donated.
Message: Torndeco: 18/05/15

Message: This version was modified and include some improvement
Message: The lib was recompiled using new version of TBBMalloc, Boost and MariaDB connector
Message: The worker threads limitation was removed
Message: Steez: 30/10/2020


extDB3: Found extdb3-conf.ini
extDB3: Detected 16 Cores, Setting up 6 Worker Threads
extDB3: Detected 16 Cores, Setting up 16 Worker Threads
extDB3: ...
extDB3: ...
extDB3: ...
extDB3: ...
extDB3: ...
extDB3: ...
extDB3: ...
extDB3: ...
extDB3: ...
extDB3: ...
extDB3: ...
extDB3: ...
extDB3: ...
extDB3: ...
extDB3: ...
extDB3: ...


[19:23:25:166991 +01:00] [Thread 19088] extDB3: SQL: Initialized: Add Quotes around TEXT Datatypes mode: 2
[19:23:25:167011 +01:00] [Thread 19088] extDB3: SQL: Initialized: NULL = ""
[19:23:25:167065 +01:00] [Thread 19088] extDB3: Locked
[19:23:25:173075 +01:00] [Thread 15536] extDB3: SQL: Error MariaDBQueryException: PROCEDURE armalife.deleteDeadVehicles does not exist
[19:23:25:173126 +01:00] [Thread 15536] extDB3: SQL: Error MariaDBQueryException: Input: CALL deleteDeadVehicles
[19:23:25:173133 +01:00] [Thread 18148] extDB3: SQL: Error MariaDBQueryException: PROCEDURE armalife.deleteOldForfait does not exist
[19:23:25:173134 +01:00] [Thread 13428] extDB3: SQL: Error MariaDBQueryException: PROCEDURE armalife.deleteOldSms does not exist
[19:23:25:173145 +01:00] [Thread 18148] extDB3: SQL: Error MariaDBQueryException: Input: CALL deleteOldForfait
[19:23:25:173159 +01:00] [Thread 13428] extDB3: SQL: Error MariaDBQueryException: Input: CALL deleteOldSms
[19:25:14:946565 +01:00] [Thread 20244] extDB3: SQL: Error MariaDBQueryException: You have an error in your SQL syntax; check the manual that corresponds to your MariaDB server version for the right syntax to use near 'est téléporté via MapTeleport en [3270.07,4346.63,0]')' at line 1
[19:25:14:946633 +01:00] [Thread 20244] extDB3: SQL: Error MariaDBQueryException: Input: INSERT INTO logs_alf (name, uid, type, text) VALUES ('Antonio Lopa', '76561198201065973', 'ADMIN', 'Antonio Lopa (76561198201065973) s'est téléporté via MapTeleport en [3270.07,4346.63,0]')
[19:25:28:982022 +01:00] [Thread 20244] extDB3: SQL: Error MariaDBQueryException: You have an error in your SQL syntax; check the manual that corresponds to your MariaDB server version for the right syntax to use near 'est téléporté via MapTeleport en [6080.34,5387.65,0]')' at line 1
[19:25:28:982086 +01:00] [Thread 20244] extDB3: SQL: Error MariaDBQueryException: Input: INSERT INTO logs_alf (name, uid, type, text) VALUES ('Antonio Lopa', '76561198201065973', 'ADMIN', 'Antonio Lopa (76561198201065973) s'est téléporté via MapTeleport en [6080.34,5387.65,0]')
[19:25:58:258490 +01:00] [Thread 20244] extDB3: SQL: Error MariaDBQueryException: You have an error in your SQL syntax; check the manual that corresponds to your MariaDB server version for the right syntax to use near 'est téléporté via MapTeleport en [6284.51,4719.56,0]')' at line 1
[19:25:58:258546 +01:00] [Thread 20244] extDB3: SQL: Error MariaDBQueryException: Input: INSERT INTO logs_alf (name, uid, type, text) VALUES ('Antonio Lopa', '76561198201065973', 'ADMIN', 'Antonio Lopa (76561198201065973) s'est téléporté via MapTeleport en [6284.51,4719.56,0]')
[19:28:14:971637 +01:00] [Thread 20244] extDB3: SQL: Error MariaDBQueryException: You have an error in your SQL syntax; check the manual that corresponds to your MariaDB server version for the right syntax to use near 'est téléporté via MapTeleport en [3264.8,4348.92,0]')' at line 1
[19:28:14:971710 +01:00] [Thread 20244] extDB3: SQL: Error MariaDBQueryException: Input: INSERT INTO logs_alf (name, uid, type, text) VALUES ('Antonio Lopa', '76561198201065973', 'ADMIN', 'Antonio Lopa (76561198201065973) s'est téléporté via MapTeleport en [3264.8,4348.92,0]')
