
extDB3: https://bitbucket.org/torndeco/extdb3/wiki/Home
extDB3: Version: 1.033
extDB3: Windows Version
Message: All development for extDB3 is done on a Linux Dedicated Server
Message: If you would like to Donate to extDB3 Development
Message: https://www.paypal.com/cgi-bin/webscr?cmd=_s-xclick&hosted_button_id=2SUEFTGABTAM2
Message: Also leave a message if there is any particular feature you would like to see added.
Message: Thanks for all the people that have donated.
Message: Torndeco: 18/05/15

Message: This version was modified and include some improvement
Message: The lib was recompiled using new version of TBBMalloc, Boost and MariaDB connector
Message: The worker threads limitation was removed
Message: Steez: 30/10/2020


extDB3: Found extdb3-conf.ini
extDB3: Detected 16 Cores, Setting up 6 Worker Threads
extDB3: Detected 16 Cores, Setting up 16 Worker Threads
extDB3: ...
extDB3: ...
extDB3: ...
extDB3: ...
extDB3: ...
extDB3: ...
extDB3: ...
extDB3: ...
extDB3: ...
extDB3: ...
extDB3: ...
extDB3: ...
extDB3: ...
extDB3: ...
extDB3: ...
extDB3: ...


[16:56:55:382568 +02:00] [Thread 20132] extDB3: SQL: Initialized: Add Quotes around TEXT Datatypes mode: 2
[16:56:55:382592 +02:00] [Thread 20132] extDB3: SQL: Initialized: NULL = ""
[16:56:55:382610 +02:00] [Thread 20132] extDB3: Locked
[16:56:55:389886 +02:00] [Thread 13460] extDB3: SQL: Error MariaDBQueryException: PROCEDURE armalife.deleteDeadVehicles does not exist
[16:56:55:389894 +02:00] [Thread 17760] extDB3: SQL: Error MariaDBQueryException: PROCEDURE armalife.deleteOldForfait does not exist
[16:56:55:389948 +02:00] [Thread 13460] extDB3: SQL: Error MariaDBQueryException: Input: CALL deleteDeadVehicles
[16:56:55:389961 +02:00] [Thread 17760] extDB3: SQL: Error MariaDBQueryException: Input: CALL deleteOldForfait
[16:56:55:389961 +02:00] [Thread 17848] extDB3: SQL: Error MariaDBQueryException: PROCEDURE armalife.deleteOldSms does not exist
[16:56:55:390022 +02:00] [Thread 17848] extDB3: SQL: Error MariaDBQueryException: Input: CALL deleteOldSms
[16:57:56:916518 +02:00] [Thread 14944] extDB3: SQL: Error MariaDBQueryException: You have an error in your SQL syntax; check the manual that corresponds to your MariaDB server version for the right syntax to use near 'est téléporté via MapTeleport en [6306.41,7363.25,0]')' at line 1
[16:57:56:916567 +02:00] [Thread 14944] extDB3: SQL: Error MariaDBQueryException: Input: INSERT INTO logs_alf (name, uid, type, text) VALUES ('Antonio Lopa', '76561198201065973', 'ADMIN', 'Antonio Lopa (76561198201065973) s'est téléporté via MapTeleport en [6306.41,7363.25,0]')
[16:58:06:095930 +02:00] [Thread 14944] extDB3: SQL: Error MariaDBQueryException: You have an error in your SQL syntax; check the manual that corresponds to your MariaDB server version for the right syntax to use near 'est téléporté via MapTeleport en [4064.01,4523.26,0]')' at line 1
[16:58:06:095993 +02:00] [Thread 14944] extDB3: SQL: Error MariaDBQueryException: Input: INSERT INTO logs_alf (name, uid, type, text) VALUES ('Antonio Lopa', '76561198201065973', 'ADMIN', 'Antonio Lopa (76561198201065973) s'est téléporté via MapTeleport en [4064.01,4523.26,0]')
