
extDB3: https://bitbucket.org/torndeco/extdb3/wiki/Home
extDB3: Version: 1.033
extDB3: Windows Version
Message: All development for extDB3 is done on a Linux Dedicated Server
Message: If you would like to Donate to extDB3 Development
Message: https://www.paypal.com/cgi-bin/webscr?cmd=_s-xclick&hosted_button_id=2SUEFTGABTAM2
Message: Also leave a message if there is any particular feature you would like to see added.
Message: Thanks for all the people that have donated.
Message: Torndeco: 18/05/15

Message: This version was modified and include some improvement
Message: The lib was recompiled using new version of TBBMalloc, Boost and MariaDB connector
Message: The worker threads limitation was removed
Message: Steez: 30/10/2020


extDB3: Found extdb3-conf.ini
extDB3: Detected 16 Cores, Setting up 6 Worker Threads
extDB3: Detected 16 Cores, Setting up 16 Worker Threads
extDB3: ...
extDB3: ...
extDB3: ...
extDB3: ...
extDB3: ...
extDB3: ...
extDB3: ...
extDB3: ...
extDB3: ...
extDB3: ...
extDB3: ...
extDB3: ...
extDB3: ...
extDB3: ...
extDB3: ...
extDB3: ...


[18:49:42:460660 +01:00] [Thread 13192] extDB3: SQL: Initialized: Add Quotes around TEXT Datatypes mode: 2
[18:49:42:460687 +01:00] [Thread 13192] extDB3: SQL: Initialized: NULL = ""
[18:49:42:460714 +01:00] [Thread 13192] extDB3: Locked
[18:49:42:467373 +01:00] [Thread 13428] extDB3: SQL: Error MariaDBQueryException: PROCEDURE armalife.deleteDeadVehicles does not exist
[18:49:42:467371 +01:00] [Thread 14988] extDB3: SQL: Error MariaDBQueryException: PROCEDURE armalife.deleteOldForfait does not exist
[18:49:42:467380 +01:00] [Thread 17020] extDB3: SQL: Error MariaDBQueryException: PROCEDURE armalife.deleteOldSms does not exist
[18:49:42:467395 +01:00] [Thread 13428] extDB3: SQL: Error MariaDBQueryException: Input: CALL deleteDeadVehicles
[18:49:42:467408 +01:00] [Thread 14988] extDB3: SQL: Error MariaDBQueryException: Input: CALL deleteOldForfait
[18:49:42:467416 +01:00] [Thread 17020] extDB3: SQL: Error MariaDBQueryException: Input: CALL deleteOldSms
[18:51:34:949037 +01:00] [Thread 18164] extDB3: SQL: Error MariaDBQueryException: You have an error in your SQL syntax; check the manual that corresponds to your MariaDB server version for the right syntax to use near 'est téléporté via MapTeleport en [4251.07,4264.7,0]')' at line 1
[18:51:34:949113 +01:00] [Thread 18164] extDB3: SQL: Error MariaDBQueryException: Input: INSERT INTO logs_alf (name, uid, type, text) VALUES ('Antonio Lopa', '76561198201065973', 'ADMIN', 'Antonio Lopa (76561198201065973) s'est téléporté via MapTeleport en [4251.07,4264.7,0]')
[18:51:48:582550 +01:00] [Thread 17020] extDB3: SQL: Error MariaDBQueryException: You have an error in your SQL syntax; check the manual that corresponds to your MariaDB server version for the right syntax to use near 'est téléporté via MapTeleport en [3312.39,4347.95,0]')' at line 1
[18:51:48:582614 +01:00] [Thread 17020] extDB3: SQL: Error MariaDBQueryException: Input: INSERT INTO logs_alf (name, uid, type, text) VALUES ('Antonio Lopa', '76561198201065973', 'ADMIN', 'Antonio Lopa (76561198201065973) s'est téléporté via MapTeleport en [3312.39,4347.95,0]')
