
extDB3: https://bitbucket.org/torndeco/extdb3/wiki/Home
extDB3: Version: 1.033
extDB3: Windows Version
Message: All development for extDB3 is done on a Linux Dedicated Server
Message: If you would like to Donate to extDB3 Development
Message: https://www.paypal.com/cgi-bin/webscr?cmd=_s-xclick&hosted_button_id=2SUEFTGABTAM2
Message: Also leave a message if there is any particular feature you would like to see added.
Message: Thanks for all the people that have donated.
Message: Torndeco: 18/05/15

Message: This version was modified and include some improvement
Message: The lib was recompiled using new version of TBBMalloc, Boost and MariaDB connector
Message: The worker threads limitation was removed
Message: Steez: 30/10/2020


extDB3: Found extdb3-conf.ini
extDB3: Detected 16 Cores, Setting up 6 Worker Threads
extDB3: Detected 16 Cores, Setting up 16 Worker Threads
extDB3: ...
extDB3: ...
extDB3: ...
extDB3: ...
extDB3: ...
extDB3: ...
extDB3: ...
extDB3: ...
extDB3: ...
extDB3: ...
extDB3: ...
extDB3: ...
extDB3: ...
extDB3: ...
extDB3: ...
extDB3: ...


[19:10:21:198404 +01:00] [Thread 11964] extDB3: SQL: Initialized: Add Quotes around TEXT Datatypes mode: 2
[19:10:21:198427 +01:00] [Thread 11964] extDB3: SQL: Initialized: NULL = ""
[19:10:21:198442 +01:00] [Thread 11964] extDB3: Locked
[19:10:21:204476 +01:00] [Thread 17976] extDB3: SQL: Error MariaDBQueryException: PROCEDURE armalife.deleteDeadVehicles does not exist
[19:10:21:204490 +01:00] [Thread 17976] extDB3: SQL: Error MariaDBQueryException: Input: CALL deleteDeadVehicles
[19:10:21:204522 +01:00] [Thread 11640] extDB3: SQL: Error MariaDBQueryException: PROCEDURE armalife.deleteOldSms does not exist
[19:10:21:204535 +01:00] [Thread 11640] extDB3: SQL: Error MariaDBQueryException: Input: CALL deleteOldSms
[19:10:21:204562 +01:00] [Thread 17284] extDB3: SQL: Error MariaDBQueryException: PROCEDURE armalife.deleteOldForfait does not exist
[19:10:21:204574 +01:00] [Thread 17284] extDB3: SQL: Error MariaDBQueryException: Input: CALL deleteOldForfait
[19:13:58:176468 +01:00] [Thread 14032] extDB3: SQL: Error MariaDBQueryException: You have an error in your SQL syntax; check the manual that corresponds to your MariaDB server version for the right syntax to use near 'action 'Animations Rapides' via le menu admin.')' at line 1
[19:13:58:176528 +01:00] [Thread 14032] extDB3: SQL: Error MariaDBQueryException: Input: INSERT INTO logs_alf (name, uid, type, text) VALUES ('Antonio Lopa', '76561198201065973', 'ADMIN', 'A utilisé l'action 'Animations Rapides' via le menu admin.')
[19:14:23:423375 +01:00] [Thread 14032] extDB3: SQL: Error MariaDBQueryException: You have an error in your SQL syntax; check the manual that corresponds to your MariaDB server version for the right syntax to use near 'est téléporté via MapTeleport en [2163.3,5474.99,0]')' at line 1
[19:14:23:423431 +01:00] [Thread 14032] extDB3: SQL: Error MariaDBQueryException: Input: INSERT INTO logs_alf (name, uid, type, text) VALUES ('Antonio Lopa', '76561198201065973', 'ADMIN', 'Antonio Lopa (76561198201065973) s'est téléporté via MapTeleport en [2163.3,5474.99,0]')
[19:17:17:445599 +01:00] [Thread 18416] extDB3: SQL: Error MariaDBQueryException: You have an error in your SQL syntax; check the manual that corresponds to your MariaDB server version for the right syntax to use near 'est téléporté via MapTeleport en [3306.71,4399.41,0]')' at line 1
[19:17:17:445702 +01:00] [Thread 18416] extDB3: SQL: Error MariaDBQueryException: Input: INSERT INTO logs_alf (name, uid, type, text) VALUES ('Antonio Lopa', '76561198201065973', 'ADMIN', 'Antonio Lopa (76561198201065973) s'est téléporté via MapTeleport en [3306.71,4399.41,0]')
