
extDB3: https://bitbucket.org/torndeco/extdb3/wiki/Home
extDB3: Version: 1.033
extDB3: Windows Version
Message: All development for extDB3 is done on a Linux Dedicated Server
Message: If you would like to Donate to extDB3 Development
Message: https://www.paypal.com/cgi-bin/webscr?cmd=_s-xclick&hosted_button_id=2SUEFTGABTAM2
Message: Also leave a message if there is any particular feature you would like to see added.
Message: Thanks for all the people that have donated.
Message: Torndeco: 18/05/15

Message: This version was modified and include some improvement
Message: The lib was recompiled using new version of TBBMalloc, Boost and MariaDB connector
Message: The worker threads limitation was removed
Message: Steez: 30/10/2020


extDB3: Found extdb3-conf.ini
extDB3: Detected 16 Cores, Setting up 6 Worker Threads
extDB3: Detected 16 Cores, Setting up 16 Worker Threads
extDB3: ...
extDB3: ...
extDB3: ...
extDB3: ...
extDB3: ...
extDB3: ...
extDB3: ...
extDB3: ...
extDB3: ...
extDB3: ...
extDB3: ...
extDB3: ...
extDB3: ...
extDB3: ...
extDB3: ...
extDB3: ...


[19:22:42:662661 +01:00] [Thread 15808] extDB3: SQL: Initialized: Add Quotes around TEXT Datatypes mode: 2
[19:22:42:662685 +01:00] [Thread 15808] extDB3: SQL: Initialized: NULL = ""
[19:22:42:662698 +01:00] [Thread 15808] extDB3: Locked
[19:22:42:669022 +01:00] [Thread 18420] extDB3: SQL: Error MariaDBQueryException: PROCEDURE armalife.deleteDeadVehicles does not exist
[19:22:42:669038 +01:00] [Thread 18420] extDB3: SQL: Error MariaDBQueryException: Input: CALL deleteDeadVehicles
[19:22:42:669058 +01:00] [Thread 18044] extDB3: SQL: Error MariaDBQueryException: PROCEDURE armalife.deleteOldForfait does not exist
[19:22:42:669066 +01:00] [Thread 17164] extDB3: SQL: Error MariaDBQueryException: PROCEDURE armalife.deleteOldSms does not exist
[19:22:42:669071 +01:00] [Thread 18044] extDB3: SQL: Error MariaDBQueryException: Input: CALL deleteOldForfait
[19:22:42:669084 +01:00] [Thread 17164] extDB3: SQL: Error MariaDBQueryException: Input: CALL deleteOldSms
[19:25:58:964185 +01:00] [Thread 13084] extDB3: SQL: Error MariaDBQueryException: You have an error in your SQL syntax; check the manual that corresponds to your MariaDB server version for the right syntax to use near 'action 'Animations Rapides' via le menu admin.')' at line 1
[19:25:58:964266 +01:00] [Thread 13084] extDB3: SQL: Error MariaDBQueryException: Input: INSERT INTO logs_alf (name, uid, type, text) VALUES ('Antonio Lopa', '76561198201065973', 'ADMIN', 'A utilisé l'action 'Animations Rapides' via le menu admin.')
