
extDB3: https://bitbucket.org/torndeco/extdb3/wiki/Home
extDB3: Version: 1.033
extDB3: Windows Version
Message: All development for extDB3 is done on a Linux Dedicated Server
Message: If you would like to Donate to extDB3 Development
Message: https://www.paypal.com/cgi-bin/webscr?cmd=_s-xclick&hosted_button_id=2SUEFTGABTAM2
Message: Also leave a message if there is any particular feature you would like to see added.
Message: Thanks for all the people that have donated.
Message: Torndeco: 18/05/15

Message: This version was modified and include some improvement
Message: The lib was recompiled using new version of TBBMalloc, Boost and MariaDB connector
Message: The worker threads limitation was removed
Message: Steez: 30/10/2020


extDB3: Found extdb3-conf.ini
extDB3: Detected 16 Cores, Setting up 6 Worker Threads
extDB3: Detected 16 Cores, Setting up 16 Worker Threads
extDB3: ...
extDB3: ...
extDB3: ...
extDB3: ...
extDB3: ...
extDB3: ...
extDB3: ...
extDB3: ...
extDB3: ...
extDB3: ...
extDB3: ...
extDB3: ...
extDB3: ...
extDB3: ...
extDB3: ...
extDB3: ...


[23:50:53:997462 +01:00] [Thread 18164] extDB3: SQL: Initialized: Add Quotes around TEXT Datatypes mode: 2
[23:50:53:997484 +01:00] [Thread 18164] extDB3: SQL: Initialized: NULL = ""
[23:50:53:997498 +01:00] [Thread 18164] extDB3: Locked
[23:50:54:003627 +01:00] [Thread 15636] extDB3: SQL: Error MariaDBQueryException: PROCEDURE armalife.deleteDeadVehicles does not exist
[23:50:54:003639 +01:00] [Thread 15636] extDB3: SQL: Error MariaDBQueryException: Input: CALL deleteDeadVehicles
[23:50:54:003701 +01:00] [Thread 18120] extDB3: SQL: Error MariaDBQueryException: PROCEDURE armalife.deleteOldForfait does not exist
[23:50:54:003730 +01:00] [Thread 18120] extDB3: SQL: Error MariaDBQueryException: Input: CALL deleteOldForfait
[23:50:54:003733 +01:00] [Thread 16184] extDB3: SQL: Error MariaDBQueryException: PROCEDURE armalife.deleteOldSms does not exist
[23:50:54:003746 +01:00] [Thread 16184] extDB3: SQL: Error MariaDBQueryException: Input: CALL deleteOldSms
[23:54:52:120543 +01:00] [Thread 17008] extDB3: SQL: Error MariaDBQueryException: You have an error in your SQL syntax; check the manual that corresponds to your MariaDB server version for the right syntax to use near 'action 'Animations Rapides' via le menu admin.')' at line 1
[23:54:52:120616 +01:00] [Thread 17008] extDB3: SQL: Error MariaDBQueryException: Input: INSERT INTO logs_alf (name, uid, type, text) VALUES ('Antonio Lopa', '76561198201065973', 'ADMIN', 'A utilisé l'action 'Animations Rapides' via le menu admin.')
