
extDB3: https://bitbucket.org/torndeco/extdb3/wiki/Home
extDB3: Version: 1.033
extDB3: Windows Version
Message: All development for extDB3 is done on a Linux Dedicated Server
Message: If you would like to Donate to extDB3 Development
Message: https://www.paypal.com/cgi-bin/webscr?cmd=_s-xclick&hosted_button_id=2SUEFTGABTAM2
Message: Also leave a message if there is any particular feature you would like to see added.
Message: Thanks for all the people that have donated.
Message: Torndeco: 18/05/15

Message: This version was modified and include some improvement
Message: The lib was recompiled using new version of TBBMalloc, Boost and MariaDB connector
Message: The worker threads limitation was removed
Message: Steez: 30/10/2020


extDB3: Found extdb3-conf.ini
extDB3: Detected 16 Cores, Setting up 6 Worker Threads
extDB3: Detected 16 Cores, Setting up 16 Worker Threads
extDB3: ...
extDB3: ...
extDB3: ...
extDB3: ...
extDB3: ...
extDB3: ...
extDB3: ...
extDB3: ...
extDB3: ...
extDB3: ...
extDB3: ...
extDB3: ...
extDB3: ...
extDB3: ...
extDB3: ...
extDB3: ...


[23:59:23:374762 +01:00] [Thread 7004] extDB3: SQL: Initialized: Add Quotes around TEXT Datatypes mode: 2
[23:59:23:374788 +01:00] [Thread 7004] extDB3: SQL: Initialized: NULL = ""
[23:59:23:374802 +01:00] [Thread 7004] extDB3: Locked
[23:59:23:381037 +01:00] [Thread 17524] extDB3: SQL: Error MariaDBQueryException: PROCEDURE armalife.deleteDeadVehicles does not exist
[23:59:23:381050 +01:00] [Thread 17524] extDB3: SQL: Error MariaDBQueryException: Input: CALL deleteDeadVehicles
[23:59:23:381062 +01:00] [Thread 13844] extDB3: SQL: Error MariaDBQueryException: PROCEDURE armalife.deleteOldSms does not exist
[23:59:23:381075 +01:00] [Thread 13844] extDB3: SQL: Error MariaDBQueryException: Input: CALL deleteOldSms
[23:59:23:381148 +01:00] [Thread 18288] extDB3: SQL: Error MariaDBQueryException: PROCEDURE armalife.deleteOldForfait does not exist
[23:59:23:381162 +01:00] [Thread 18288] extDB3: SQL: Error MariaDBQueryException: Input: CALL deleteOldForfait
[00:01:15:999937 +01:00] [Thread 14068] extDB3: SQL: Error MariaDBQueryException: You have an error in your SQL syntax; check the manual that corresponds to your MariaDB server version for the right syntax to use near 'action 'Animations Rapides' via le menu admin.')' at line 1
[00:01:16:000022 +01:00] [Thread 14068] extDB3: SQL: Error MariaDBQueryException: Input: INSERT INTO logs_alf (name, uid, type, text) VALUES ('Antonio Lopa', '76561198201065973', 'ADMIN', 'A utilisé l'action 'Animations Rapides' via le menu admin.')
