
extDB3: https://bitbucket.org/torndeco/extdb3/wiki/Home
extDB3: Version: 1.033
extDB3: Windows Version
Message: All development for extDB3 is done on a Linux Dedicated Server
Message: If you would like to Donate to extDB3 Development
Message: https://www.paypal.com/cgi-bin/webscr?cmd=_s-xclick&hosted_button_id=2SUEFTGABTAM2
Message: Also leave a message if there is any particular feature you would like to see added.
Message: Thanks for all the people that have donated.
Message: Torndeco: 18/05/15

Message: This version was modified and include some improvement
Message: The lib was recompiled using new version of TBBMalloc, Boost and MariaDB connector
Message: The worker threads limitation was removed
Message: Steez: 30/10/2020


extDB3: Found extdb3-conf.ini
extDB3: Detected 16 Cores, Setting up 6 Worker Threads
extDB3: Detected 16 Cores, Setting up 16 Worker Threads
extDB3: ...
extDB3: ...
extDB3: ...
extDB3: ...
extDB3: ...
extDB3: ...
extDB3: ...
extDB3: ...
extDB3: ...
extDB3: ...
extDB3: ...
extDB3: ...
extDB3: ...
extDB3: ...
extDB3: ...
extDB3: ...


[17:49:54:449318 +02:00] [Thread 19788] extDB3: SQL: Initialized: Add Quotes around TEXT Datatypes mode: 2
[17:49:54:449354 +02:00] [Thread 19788] extDB3: SQL: Initialized: NULL = ""
[17:49:54:449404 +02:00] [Thread 19788] extDB3: Locked
[17:49:54:456703 +02:00] [Thread 17652] extDB3: SQL: Error MariaDBQueryException: PROCEDURE armalife.deleteDeadVehicles does not exist
[17:49:54:456726 +02:00] [Thread 17652] extDB3: SQL: Error MariaDBQueryException: Input: CALL deleteDeadVehicles
[17:49:54:456734 +02:00] [Thread 21460] extDB3: SQL: Error MariaDBQueryException: PROCEDURE armalife.deleteOldForfait does not exist
[17:49:54:456747 +02:00] [Thread 21404] extDB3: SQL: Error MariaDBQueryException: PROCEDURE armalife.deleteOldSms does not exist
[17:49:54:456749 +02:00] [Thread 21460] extDB3: SQL: Error MariaDBQueryException: Input: CALL deleteOldForfait
[17:49:54:456791 +02:00] [Thread 21404] extDB3: SQL: Error MariaDBQueryException: Input: CALL deleteOldSms
[17:51:56:116978 +02:00] [Thread 17440] extDB3: SQL: Error MariaDBQueryException: You have an error in your SQL syntax; check the manual that corresponds to your MariaDB server version for the right syntax to use near 'est téléporté via MapTeleport en [4064.32,4525.51,0]')' at line 1
[17:51:56:117055 +02:00] [Thread 17440] extDB3: SQL: Error MariaDBQueryException: Input: INSERT INTO logs_alf (name, uid, type, text) VALUES ('Antonio Lopa', '76561198201065973', 'ADMIN', 'Antonio Lopa (76561198201065973) s'est téléporté via MapTeleport en [4064.32,4525.51,0]')
[17:52:06:909096 +02:00] [Thread 17440] extDB3: SQL: Error MariaDBQueryException: You have an error in your SQL syntax; check the manual that corresponds to your MariaDB server version for the right syntax to use near 'est téléporté via MapTeleport en [6057.47,7827.81,0]')' at line 1
[17:52:06:909162 +02:00] [Thread 17440] extDB3: SQL: Error MariaDBQueryException: Input: INSERT INTO logs_alf (name, uid, type, text) VALUES ('Antonio Lopa', '76561198201065973', 'ADMIN', 'Antonio Lopa (76561198201065973) s'est téléporté via MapTeleport en [6057.47,7827.81,0]')
[17:52:18:494839 +02:00] [Thread 17440] extDB3: SQL: Error MariaDBQueryException: You have an error in your SQL syntax; check the manual that corresponds to your MariaDB server version for the right syntax to use near 'est téléporté via MapTeleport en [6256.05,7218.22,0]')' at line 1
[17:52:18:494910 +02:00] [Thread 17440] extDB3: SQL: Error MariaDBQueryException: Input: INSERT INTO logs_alf (name, uid, type, text) VALUES ('Antonio Lopa', '76561198201065973', 'ADMIN', 'Antonio Lopa (76561198201065973) s'est téléporté via MapTeleport en [6256.05,7218.22,0]')
[17:52:53:828159 +02:00] [Thread 17440] extDB3: SQL: Error MariaDBQueryException: You have an error in your SQL syntax; check the manual that corresponds to your MariaDB server version for the right syntax to use near 'est téléporté via MapTeleport en [6699.38,6203.37,0]')' at line 1
[17:52:53:828204 +02:00] [Thread 17440] extDB3: SQL: Error MariaDBQueryException: Input: INSERT INTO logs_alf (name, uid, type, text) VALUES ('Antonio Lopa', '76561198201065973', 'ADMIN', 'Antonio Lopa (76561198201065973) s'est téléporté via MapTeleport en [6699.38,6203.37,0]')
[17:55:51:002832 +02:00] [Thread 5208] extDB3: SQL: Error MariaDBQueryException: You have an error in your SQL syntax; check the manual that corresponds to your MariaDB server version for the right syntax to use near 'est téléporté via MapTeleport en [4485.96,4351.09,0]')' at line 1
[17:55:51:002901 +02:00] [Thread 5208] extDB3: SQL: Error MariaDBQueryException: Input: INSERT INTO logs_alf (name, uid, type, text) VALUES ('Antonio Lopa', '76561198201065973', 'ADMIN', 'Antonio Lopa (76561198201065973) s'est téléporté via MapTeleport en [4485.96,4351.09,0]')
