
extDB3: https://bitbucket.org/torndeco/extdb3/wiki/Home
extDB3: Version: 1.033
extDB3: Windows Version
Message: All development for extDB3 is done on a Linux Dedicated Server
Message: If you would like to Donate to extDB3 Development
Message: https://www.paypal.com/cgi-bin/webscr?cmd=_s-xclick&hosted_button_id=2SUEFTGABTAM2
Message: Also leave a message if there is any particular feature you would like to see added.
Message: Thanks for all the people that have donated.
Message: Torndeco: 18/05/15

Message: This version was modified and include some improvement
Message: The lib was recompiled using new version of TBBMalloc, Boost and MariaDB connector
Message: The worker threads limitation was removed
Message: Steez: 30/10/2020


extDB3: Found extdb3-conf.ini
extDB3: Detected 16 Cores, Setting up 6 Worker Threads
extDB3: Detected 16 Cores, Setting up 16 Worker Threads
extDB3: ...
extDB3: ...
extDB3: ...
extDB3: ...
extDB3: ...
extDB3: ...
extDB3: ...
extDB3: ...
extDB3: ...
extDB3: ...
extDB3: ...
extDB3: ...
extDB3: ...
extDB3: ...
extDB3: ...
extDB3: ...


[18:30:29:985045 +02:00] [Thread 14856] extDB3: SQL: Initialized: Add Quotes around TEXT Datatypes mode: 2
[18:30:29:985071 +02:00] [Thread 14856] extDB3: SQL: Initialized: NULL = ""
[18:30:29:985088 +02:00] [Thread 14856] extDB3: Locked
[18:30:29:992823 +02:00] [Thread 14976] extDB3: SQL: Error MariaDBQueryException: PROCEDURE armalife.deleteDeadVehicles does not exist
[18:30:29:992834 +02:00] [Thread 21180] extDB3: SQL: Error MariaDBQueryException: PROCEDURE armalife.deleteOldForfait does not exist
[18:30:29:992823 +02:00] [Thread 17848] extDB3: SQL: Error MariaDBQueryException: PROCEDURE armalife.deleteOldSms does not exist
[18:30:29:992867 +02:00] [Thread 17848] extDB3: SQL: Error MariaDBQueryException: Input: CALL deleteOldSms
[18:30:29:992850 +02:00] [Thread 21180] extDB3: SQL: Error MariaDBQueryException: Input: CALL deleteOldForfait
[18:30:29:992850 +02:00] [Thread 14976] extDB3: SQL: Error MariaDBQueryException: Input: CALL deleteDeadVehicles
[18:33:58:890875 +02:00] [Thread 20440] extDB3: SQL: Error MariaDBQueryException: You have an error in your SQL syntax; check the manual that corresponds to your MariaDB server version for the right syntax to use near 'est téléporté via MapTeleport en [4055.52,4501.48,0]')' at line 1
[18:33:58:890970 +02:00] [Thread 20440] extDB3: SQL: Error MariaDBQueryException: Input: INSERT INTO logs_alf (name, uid, type, text) VALUES ('Antonio Lopa', '76561198201065973', 'ADMIN', 'Antonio Lopa (76561198201065973) s'est téléporté via MapTeleport en [4055.52,4501.48,0]')
[18:36:26:282450 +02:00] [Thread 14976] extDB3: SQL: Error MariaDBQueryException: You have an error in your SQL syntax; check the manual that corresponds to your MariaDB server version for the right syntax to use near 'est téléporté via MapTeleport en [4558.08,4548.49,0]')' at line 1
[18:36:26:282519 +02:00] [Thread 14976] extDB3: SQL: Error MariaDBQueryException: Input: INSERT INTO logs_alf (name, uid, type, text) VALUES ('Antonio Lopa', '76561198201065973', 'ADMIN', 'Antonio Lopa (76561198201065973) s'est téléporté via MapTeleport en [4558.08,4548.49,0]')
[18:38:24:353638 +02:00] [Thread 14976] extDB3: SQL: Error MariaDBQueryException: You have an error in your SQL syntax; check the manual that corresponds to your MariaDB server version for the right syntax to use near 'est téléporté via MapTeleport en [4205.4,7184.84,0]')' at line 1
[18:38:24:353704 +02:00] [Thread 14976] extDB3: SQL: Error MariaDBQueryException: Input: INSERT INTO logs_alf (name, uid, type, text) VALUES ('Antonio Lopa', '76561198201065973', 'ADMIN', 'Antonio Lopa (76561198201065973) s'est téléporté via MapTeleport en [4205.4,7184.84,0]')
[18:39:27:037327 +02:00] [Thread 21180] extDB3: SQL: Error MariaDBQueryException: You have an error in your SQL syntax; check the manual that corresponds to your MariaDB server version for the right syntax to use near 'est téléporté via MapTeleport en [1961.78,9931.54,0]')' at line 1
[18:39:27:037382 +02:00] [Thread 21180] extDB3: SQL: Error MariaDBQueryException: Input: INSERT INTO logs_alf (name, uid, type, text) VALUES ('Antonio Lopa', '76561198201065973', 'ADMIN', 'Antonio Lopa (76561198201065973) s'est téléporté via MapTeleport en [1961.78,9931.54,0]')
