
extDB3: https://bitbucket.org/torndeco/extdb3/wiki/Home
extDB3: Version: 1.033
extDB3: Windows Version
Message: All development for extDB3 is done on a Linux Dedicated Server
Message: If you would like to Donate to extDB3 Development
Message: https://www.paypal.com/cgi-bin/webscr?cmd=_s-xclick&hosted_button_id=2SUEFTGABTAM2
Message: Also leave a message if there is any particular feature you would like to see added.
Message: Thanks for all the people that have donated.
Message: Torndeco: 18/05/15

Message: This version was modified and include some improvement
Message: The lib was recompiled using new version of TBBMalloc, Boost and MariaDB connector
Message: The worker threads limitation was removed
Message: Steez: 30/10/2020


extDB3: Found extdb3-conf.ini
extDB3: Detected 16 Cores, Setting up 6 Worker Threads
extDB3: Detected 16 Cores, Setting up 16 Worker Threads
extDB3: ...
extDB3: ...
extDB3: ...
extDB3: ...
extDB3: ...
extDB3: ...
extDB3: ...
extDB3: ...
extDB3: ...
extDB3: ...
extDB3: ...
extDB3: ...
extDB3: ...
extDB3: ...
extDB3: ...
extDB3: ...


[20:26:32:637444 +02:00] [Thread 20592] extDB3: SQL: Initialized: Add Quotes around TEXT Datatypes mode: 2
[20:26:32:637487 +02:00] [Thread 20592] extDB3: SQL: Initialized: NULL = ""
[20:26:32:637530 +02:00] [Thread 20592] extDB3: Locked
[20:26:32:646102 +02:00] [Thread 19464] extDB3: SQL: Error MariaDBQueryException: PROCEDURE armalife.deleteDeadVehicles does not exist
[20:26:32:646115 +02:00] [Thread 13560] extDB3: SQL: Error MariaDBQueryException: PROCEDURE armalife.deleteOldForfait does not exist
[20:26:32:646118 +02:00] [Thread 19008] extDB3: SQL: Error MariaDBQueryException: PROCEDURE armalife.deleteOldSms does not exist
[20:26:32:646150 +02:00] [Thread 19464] extDB3: SQL: Error MariaDBQueryException: Input: CALL deleteDeadVehicles
[20:26:32:646170 +02:00] [Thread 13560] extDB3: SQL: Error MariaDBQueryException: Input: CALL deleteOldForfait
[20:26:32:646187 +02:00] [Thread 19008] extDB3: SQL: Error MariaDBQueryException: Input: CALL deleteOldSms
[20:27:57:248968 +02:00] [Thread 19720] extDB3: SQL: Error MariaDBQueryException: You have an error in your SQL syntax; check the manual that corresponds to your MariaDB server version for the right syntax to use near 'est téléporté via MapTeleport en [1962.33,9941.83,0]')' at line 1
[20:27:57:249137 +02:00] [Thread 19720] extDB3: SQL: Error MariaDBQueryException: Input: INSERT INTO logs_alf (name, uid, type, text) VALUES ('Antonio Lopa', '76561198201065973', 'ADMIN', 'Antonio Lopa (76561198201065973) s'est téléporté via MapTeleport en [1962.33,9941.83,0]')
[20:28:17:655612 +02:00] [Thread 19008] extDB3: SQL: Error MariaDBQueryException: You have an error in your SQL syntax; check the manual that corresponds to your MariaDB server version for the right syntax to use near 'est téléporté vers Antonio Lopa (76561198201065973) en [[1976.27,9947.57,0...' at line 1
[20:28:17:655673 +02:00] [Thread 19008] extDB3: SQL: Error MariaDBQueryException: Input: INSERT INTO logs_alf (name, uid, type, text) VALUES ('Sami BERTIN', '76561198118444651', 'ADMIN', 'Sami BERTIN (76561198118444651) s'est téléporté vers Antonio Lopa (76561198201065973) en [[1976.27,9947.57,0.696246]].')
[20:28:36:017266 +02:00] [Thread 19008] extDB3: SQL: Error MariaDBQueryException: You have an error in your SQL syntax; check the manual that corresponds to your MariaDB server version for the right syntax to use near 'action 'Arsenal' via le menu admin.')' at line 1
[20:28:36:017343 +02:00] [Thread 19008] extDB3: SQL: Error MariaDBQueryException: Input: INSERT INTO logs_alf (name, uid, type, text) VALUES ('Antonio Lopa', '76561198201065973', 'ADMIN', 'A utilisé l'action 'Arsenal' via le menu admin.')
