
extDB3: https://bitbucket.org/torndeco/extdb3/wiki/Home
extDB3: Version: 1.033
extDB3: Windows Version
Message: All development for extDB3 is done on a Linux Dedicated Server
Message: If you would like to Donate to extDB3 Development
Message: https://www.paypal.com/cgi-bin/webscr?cmd=_s-xclick&hosted_button_id=2SUEFTGABTAM2
Message: Also leave a message if there is any particular feature you would like to see added.
Message: Thanks for all the people that have donated.
Message: Torndeco: 18/05/15

Message: This version was modified and include some improvement
Message: The lib was recompiled using new version of TBBMalloc, Boost and MariaDB connector
Message: The worker threads limitation was removed
Message: Steez: 30/10/2020


extDB3: Found extdb3-conf.ini
extDB3: Detected 16 Cores, Setting up 6 Worker Threads
extDB3: Detected 16 Cores, Setting up 16 Worker Threads
extDB3: ...
extDB3: ...
extDB3: ...
extDB3: ...
extDB3: ...
extDB3: ...
extDB3: ...
extDB3: ...
extDB3: ...
extDB3: ...
extDB3: ...
extDB3: ...
extDB3: ...
extDB3: ...
extDB3: ...
extDB3: ...


[15:15:43:014367 +02:00] [Thread 4656] extDB3: SQL: Initialized: Add Quotes around TEXT Datatypes mode: 2
[15:15:43:014391 +02:00] [Thread 4656] extDB3: SQL: Initialized: NULL = ""
[15:15:43:014408 +02:00] [Thread 4656] extDB3: Locked
[15:15:43:021866 +02:00] [Thread 13020] extDB3: SQL: Error MariaDBQueryException: PROCEDURE armalife.deleteDeadVehicles does not exist
[15:15:43:021887 +02:00] [Thread 13020] extDB3: SQL: Error MariaDBQueryException: Input: CALL deleteDeadVehicles
[15:15:43:021923 +02:00] [Thread 13300] extDB3: SQL: Error MariaDBQueryException: PROCEDURE armalife.deleteOldForfait does not exist
[15:15:43:021956 +02:00] [Thread 13300] extDB3: SQL: Error MariaDBQueryException: Input: CALL deleteOldForfait
[15:15:43:021985 +02:00] [Thread 8240] extDB3: SQL: Error MariaDBQueryException: PROCEDURE armalife.deleteOldSms does not exist
[15:15:43:022014 +02:00] [Thread 8240] extDB3: SQL: Error MariaDBQueryException: Input: CALL deleteOldSms
[15:16:51:414812 +02:00] [Thread 17496] extDB3: SQL: Error MariaDBQueryException: You have an error in your SQL syntax; check the manual that corresponds to your MariaDB server version for the right syntax to use near 'est téléporté via MapTeleport en [5509.97,4812.21,0]')' at line 1
[15:16:51:414896 +02:00] [Thread 17496] extDB3: SQL: Error MariaDBQueryException: Input: INSERT INTO logs_alf (name, uid, type, text) VALUES ('Antonio Lopa', '76561198201065973', 'ADMIN', 'Antonio Lopa (76561198201065973) s'est téléporté via MapTeleport en [5509.97,4812.21,0]')
