
extDB3: https://bitbucket.org/torndeco/extdb3/wiki/Home
extDB3: Version: 1.033
extDB3: Windows Version
Message: All development for extDB3 is done on a Linux Dedicated Server
Message: If you would like to Donate to extDB3 Development
Message: https://www.paypal.com/cgi-bin/webscr?cmd=_s-xclick&hosted_button_id=2SUEFTGABTAM2
Message: Also leave a message if there is any particular feature you would like to see added.
Message: Thanks for all the people that have donated.
Message: Torndeco: 18/05/15

Message: This version was modified and include some improvement
Message: The lib was recompiled using new version of TBBMalloc, Boost and MariaDB connector
Message: The worker threads limitation was removed
Message: Steez: 30/10/2020


extDB3: Found extdb3-conf.ini
extDB3: Detected 16 Cores, Setting up 6 Worker Threads
extDB3: Detected 16 Cores, Setting up 16 Worker Threads
extDB3: ...
extDB3: ...
extDB3: ...
extDB3: ...
extDB3: ...
extDB3: ...
extDB3: ...
extDB3: ...
extDB3: ...
extDB3: ...
extDB3: ...
extDB3: ...
extDB3: ...
extDB3: ...
extDB3: ...
extDB3: ...


[15:29:17:145014 +02:00] [Thread 18968] extDB3: SQL: Initialized: Add Quotes around TEXT Datatypes mode: 2
[15:29:17:145051 +02:00] [Thread 18968] extDB3: SQL: Initialized: NULL = ""
[15:29:17:145073 +02:00] [Thread 18968] extDB3: Locked
[15:29:17:151952 +02:00] [Thread 15240] extDB3: SQL: Error MariaDBQueryException: PROCEDURE armalife.deleteDeadVehicles does not exist
[15:29:17:151972 +02:00] [Thread 15240] extDB3: SQL: Error MariaDBQueryException: Input: CALL deleteDeadVehicles
[15:29:17:151991 +02:00] [Thread 2588] extDB3: SQL: Error MariaDBQueryException: PROCEDURE armalife.deleteOldSms does not exist
[15:29:17:151996 +02:00] [Thread 7484] extDB3: SQL: Error MariaDBQueryException: PROCEDURE armalife.deleteOldForfait does not exist
[15:29:17:152005 +02:00] [Thread 2588] extDB3: SQL: Error MariaDBQueryException: Input: CALL deleteOldSms
[15:29:17:152012 +02:00] [Thread 7484] extDB3: SQL: Error MariaDBQueryException: Input: CALL deleteOldForfait
[15:31:21:040117 +02:00] [Thread 5616] extDB3: SQL: Error MariaDBQueryException: You have an error in your SQL syntax; check the manual that corresponds to your MariaDB server version for the right syntax to use near 'est téléporté via MapTeleport en [5511.25,4809.76,0]')' at line 1
[15:31:21:040245 +02:00] [Thread 5616] extDB3: SQL: Error MariaDBQueryException: Input: INSERT INTO logs_alf (name, uid, type, text) VALUES ('Antonio Lopa', '76561198201065973', 'ADMIN', 'Antonio Lopa (76561198201065973) s'est téléporté via MapTeleport en [5511.25,4809.76,0]')
