
extDB3: https://bitbucket.org/torndeco/extdb3/wiki/Home
extDB3: Version: 1.033
extDB3: Windows Version
Message: All development for extDB3 is done on a Linux Dedicated Server
Message: If you would like to Donate to extDB3 Development
Message: https://www.paypal.com/cgi-bin/webscr?cmd=_s-xclick&hosted_button_id=2SUEFTGABTAM2
Message: Also leave a message if there is any particular feature you would like to see added.
Message: Thanks for all the people that have donated.
Message: Torndeco: 18/05/15

Message: This version was modified and include some improvement
Message: The lib was recompiled using new version of TBBMalloc, Boost and MariaDB connector
Message: The worker threads limitation was removed
Message: Steez: 30/10/2020


extDB3: Found extdb3-conf.ini
extDB3: Detected 16 Cores, Setting up 6 Worker Threads
extDB3: Detected 16 Cores, Setting up 16 Worker Threads
extDB3: ...
extDB3: ...
extDB3: ...
extDB3: ...
extDB3: ...
extDB3: ...
extDB3: ...
extDB3: ...
extDB3: ...
extDB3: ...
extDB3: ...
extDB3: ...
extDB3: ...
extDB3: ...
extDB3: ...
extDB3: ...


[19:13:47:842593 +02:00] [Thread 12460] extDB3: SQL: Initialized: Add Quotes around TEXT Datatypes mode: 2
[19:13:47:842638 +02:00] [Thread 12460] extDB3: SQL: Initialized: NULL = ""
[19:13:47:842657 +02:00] [Thread 12460] extDB3: Locked
[19:13:47:849721 +02:00] [Thread 1412] extDB3: SQL: Error MariaDBQueryException: PROCEDURE armalife.deleteDeadVehicles does not exist
[19:13:47:849732 +02:00] [Thread 16772] extDB3: SQL: Error MariaDBQueryException: PROCEDURE armalife.deleteOldSms does not exist
[19:13:47:849761 +02:00] [Thread 16772] extDB3: SQL: Error MariaDBQueryException: Input: CALL deleteOldSms
[19:13:47:849726 +02:00] [Thread 12456] extDB3: SQL: Error MariaDBQueryException: PROCEDURE armalife.deleteOldForfait does not exist
[19:13:47:849744 +02:00] [Thread 1412] extDB3: SQL: Error MariaDBQueryException: Input: CALL deleteDeadVehicles
[19:13:47:849851 +02:00] [Thread 12456] extDB3: SQL: Error MariaDBQueryException: Input: CALL deleteOldForfait
[19:15:59:110902 +02:00] [Thread 5420] extDB3: SQL: Error MariaDBQueryException: You have an error in your SQL syntax; check the manual that corresponds to your MariaDB server version for the right syntax to use near 'est téléporté via MapTeleport en [1969.26,9941.71,0]')' at line 1
[19:15:59:110958 +02:00] [Thread 5420] extDB3: SQL: Error MariaDBQueryException: Input: INSERT INTO logs_alf (name, uid, type, text) VALUES ('Antonio Lopa', '76561198201065973', 'ADMIN', 'Antonio Lopa (76561198201065973) s'est téléporté via MapTeleport en [1969.26,9941.71,0]')
[19:22:29:749479 +02:00] [Thread 4716] extDB3: SQL: Error MariaDBQueryException: You have an error in your SQL syntax; check the manual that corresponds to your MariaDB server version for the right syntax to use near 'est téléporté via MapTeleport en [5510.1,4811.85,0]')' at line 1
[19:22:29:749550 +02:00] [Thread 4716] extDB3: SQL: Error MariaDBQueryException: Input: INSERT INTO logs_alf (name, uid, type, text) VALUES ('Antonio Lopa', '76561198201065973', 'ADMIN', 'Antonio Lopa (76561198201065973) s'est téléporté via MapTeleport en [5510.1,4811.85,0]')
[19:22:33:321372 +02:00] [Thread 4716] extDB3: SQL: Error MariaDBQueryException: You have an error in your SQL syntax; check the manual that corresponds to your MariaDB server version for the right syntax to use near 'est téléporté vers Antonio Lopa (76561198201065973) en [[5510.13,4811.86,0...' at line 1
[19:22:33:321416 +02:00] [Thread 4716] extDB3: SQL: Error MariaDBQueryException: Input: INSERT INTO logs_alf (name, uid, type, text) VALUES ('Sami BERTIN', '76561198118444651', 'ADMIN', 'Sami BERTIN (76561198118444651) s'est téléporté vers Antonio Lopa (76561198201065973) en [[5510.13,4811.86,0.0405197]].')
