
extDB3: https://bitbucket.org/torndeco/extdb3/wiki/Home
extDB3: Version: 1.033
extDB3: Windows Version
Message: All development for extDB3 is done on a Linux Dedicated Server
Message: If you would like to Donate to extDB3 Development
Message: https://www.paypal.com/cgi-bin/webscr?cmd=_s-xclick&hosted_button_id=2SUEFTGABTAM2
Message: Also leave a message if there is any particular feature you would like to see added.
Message: Thanks for all the people that have donated.
Message: Torndeco: 18/05/15

Message: This version was modified and include some improvement
Message: The lib was recompiled using new version of TBBMalloc, Boost and MariaDB connector
Message: The worker threads limitation was removed
Message: Steez: 30/10/2020


extDB3: Found extdb3-conf.ini
extDB3: Detected 16 Cores, Setting up 6 Worker Threads
extDB3: Detected 16 Cores, Setting up 16 Worker Threads
extDB3: ...
extDB3: ...
extDB3: ...
extDB3: ...
extDB3: ...
extDB3: ...
extDB3: ...
extDB3: ...
extDB3: ...
extDB3: ...
extDB3: ...
extDB3: ...
extDB3: ...
extDB3: ...
extDB3: ...
extDB3: ...


[19:46:44:324722 +02:00] [Thread 19216] extDB3: SQL: Initialized: Add Quotes around TEXT Datatypes mode: 2
[19:46:44:324747 +02:00] [Thread 19216] extDB3: SQL: Initialized: NULL = ""
[19:46:44:324764 +02:00] [Thread 19216] extDB3: Locked
[19:46:44:331637 +02:00] [Thread 7272] extDB3: SQL: Error MariaDBQueryException: PROCEDURE armalife.deleteDeadVehicles does not exist
[19:46:44:331658 +02:00] [Thread 7272] extDB3: SQL: Error MariaDBQueryException: Input: CALL deleteDeadVehicles
[19:46:44:331675 +02:00] [Thread 14940] extDB3: SQL: Error MariaDBQueryException: PROCEDURE armalife.deleteOldForfait does not exist
[19:46:44:331683 +02:00] [Thread 9544] extDB3: SQL: Error MariaDBQueryException: PROCEDURE armalife.deleteOldSms does not exist
[19:46:44:331689 +02:00] [Thread 14940] extDB3: SQL: Error MariaDBQueryException: Input: CALL deleteOldForfait
[19:46:44:331703 +02:00] [Thread 9544] extDB3: SQL: Error MariaDBQueryException: Input: CALL deleteOldSms
[19:48:09:475422 +02:00] [Thread 11660] extDB3: SQL: Error MariaDBQueryException: You have an error in your SQL syntax; check the manual that corresponds to your MariaDB server version for the right syntax to use near 'est téléporté via MapTeleport en [1957.88,9939.72,0]')' at line 1
[19:48:09:475568 +02:00] [Thread 11660] extDB3: SQL: Error MariaDBQueryException: Input: INSERT INTO logs_alf (name, uid, type, text) VALUES ('Antonio Lopa', '76561198201065973', 'ADMIN', 'Antonio Lopa (76561198201065973) s'est téléporté via MapTeleport en [1957.88,9939.72,0]')
[20:00:23:111561 +02:00] [Thread 6028] extDB3: SQL: Error MariaDBQueryException: You have an error in your SQL syntax; check the manual that corresponds to your MariaDB server version for the right syntax to use near 'est téléporté via MapTeleport en [4662.46,7044.75,0]')' at line 1
[20:00:23:111646 +02:00] [Thread 6028] extDB3: SQL: Error MariaDBQueryException: Input: INSERT INTO logs_alf (name, uid, type, text) VALUES ('Tony La Verda', '76561198155070331', 'ADMIN', 'Tony La Verda (76561198155070331) s'est téléporté via MapTeleport en [4662.46,7044.75,0]')
[20:02:45:714140 +02:00] [Thread 2312] extDB3: SQL: Error MariaDBQueryException: You have an error in your SQL syntax; check the manual that corresponds to your MariaDB server version for the right syntax to use near 'action 'Arsenal' via le menu admin.')' at line 1
[20:02:45:714242 +02:00] [Thread 2312] extDB3: SQL: Error MariaDBQueryException: Input: INSERT INTO logs_alf (name, uid, type, text) VALUES ('Tony La Verda', '76561198155070331', 'ADMIN', 'A utilisé l'action 'Arsenal' via le menu admin.')
[20:03:17:008102 +02:00] [Thread 2312] extDB3: SQL: Error MariaDBQueryException: You have an error in your SQL syntax; check the manual that corresponds to your MariaDB server version for the right syntax to use near 'est téléporté vers Tony La Verda (76561198155070331) en [[4658.39,7049.2,0...' at line 1
[20:03:17:008148 +02:00] [Thread 2312] extDB3: SQL: Error MariaDBQueryException: Input: INSERT INTO logs_alf (name, uid, type, text) VALUES ('Antonio Lopa', '76561198201065973', 'ADMIN', 'Antonio Lopa (76561198201065973) s'est téléporté vers Tony La Verda (76561198155070331) en [[4658.39,7049.2,0.20124]].')
[20:06:31:926835 +02:00] [Thread 2312] extDB3: SQL: Error MariaDBQueryException: You have an error in your SQL syntax; check the manual that corresponds to your MariaDB server version for the right syntax to use near 'est téléporté via MapTeleport en [1976.11,9943.61,0]')' at line 1
[20:06:31:927257 +02:00] [Thread 2312] extDB3: SQL: Error MariaDBQueryException: Input: INSERT INTO logs_alf (name, uid, type, text) VALUES ('Antonio Lopa', '76561198201065973', 'ADMIN', 'Antonio Lopa (76561198201065973) s'est téléporté via MapTeleport en [1976.11,9943.61,0]')
[20:06:41:128660 +02:00] [Thread 2312] extDB3: SQL: Error MariaDBQueryException: You have an error in your SQL syntax; check the manual that corresponds to your MariaDB server version for the right syntax to use near 'est téléporté vers Tony La Verda (76561198155070331) en [[4658.73,7049.68,...' at line 1
[20:06:41:128715 +02:00] [Thread 2312] extDB3: SQL: Error MariaDBQueryException: Input: INSERT INTO logs_alf (name, uid, type, text) VALUES ('Antonio Lopa', '76561198201065973', 'ADMIN', 'Antonio Lopa (76561198201065973) s'est téléporté vers Tony La Verda (76561198155070331) en [[4658.73,7049.68,0.302589]].')
