
extDB3: https://bitbucket.org/torndeco/extdb3/wiki/Home
extDB3: Version: 1.033
extDB3: Windows Version
Message: All development for extDB3 is done on a Linux Dedicated Server
Message: If you would like to Donate to extDB3 Development
Message: https://www.paypal.com/cgi-bin/webscr?cmd=_s-xclick&hosted_button_id=2SUEFTGABTAM2
Message: Also leave a message if there is any particular feature you would like to see added.
Message: Thanks for all the people that have donated.
Message: Torndeco: 18/05/15

Message: This version was modified and include some improvement
Message: The lib was recompiled using new version of TBBMalloc, Boost and MariaDB connector
Message: The worker threads limitation was removed
Message: Steez: 30/10/2020


extDB3: Found extdb3-conf.ini
extDB3: Detected 16 Cores, Setting up 6 Worker Threads
extDB3: Detected 16 Cores, Setting up 16 Worker Threads
extDB3: ...
extDB3: ...
extDB3: ...
extDB3: ...
extDB3: ...
extDB3: ...
extDB3: ...
extDB3: ...
extDB3: ...
extDB3: ...
extDB3: ...
extDB3: ...
extDB3: ...
extDB3: ...
extDB3: ...
extDB3: ...


[22:34:30:983515 +02:00] [Thread 11760] extDB3: SQL: Initialized: Add Quotes around TEXT Datatypes mode: 2
[22:34:30:983539 +02:00] [Thread 11760] extDB3: SQL: Initialized: NULL = ""
[22:34:30:983555 +02:00] [Thread 11760] extDB3: Locked
[22:34:30:990728 +02:00] [Thread 10984] extDB3: SQL: Error MariaDBQueryException: PROCEDURE armalife.deleteOldSms does not exist
[22:34:30:990810 +02:00] [Thread 10984] extDB3: SQL: Error MariaDBQueryException: Input: CALL deleteOldSms
[22:34:30:990817 +02:00] [Thread 9472] extDB3: SQL: Error MariaDBQueryException: PROCEDURE armalife.deleteDeadVehicles does not exist
[22:34:30:990825 +02:00] [Thread 9408] extDB3: SQL: Error MariaDBQueryException: PROCEDURE armalife.deleteOldForfait does not exist
[22:34:30:990832 +02:00] [Thread 9472] extDB3: SQL: Error MariaDBQueryException: Input: CALL deleteDeadVehicles
[22:34:30:990846 +02:00] [Thread 9408] extDB3: SQL: Error MariaDBQueryException: Input: CALL deleteOldForfait
[22:39:32:675815 +02:00] [Thread 916] extDB3: SQL: Error MariaDBQueryException: You have an error in your SQL syntax; check the manual that corresponds to your MariaDB server version for the right syntax to use near 'est téléporté vers antonio lope (76561198658879138) en [[5512.25,4809.09,0...' at line 1
[22:39:32:675913 +02:00] [Thread 916] extDB3: SQL: Error MariaDBQueryException: Input: INSERT INTO logs_alf (name, uid, type, text) VALUES ('Antonio Lopa', '76561198201065973', 'ADMIN', 'Antonio Lopa (76561198201065973) s'est téléporté vers antonio lope (76561198658879138) en [[5512.25,4809.09,0.0405197]].')
[22:40:31:945921 +02:00] [Thread 9472] extDB3: SQL: Error MariaDBQueryException: You have an error in your SQL syntax; check the manual that corresponds to your MariaDB server version for the right syntax to use near 'est téléporté via MapTeleport en [1962.76,9931.54,0]')' at line 1
[22:40:31:945989 +02:00] [Thread 9472] extDB3: SQL: Error MariaDBQueryException: Input: INSERT INTO logs_alf (name, uid, type, text) VALUES ('Antonio Lopa', '76561198201065973', 'ADMIN', 'Antonio Lopa (76561198201065973) s'est téléporté via MapTeleport en [1962.76,9931.54,0]')
