
extDB3: https://bitbucket.org/torndeco/extdb3/wiki/Home
extDB3: Version: 1.033
extDB3: Windows Version
Message: All development for extDB3 is done on a Linux Dedicated Server
Message: If you would like to Donate to extDB3 Development
Message: https://www.paypal.com/cgi-bin/webscr?cmd=_s-xclick&hosted_button_id=2SUEFTGABTAM2
Message: Also leave a message if there is any particular feature you would like to see added.
Message: Thanks for all the people that have donated.
Message: Torndeco: 18/05/15

Message: This version was modified and include some improvement
Message: The lib was recompiled using new version of TBBMalloc, Boost and MariaDB connector
Message: The worker threads limitation was removed
Message: Steez: 30/10/2020


extDB3: Found extdb3-conf.ini
extDB3: Detected 16 Cores, Setting up 6 Worker Threads
extDB3: Detected 16 Cores, Setting up 16 Worker Threads
extDB3: ...
extDB3: ...
extDB3: ...
extDB3: ...
extDB3: ...
extDB3: ...
extDB3: ...
extDB3: ...
extDB3: ...
extDB3: ...
extDB3: ...
extDB3: ...
extDB3: ...
extDB3: ...
extDB3: ...
extDB3: ...


[09:24:24:745002 +02:00] [Thread 19644] extDB3: SQL: Initialized: Add Quotes around TEXT Datatypes mode: 2
[09:24:24:745027 +02:00] [Thread 19644] extDB3: SQL: Initialized: NULL = ""
[09:24:24:745046 +02:00] [Thread 19644] extDB3: Locked
[09:24:24:751733 +02:00] [Thread 3584] extDB3: SQL: Error MariaDBQueryException: PROCEDURE armalife.deleteDeadVehicles does not exist
[09:24:24:751750 +02:00] [Thread 3584] extDB3: SQL: Error MariaDBQueryException: Input: CALL deleteDeadVehicles
[09:24:24:751777 +02:00] [Thread 21844] extDB3: SQL: Error MariaDBQueryException: PROCEDURE armalife.deleteOldForfait does not exist
[09:24:24:751789 +02:00] [Thread 21844] extDB3: SQL: Error MariaDBQueryException: Input: CALL deleteOldForfait
[09:24:24:751818 +02:00] [Thread 8660] extDB3: SQL: Error MariaDBQueryException: PROCEDURE armalife.deleteOldSms does not exist
[09:24:24:751830 +02:00] [Thread 8660] extDB3: SQL: Error MariaDBQueryException: Input: CALL deleteOldSms
[09:32:10:196475 +02:00] [Thread 19876] extDB3: SQL: Error MariaDBQueryException: You have an error in your SQL syntax; check the manual that corresponds to your MariaDB server version for the right syntax to use near 'est téléporté via MapTeleport en [6247.47,7267.61,0]')' at line 1
[09:32:10:196562 +02:00] [Thread 19876] extDB3: SQL: Error MariaDBQueryException: Input: INSERT INTO logs_alf (name, uid, type, text) VALUES ('Antonio Lopa', '76561198201065973', 'ADMIN', 'Antonio Lopa (76561198201065973) s'est téléporté via MapTeleport en [6247.47,7267.61,0]')
[09:40:37:819260 +02:00] [Thread 7232] extDB3: SQL: Error MariaDBQueryException: You have an error in your SQL syntax; check the manual that corresponds to your MariaDB server version for the right syntax to use near 'est téléporté via MapTeleport en [6248.5,7267.01,0]')' at line 1
[09:40:37:819378 +02:00] [Thread 7232] extDB3: SQL: Error MariaDBQueryException: Input: INSERT INTO logs_alf (name, uid, type, text) VALUES ('Antonio Lopa', '76561198201065973', 'ADMIN', 'Antonio Lopa (76561198201065973) s'est téléporté via MapTeleport en [6248.5,7267.01,0]')
