
extDB3: https://bitbucket.org/torndeco/extdb3/wiki/Home
extDB3: Version: 1.033
extDB3: Windows Version
Message: All development for extDB3 is done on a Linux Dedicated Server
Message: If you would like to Donate to extDB3 Development
Message: https://www.paypal.com/cgi-bin/webscr?cmd=_s-xclick&hosted_button_id=2SUEFTGABTAM2
Message: Also leave a message if there is any particular feature you would like to see added.
Message: Thanks for all the people that have donated.
Message: Torndeco: 18/05/15

Message: This version was modified and include some improvement
Message: The lib was recompiled using new version of TBBMalloc, Boost and MariaDB connector
Message: The worker threads limitation was removed
Message: Steez: 30/10/2020


extDB3: Found extdb3-conf.ini
extDB3: Detected 16 Cores, Setting up 6 Worker Threads
extDB3: Detected 16 Cores, Setting up 16 Worker Threads
extDB3: ...
extDB3: ...
extDB3: ...
extDB3: ...
extDB3: ...
extDB3: ...
extDB3: ...
extDB3: ...
extDB3: ...
extDB3: ...
extDB3: ...
extDB3: ...
extDB3: ...
extDB3: ...
extDB3: ...
extDB3: ...


[16:57:24:197412 +01:00] [Thread 12764] extDB3: SQL: Initialized: Add Quotes around TEXT Datatypes mode: 2
[16:57:24:197435 +01:00] [Thread 12764] extDB3: SQL: Initialized: NULL = ""
[16:57:24:197449 +01:00] [Thread 12764] extDB3: Locked
[16:57:24:203630 +01:00] [Thread 6652] extDB3: SQL: Error MariaDBQueryException: PROCEDURE armalife.deleteDeadVehicles does not exist
[16:57:24:203643 +01:00] [Thread 6652] extDB3: SQL: Error MariaDBQueryException: Input: CALL deleteDeadVehicles
[16:57:24:203668 +01:00] [Thread 1396] extDB3: SQL: Error MariaDBQueryException: PROCEDURE armalife.deleteOldSms does not exist
[16:57:24:203680 +01:00] [Thread 1396] extDB3: SQL: Error MariaDBQueryException: Input: CALL deleteOldSms
[16:57:24:203696 +01:00] [Thread 5900] extDB3: SQL: Error MariaDBQueryException: PROCEDURE armalife.deleteOldForfait does not exist
[16:57:24:203710 +01:00] [Thread 5900] extDB3: SQL: Error MariaDBQueryException: Input: CALL deleteOldForfait
[17:01:03:029964 +01:00] [Thread 6240] extDB3: SQL: Error MariaDBQueryException: You have an error in your SQL syntax; check the manual that corresponds to your MariaDB server version for the right syntax to use near 'est téléporté via MapTeleport en [5976.01,4221.51,0]')' at line 1
[17:01:03:030046 +01:00] [Thread 6240] extDB3: SQL: Error MariaDBQueryException: Input: INSERT INTO logs_alf (name, uid, type, text) VALUES ('Antonio Lopa', '76561198201065973', 'ADMIN', 'Antonio Lopa (76561198201065973) s'est téléporté via MapTeleport en [5976.01,4221.51,0]')
[17:01:08:129312 +01:00] [Thread 6240] extDB3: SQL: Error MariaDBQueryException: You have an error in your SQL syntax; check the manual that corresponds to your MariaDB server version for the right syntax to use near 'action 'Animations Rapides' via le menu admin.')' at line 1
[17:01:08:129410 +01:00] [Thread 6240] extDB3: SQL: Error MariaDBQueryException: Input: INSERT INTO logs_alf (name, uid, type, text) VALUES ('Antonio Lopa', '76561198201065973', 'ADMIN', 'A utilisé l'action 'Animations Rapides' via le menu admin.')
[17:07:15:863884 +01:00] [Thread 2488] extDB3: SQL: Error MariaDBQueryException: You have an error in your SQL syntax; check the manual that corresponds to your MariaDB server version for the right syntax to use near 'est téléporté via MapTeleport en [5067.72,3139.34,0]')' at line 1
[17:07:15:863953 +01:00] [Thread 2488] extDB3: SQL: Error MariaDBQueryException: Input: INSERT INTO logs_alf (name, uid, type, text) VALUES ('Antonio Lopa', '76561198201065973', 'ADMIN', 'Antonio Lopa (76561198201065973) s'est téléporté via MapTeleport en [5067.72,3139.34,0]')
[17:07:33:839336 +01:00] [Thread 2488] extDB3: SQL: Error MariaDBQueryException: You have an error in your SQL syntax; check the manual that corresponds to your MariaDB server version for the right syntax to use near 'est téléporté via MapTeleport en [5974.09,4215.51,0]')' at line 1
[17:07:33:839413 +01:00] [Thread 2488] extDB3: SQL: Error MariaDBQueryException: Input: INSERT INTO logs_alf (name, uid, type, text) VALUES ('Antonio Lopa', '76561198201065973', 'ADMIN', 'Antonio Lopa (76561198201065973) s'est téléporté via MapTeleport en [5974.09,4215.51,0]')
