
extDB3: https://bitbucket.org/torndeco/extdb3/wiki/Home
extDB3: Version: 1.033
extDB3: Windows Version
Message: All development for extDB3 is done on a Linux Dedicated Server
Message: If you would like to Donate to extDB3 Development
Message: https://www.paypal.com/cgi-bin/webscr?cmd=_s-xclick&hosted_button_id=2SUEFTGABTAM2
Message: Also leave a message if there is any particular feature you would like to see added.
Message: Thanks for all the people that have donated.
Message: Torndeco: 18/05/15

Message: This version was modified and include some improvement
Message: The lib was recompiled using new version of TBBMalloc, Boost and MariaDB connector
Message: The worker threads limitation was removed
Message: Steez: 30/10/2020


extDB3: Found extdb3-conf.ini
extDB3: Detected 16 Cores, Setting up 6 Worker Threads
extDB3: Detected 16 Cores, Setting up 16 Worker Threads
extDB3: ...
extDB3: ...
extDB3: ...
extDB3: ...
extDB3: ...
extDB3: ...
extDB3: ...
extDB3: ...
extDB3: ...
extDB3: ...
extDB3: ...
extDB3: ...
extDB3: ...
extDB3: ...
extDB3: ...
extDB3: ...


[17:44:01:586354 +01:00] [Thread 6408] extDB3: SQL: Initialized: Add Quotes around TEXT Datatypes mode: 2
[17:44:01:586377 +01:00] [Thread 6408] extDB3: SQL: Initialized: NULL = ""
[17:44:01:586391 +01:00] [Thread 6408] extDB3: Locked
[17:44:01:592716 +01:00] [Thread 12900] extDB3: SQL: Error MariaDBQueryException: PROCEDURE armalife.deleteDeadVehicles does not exist
[17:44:01:592729 +01:00] [Thread 12900] extDB3: SQL: Error MariaDBQueryException: Input: CALL deleteDeadVehicles
[17:44:01:592752 +01:00] [Thread 4912] extDB3: SQL: Error MariaDBQueryException: PROCEDURE armalife.deleteOldForfait does not exist
[17:44:01:592764 +01:00] [Thread 4912] extDB3: SQL: Error MariaDBQueryException: Input: CALL deleteOldForfait
[17:44:01:592799 +01:00] [Thread 12428] extDB3: SQL: Error MariaDBQueryException: PROCEDURE armalife.deleteOldSms does not exist
[17:44:01:592810 +01:00] [Thread 12428] extDB3: SQL: Error MariaDBQueryException: Input: CALL deleteOldSms
[17:46:23:240800 +01:00] [Thread 9972] extDB3: SQL: Error MariaDBQueryException: You have an error in your SQL syntax; check the manual that corresponds to your MariaDB server version for the right syntax to use near 'action 'Animations Rapides' via le menu admin.')' at line 1
[17:46:23:240857 +01:00] [Thread 9972] extDB3: SQL: Error MariaDBQueryException: Input: INSERT INTO logs_alf (name, uid, type, text) VALUES ('Antonio Lopa', '76561198201065973', 'ADMIN', 'A utilisé l'action 'Animations Rapides' via le menu admin.')
[18:02:53:844515 +01:00] [Thread 12428] extDB3: SQL: Error MariaDBQueryException: You have an error in your SQL syntax; check the manual that corresponds to your MariaDB server version for the right syntax to use near 'est téléporté via MapTeleport en [5978.27,4256.3,0]')' at line 1
[18:02:53:844583 +01:00] [Thread 12428] extDB3: SQL: Error MariaDBQueryException: Input: INSERT INTO logs_alf (name, uid, type, text) VALUES ('Antonio Lopa', '76561198201065973', 'ADMIN', 'Antonio Lopa (76561198201065973) s'est téléporté via MapTeleport en [5978.27,4256.3,0]')
