
extDB3: https://bitbucket.org/torndeco/extdb3/wiki/Home
extDB3: Version: 1.033
extDB3: Windows Version
Message: All development for extDB3 is done on a Linux Dedicated Server
Message: If you would like to Donate to extDB3 Development
Message: https://www.paypal.com/cgi-bin/webscr?cmd=_s-xclick&hosted_button_id=2SUEFTGABTAM2
Message: Also leave a message if there is any particular feature you would like to see added.
Message: Thanks for all the people that have donated.
Message: Torndeco: 18/05/15

Message: This version was modified and include some improvement
Message: The lib was recompiled using new version of TBBMalloc, Boost and MariaDB connector
Message: The worker threads limitation was removed
Message: Steez: 30/10/2020


extDB3: Found extdb3-conf.ini
extDB3: Detected 16 Cores, Setting up 6 Worker Threads
extDB3: Detected 16 Cores, Setting up 16 Worker Threads
extDB3: ...
extDB3: ...
extDB3: ...
extDB3: ...
extDB3: ...
extDB3: ...
extDB3: ...
extDB3: ...
extDB3: ...
extDB3: ...
extDB3: ...
extDB3: ...
extDB3: ...
extDB3: ...
extDB3: ...
extDB3: ...


[19:57:43:969470 +01:00] [Thread 10736] extDB3: SQL: Initialized: Add Quotes around TEXT Datatypes mode: 2
[19:57:43:969493 +01:00] [Thread 10736] extDB3: SQL: Initialized: NULL = ""
[19:57:43:969507 +01:00] [Thread 10736] extDB3: Locked
[19:57:43:975343 +01:00] [Thread 10356] extDB3: SQL: Error MariaDBQueryException: PROCEDURE armalife.deleteDeadVehicles does not exist
[19:57:43:975355 +01:00] [Thread 10356] extDB3: SQL: Error MariaDBQueryException: Input: CALL deleteDeadVehicles
[19:57:43:975375 +01:00] [Thread 7828] extDB3: SQL: Error MariaDBQueryException: PROCEDURE armalife.deleteOldForfait does not exist
[19:57:43:975382 +01:00] [Thread 12596] extDB3: SQL: Error MariaDBQueryException: PROCEDURE armalife.deleteOldSms does not exist
[19:57:43:975388 +01:00] [Thread 7828] extDB3: SQL: Error MariaDBQueryException: Input: CALL deleteOldForfait
[19:57:43:975394 +01:00] [Thread 12596] extDB3: SQL: Error MariaDBQueryException: Input: CALL deleteOldSms
[20:00:10:161007 +01:00] [Thread 5336] extDB3: SQL: Error MariaDBQueryException: You have an error in your SQL syntax; check the manual that corresponds to your MariaDB server version for the right syntax to use near 'est téléporté via MapTeleport en [5984.92,4215.15,0]')' at line 1
[20:00:10:161108 +01:00] [Thread 5336] extDB3: SQL: Error MariaDBQueryException: Input: INSERT INTO logs_alf (name, uid, type, text) VALUES ('Antonio Lopa', '76561198201065973', 'ADMIN', 'Antonio Lopa (76561198201065973) s'est téléporté via MapTeleport en [5984.92,4215.15,0]')
[20:02:04:434245 +01:00] [Thread 5336] extDB3: SQL: Error MariaDBQueryException: You have an error in your SQL syntax; check the manual that corresponds to your MariaDB server version for the right syntax to use near 'action 'Animations Rapides' via le menu admin.')' at line 1
[20:02:04:434305 +01:00] [Thread 5336] extDB3: SQL: Error MariaDBQueryException: Input: INSERT INTO logs_alf (name, uid, type, text) VALUES ('Antonio Lopa', '76561198201065973', 'ADMIN', 'A utilisé l'action 'Animations Rapides' via le menu admin.')
