
extDB3: https://bitbucket.org/torndeco/extdb3/wiki/Home
extDB3: Version: 1.033
extDB3: Windows Version
Message: All development for extDB3 is done on a Linux Dedicated Server
Message: If you would like to Donate to extDB3 Development
Message: https://www.paypal.com/cgi-bin/webscr?cmd=_s-xclick&hosted_button_id=2SUEFTGABTAM2
Message: Also leave a message if there is any particular feature you would like to see added.
Message: Thanks for all the people that have donated.
Message: Torndeco: 18/05/15

Message: This version was modified and include some improvement
Message: The lib was recompiled using new version of TBBMalloc, Boost and MariaDB connector
Message: The worker threads limitation was removed
Message: Steez: 30/10/2020


extDB3: Found extdb3-conf.ini
extDB3: Detected 16 Cores, Setting up 6 Worker Threads
extDB3: Detected 16 Cores, Setting up 16 Worker Threads
extDB3: ...
extDB3: ...
extDB3: ...
extDB3: ...
extDB3: ...
extDB3: ...
extDB3: ...
extDB3: ...
extDB3: ...
extDB3: ...
extDB3: ...
extDB3: ...
extDB3: ...
extDB3: ...
extDB3: ...
extDB3: ...


[20:10:30:473722 +01:00] [Thread 5276] extDB3: SQL: Initialized: Add Quotes around TEXT Datatypes mode: 2
[20:10:30:473757 +01:00] [Thread 5276] extDB3: SQL: Initialized: NULL = ""
[20:10:30:473780 +01:00] [Thread 5276] extDB3: Locked
[20:10:33:481575 +01:00] [Thread 4200] extDB3: SQL: Error MariaDBQueryException: Table 'armalife.atm_dispo' doesn't exist
[20:10:33:481614 +01:00] [Thread 4200] extDB3: SQL: Error MariaDBQueryException: Input: SELECT pos_x, pos_y, cash_available FROM atm_dispo
[20:10:35:357487 +01:00] [Thread 4200] extDB3: SQL: Error MariaDBQueryException: Table 'armalife.atm_dispo' doesn't exist
[20:10:35:357522 +01:00] [Thread 4200] extDB3: SQL: Error MariaDBQueryException: Input: INSERT INTO atm_dispo (pos_x, pos_y, cash_available) VALUES (5011, 6754, 200000) ON DUPLICATE KEY UPDATE cash_available=200000
[20:10:35:360776 +01:00] [Thread 6704] extDB3: SQL: Error MariaDBQueryException: Table 'armalife.atm_dispo' doesn't exist
[20:10:35:360798 +01:00] [Thread 12444] extDB3: SQL: Error MariaDBQueryException: Table 'armalife.atm_dispo' doesn't exist
[20:10:35:360806 +01:00] [Thread 7756] extDB3: SQL: Error MariaDBQueryException: Table 'armalife.atm_dispo' doesn't exist
[20:10:35:360822 +01:00] [Thread 6704] extDB3: SQL: Error MariaDBQueryException: Input: INSERT INTO atm_dispo (pos_x, pos_y, cash_available) VALUES (4062, 4528, 20000) ON DUPLICATE KEY UPDATE cash_available=20000
[20:10:35:360869 +01:00] [Thread 7756] extDB3: SQL: Error MariaDBQueryException: Input: INSERT INTO atm_dispo (pos_x, pos_y, cash_available) VALUES (6311, 7374, 200000) ON DUPLICATE KEY UPDATE cash_available=200000
[20:10:35:360826 +01:00] [Thread 9880] extDB3: SQL: Error MariaDBQueryException: Table 'armalife.atm_dispo' doesn't exist
[20:10:35:360844 +01:00] [Thread 13260] extDB3: SQL: Error MariaDBQueryException: Table 'armalife.atm_dispo' doesn't exist
[20:10:35:360849 +01:00] [Thread 12444] extDB3: SQL: Error MariaDBQueryException: Input: INSERT INTO atm_dispo (pos_x, pos_y, cash_available) VALUES (7630, 4645, 200000) ON DUPLICATE KEY UPDATE cash_available=200000
[20:10:35:360854 +01:00] [Thread 6816] extDB3: SQL: Error MariaDBQueryException: Table 'armalife.atm_dispo' doesn't exist
[20:10:35:360832 +01:00] [Thread 8560] extDB3: SQL: Error MariaDBQueryException: Table 'armalife.atm_dispo' doesn't exist
[20:10:35:360895 +01:00] [Thread 9880] extDB3: SQL: Error MariaDBQueryException: Input: INSERT INTO atm_dispo (pos_x, pos_y, cash_available) VALUES (3830, 9240, 200000) ON DUPLICATE KEY UPDATE cash_available=200000
[20:10:35:360907 +01:00] [Thread 13260] extDB3: SQL: Error MariaDBQueryException: Input: INSERT INTO atm_dispo (pos_x, pos_y, cash_available) VALUES (1137, 7229, 200000) ON DUPLICATE KEY UPDATE cash_available=200000
[20:10:35:360929 +01:00] [Thread 6816] extDB3: SQL: Error MariaDBQueryException: Input: INSERT INTO atm_dispo (pos_x, pos_y, cash_available) VALUES (8339, 1634, 200000) ON DUPLICATE KEY UPDATE cash_available=200000
[20:10:35:360940 +01:00] [Thread 8560] extDB3: SQL: Error MariaDBQueryException: Input: INSERT INTO atm_dispo (pos_x, pos_y, cash_available) VALUES (3677, 2223, 200000) ON DUPLICATE KEY UPDATE cash_available=200000
[20:10:35:360984 +01:00] [Thread 6052] extDB3: SQL: Error MariaDBQueryException: Table 'armalife.atm_dispo' doesn't exist
[20:10:35:361211 +01:00] [Thread 6052] extDB3: SQL: Error MariaDBQueryException: Input: INSERT INTO atm_dispo (pos_x, pos_y, cash_available) VALUES (1891, 9925, 200000) ON DUPLICATE KEY UPDATE cash_available=200000
