
extDB3: https://bitbucket.org/torndeco/extdb3/wiki/Home
extDB3: Version: 1.033
extDB3: Windows Version
Message: All development for extDB3 is done on a Linux Dedicated Server
Message: If you would like to Donate to extDB3 Development
Message: https://www.paypal.com/cgi-bin/webscr?cmd=_s-xclick&hosted_button_id=2SUEFTGABTAM2
Message: Also leave a message if there is any particular feature you would like to see added.
Message: Thanks for all the people that have donated.
Message: Torndeco: 18/05/15

Message: This version was modified and include some improvement
Message: The lib was recompiled using new version of TBBMalloc, Boost and MariaDB connector
Message: The worker threads limitation was removed
Message: Steez: 30/10/2020


extDB3: Found extdb3-conf.ini
extDB3: Detected 16 Cores, Setting up 6 Worker Threads
extDB3: Detected 16 Cores, Setting up 16 Worker Threads
extDB3: ...
extDB3: ...
extDB3: ...
extDB3: ...
extDB3: ...
extDB3: ...
extDB3: ...
extDB3: ...
extDB3: ...
extDB3: ...
extDB3: ...
extDB3: ...
extDB3: ...
extDB3: ...
extDB3: ...
extDB3: ...


[20:20:06:547590 +01:00] [Thread 12156] extDB3: SQL: Initialized: Add Quotes around TEXT Datatypes mode: 2
[20:20:06:547612 +01:00] [Thread 12156] extDB3: SQL: Initialized: NULL = ""
[20:20:06:547626 +01:00] [Thread 12156] extDB3: Locked
[20:20:06:553666 +01:00] [Thread 12056] extDB3: SQL: Error MariaDBQueryException: PROCEDURE armalife.deleteDeadVehicles does not exist
[20:20:06:553679 +01:00] [Thread 12056] extDB3: SQL: Error MariaDBQueryException: Input: CALL deleteDeadVehicles
[20:20:06:553702 +01:00] [Thread 1848] extDB3: SQL: Error MariaDBQueryException: PROCEDURE armalife.deleteOldSms does not exist
[20:20:06:553714 +01:00] [Thread 1848] extDB3: SQL: Error MariaDBQueryException: Input: CALL deleteOldSms
[20:20:06:553759 +01:00] [Thread 6512] extDB3: SQL: Error MariaDBQueryException: PROCEDURE armalife.deleteOldForfait does not exist
[20:20:06:553771 +01:00] [Thread 6512] extDB3: SQL: Error MariaDBQueryException: Input: CALL deleteOldForfait
[20:22:08:681275 +01:00] [Thread 1848] extDB3: SQL: Error MariaDBQueryException: You have an error in your SQL syntax; check the manual that corresponds to your MariaDB server version for the right syntax to use near 'est téléporté via MapTeleport en [5986.65,4214.04,0]')' at line 1
[20:22:08:681360 +01:00] [Thread 1848] extDB3: SQL: Error MariaDBQueryException: Input: INSERT INTO logs_alf (name, uid, type, text) VALUES ('Antonio Lopa', '76561198201065973', 'ADMIN', 'Antonio Lopa (76561198201065973) s'est téléporté via MapTeleport en [5986.65,4214.04,0]')
[20:22:37:417375 +01:00] [Thread 1848] extDB3: SQL: Error MariaDBQueryException: You have an error in your SQL syntax; check the manual that corresponds to your MariaDB server version for the right syntax to use near 'action 'Animations Rapides' via le menu admin.')' at line 1
[20:22:37:417431 +01:00] [Thread 1848] extDB3: SQL: Error MariaDBQueryException: Input: INSERT INTO logs_alf (name, uid, type, text) VALUES ('Antonio Lopa', '76561198201065973', 'ADMIN', 'A utilisé l'action 'Animations Rapides' via le menu admin.')
[20:22:42:261310 +01:00] [Thread 1848] extDB3: SQL: Error MariaDBQueryException: You have an error in your SQL syntax; check the manual that corresponds to your MariaDB server version for the right syntax to use near 'action 'Se Rassasier' via le menu admin.')' at line 1
[20:22:42:261367 +01:00] [Thread 1848] extDB3: SQL: Error MariaDBQueryException: Input: INSERT INTO logs_alf (name, uid, type, text) VALUES ('Antonio Lopa', '76561198201065973', 'ADMIN', 'A utilisé l'action 'Se Rassasier' via le menu admin.')
