
extDB3: https://bitbucket.org/torndeco/extdb3/wiki/Home
extDB3: Version: 1.033
extDB3: Windows Version
Message: All development for extDB3 is done on a Linux Dedicated Server
Message: If you would like to Donate to extDB3 Development
Message: https://www.paypal.com/cgi-bin/webscr?cmd=_s-xclick&hosted_button_id=2SUEFTGABTAM2
Message: Also leave a message if there is any particular feature you would like to see added.
Message: Thanks for all the people that have donated.
Message: Torndeco: 18/05/15

Message: This version was modified and include some improvement
Message: The lib was recompiled using new version of TBBMalloc, Boost and MariaDB connector
Message: The worker threads limitation was removed
Message: Steez: 30/10/2020


extDB3: Found extdb3-conf.ini
extDB3: Detected 16 Cores, Setting up 6 Worker Threads
extDB3: Detected 16 Cores, Setting up 16 Worker Threads
extDB3: ...
extDB3: ...
extDB3: ...
extDB3: ...
extDB3: ...
extDB3: ...
extDB3: ...
extDB3: ...
extDB3: ...
extDB3: ...
extDB3: ...
extDB3: ...
extDB3: ...
extDB3: ...
extDB3: ...
extDB3: ...


[10:17:19:817560 +01:00] [Thread 1748] extDB3: SQL: Initialized: Add Quotes around TEXT Datatypes mode: 2
[10:17:19:817585 +01:00] [Thread 1748] extDB3: SQL: Initialized: NULL = ""
[10:17:19:817600 +01:00] [Thread 1748] extDB3: Locked
[10:17:19:824777 +01:00] [Thread 7432] extDB3: SQL: Error MariaDBQueryException: PROCEDURE armalife.deleteDeadVehicles does not exist
[10:17:19:824791 +01:00] [Thread 7432] extDB3: SQL: Error MariaDBQueryException: Input: CALL deleteDeadVehicles
[10:17:19:824849 +01:00] [Thread 11136] extDB3: SQL: Error MariaDBQueryException: PROCEDURE armalife.deleteOldForfait does not exist
[10:17:19:824852 +01:00] [Thread 3528] extDB3: SQL: Error MariaDBQueryException: PROCEDURE armalife.deleteOldSms does not exist
[10:17:19:824863 +01:00] [Thread 11136] extDB3: SQL: Error MariaDBQueryException: Input: CALL deleteOldForfait
[10:17:19:824876 +01:00] [Thread 3528] extDB3: SQL: Error MariaDBQueryException: Input: CALL deleteOldSms
[10:28:00:197892 +01:00] [Thread 10268] extDB3: SQL: Error MariaDBQueryException: You have an error in your SQL syntax; check the manual that corresponds to your MariaDB server version for the right syntax to use near 'est téléporté via MapTeleport en [4154.21,5914.23,0]')' at line 1
[10:28:00:200637 +01:00] [Thread 10268] extDB3: SQL: Error MariaDBQueryException: Input: INSERT INTO logs_alf (name, uid, type, text) VALUES ('Antonio Lopa', '76561198201065973', 'ADMIN', 'Antonio Lopa (76561198201065973) s'est téléporté via MapTeleport en [4154.21,5914.23,0]')
[10:28:29:297441 +01:00] [Thread 10268] extDB3: SQL: Error MariaDBQueryException: You have an error in your SQL syntax; check the manual that corresponds to your MariaDB server version for the right syntax to use near 'action 'Créer grosse fumée' via le menu admin.')' at line 1
[10:28:29:297496 +01:00] [Thread 10268] extDB3: SQL: Error MariaDBQueryException: Input: INSERT INTO logs_alf (name, uid, type, text) VALUES ('Antonio Lopa', '76561198201065973', 'ADMIN', 'A utilisé l'action 'Créer grosse fumée' via le menu admin.')
[10:28:31:605536 +01:00] [Thread 10268] extDB3: SQL: Error MariaDBQueryException: You have an error in your SQL syntax; check the manual that corresponds to your MariaDB server version for the right syntax to use near 'action 'Supprimer incendies' via le menu admin.')' at line 1
[10:28:31:605566 +01:00] [Thread 10268] extDB3: SQL: Error MariaDBQueryException: Input: INSERT INTO logs_alf (name, uid, type, text) VALUES ('Antonio Lopa', '76561198201065973', 'ADMIN', 'A utilisé l'action 'Supprimer incendies' via le menu admin.')
[10:28:33:802770 +01:00] [Thread 10268] extDB3: SQL: Error MariaDBQueryException: You have an error in your SQL syntax; check the manual that corresponds to your MariaDB server version for the right syntax to use near 'action 'Caméra' via le menu admin.')' at line 1
[10:28:33:802799 +01:00] [Thread 10268] extDB3: SQL: Error MariaDBQueryException: Input: INSERT INTO logs_alf (name, uid, type, text) VALUES ('Antonio Lopa', '76561198201065973', 'ADMIN', 'A utilisé l'action 'Caméra' via le menu admin.')
[10:28:41:695792 +01:00] [Thread 10268] extDB3: SQL: Error MariaDBQueryException: You have an error in your SQL syntax; check the manual that corresponds to your MariaDB server version for the right syntax to use near 'action 'Se Rassasier' via le menu admin.')' at line 1
[10:28:41:695841 +01:00] [Thread 10268] extDB3: SQL: Error MariaDBQueryException: Input: INSERT INTO logs_alf (name, uid, type, text) VALUES ('Antonio Lopa', '76561198201065973', 'ADMIN', 'A utilisé l'action 'Se Rassasier' via le menu admin.')
[10:28:42:312505 +01:00] [Thread 10268] extDB3: SQL: Error MariaDBQueryException: You have an error in your SQL syntax; check the manual that corresponds to your MariaDB server version for the right syntax to use near 'action 'Animations Rapides' via le menu admin.')' at line 1
[10:28:42:312549 +01:00] [Thread 10268] extDB3: SQL: Error MariaDBQueryException: Input: INSERT INTO logs_alf (name, uid, type, text) VALUES ('Antonio Lopa', '76561198201065973', 'ADMIN', 'A utilisé l'action 'Animations Rapides' via le menu admin.')
[10:28:43:126467 +01:00] [Thread 10268] extDB3: SQL: Error MariaDBQueryException: You have an error in your SQL syntax; check the manual that corresponds to your MariaDB server version for the right syntax to use near 'action 'Animations Rapides' via le menu admin.')' at line 1
[10:28:43:126516 +01:00] [Thread 10268] extDB3: SQL: Error MariaDBQueryException: Input: INSERT INTO logs_alf (name, uid, type, text) VALUES ('Antonio Lopa', '76561198201065973', 'ADMIN', 'A utilisé l'action 'Animations Rapides' via le menu admin.')
[10:28:59:297246 +01:00] [Thread 10268] extDB3: SQL: Error MariaDBQueryException: You have an error in your SQL syntax; check the manual that corresponds to your MariaDB server version for the right syntax to use near 'action 'Arsenal' via le menu admin.')' at line 1
[10:28:59:297288 +01:00] [Thread 10268] extDB3: SQL: Error MariaDBQueryException: Input: INSERT INTO logs_alf (name, uid, type, text) VALUES ('Antonio Lopa', '76561198201065973', 'ADMIN', 'A utilisé l'action 'Arsenal' via le menu admin.')
