
extDB3: https://bitbucket.org/torndeco/extdb3/wiki/Home
extDB3: Version: 1.033
extDB3: Windows Version
Message: All development for extDB3 is done on a Linux Dedicated Server
Message: If you would like to Donate to extDB3 Development
Message: https://www.paypal.com/cgi-bin/webscr?cmd=_s-xclick&hosted_button_id=2SUEFTGABTAM2
Message: Also leave a message if there is any particular feature you would like to see added.
Message: Thanks for all the people that have donated.
Message: Torndeco: 18/05/15

Message: This version was modified and include some improvement
Message: The lib was recompiled using new version of TBBMalloc, Boost and MariaDB connector
Message: The worker threads limitation was removed
Message: Steez: 30/10/2020


extDB3: Found extdb3-conf.ini
extDB3: Detected 16 Cores, Setting up 6 Worker Threads
extDB3: Detected 16 Cores, Setting up 16 Worker Threads
extDB3: ...
extDB3: ...
extDB3: ...
extDB3: ...
extDB3: ...
extDB3: ...
extDB3: ...
extDB3: ...
extDB3: ...
extDB3: ...
extDB3: ...
extDB3: ...
extDB3: ...
extDB3: ...
extDB3: ...
extDB3: ...


[14:01:33:073877 +02:00] [Thread 8792] extDB3: SQL: Initialized: Add Quotes around TEXT Datatypes mode: 2
[14:01:33:073896 +02:00] [Thread 8792] extDB3: SQL: Initialized: NULL = ""
[14:01:33:073907 +02:00] [Thread 8792] extDB3: Locked
[14:01:33:080691 +02:00] [Thread 8424] extDB3: SQL: Error MariaDBQueryException: PROCEDURE altislife.resetLifeVehicles does not exist
[14:01:33:080697 +02:00] [Thread 8688] extDB3: SQL: Error MariaDBQueryException: PROCEDURE altislife.deleteOldHouses does not exist
[14:01:33:080692 +02:00] [Thread 6788] extDB3: SQL: Error MariaDBQueryException: PROCEDURE altislife.deleteDeadVehicles does not exist
[14:01:33:080708 +02:00] [Thread 8688] extDB3: SQL: Error MariaDBQueryException: Input: CALL deleteOldHouses
[14:01:33:080741 +02:00] [Thread 8424] extDB3: SQL: Error MariaDBQueryException: Input: CALL resetLifeVehicles
[14:01:33:080746 +02:00] [Thread 6420] extDB3: SQL: Error MariaDBQueryException: PROCEDURE altislife.deleteOldGangs does not exist
[14:01:33:080750 +02:00] [Thread 7572] extDB3: SQL: Error MariaDBQueryException: PROCEDURE altislife.Point_Permis does not exist
[14:01:33:080741 +02:00] [Thread 6788] extDB3: SQL: Error MariaDBQueryException: Input: CALL deleteDeadVehicles
[14:01:33:080757 +02:00] [Thread 6420] extDB3: SQL: Error MariaDBQueryException: Input: CALL deleteOldGangs
[14:01:33:080770 +02:00] [Thread 7572] extDB3: SQL: Error MariaDBQueryException: Input: CALL Point_Permis
[15:01:33:791779 +02:00] [Thread 7056] extDB3: SQL: Error MariaDBQueryException: PROCEDURE altislife.braceletTimeUpdate does not exist
[15:01:33:791884 +02:00] [Thread 7056] extDB3: SQL: Error MariaDBQueryException: Input: CALL braceletTimeUpdate
[16:01:33:862111 +02:00] [Thread 7572] extDB3: SQL: Error MariaDBQueryException: PROCEDURE altislife.braceletTimeUpdate does not exist
[16:01:33:862220 +02:00] [Thread 7572] extDB3: SQL: Error MariaDBQueryException: Input: CALL braceletTimeUpdate
[17:01:33:947044 +02:00] [Thread 8688] extDB3: SQL: Error MariaDBQueryException: PROCEDURE altislife.braceletTimeUpdate does not exist
[17:01:33:947238 +02:00] [Thread 8688] extDB3: SQL: Error MariaDBQueryException: Input: CALL braceletTimeUpdate
[18:01:34:028846 +02:00] [Thread 8484] extDB3: SQL: Error MariaDBQueryException: PROCEDURE altislife.braceletTimeUpdate does not exist
[18:01:34:028979 +02:00] [Thread 8484] extDB3: SQL: Error MariaDBQueryException: Input: CALL braceletTimeUpdate
[19:01:34:097714 +02:00] [Thread 8688] extDB3: SQL: Error MariaDBQueryException: PROCEDURE altislife.braceletTimeUpdate does not exist
[19:01:34:097795 +02:00] [Thread 8688] extDB3: SQL: Error MariaDBQueryException: Input: CALL braceletTimeUpdate
[20:01:34:166075 +02:00] [Thread 7056] extDB3: SQL: Error MariaDBQueryException: PROCEDURE altislife.braceletTimeUpdate does not exist
[20:01:34:166204 +02:00] [Thread 7056] extDB3: SQL: Error MariaDBQueryException: Input: CALL braceletTimeUpdate
[21:01:34:247053 +02:00] [Thread 8796] extDB3: SQL: Error MariaDBQueryException: PROCEDURE altislife.braceletTimeUpdate does not exist
[21:01:34:247227 +02:00] [Thread 8796] extDB3: SQL: Error MariaDBQueryException: Input: CALL braceletTimeUpdate
[22:01:34:328059 +02:00] [Thread 7572] extDB3: SQL: Error MariaDBQueryException: PROCEDURE altislife.braceletTimeUpdate does not exist
[22:01:34:328145 +02:00] [Thread 7572] extDB3: SQL: Error MariaDBQueryException: Input: CALL braceletTimeUpdate
[23:01:34:403508 +02:00] [Thread 2388] extDB3: SQL: Error MariaDBQueryException: PROCEDURE altislife.braceletTimeUpdate does not exist
[23:01:34:403652 +02:00] [Thread 2388] extDB3: SQL: Error MariaDBQueryException: Input: CALL braceletTimeUpdate
[00:01:34:470163 +02:00] [Thread 8680] extDB3: SQL: Error MariaDBQueryException: PROCEDURE altislife.braceletTimeUpdate does not exist
[00:01:34:470281 +02:00] [Thread 8680] extDB3: SQL: Error MariaDBQueryException: Input: CALL braceletTimeUpdate
[01:01:34:546139 +02:00] [Thread 6852] extDB3: SQL: Error MariaDBQueryException: PROCEDURE altislife.braceletTimeUpdate does not exist
[01:01:34:546301 +02:00] [Thread 6852] extDB3: SQL: Error MariaDBQueryException: Input: CALL braceletTimeUpdate
[02:01:34:617266 +02:00] [Thread 8796] extDB3: SQL: Error MariaDBQueryException: PROCEDURE altislife.braceletTimeUpdate does not exist
[02:01:34:617363 +02:00] [Thread 8796] extDB3: SQL: Error MariaDBQueryException: Input: CALL braceletTimeUpdate
[03:01:34:698933 +02:00] [Thread 8484] extDB3: SQL: Error MariaDBQueryException: PROCEDURE altislife.braceletTimeUpdate does not exist
[03:01:34:699017 +02:00] [Thread 8484] extDB3: SQL: Error MariaDBQueryException: Input: CALL braceletTimeUpdate
[04:01:34:783217 +02:00] [Thread 8680] extDB3: SQL: Error MariaDBQueryException: PROCEDURE altislife.braceletTimeUpdate does not exist
[04:01:34:783345 +02:00] [Thread 8680] extDB3: SQL: Error MariaDBQueryException: Input: CALL braceletTimeUpdate
[05:01:34:861581 +02:00] [Thread 6852] extDB3: SQL: Error MariaDBQueryException: PROCEDURE altislife.braceletTimeUpdate does not exist
[05:01:34:861734 +02:00] [Thread 6852] extDB3: SQL: Error MariaDBQueryException: Input: CALL braceletTimeUpdate
[06:01:34:939840 +02:00] [Thread 7572] extDB3: SQL: Error MariaDBQueryException: PROCEDURE altislife.braceletTimeUpdate does not exist
[06:01:34:939995 +02:00] [Thread 7572] extDB3: SQL: Error MariaDBQueryException: Input: CALL braceletTimeUpdate
[07:01:35:000120 +02:00] [Thread 7572] extDB3: SQL: Error MariaDBQueryException: PROCEDURE altislife.braceletTimeUpdate does not exist
[07:01:35:000202 +02:00] [Thread 7572] extDB3: SQL: Error MariaDBQueryException: Input: CALL braceletTimeUpdate
[08:01:35:085431 +02:00] [Thread 8688] extDB3: SQL: Error MariaDBQueryException: PROCEDURE altislife.braceletTimeUpdate does not exist
[08:01:35:085575 +02:00] [Thread 8688] extDB3: SQL: Error MariaDBQueryException: Input: CALL braceletTimeUpdate
[09:01:35:150280 +02:00] [Thread 7056] extDB3: SQL: Error MariaDBQueryException: PROCEDURE altislife.braceletTimeUpdate does not exist
[09:01:35:150371 +02:00] [Thread 7056] extDB3: SQL: Error MariaDBQueryException: Input: CALL braceletTimeUpdate
[10:01:35:246484 +02:00] [Thread 8688] extDB3: SQL: Error MariaDBQueryException: PROCEDURE altislife.braceletTimeUpdate does not exist
[10:01:35:246570 +02:00] [Thread 8688] extDB3: SQL: Error MariaDBQueryException: Input: CALL braceletTimeUpdate
[11:01:35:327841 +02:00] [Thread 8324] extDB3: SQL: Error MariaDBQueryException: PROCEDURE altislife.braceletTimeUpdate does not exist
[11:01:35:327951 +02:00] [Thread 8324] extDB3: SQL: Error MariaDBQueryException: Input: CALL braceletTimeUpdate
[12:01:35:384270 +02:00] [Thread 8688] extDB3: SQL: Error MariaDBQueryException: PROCEDURE altislife.braceletTimeUpdate does not exist
[12:01:35:384434 +02:00] [Thread 8688] extDB3: SQL: Error MariaDBQueryException: Input: CALL braceletTimeUpdate
[13:01:35:454708 +02:00] [Thread 7572] extDB3: SQL: Error MariaDBQueryException: PROCEDURE altislife.braceletTimeUpdate does not exist
[13:01:35:454822 +02:00] [Thread 7572] extDB3: SQL: Error MariaDBQueryException: Input: CALL braceletTimeUpdate
