
extDB3: https://bitbucket.org/torndeco/extdb3/wiki/Home
extDB3: Version: 1.033
extDB3: Windows Version
Message: All development for extDB3 is done on a Linux Dedicated Server
Message: If you would like to Donate to extDB3 Development
Message: https://www.paypal.com/cgi-bin/webscr?cmd=_s-xclick&hosted_button_id=2SUEFTGABTAM2
Message: Also leave a message if there is any particular feature you would like to see added.
Message: Thanks for all the people that have donated.
Message: Torndeco: 18/05/15

Message: This version was modified and include some improvement
Message: The lib was recompiled using new version of TBBMalloc, Boost and MariaDB connector
Message: The worker threads limitation was removed
Message: Steez: 30/10/2020


extDB3: Found extdb3-conf.ini
extDB3: Detected 16 Cores, Setting up 6 Worker Threads
extDB3: Detected 16 Cores, Setting up 16 Worker Threads
extDB3: ...
extDB3: ...
extDB3: ...
extDB3: ...
extDB3: ...
extDB3: ...
extDB3: ...
extDB3: ...
extDB3: ...
extDB3: ...
extDB3: ...
extDB3: ...
extDB3: ...
extDB3: ...
extDB3: ...
extDB3: ...


[16:08:09:696133 +01:00] [Thread 12888] extDB3: SQL: Initialized: Add Quotes around TEXT Datatypes mode: 2
[16:08:09:696157 +01:00] [Thread 12888] extDB3: SQL: Initialized: NULL = ""
[16:08:09:696173 +01:00] [Thread 12888] extDB3: Locked
[16:08:09:703970 +01:00] [Thread 18696] extDB3: SQL: Error MariaDBQueryException: PROCEDURE armalife.deleteDeadVehicles does not exist
[16:08:09:703968 +01:00] [Thread 23736] extDB3: SQL: Error MariaDBQueryException: PROCEDURE armalife.deleteOldForfait does not exist
[16:08:09:703978 +01:00] [Thread 23988] extDB3: SQL: Error MariaDBQueryException: PROCEDURE armalife.deleteOldSms does not exist
[16:08:09:704002 +01:00] [Thread 18696] extDB3: SQL: Error MariaDBQueryException: Input: CALL deleteDeadVehicles
[16:08:09:704022 +01:00] [Thread 23736] extDB3: SQL: Error MariaDBQueryException: Input: CALL deleteOldForfait
[16:08:09:704033 +01:00] [Thread 23988] extDB3: SQL: Error MariaDBQueryException: Input: CALL deleteOldSms
[16:11:09:747646 +01:00] [Thread 20188] extDB3: SQL: Error MariaDBQueryException: You have an error in your SQL syntax; check the manual that corresponds to your MariaDB server version for the right syntax to use near 'action 'Animations Rapides' via le menu admin.')' at line 1
[16:11:09:747719 +01:00] [Thread 20188] extDB3: SQL: Error MariaDBQueryException: Input: INSERT INTO logs_alf (name, uid, type, text) VALUES ('Antonio Lopa', '76561198201065973', 'ADMIN', 'A utilisé l'action 'Animations Rapides' via le menu admin.')
[16:18:45:101053 +01:00] [Thread 23380] extDB3: SQL: Error MariaDBQueryException: You have an error in your SQL syntax; check the manual that corresponds to your MariaDB server version for the right syntax to use near 'est téléporté via MapTeleport en [4737.39,8986.15,0]')' at line 1
[16:18:45:101145 +01:00] [Thread 23380] extDB3: SQL: Error MariaDBQueryException: Input: INSERT INTO logs_alf (name, uid, type, text) VALUES ('Antonio Lopa', '76561198201065973', 'ADMIN', 'Antonio Lopa (76561198201065973) s'est téléporté via MapTeleport en [4737.39,8986.15,0]')
[16:19:55:471775 +01:00] [Thread 23380] extDB3: SQL: Error MariaDBQueryException: You have an error in your SQL syntax; check the manual that corresponds to your MariaDB server version for the right syntax to use near 'est téléporté via MapTeleport en [2556.58,8600.18,0]')' at line 1
[16:19:55:471863 +01:00] [Thread 23380] extDB3: SQL: Error MariaDBQueryException: Input: INSERT INTO logs_alf (name, uid, type, text) VALUES ('Antonio Lopa', '76561198201065973', 'ADMIN', 'Antonio Lopa (76561198201065973) s'est téléporté via MapTeleport en [2556.58,8600.18,0]')
[16:20:08:162103 +01:00] [Thread 23380] extDB3: SQL: Error MariaDBQueryException: You have an error in your SQL syntax; check the manual that corresponds to your MariaDB server version for the right syntax to use near 'est téléporté via MapTeleport en [4733.97,8989.65,0]')' at line 1
[16:20:08:162166 +01:00] [Thread 23380] extDB3: SQL: Error MariaDBQueryException: Input: INSERT INTO logs_alf (name, uid, type, text) VALUES ('Antonio Lopa', '76561198201065973', 'ADMIN', 'Antonio Lopa (76561198201065973) s'est téléporté via MapTeleport en [4733.97,8989.65,0]')
