
extDB3: https://bitbucket.org/torndeco/extdb3/wiki/Home
extDB3: Version: 1.033
extDB3: Windows Version
Message: All development for extDB3 is done on a Linux Dedicated Server
Message: If you would like to Donate to extDB3 Development
Message: https://www.paypal.com/cgi-bin/webscr?cmd=_s-xclick&hosted_button_id=2SUEFTGABTAM2
Message: Also leave a message if there is any particular feature you would like to see added.
Message: Thanks for all the people that have donated.
Message: Torndeco: 18/05/15

Message: This version was modified and include some improvement
Message: The lib was recompiled using new version of TBBMalloc, Boost and MariaDB connector
Message: The worker threads limitation was removed
Message: Steez: 30/10/2020


extDB3: Found extdb3-conf.ini
extDB3: Detected 16 Cores, Setting up 6 Worker Threads
extDB3: Detected 16 Cores, Setting up 16 Worker Threads
extDB3: ...
extDB3: ...
extDB3: ...
extDB3: ...
extDB3: ...
extDB3: ...
extDB3: ...
extDB3: ...
extDB3: ...
extDB3: ...
extDB3: ...
extDB3: ...
extDB3: ...
extDB3: ...
extDB3: ...
extDB3: ...


[21:00:58:588456 +01:00] [Thread 23956] extDB3: SQL: Initialized: Add Quotes around TEXT Datatypes mode: 2
[21:00:58:588494 +01:00] [Thread 23956] extDB3: SQL: Initialized: NULL = ""
[21:00:58:588510 +01:00] [Thread 23956] extDB3: Locked
[21:00:58:595674 +01:00] [Thread 5592] extDB3: SQL: Error MariaDBQueryException: PROCEDURE armalife.deleteDeadVehicles does not exist
[21:00:58:595697 +01:00] [Thread 5592] extDB3: SQL: Error MariaDBQueryException: Input: CALL deleteDeadVehicles
[21:00:58:595715 +01:00] [Thread 24060] extDB3: SQL: Error MariaDBQueryException: PROCEDURE armalife.deleteOldForfait does not exist
[21:00:58:595745 +01:00] [Thread 24060] extDB3: SQL: Error MariaDBQueryException: Input: CALL deleteOldForfait
[21:00:58:595761 +01:00] [Thread 24096] extDB3: SQL: Error MariaDBQueryException: PROCEDURE armalife.deleteOldSms does not exist
[21:00:58:595778 +01:00] [Thread 24096] extDB3: SQL: Error MariaDBQueryException: Input: CALL deleteOldSms
[21:03:43:066710 +01:00] [Thread 21444] extDB3: SQL: Error MariaDBQueryException: You have an error in your SQL syntax; check the manual that corresponds to your MariaDB server version for the right syntax to use near 'est téléporté via MapTeleport en [6210.82,7212.15,0]')' at line 1
[21:03:43:066802 +01:00] [Thread 21444] extDB3: SQL: Error MariaDBQueryException: Input: INSERT INTO logs_alf (name, uid, type, text) VALUES ('Antonio Lopa', '76561198201065973', 'ADMIN', 'Antonio Lopa (76561198201065973) s'est téléporté via MapTeleport en [6210.82,7212.15,0]')
