
extDB3: https://bitbucket.org/torndeco/extdb3/wiki/Home
extDB3: Version: 1.033
extDB3: Windows Version
Message: All development for extDB3 is done on a Linux Dedicated Server
Message: If you would like to Donate to extDB3 Development
Message: https://www.paypal.com/cgi-bin/webscr?cmd=_s-xclick&hosted_button_id=2SUEFTGABTAM2
Message: Also leave a message if there is any particular feature you would like to see added.
Message: Thanks for all the people that have donated.
Message: Torndeco: 18/05/15

Message: This version was modified and include some improvement
Message: The lib was recompiled using new version of TBBMalloc, Boost and MariaDB connector
Message: The worker threads limitation was removed
Message: Steez: 30/10/2020


extDB3: Found extdb3-conf.ini
extDB3: Detected 16 Cores, Setting up 6 Worker Threads
extDB3: Detected 16 Cores, Setting up 16 Worker Threads
extDB3: ...
extDB3: ...
extDB3: ...
extDB3: ...
extDB3: ...
extDB3: ...
extDB3: ...
extDB3: ...
extDB3: ...
extDB3: ...
extDB3: ...
extDB3: ...
extDB3: ...
extDB3: ...
extDB3: ...
extDB3: ...


[14:40:01:252724 +01:00] [Thread 9896] extDB3: SQL: Initialized: Add Quotes around TEXT Datatypes mode: 2
[14:40:01:252747 +01:00] [Thread 9896] extDB3: SQL: Initialized: NULL = ""
[14:40:01:252761 +01:00] [Thread 9896] extDB3: Locked
[14:40:01:258500 +01:00] [Thread 16292] extDB3: SQL: Error MariaDBQueryException: PROCEDURE armalife.deleteOldForfait does not exist
[14:40:01:258513 +01:00] [Thread 16292] extDB3: SQL: Error MariaDBQueryException: Input: CALL deleteOldForfait
[14:40:01:258545 +01:00] [Thread 6628] extDB3: SQL: Error MariaDBQueryException: PROCEDURE armalife.deleteDeadVehicles does not exist
[14:40:01:258557 +01:00] [Thread 6628] extDB3: SQL: Error MariaDBQueryException: Input: CALL deleteDeadVehicles
[14:40:01:258588 +01:00] [Thread 5368] extDB3: SQL: Error MariaDBQueryException: PROCEDURE armalife.deleteOldSms does not exist
[14:40:01:258601 +01:00] [Thread 5368] extDB3: SQL: Error MariaDBQueryException: Input: CALL deleteOldSms
[14:41:55:126826 +01:00] [Thread 5956] extDB3: SQL: Error MariaDBQueryException: You have an error in your SQL syntax; check the manual that corresponds to your MariaDB server version for the right syntax to use near 'est téléporté via MapTeleport en [4734.82,8964.61,0]')' at line 1
[14:41:55:126920 +01:00] [Thread 5956] extDB3: SQL: Error MariaDBQueryException: Input: INSERT INTO logs_alf (name, uid, type, text) VALUES ('Antonio Lopa', '76561198201065973', 'ADMIN', 'Antonio Lopa (76561198201065973) s'est téléporté via MapTeleport en [4734.82,8964.61,0]')
[14:42:44:154682 +01:00] [Thread 5956] extDB3: SQL: Error MariaDBQueryException: You have an error in your SQL syntax; check the manual that corresponds to your MariaDB server version for the right syntax to use near 'action 'Animations Rapides' via le menu admin.')' at line 1
[14:42:44:154743 +01:00] [Thread 5956] extDB3: SQL: Error MariaDBQueryException: Input: INSERT INTO logs_alf (name, uid, type, text) VALUES ('Antonio Lopa', '76561198201065973', 'ADMIN', 'A utilisé l'action 'Animations Rapides' via le menu admin.')
[14:49:38:812707 +01:00] [Thread 12996] extDB3: SQL: Error MariaDBQueryException: You have an error in your SQL syntax; check the manual that corresponds to your MariaDB server version for the right syntax to use near 'est téléporté via MapTeleport en [6779.74,7339.23,0]')' at line 1
[14:49:38:812771 +01:00] [Thread 12996] extDB3: SQL: Error MariaDBQueryException: Input: INSERT INTO logs_alf (name, uid, type, text) VALUES ('Antonio Lopa', '76561198201065973', 'ADMIN', 'Antonio Lopa (76561198201065973) s'est téléporté via MapTeleport en [6779.74,7339.23,0]')
