
extDB3: https://bitbucket.org/torndeco/extdb3/wiki/Home
extDB3: Version: 1.033
extDB3: Windows Version
Message: All development for extDB3 is done on a Linux Dedicated Server
Message: If you would like to Donate to extDB3 Development
Message: https://www.paypal.com/cgi-bin/webscr?cmd=_s-xclick&hosted_button_id=2SUEFTGABTAM2
Message: Also leave a message if there is any particular feature you would like to see added.
Message: Thanks for all the people that have donated.
Message: Torndeco: 18/05/15

Message: This version was modified and include some improvement
Message: The lib was recompiled using new version of TBBMalloc, Boost and MariaDB connector
Message: The worker threads limitation was removed
Message: Steez: 30/10/2020


extDB3: Found extdb3-conf.ini
extDB3: Detected 16 Cores, Setting up 6 Worker Threads
extDB3: Detected 16 Cores, Setting up 16 Worker Threads
extDB3: ...
extDB3: ...
extDB3: ...
extDB3: ...
extDB3: ...
extDB3: ...
extDB3: ...
extDB3: ...
extDB3: ...
extDB3: ...
extDB3: ...
extDB3: ...
extDB3: ...
extDB3: ...
extDB3: ...
extDB3: ...


[14:56:05:366963 +01:00] [Thread 15432] extDB3: SQL: Initialized: Add Quotes around TEXT Datatypes mode: 2
[14:56:05:366987 +01:00] [Thread 15432] extDB3: SQL: Initialized: NULL = ""
[14:56:05:367000 +01:00] [Thread 15432] extDB3: Locked
[14:56:05:373143 +01:00] [Thread 11096] extDB3: SQL: Error MariaDBQueryException: PROCEDURE armalife.deleteDeadVehicles does not exist
[14:56:05:373156 +01:00] [Thread 11096] extDB3: SQL: Error MariaDBQueryException: Input: CALL deleteDeadVehicles
[14:56:05:373188 +01:00] [Thread 14692] extDB3: SQL: Error MariaDBQueryException: PROCEDURE armalife.deleteOldForfait does not exist
[14:56:05:373191 +01:00] [Thread 15044] extDB3: SQL: Error MariaDBQueryException: PROCEDURE armalife.deleteOldSms does not exist
[14:56:05:373200 +01:00] [Thread 14692] extDB3: SQL: Error MariaDBQueryException: Input: CALL deleteOldForfait
[14:56:05:373206 +01:00] [Thread 15044] extDB3: SQL: Error MariaDBQueryException: Input: CALL deleteOldSms
[14:59:35:350557 +01:00] [Thread 8888] extDB3: SQL: Error MariaDBQueryException: You have an error in your SQL syntax; check the manual that corresponds to your MariaDB server version for the right syntax to use near 'action 'Animations Rapides' via le menu admin.')' at line 1
[14:59:35:350632 +01:00] [Thread 8888] extDB3: SQL: Error MariaDBQueryException: Input: INSERT INTO logs_alf (name, uid, type, text) VALUES ('Antonio Lopa', '76561198201065973', 'ADMIN', 'A utilisé l'action 'Animations Rapides' via le menu admin.')
[15:02:34:733415 +01:00] [Thread 14620] extDB3: SQL: Error MariaDBQueryException: You have an error in your SQL syntax; check the manual that corresponds to your MariaDB server version for the right syntax to use near 'est téléporté via MapTeleport en [6813.46,7333.06,0]')' at line 1
[15:02:34:733481 +01:00] [Thread 14620] extDB3: SQL: Error MariaDBQueryException: Input: INSERT INTO logs_alf (name, uid, type, text) VALUES ('Antonio Lopa', '76561198201065973', 'ADMIN', 'Antonio Lopa (76561198201065973) s'est téléporté via MapTeleport en [6813.46,7333.06,0]')
