
extDB3: https://bitbucket.org/torndeco/extdb3/wiki/Home
extDB3: Version: 1.033
extDB3: Windows Version
Message: All development for extDB3 is done on a Linux Dedicated Server
Message: If you would like to Donate to extDB3 Development
Message: https://www.paypal.com/cgi-bin/webscr?cmd=_s-xclick&hosted_button_id=2SUEFTGABTAM2
Message: Also leave a message if there is any particular feature you would like to see added.
Message: Thanks for all the people that have donated.
Message: Torndeco: 18/05/15

Message: This version was modified and include some improvement
Message: The lib was recompiled using new version of TBBMalloc, Boost and MariaDB connector
Message: The worker threads limitation was removed
Message: Steez: 30/10/2020


extDB3: Found extdb3-conf.ini
extDB3: Detected 16 Cores, Setting up 6 Worker Threads
extDB3: Detected 16 Cores, Setting up 16 Worker Threads
extDB3: ...
extDB3: ...
extDB3: ...
extDB3: ...
extDB3: ...
extDB3: ...
extDB3: ...
extDB3: ...
extDB3: ...
extDB3: ...
extDB3: ...
extDB3: ...
extDB3: ...
extDB3: ...
extDB3: ...
extDB3: ...


[17:26:30:745794 +01:00] [Thread 17028] extDB3: SQL: Initialized: Add Quotes around TEXT Datatypes mode: 2
[17:26:30:745818 +01:00] [Thread 17028] extDB3: SQL: Initialized: NULL = ""
[17:26:30:745832 +01:00] [Thread 17028] extDB3: Locked
[17:26:30:751767 +01:00] [Thread 16876] extDB3: SQL: Error MariaDBQueryException: PROCEDURE armalife.deleteDeadVehicles does not exist
[17:26:30:751783 +01:00] [Thread 16876] extDB3: SQL: Error MariaDBQueryException: Input: CALL deleteDeadVehicles
[17:26:30:751784 +01:00] [Thread 6084] extDB3: SQL: Error MariaDBQueryException: PROCEDURE armalife.deleteOldForfait does not exist
[17:26:30:751798 +01:00] [Thread 6084] extDB3: SQL: Error MariaDBQueryException: Input: CALL deleteOldForfait
[17:26:30:751835 +01:00] [Thread 17284] extDB3: SQL: Error MariaDBQueryException: PROCEDURE armalife.deleteOldSms does not exist
[17:26:30:751848 +01:00] [Thread 17284] extDB3: SQL: Error MariaDBQueryException: Input: CALL deleteOldSms
[17:29:42:263594 +01:00] [Thread 12028] extDB3: SQL: Error MariaDBQueryException: You have an error in your SQL syntax; check the manual that corresponds to your MariaDB server version for the right syntax to use near 'est téléporté via MapTeleport en [6810.47,7328.43,0]')' at line 1
[17:29:42:263666 +01:00] [Thread 12028] extDB3: SQL: Error MariaDBQueryException: Input: INSERT INTO logs_alf (name, uid, type, text) VALUES ('Antonio Lopa', '76561198201065973', 'ADMIN', 'Antonio Lopa (76561198201065973) s'est téléporté via MapTeleport en [6810.47,7328.43,0]')
