
extDB3: https://bitbucket.org/torndeco/extdb3/wiki/Home
extDB3: Version: 1.033
extDB3: Windows Version
Message: All development for extDB3 is done on a Linux Dedicated Server
Message: If you would like to Donate to extDB3 Development
Message: https://www.paypal.com/cgi-bin/webscr?cmd=_s-xclick&hosted_button_id=2SUEFTGABTAM2
Message: Also leave a message if there is any particular feature you would like to see added.
Message: Thanks for all the people that have donated.
Message: Torndeco: 18/05/15

Message: This version was modified and include some improvement
Message: The lib was recompiled using new version of TBBMalloc, Boost and MariaDB connector
Message: The worker threads limitation was removed
Message: Steez: 30/10/2020


extDB3: Found extdb3-conf.ini
extDB3: Detected 16 Cores, Setting up 6 Worker Threads
extDB3: Detected 16 Cores, Setting up 16 Worker Threads
extDB3: ...
extDB3: ...
extDB3: ...
extDB3: ...
extDB3: ...
extDB3: ...
extDB3: ...
extDB3: ...
extDB3: ...
extDB3: ...
extDB3: ...
extDB3: ...
extDB3: ...
extDB3: ...
extDB3: ...
extDB3: ...


[10:56:13:713171 +02:00] [Thread 4088] extDB3: SQL: Initialized: Add Quotes around TEXT Datatypes mode: 2
[10:56:13:713192 +02:00] [Thread 4088] extDB3: SQL: Initialized: NULL = ""
[10:56:13:713202 +02:00] [Thread 4088] extDB3: Locked
[10:56:13:721062 +02:00] [Thread 8420] extDB3: SQL: Error MariaDBQueryException: PROCEDURE altislife.resetLifeVehicles does not exist
[10:56:13:721074 +02:00] [Thread 8420] extDB3: SQL: Error MariaDBQueryException: Input: CALL resetLifeVehicles
[10:56:13:721096 +02:00] [Thread 8544] extDB3: SQL: Error MariaDBQueryException: PROCEDURE altislife.deleteDeadVehicles does not exist
[10:56:13:721107 +02:00] [Thread 8544] extDB3: SQL: Error MariaDBQueryException: Input: CALL deleteDeadVehicles
[10:56:13:721134 +02:00] [Thread 3008] extDB3: SQL: Error MariaDBQueryException: PROCEDURE altislife.deleteOldHouses does not exist
[10:56:13:721144 +02:00] [Thread 3008] extDB3: SQL: Error MariaDBQueryException: Input: CALL deleteOldHouses
[10:56:13:721157 +02:00] [Thread 2928] extDB3: SQL: Error MariaDBQueryException: PROCEDURE altislife.Point_Permis does not exist
[10:56:13:721162 +02:00] [Thread 8352] extDB3: SQL: Error MariaDBQueryException: PROCEDURE altislife.deleteOldGangs does not exist
[10:56:13:721167 +02:00] [Thread 2928] extDB3: SQL: Error MariaDBQueryException: Input: CALL Point_Permis
[10:56:13:721178 +02:00] [Thread 8352] extDB3: SQL: Error MariaDBQueryException: Input: CALL deleteOldGangs
