
extDB3: https://bitbucket.org/torndeco/extdb3/wiki/Home
extDB3: Version: 1.033
extDB3: Windows Version
Message: All development for extDB3 is done on a Linux Dedicated Server
Message: If you would like to Donate to extDB3 Development
Message: https://www.paypal.com/cgi-bin/webscr?cmd=_s-xclick&hosted_button_id=2SUEFTGABTAM2
Message: Also leave a message if there is any particular feature you would like to see added.
Message: Thanks for all the people that have donated.
Message: Torndeco: 18/05/15

Message: This version was modified and include some improvement
Message: The lib was recompiled using new version of TBBMalloc, Boost and MariaDB connector
Message: The worker threads limitation was removed
Message: Steez: 30/10/2020


extDB3: Found extdb3-conf.ini
extDB3: Detected 16 Cores, Setting up 6 Worker Threads
extDB3: Detected 16 Cores, Setting up 16 Worker Threads
extDB3: ...
extDB3: ...
extDB3: ...
extDB3: ...
extDB3: ...
extDB3: ...
extDB3: ...
extDB3: ...
extDB3: ...
extDB3: ...
extDB3: ...
extDB3: ...
extDB3: ...
extDB3: ...
extDB3: ...
extDB3: ...


[11:58:02:957961 +02:00] [Thread 6432] extDB3: SQL: Initialized: Add Quotes around TEXT Datatypes mode: 2
[11:58:02:957980 +02:00] [Thread 6432] extDB3: SQL: Initialized: NULL = ""
[11:58:02:957991 +02:00] [Thread 6432] extDB3: Locked
[11:58:02:968695 +02:00] [Thread 6084] extDB3: SQL: Error MariaDBQueryException: PROCEDURE altislife.resetLifeVehicles does not exist
[11:58:02:968711 +02:00] [Thread 6084] extDB3: SQL: Error MariaDBQueryException: Input: CALL resetLifeVehicles
[11:58:02:968744 +02:00] [Thread 8000] extDB3: SQL: Error MariaDBQueryException: PROCEDURE altislife.Point_Permis does not exist
[11:58:02:968746 +02:00] [Thread 6316] extDB3: SQL: Error MariaDBQueryException: PROCEDURE altislife.deleteDeadVehicles does not exist
[11:58:02:968780 +02:00] [Thread 6316] extDB3: SQL: Error MariaDBQueryException: Input: CALL deleteDeadVehicles
[11:58:02:968750 +02:00] [Thread 8168] extDB3: SQL: Error MariaDBQueryException: PROCEDURE altislife.deleteOldHouses does not exist
[11:58:02:968770 +02:00] [Thread 8000] extDB3: SQL: Error MariaDBQueryException: Input: CALL Point_Permis
[11:58:02:968797 +02:00] [Thread 8168] extDB3: SQL: Error MariaDBQueryException: Input: CALL deleteOldHouses
[11:58:02:968765 +02:00] [Thread 8164] extDB3: SQL: Error MariaDBQueryException: PROCEDURE altislife.deleteOldGangs does not exist
[11:58:02:968832 +02:00] [Thread 8164] extDB3: SQL: Error MariaDBQueryException: Input: CALL deleteOldGangs
[12:58:03:698864 +02:00] [Thread 6316] extDB3: SQL: Error MariaDBQueryException: PROCEDURE altislife.braceletTimeUpdate does not exist
[12:58:03:698963 +02:00] [Thread 6316] extDB3: SQL: Error MariaDBQueryException: Input: CALL braceletTimeUpdate
[13:58:03:812978 +02:00] [Thread 7080] extDB3: SQL: Error MariaDBQueryException: PROCEDURE altislife.braceletTimeUpdate does not exist
[13:58:03:813058 +02:00] [Thread 7080] extDB3: SQL: Error MariaDBQueryException: Input: CALL braceletTimeUpdate
