
extDB3: https://bitbucket.org/torndeco/extdb3/wiki/Home
extDB3: Version: 1.033
extDB3: Windows Version
Message: All development for extDB3 is done on a Linux Dedicated Server
Message: If you would like to Donate to extDB3 Development
Message: https://www.paypal.com/cgi-bin/webscr?cmd=_s-xclick&hosted_button_id=2SUEFTGABTAM2
Message: Also leave a message if there is any particular feature you would like to see added.
Message: Thanks for all the people that have donated.
Message: Torndeco: 18/05/15

Message: This version was modified and include some improvement
Message: The lib was recompiled using new version of TBBMalloc, Boost and MariaDB connector
Message: The worker threads limitation was removed
Message: Steez: 30/10/2020


extDB3: Found extdb3-conf.ini
extDB3: Detected 16 Cores, Setting up 6 Worker Threads
extDB3: Detected 16 Cores, Setting up 16 Worker Threads
extDB3: ...
extDB3: ...
extDB3: ...
extDB3: ...
extDB3: ...
extDB3: ...
extDB3: ...
extDB3: ...
extDB3: ...
extDB3: ...
extDB3: ...
extDB3: ...
extDB3: ...
extDB3: ...
extDB3: ...
extDB3: ...


[10:37:17:160275 +01:00] [Thread 12384] extDB3: SQL: Initialized: Add Quotes around TEXT Datatypes mode: 2
[10:37:17:160296 +01:00] [Thread 12384] extDB3: SQL: Initialized: NULL = ""
[10:37:17:160310 +01:00] [Thread 12384] extDB3: Locked
[10:37:17:166584 +01:00] [Thread 14932] extDB3: SQL: Error MariaDBQueryException: PROCEDURE armalife.deleteOldSms does not exist
[10:37:17:166597 +01:00] [Thread 14932] extDB3: SQL: Error MariaDBQueryException: Input: CALL deleteOldSms
[10:37:17:166615 +01:00] [Thread 14540] extDB3: SQL: Error MariaDBQueryException: PROCEDURE armalife.deleteDeadVehicles does not exist
[10:37:17:166628 +01:00] [Thread 14540] extDB3: SQL: Error MariaDBQueryException: Input: CALL deleteDeadVehicles
[10:37:17:166656 +01:00] [Thread 7368] extDB3: SQL: Error MariaDBQueryException: PROCEDURE armalife.deleteOldForfait does not exist
[10:37:17:166668 +01:00] [Thread 7368] extDB3: SQL: Error MariaDBQueryException: Input: CALL deleteOldForfait
[10:40:18:927799 +01:00] [Thread 6488] extDB3: SQL: Error MariaDBQueryException: You have an error in your SQL syntax; check the manual that corresponds to your MariaDB server version for the right syntax to use near 'est téléporté via MapTeleport en [5942.33,5479.49,0]')' at line 1
[10:40:18:927842 +01:00] [Thread 6488] extDB3: SQL: Error MariaDBQueryException: Input: INSERT INTO logs_alf (name, uid, type, text) VALUES ('Antonio Lopa', '76561198201065973', 'ADMIN', 'Antonio Lopa (76561198201065973) s'est téléporté via MapTeleport en [5942.33,5479.49,0]')
[10:46:55:697103 +01:00] [Thread 12224] extDB3: SQL: Error MariaDBQueryException: You have an error in your SQL syntax; check the manual that corresponds to your MariaDB server version for the right syntax to use near 'est téléporté via MapTeleport en [4156.33,5891.73,0]')' at line 1
[10:46:55:697190 +01:00] [Thread 12224] extDB3: SQL: Error MariaDBQueryException: Input: INSERT INTO logs_alf (name, uid, type, text) VALUES ('Antonio Lopa', '76561198201065973', 'ADMIN', 'Antonio Lopa (76561198201065973) s'est téléporté via MapTeleport en [4156.33,5891.73,0]')
