
extDB3: https://bitbucket.org/torndeco/extdb3/wiki/Home
extDB3: Version: 1.033
extDB3: Windows Version
Message: All development for extDB3 is done on a Linux Dedicated Server
Message: If you would like to Donate to extDB3 Development
Message: https://www.paypal.com/cgi-bin/webscr?cmd=_s-xclick&hosted_button_id=2SUEFTGABTAM2
Message: Also leave a message if there is any particular feature you would like to see added.
Message: Thanks for all the people that have donated.
Message: Torndeco: 18/05/15

Message: This version was modified and include some improvement
Message: The lib was recompiled using new version of TBBMalloc, Boost and MariaDB connector
Message: The worker threads limitation was removed
Message: Steez: 30/10/2020


extDB3: Found extdb3-conf.ini
extDB3: Detected 16 Cores, Setting up 6 Worker Threads
extDB3: Detected 16 Cores, Setting up 16 Worker Threads
extDB3: ...
extDB3: ...
extDB3: ...
extDB3: ...
extDB3: ...
extDB3: ...
extDB3: ...
extDB3: ...
extDB3: ...
extDB3: ...
extDB3: ...
extDB3: ...
extDB3: ...
extDB3: ...
extDB3: ...
extDB3: ...


[11:31:52:474925 +01:00] [Thread 13448] extDB3: SQL: Initialized: Add Quotes around TEXT Datatypes mode: 2
[11:31:52:474947 +01:00] [Thread 13448] extDB3: SQL: Initialized: NULL = ""
[11:31:52:474961 +01:00] [Thread 13448] extDB3: Locked
[11:31:52:481037 +01:00] [Thread 10048] extDB3: SQL: Error MariaDBQueryException: PROCEDURE armalife.deleteDeadVehicles does not exist
[11:31:52:481048 +01:00] [Thread 10048] extDB3: SQL: Error MariaDBQueryException: Input: CALL deleteDeadVehicles
[11:31:52:481089 +01:00] [Thread 10020] extDB3: SQL: Error MariaDBQueryException: PROCEDURE armalife.deleteOldForfait does not exist
[11:31:52:481101 +01:00] [Thread 10020] extDB3: SQL: Error MariaDBQueryException: Input: CALL deleteOldForfait
[11:31:52:481129 +01:00] [Thread 12576] extDB3: SQL: Error MariaDBQueryException: PROCEDURE armalife.deleteOldSms does not exist
[11:31:52:481141 +01:00] [Thread 12576] extDB3: SQL: Error MariaDBQueryException: Input: CALL deleteOldSms
[11:41:53:149706 +01:00] [Thread 1532] extDB3: SQL: Error MariaDBQueryException: You have an error in your SQL syntax; check the manual that corresponds to your MariaDB server version for the right syntax to use near 'est téléporté via MapTeleport en [9361.96,972.407,0]')' at line 1
[11:41:53:149751 +01:00] [Thread 1532] extDB3: SQL: Error MariaDBQueryException: Input: INSERT INTO logs_alf (name, uid, type, text) VALUES ('Antonio Lopa', '76561198201065973', 'ADMIN', 'Antonio Lopa (76561198201065973) s'est téléporté via MapTeleport en [9361.96,972.407,0]')
