
extDB3: https://bitbucket.org/torndeco/extdb3/wiki/Home
extDB3: Version: 1.033
extDB3: Windows Version
Message: All development for extDB3 is done on a Linux Dedicated Server
Message: If you would like to Donate to extDB3 Development
Message: https://www.paypal.com/cgi-bin/webscr?cmd=_s-xclick&hosted_button_id=2SUEFTGABTAM2
Message: Also leave a message if there is any particular feature you would like to see added.
Message: Thanks for all the people that have donated.
Message: Torndeco: 18/05/15

Message: This version was modified and include some improvement
Message: The lib was recompiled using new version of TBBMalloc, Boost and MariaDB connector
Message: The worker threads limitation was removed
Message: Steez: 30/10/2020


extDB3: Found extdb3-conf.ini
extDB3: Detected 16 Cores, Setting up 6 Worker Threads
extDB3: Detected 16 Cores, Setting up 16 Worker Threads
extDB3: ...
extDB3: ...
extDB3: ...
extDB3: ...
extDB3: ...
extDB3: ...
extDB3: ...
extDB3: ...
extDB3: ...
extDB3: ...
extDB3: ...
extDB3: ...
extDB3: ...
extDB3: ...
extDB3: ...
extDB3: ...


[21:53:18:759274 +01:00] [Thread 14460] extDB3: SQL: Initialized: Add Quotes around TEXT Datatypes mode: 2
[21:53:18:759296 +01:00] [Thread 14460] extDB3: SQL: Initialized: NULL = ""
[21:53:18:759310 +01:00] [Thread 14460] extDB3: Locked
[21:53:18:765471 +01:00] [Thread 10684] extDB3: SQL: Error MariaDBQueryException: PROCEDURE armalife.deleteOldSms does not exist
[21:53:18:765485 +01:00] [Thread 10684] extDB3: SQL: Error MariaDBQueryException: Input: CALL deleteOldSms
[21:53:18:765526 +01:00] [Thread 5996] extDB3: SQL: Error MariaDBQueryException: PROCEDURE armalife.deleteDeadVehicles does not exist
[21:53:18:765563 +01:00] [Thread 5996] extDB3: SQL: Error MariaDBQueryException: Input: CALL deleteDeadVehicles
[21:53:18:765570 +01:00] [Thread 5460] extDB3: SQL: Error MariaDBQueryException: PROCEDURE armalife.deleteOldForfait does not exist
[21:53:18:765584 +01:00] [Thread 5460] extDB3: SQL: Error MariaDBQueryException: Input: CALL deleteOldForfait
[21:56:15:989429 +01:00] [Thread 5460] extDB3: SQL: Error MariaDBQueryException: You have an error in your SQL syntax; check the manual that corresponds to your MariaDB server version for the right syntax to use near 'est téléporté via MapTeleport en [5936.5,5489,0]')' at line 1
[21:56:15:989512 +01:00] [Thread 5460] extDB3: SQL: Error MariaDBQueryException: Input: INSERT INTO logs_alf (name, uid, type, text) VALUES ('Antonio Lopa', '76561198201065973', 'ADMIN', 'Antonio Lopa (76561198201065973) s'est téléporté via MapTeleport en [5936.5,5489,0]')
[21:56:32:801359 +01:00] [Thread 5460] extDB3: SQL: Error MariaDBQueryException: You have an error in your SQL syntax; check the manual that corresponds to your MariaDB server version for the right syntax to use near 'est téléporté via MapTeleport en [6139.37,5513.43,0]')' at line 1
[21:56:32:801427 +01:00] [Thread 5460] extDB3: SQL: Error MariaDBQueryException: Input: INSERT INTO logs_alf (name, uid, type, text) VALUES ('Antonio Lopa', '76561198201065973', 'ADMIN', 'Antonio Lopa (76561198201065973) s'est téléporté via MapTeleport en [6139.37,5513.43,0]')
[21:58:09:345569 +01:00] [Thread 5460] extDB3: SQL: Error MariaDBQueryException: You have an error in your SQL syntax; check the manual that corresponds to your MariaDB server version for the right syntax to use near 'est téléporté via MapTeleport en [4156.64,5889.52,0]')' at line 1
[21:58:09:345632 +01:00] [Thread 5460] extDB3: SQL: Error MariaDBQueryException: Input: INSERT INTO logs_alf (name, uid, type, text) VALUES ('Antonio Lopa', '76561198201065973', 'ADMIN', 'Antonio Lopa (76561198201065973) s'est téléporté via MapTeleport en [4156.64,5889.52,0]')
[21:58:38:456034 +01:00] [Thread 5460] extDB3: SQL: Error MariaDBQueryException: You have an error in your SQL syntax; check the manual that corresponds to your MariaDB server version for the right syntax to use near 'est téléporté via MapTeleport en [5990.72,4952.65,0]')' at line 1
[21:58:38:456089 +01:00] [Thread 5460] extDB3: SQL: Error MariaDBQueryException: Input: INSERT INTO logs_alf (name, uid, type, text) VALUES ('Antonio Lopa', '76561198201065973', 'ADMIN', 'Antonio Lopa (76561198201065973) s'est téléporté via MapTeleport en [5990.72,4952.65,0]')
[21:59:18:698747 +01:00] [Thread 12828] extDB3: SQL: Error MariaDBQueryException: You have an error in your SQL syntax; check the manual that corresponds to your MariaDB server version for the right syntax to use near 'action 'Animations Rapides' via le menu admin.')' at line 1
[21:59:18:698839 +01:00] [Thread 12828] extDB3: SQL: Error MariaDBQueryException: Input: INSERT INTO logs_alf (name, uid, type, text) VALUES ('Antonio Lopa', '76561198201065973', 'ADMIN', 'A utilisé l'action 'Animations Rapides' via le menu admin.')
