
extDB3: https://bitbucket.org/torndeco/extdb3/wiki/Home
extDB3: Version: 1.033
extDB3: Windows Version
Message: All development for extDB3 is done on a Linux Dedicated Server
Message: If you would like to Donate to extDB3 Development
Message: https://www.paypal.com/cgi-bin/webscr?cmd=_s-xclick&hosted_button_id=2SUEFTGABTAM2
Message: Also leave a message if there is any particular feature you would like to see added.
Message: Thanks for all the people that have donated.
Message: Torndeco: 18/05/15

Message: This version was modified and include some improvement
Message: The lib was recompiled using new version of TBBMalloc, Boost and MariaDB connector
Message: The worker threads limitation was removed
Message: Steez: 30/10/2020


extDB3: Found extdb3-conf.ini
extDB3: Detected 16 Cores, Setting up 6 Worker Threads
extDB3: Detected 16 Cores, Setting up 16 Worker Threads
extDB3: ...
extDB3: ...
extDB3: ...
extDB3: ...
extDB3: ...
extDB3: ...
extDB3: ...
extDB3: ...
extDB3: ...
extDB3: ...
extDB3: ...
extDB3: ...
extDB3: ...
extDB3: ...
extDB3: ...
extDB3: ...


[14:01:36:258826 +01:00] [Thread 8732] extDB3: SQL: Initialized: Add Quotes around TEXT Datatypes mode: 2
[14:01:36:258848 +01:00] [Thread 8732] extDB3: SQL: Initialized: NULL = ""
[14:01:36:258859 +01:00] [Thread 8732] extDB3: Locked
[14:01:36:266271 +01:00] [Thread 7864] extDB3: SQL: Error MariaDBQueryException: PROCEDURE altislife.resetLifeVehicles does not exist
[14:01:36:266283 +01:00] [Thread 7864] extDB3: SQL: Error MariaDBQueryException: Input: CALL resetLifeVehicles
[14:01:36:266312 +01:00] [Thread 3216] extDB3: SQL: Error MariaDBQueryException: PROCEDURE altislife.deleteOldHouses does not exist
[14:01:36:266323 +01:00] [Thread 3216] extDB3: SQL: Error MariaDBQueryException: Input: CALL deleteOldHouses
[14:01:36:266355 +01:00] [Thread 8948] extDB3: SQL: Error MariaDBQueryException: PROCEDURE altislife.Point_Permis does not exist
[14:01:36:266362 +01:00] [Thread 1624] extDB3: SQL: Error MariaDBQueryException: PROCEDURE altislife.deleteDeadVehicles does not exist
[14:01:36:266365 +01:00] [Thread 8948] extDB3: SQL: Error MariaDBQueryException: Input: CALL Point_Permis
[14:01:36:266377 +01:00] [Thread 1624] extDB3: SQL: Error MariaDBQueryException: Input: CALL deleteDeadVehicles
[14:01:36:266394 +01:00] [Thread 2728] extDB3: SQL: Error MariaDBQueryException: PROCEDURE altislife.deleteOldGangs does not exist
[14:01:36:266405 +01:00] [Thread 2728] extDB3: SQL: Error MariaDBQueryException: Input: CALL deleteOldGangs
[15:01:39:362045 +01:00] [Thread 1624] extDB3: SQL: Error MariaDBQueryException: PROCEDURE altislife.braceletTimeUpdate does not exist
[15:01:39:362147 +01:00] [Thread 1624] extDB3: SQL: Error MariaDBQueryException: Input: CALL braceletTimeUpdate
[16:01:39:755591 +01:00] [Thread 9160] extDB3: SQL: Error MariaDBQueryException: PROCEDURE altislife.braceletTimeUpdate does not exist
[16:01:39:755720 +01:00] [Thread 9160] extDB3: SQL: Error MariaDBQueryException: Input: CALL braceletTimeUpdate
[17:01:40:492549 +01:00] [Thread 2728] extDB3: SQL: Error MariaDBQueryException: PROCEDURE altislife.braceletTimeUpdate does not exist
[17:01:40:492672 +01:00] [Thread 2728] extDB3: SQL: Error MariaDBQueryException: Input: CALL braceletTimeUpdate
[18:01:40:577980 +01:00] [Thread 5656] extDB3: SQL: Error MariaDBQueryException: PROCEDURE altislife.braceletTimeUpdate does not exist
[18:01:40:578090 +01:00] [Thread 5656] extDB3: SQL: Error MariaDBQueryException: Input: CALL braceletTimeUpdate
[19:01:40:633561 +01:00] [Thread 3216] extDB3: SQL: Error MariaDBQueryException: PROCEDURE altislife.braceletTimeUpdate does not exist
[19:01:40:633671 +01:00] [Thread 3216] extDB3: SQL: Error MariaDBQueryException: Input: CALL braceletTimeUpdate
[20:01:40:887352 +01:00] [Thread 8996] extDB3: SQL: Error MariaDBQueryException: PROCEDURE altislife.braceletTimeUpdate does not exist
[20:01:40:887497 +01:00] [Thread 8996] extDB3: SQL: Error MariaDBQueryException: Input: CALL braceletTimeUpdate
[21:01:40:965819 +01:00] [Thread 5656] extDB3: SQL: Error MariaDBQueryException: PROCEDURE altislife.braceletTimeUpdate does not exist
[21:01:40:965982 +01:00] [Thread 5656] extDB3: SQL: Error MariaDBQueryException: Input: CALL braceletTimeUpdate
[22:01:42:169357 +01:00] [Thread 1624] extDB3: SQL: Error MariaDBQueryException: PROCEDURE altislife.braceletTimeUpdate does not exist
[22:01:42:169495 +01:00] [Thread 1624] extDB3: SQL: Error MariaDBQueryException: Input: CALL braceletTimeUpdate
