
extDB3: https://bitbucket.org/torndeco/extdb3/wiki/Home
extDB3: Version: 1.033
extDB3: Windows Version
Message: All development for extDB3 is done on a Linux Dedicated Server
Message: If you would like to Donate to extDB3 Development
Message: https://www.paypal.com/cgi-bin/webscr?cmd=_s-xclick&hosted_button_id=2SUEFTGABTAM2
Message: Also leave a message if there is any particular feature you would like to see added.
Message: Thanks for all the people that have donated.
Message: Torndeco: 18/05/15

Message: This version was modified and include some improvement
Message: The lib was recompiled using new version of TBBMalloc, Boost and MariaDB connector
Message: The worker threads limitation was removed
Message: Steez: 30/10/2020


extDB3: Found extdb3-conf.ini
extDB3: Detected 16 Cores, Setting up 6 Worker Threads
extDB3: Detected 16 Cores, Setting up 16 Worker Threads
extDB3: ...
extDB3: ...
extDB3: ...
extDB3: ...
extDB3: ...
extDB3: ...
extDB3: ...
extDB3: ...
extDB3: ...
extDB3: ...
extDB3: ...
extDB3: ...
extDB3: ...
extDB3: ...
extDB3: ...
extDB3: ...


[22:27:11:573171 +01:00] [Thread 8084] extDB3: SQL: Initialized: Add Quotes around TEXT Datatypes mode: 2
[22:27:11:573192 +01:00] [Thread 8084] extDB3: SQL: Initialized: NULL = ""
[22:27:11:573202 +01:00] [Thread 8084] extDB3: Locked
[22:27:11:580251 +01:00] [Thread 8480] extDB3: SQL: Error MariaDBQueryException: PROCEDURE altislife.resetLifeVehicles does not exist
[22:27:11:580266 +01:00] [Thread 8480] extDB3: SQL: Error MariaDBQueryException: Input: CALL resetLifeVehicles
[22:27:11:580307 +01:00] [Thread 8408] extDB3: SQL: Error MariaDBQueryException: PROCEDURE altislife.deleteOldHouses does not exist
[22:27:11:580317 +01:00] [Thread 8848] extDB3: SQL: Error MariaDBQueryException: PROCEDURE altislife.deleteOldGangs does not exist
[22:27:11:580333 +01:00] [Thread 8848] extDB3: SQL: Error MariaDBQueryException: Input: CALL deleteOldGangs
[22:27:11:580321 +01:00] [Thread 8408] extDB3: SQL: Error MariaDBQueryException: Input: CALL deleteOldHouses
[22:27:11:580310 +01:00] [Thread 8772] extDB3: SQL: Error MariaDBQueryException: PROCEDURE altislife.deleteDeadVehicles does not exist
[22:27:11:580455 +01:00] [Thread 8772] extDB3: SQL: Error MariaDBQueryException: Input: CALL deleteDeadVehicles
[22:27:11:580400 +01:00] [Thread 5580] extDB3: SQL: Error MariaDBQueryException: PROCEDURE altislife.Point_Permis does not exist
[22:27:11:580489 +01:00] [Thread 5580] extDB3: SQL: Error MariaDBQueryException: Input: CALL Point_Permis
[23:27:12:274969 +01:00] [Thread 440] extDB3: SQL: Error MariaDBQueryException: PROCEDURE altislife.braceletTimeUpdate does not exist
[23:27:12:275087 +01:00] [Thread 440] extDB3: SQL: Error MariaDBQueryException: Input: CALL braceletTimeUpdate
[00:27:12:334127 +01:00] [Thread 5580] extDB3: SQL: Error MariaDBQueryException: PROCEDURE altislife.braceletTimeUpdate does not exist
[00:27:12:334199 +01:00] [Thread 5580] extDB3: SQL: Error MariaDBQueryException: Input: CALL braceletTimeUpdate
[01:27:12:402740 +01:00] [Thread 5580] extDB3: SQL: Error MariaDBQueryException: PROCEDURE altislife.braceletTimeUpdate does not exist
[01:27:12:402807 +01:00] [Thread 5580] extDB3: SQL: Error MariaDBQueryException: Input: CALL braceletTimeUpdate
[02:27:12:471585 +01:00] [Thread 5000] extDB3: SQL: Error MariaDBQueryException: PROCEDURE altislife.braceletTimeUpdate does not exist
[02:27:12:471681 +01:00] [Thread 5000] extDB3: SQL: Error MariaDBQueryException: Input: CALL braceletTimeUpdate
[03:27:12:544884 +01:00] [Thread 6356] extDB3: SQL: Error MariaDBQueryException: PROCEDURE altislife.braceletTimeUpdate does not exist
[03:27:12:544970 +01:00] [Thread 6356] extDB3: SQL: Error MariaDBQueryException: Input: CALL braceletTimeUpdate
[04:27:12:618703 +01:00] [Thread 5684] extDB3: SQL: Error MariaDBQueryException: PROCEDURE altislife.braceletTimeUpdate does not exist
[04:27:12:618797 +01:00] [Thread 5684] extDB3: SQL: Error MariaDBQueryException: Input: CALL braceletTimeUpdate
[05:27:12:687288 +01:00] [Thread 8848] extDB3: SQL: Error MariaDBQueryException: PROCEDURE altislife.braceletTimeUpdate does not exist
[05:27:12:687393 +01:00] [Thread 8848] extDB3: SQL: Error MariaDBQueryException: Input: CALL braceletTimeUpdate
[06:27:12:766306 +01:00] [Thread 8848] extDB3: SQL: Error MariaDBQueryException: PROCEDURE altislife.braceletTimeUpdate does not exist
[06:27:12:766403 +01:00] [Thread 8848] extDB3: SQL: Error MariaDBQueryException: Input: CALL braceletTimeUpdate
[07:27:12:845859 +01:00] [Thread 5684] extDB3: SQL: Error MariaDBQueryException: PROCEDURE altislife.braceletTimeUpdate does not exist
[07:27:12:845950 +01:00] [Thread 5684] extDB3: SQL: Error MariaDBQueryException: Input: CALL braceletTimeUpdate
[08:27:13:265406 +01:00] [Thread 5000] extDB3: SQL: Error MariaDBQueryException: PROCEDURE altislife.braceletTimeUpdate does not exist
[08:27:13:265498 +01:00] [Thread 5000] extDB3: SQL: Error MariaDBQueryException: Input: CALL braceletTimeUpdate
[09:27:16:579416 +01:00] [Thread 7052] extDB3: SQL: Error MariaDBQueryException: PROCEDURE altislife.braceletTimeUpdate does not exist
[09:27:16:579498 +01:00] [Thread 7052] extDB3: SQL: Error MariaDBQueryException: Input: CALL braceletTimeUpdate
[10:27:16:659616 +01:00] [Thread 6356] extDB3: SQL: Error MariaDBQueryException: PROCEDURE altislife.braceletTimeUpdate does not exist
[10:27:16:659714 +01:00] [Thread 6356] extDB3: SQL: Error MariaDBQueryException: Input: CALL braceletTimeUpdate
[11:27:16:727293 +01:00] [Thread 7052] extDB3: SQL: Error MariaDBQueryException: PROCEDURE altislife.braceletTimeUpdate does not exist
[11:27:16:727394 +01:00] [Thread 7052] extDB3: SQL: Error MariaDBQueryException: Input: CALL braceletTimeUpdate
[12:27:16:798717 +01:00] [Thread 8772] extDB3: SQL: Error MariaDBQueryException: PROCEDURE altislife.braceletTimeUpdate does not exist
[12:27:16:798788 +01:00] [Thread 8772] extDB3: SQL: Error MariaDBQueryException: Input: CALL braceletTimeUpdate
[13:27:16:871603 +01:00] [Thread 5684] extDB3: SQL: Error MariaDBQueryException: PROCEDURE altislife.braceletTimeUpdate does not exist
[13:27:16:871686 +01:00] [Thread 5684] extDB3: SQL: Error MariaDBQueryException: Input: CALL braceletTimeUpdate
