
extDB3: https://bitbucket.org/torndeco/extdb3/wiki/Home
extDB3: Version: 1.033
extDB3: Windows Version
Message: All development for extDB3 is done on a Linux Dedicated Server
Message: If you would like to Donate to extDB3 Development
Message: https://www.paypal.com/cgi-bin/webscr?cmd=_s-xclick&hosted_button_id=2SUEFTGABTAM2
Message: Also leave a message if there is any particular feature you would like to see added.
Message: Thanks for all the people that have donated.
Message: Torndeco: 18/05/15

Message: This version was modified and include some improvement
Message: The lib was recompiled using new version of TBBMalloc, Boost and MariaDB connector
Message: The worker threads limitation was removed
Message: Steez: 30/10/2020


extDB3: Found extdb3-conf.ini
extDB3: Detected 16 Cores, Setting up 6 Worker Threads
extDB3: Detected 16 Cores, Setting up 16 Worker Threads
extDB3: ...
extDB3: ...
extDB3: ...
extDB3: ...
extDB3: ...
extDB3: ...
extDB3: ...
extDB3: ...
extDB3: ...
extDB3: ...
extDB3: ...
extDB3: ...
extDB3: ...
extDB3: ...
extDB3: ...
extDB3: ...


[12:25:24:502565 +01:00] [Thread 9644] extDB3: SQL: Initialized: Add Quotes around TEXT Datatypes mode: 2
[12:25:24:502590 +01:00] [Thread 9644] extDB3: SQL: Initialized: NULL = ""
[12:25:24:502601 +01:00] [Thread 9644] extDB3: Locked
[12:27:00:407573 +01:00] [Thread 8856] extDB3: SQL: Error MariaDBQueryException: You have an error in your SQL syntax; check the manual that corresponds to your MariaDB server version for the right syntax to use near '= ''' at line 1
[12:27:00:407610 +01:00] [Thread 8856] extDB3: SQL: Error MariaDBQueryException: Input: UPDATE players SET alerte = 1 WHERE name like = ''
[12:27:05:465671 +01:00] [Thread 8856] extDB3: SQL: Error MariaDBQueryException: You have an error in your SQL syntax; check the manual that corresponds to your MariaDB server version for the right syntax to use near '= ''' at line 1
[12:27:05:465706 +01:00] [Thread 8856] extDB3: SQL: Error MariaDBQueryException: Input: UPDATE players SET fpr = '["","","",""]' WHERE name like = ''
[12:27:25:143114 +01:00] [Thread 8856] extDB3: SQL: Error MariaDBQueryException: You have an error in your SQL syntax; check the manual that corresponds to your MariaDB server version for the right syntax to use near '= ''' at line 1
[12:27:25:143150 +01:00] [Thread 8856] extDB3: SQL: Error MariaDBQueryException: Input: UPDATE players SET alerte = 1 WHERE name like = ''
[12:28:07:093542 +01:00] [Thread 8856] extDB3: SQL: Error MariaDBQueryException: You have an error in your SQL syntax; check the manual that corresponds to your MariaDB server version for the right syntax to use near '= ''' at line 1
[12:28:07:093580 +01:00] [Thread 8856] extDB3: SQL: Error MariaDBQueryException: Input: UPDATE players SET fpr = '["","","",""]' WHERE name like = ''
