
extDB3: https://bitbucket.org/torndeco/extdb3/wiki/Home
extDB3: Version: 1.033
extDB3: Windows Version
Message: All development for extDB3 is done on a Linux Dedicated Server
Message: If you would like to Donate to extDB3 Development
Message: https://www.paypal.com/cgi-bin/webscr?cmd=_s-xclick&hosted_button_id=2SUEFTGABTAM2
Message: Also leave a message if there is any particular feature you would like to see added.
Message: Thanks for all the people that have donated.
Message: Torndeco: 18/05/15

Message: This version was modified and include some improvement
Message: The lib was recompiled using new version of TBBMalloc, Boost and MariaDB connector
Message: The worker threads limitation was removed
Message: Steez: 30/10/2020


extDB3: Found extdb3-conf.ini
extDB3: Detected 16 Cores, Setting up 6 Worker Threads
extDB3: Detected 16 Cores, Setting up 16 Worker Threads
extDB3: ...
extDB3: ...
extDB3: ...
extDB3: ...
extDB3: ...
extDB3: ...
extDB3: ...
extDB3: ...
extDB3: ...
extDB3: ...
extDB3: ...
extDB3: ...
extDB3: ...
extDB3: ...
extDB3: ...
extDB3: ...


[12:53:21:403127 +01:00] [Thread 1444] extDB3: SQL: Initialized: Add Quotes around TEXT Datatypes mode: 2
[12:53:21:403163 +01:00] [Thread 1444] extDB3: SQL: Initialized: NULL = ""
[12:53:21:403173 +01:00] [Thread 1444] extDB3: Locked
[12:58:20:073479 +01:00] [Thread 9692] extDB3: SQL: Error MariaDBQueryException: You have an error in your SQL syntax; check the manual that corresponds to your MariaDB server version for the right syntax to use near '= 'Marc Damme'' at line 1
[12:58:20:073520 +01:00] [Thread 9692] extDB3: SQL: Error MariaDBQueryException: Input: UPDATE players SET fpr = '["06","123","147",""]' WHERE name like = 'Marc Damme'
[12:59:51:564781 +01:00] [Thread 3604] extDB3: SQL: Error MariaDBQueryException: You have an error in your SQL syntax; check the manual that corresponds to your MariaDB server version for the right syntax to use near '= 'Yohann Dubois'' at line 1
[12:59:51:564816 +01:00] [Thread 3604] extDB3: SQL: Error MariaDBQueryException: Input: UPDATE players SET fpr = '["06","123","789","<null>"]' WHERE name like = 'Yohann Dubois'
[13:00:11:717884 +01:00] [Thread 3604] extDB3: SQL: Error MariaDBQueryException: You have an error in your SQL syntax; check the manual that corresponds to your MariaDB server version for the right syntax to use near '= 'Marc Damme'' at line 1
[13:00:11:717931 +01:00] [Thread 3604] extDB3: SQL: Error MariaDBQueryException: Input: UPDATE players SET fpr = '["06","06","06","<null>"]' WHERE name like = 'Marc Damme'
