
extDB3: https://bitbucket.org/torndeco/extdb3/wiki/Home
extDB3: Version: 1.033
extDB3: Windows Version
Message: All development for extDB3 is done on a Linux Dedicated Server
Message: If you would like to Donate to extDB3 Development
Message: https://www.paypal.com/cgi-bin/webscr?cmd=_s-xclick&hosted_button_id=2SUEFTGABTAM2
Message: Also leave a message if there is any particular feature you would like to see added.
Message: Thanks for all the people that have donated.
Message: Torndeco: 18/05/15

Message: This version was modified and include some improvement
Message: The lib was recompiled using new version of TBBMalloc, Boost and MariaDB connector
Message: The worker threads limitation was removed
Message: Steez: 30/10/2020


extDB3: Found extdb3-conf.ini
extDB3: Detected 16 Cores, Setting up 6 Worker Threads
extDB3: Detected 16 Cores, Setting up 16 Worker Threads
extDB3: ...
extDB3: ...
extDB3: ...
extDB3: ...
extDB3: ...
extDB3: ...
extDB3: ...
extDB3: ...
extDB3: ...
extDB3: ...
extDB3: ...
extDB3: ...
extDB3: ...
extDB3: ...
extDB3: ...
extDB3: ...


[13:08:41:883257 +01:00] [Thread 384] extDB3: SQL: Initialized: Add Quotes around TEXT Datatypes mode: 2
[13:08:41:883283 +01:00] [Thread 384] extDB3: SQL: Initialized: NULL = ""
[13:08:41:883294 +01:00] [Thread 384] extDB3: Locked
[13:09:56:727763 +01:00] [Thread 6804] extDB3: SQL: Error MariaDBQueryException: You have an error in your SQL syntax; check the manual that corresponds to your MariaDB server version for the right syntax to use near '= 'Yohann Dubois'' at line 1
[13:09:56:727805 +01:00] [Thread 6804] extDB3: SQL: Error MariaDBQueryException: Input: UPDATE players SET fpr = '["0650791251","123456","","test"]' WHERE name like = 'Yohann Dubois'
[13:09:58:944748 +01:00] [Thread 6804] extDB3: SQL: Error MariaDBQueryException: You have an error in your SQL syntax; check the manual that corresponds to your MariaDB server version for the right syntax to use near '= 'Yohann Dubois'' at line 1
[13:09:58:944779 +01:00] [Thread 6804] extDB3: SQL: Error MariaDBQueryException: Input: UPDATE players SET alerte = 0 WHERE name like = 'Yohann Dubois'
[13:10:55:344543 +01:00] [Thread 6804] extDB3: SQL: Error MariaDBQueryException: You have an error in your SQL syntax; check the manual that corresponds to your MariaDB server version for the right syntax to use near '= 'Marc Damme'' at line 1
[13:10:55:344577 +01:00] [Thread 6804] extDB3: SQL: Error MariaDBQueryException: Input: UPDATE players SET alerte = 1 WHERE name like = 'Marc Damme'
[13:11:06:247345 +01:00] [Thread 6804] extDB3: SQL: Error MariaDBQueryException: You have an error in your SQL syntax; check the manual that corresponds to your MariaDB server version for the right syntax to use near '= 'Marc Damme'' at line 1
[13:11:06:247381 +01:00] [Thread 6804] extDB3: SQL: Error MariaDBQueryException: Input: UPDATE players SET fpr = '["065079","","","ghrggfr"]' WHERE name like = 'Marc Damme'
