
extDB3: https://bitbucket.org/torndeco/extdb3/wiki/Home
extDB3: Version: 1.033
extDB3: Windows Version
Message: All development for extDB3 is done on a Linux Dedicated Server
Message: If you would like to Donate to extDB3 Development
Message: https://www.paypal.com/cgi-bin/webscr?cmd=_s-xclick&hosted_button_id=2SUEFTGABTAM2
Message: Also leave a message if there is any particular feature you would like to see added.
Message: Thanks for all the people that have donated.
Message: Torndeco: 18/05/15

Message: This version was modified and include some improvement
Message: The lib was recompiled using new version of TBBMalloc, Boost and MariaDB connector
Message: The worker threads limitation was removed
Message: Steez: 30/10/2020


extDB3: Found extdb3-conf.ini
extDB3: Detected 16 Cores, Setting up 6 Worker Threads
extDB3: Detected 16 Cores, Setting up 16 Worker Threads
extDB3: ...
extDB3: ...
extDB3: ...
extDB3: ...
extDB3: ...
extDB3: ...
extDB3: ...
extDB3: ...
extDB3: ...
extDB3: ...
extDB3: ...
extDB3: ...
extDB3: ...
extDB3: ...
extDB3: ...
extDB3: ...


[11:38:38:543157 +01:00] [Thread 16168] extDB3: SQL: Initialized: Add Quotes around TEXT Datatypes mode: 2
[11:38:38:543180 +01:00] [Thread 16168] extDB3: SQL: Initialized: NULL = ""
[11:38:38:543197 +01:00] [Thread 16168] extDB3: Locked
[11:38:38:548859 +01:00] [Thread 9208] extDB3: SQL: Error MariaDBQueryException: 
[11:38:38:548875 +01:00] [Thread 9208] extDB3: SQL: Error MariaDBQueryException: Input: CALL deleteDeadVehicles
[11:38:38:548913 +01:00] [Thread 15688] extDB3: SQL: Error MariaDBQueryException: PROCEDURE armalife.deleteOldForfait does not exist
[11:38:38:548927 +01:00] [Thread 15688] extDB3: SQL: Error MariaDBQueryException: Input: CALL deleteOldForfait
[11:38:38:549011 +01:00] [Thread 14248] extDB3: SQL: Error MariaDBQueryException: PROCEDURE armalife.deleteOldSms does not exist
[11:38:38:549021 +01:00] [Thread 14248] extDB3: SQL: Error MariaDBQueryException: Input: CALL deleteOldSms
[11:38:38:742182 +01:00] [Thread 17076] extDB3: SQL: Error MariaDBQueryException: Unknown column 'alarm_gendarmerie' in 'field list'
[11:38:38:742201 +01:00] [Thread 17076] extDB3: SQL: Error MariaDBQueryException: Input: SELECT id, pid, pos, sonnette, classname, alarm_gendarmerie FROM houses LIMIT 0,10
[11:42:58:621280 +01:00] [Thread 17076] extDB3: SQL: Error MariaDBQueryException: You have an error in your SQL syntax; check the manual that corresponds to your MariaDB server version for the right syntax to use near 'est téléporté via MapTeleport en [1758.41,10114.2,0]')' at line 1
[11:42:58:621379 +01:00] [Thread 17076] extDB3: SQL: Error MariaDBQueryException: Input: INSERT INTO logs_alf (name, uid, type, text) VALUES ('Antonio Lopa', '76561198201065973', 'ADMIN', 'Antonio Lopa (76561198201065973) s'est téléporté via MapTeleport en [1758.41,10114.2,0]')
