
extDB3: https://bitbucket.org/torndeco/extdb3/wiki/Home
extDB3: Version: 1.033
extDB3: Windows Version
Message: All development for extDB3 is done on a Linux Dedicated Server
Message: If you would like to Donate to extDB3 Development
Message: https://www.paypal.com/cgi-bin/webscr?cmd=_s-xclick&hosted_button_id=2SUEFTGABTAM2
Message: Also leave a message if there is any particular feature you would like to see added.
Message: Thanks for all the people that have donated.
Message: Torndeco: 18/05/15

Message: This version was modified and include some improvement
Message: The lib was recompiled using new version of TBBMalloc, Boost and MariaDB connector
Message: The worker threads limitation was removed
Message: Steez: 30/10/2020


extDB3: Found extdb3-conf.ini
extDB3: Detected 16 Cores, Setting up 6 Worker Threads
extDB3: Detected 16 Cores, Setting up 16 Worker Threads
extDB3: ...
extDB3: ...
extDB3: ...
extDB3: ...
extDB3: ...
extDB3: ...
extDB3: ...
extDB3: ...
extDB3: ...
extDB3: ...
extDB3: ...
extDB3: ...
extDB3: ...
extDB3: ...
extDB3: ...
extDB3: ...


[17:30:25:581908 +02:00] [Thread 12496] extDB3: SQL: Initialized: Add Quotes around TEXT Datatypes mode: 2
[17:30:25:581945 +02:00] [Thread 12496] extDB3: SQL: Initialized: NULL = ""
[17:30:25:581975 +02:00] [Thread 12496] extDB3: Locked
[17:30:25:588746 +02:00] [Thread 19712] extDB3: SQL: Error MariaDBQueryException: PROCEDURE armalife.deleteDeadVehicles does not exist
[17:30:25:588746 +02:00] [Thread 8980] extDB3: SQL: Error MariaDBQueryException: PROCEDURE armalife.deleteOldSms does not exist
[17:30:25:588748 +02:00] [Thread 14576] extDB3: SQL: Error MariaDBQueryException: PROCEDURE armalife.deleteOldForfait does not exist
[17:30:25:588780 +02:00] [Thread 19712] extDB3: SQL: Error MariaDBQueryException: Input: CALL deleteDeadVehicles
[17:30:25:588796 +02:00] [Thread 8980] extDB3: SQL: Error MariaDBQueryException: Input: CALL deleteOldSms
[17:30:25:588808 +02:00] [Thread 14576] extDB3: SQL: Error MariaDBQueryException: Input: CALL deleteOldForfait
[17:34:39:698205 +02:00] [Thread 15064] extDB3: SQL: Error MariaDBQueryException: You have an error in your SQL syntax; check the manual that corresponds to your MariaDB server version for the right syntax to use near 'action 'Animations Rapides' via le menu admin.')' at line 1
[17:34:39:698265 +02:00] [Thread 15064] extDB3: SQL: Error MariaDBQueryException: Input: INSERT INTO logs_alf (name, uid, type, text) VALUES ('Antonio Lopa', '76561198201065973', 'ADMIN', 'A utilisé l'action 'Animations Rapides' via le menu admin.')
[17:40:04:274713 +02:00] [Thread 19588] extDB3: SQL: Error MariaDBQueryException: You have an error in your SQL syntax; check the manual that corresponds to your MariaDB server version for the right syntax to use near 'est téléporté via MapTeleport en [4395.08,7570.46,0]')' at line 1
[17:40:04:274785 +02:00] [Thread 19588] extDB3: SQL: Error MariaDBQueryException: Input: INSERT INTO logs_alf (name, uid, type, text) VALUES ('Antonio Lopa', '76561198201065973', 'ADMIN', 'Antonio Lopa (76561198201065973) s'est téléporté via MapTeleport en [4395.08,7570.46,0]')
