
extDB3: https://bitbucket.org/torndeco/extdb3/wiki/Home
extDB3: Version: 1.033
extDB3: Windows Version
Message: All development for extDB3 is done on a Linux Dedicated Server
Message: If you would like to Donate to extDB3 Development
Message: https://www.paypal.com/cgi-bin/webscr?cmd=_s-xclick&hosted_button_id=2SUEFTGABTAM2
Message: Also leave a message if there is any particular feature you would like to see added.
Message: Thanks for all the people that have donated.
Message: Torndeco: 18/05/15

Message: This version was modified and include some improvement
Message: The lib was recompiled using new version of TBBMalloc, Boost and MariaDB connector
Message: The worker threads limitation was removed
Message: Steez: 30/10/2020


extDB3: Found extdb3-conf.ini
extDB3: Detected 16 Cores, Setting up 6 Worker Threads
extDB3: Detected 16 Cores, Setting up 16 Worker Threads
extDB3: ...
extDB3: ...
extDB3: ...
extDB3: ...
extDB3: ...
extDB3: ...
extDB3: ...
extDB3: ...
extDB3: ...
extDB3: ...
extDB3: ...
extDB3: ...
extDB3: ...
extDB3: ...
extDB3: ...
extDB3: ...


[18:07:22:724518 +02:00] [Thread 15444] extDB3: SQL: Initialized: Add Quotes around TEXT Datatypes mode: 2
[18:07:22:724553 +02:00] [Thread 15444] extDB3: SQL: Initialized: NULL = ""
[18:07:22:724590 +02:00] [Thread 15444] extDB3: Locked
[18:07:22:731417 +02:00] [Thread 15596] extDB3: SQL: Error MariaDBQueryException: PROCEDURE armalife.deleteOldSms does not exist
[18:07:22:731434 +02:00] [Thread 19772] extDB3: SQL: Error MariaDBQueryException: PROCEDURE armalife.deleteOldForfait does not exist
[18:07:22:731422 +02:00] [Thread 19272] extDB3: SQL: Error MariaDBQueryException: PROCEDURE armalife.deleteDeadVehicles does not exist
[18:07:22:731452 +02:00] [Thread 15596] extDB3: SQL: Error MariaDBQueryException: Input: CALL deleteOldSms
[18:07:22:731474 +02:00] [Thread 19772] extDB3: SQL: Error MariaDBQueryException: Input: CALL deleteOldForfait
[18:07:22:731490 +02:00] [Thread 19272] extDB3: SQL: Error MariaDBQueryException: Input: CALL deleteDeadVehicles
[18:11:31:840408 +02:00] [Thread 19824] extDB3: SQL: Error MariaDBQueryException: You have an error in your SQL syntax; check the manual that corresponds to your MariaDB server version for the right syntax to use near 'est téléporté via MapTeleport en [4393.73,7562.89,0]')' at line 1
[18:11:31:840486 +02:00] [Thread 19824] extDB3: SQL: Error MariaDBQueryException: Input: INSERT INTO logs_alf (name, uid, type, text) VALUES ('Antonio Lopa', '76561198201065973', 'ADMIN', 'Antonio Lopa (76561198201065973) s'est téléporté via MapTeleport en [4393.73,7562.89,0]')
[18:11:39:299569 +02:00] [Thread 19824] extDB3: SQL: Error MariaDBQueryException: You have an error in your SQL syntax; check the manual that corresponds to your MariaDB server version for the right syntax to use near 'est téléporté via MapTeleport en [4393.55,7565.76,0]')' at line 1
[18:11:39:299794 +02:00] [Thread 19824] extDB3: SQL: Error MariaDBQueryException: Input: INSERT INTO logs_alf (name, uid, type, text) VALUES ('Antonio Lopa', '76561198201065973', 'ADMIN', 'Antonio Lopa (76561198201065973) s'est téléporté via MapTeleport en [4393.55,7565.76,0]')
[18:11:44:329424 +02:00] [Thread 19824] extDB3: SQL: Error MariaDBQueryException: You have an error in your SQL syntax; check the manual that corresponds to your MariaDB server version for the right syntax to use near 'est téléporté via MapTeleport en [4396.21,7571.13,0]')' at line 1
[18:11:44:329509 +02:00] [Thread 19824] extDB3: SQL: Error MariaDBQueryException: Input: INSERT INTO logs_alf (name, uid, type, text) VALUES ('Antonio Lopa', '76561198201065973', 'ADMIN', 'Antonio Lopa (76561198201065973) s'est téléporté via MapTeleport en [4396.21,7571.13,0]')
[18:39:14:741654 +02:00] [Thread 15596] extDB3: SQL: Error MariaDBQueryException: You have an error in your SQL syntax; check the manual that corresponds to your MariaDB server version for the right syntax to use near 'est téléporté via MapTeleport en [4996.24,6710.31,0]')' at line 1
[18:39:14:741826 +02:00] [Thread 15596] extDB3: SQL: Error MariaDBQueryException: Input: INSERT INTO logs_alf (name, uid, type, text) VALUES ('Antonio Lopa', '76561198201065973', 'ADMIN', 'Antonio Lopa (76561198201065973) s'est téléporté via MapTeleport en [4996.24,6710.31,0]')
