
extDB3: https://bitbucket.org/torndeco/extdb3/wiki/Home
extDB3: Version: 1.033
extDB3: Windows Version
Message: All development for extDB3 is done on a Linux Dedicated Server
Message: If you would like to Donate to extDB3 Development
Message: https://www.paypal.com/cgi-bin/webscr?cmd=_s-xclick&hosted_button_id=2SUEFTGABTAM2
Message: Also leave a message if there is any particular feature you would like to see added.
Message: Thanks for all the people that have donated.
Message: Torndeco: 18/05/15

Message: This version was modified and include some improvement
Message: The lib was recompiled using new version of TBBMalloc, Boost and MariaDB connector
Message: The worker threads limitation was removed
Message: Steez: 30/10/2020


extDB3: Found extdb3-conf.ini
extDB3: Detected 16 Cores, Setting up 6 Worker Threads
extDB3: Detected 16 Cores, Setting up 16 Worker Threads
extDB3: ...
extDB3: ...
extDB3: ...
extDB3: ...
extDB3: ...
extDB3: ...
extDB3: ...
extDB3: ...
extDB3: ...
extDB3: ...
extDB3: ...
extDB3: ...
extDB3: ...
extDB3: ...
extDB3: ...
extDB3: ...


[16:30:33:299155 +01:00] [Thread 12976] extDB3: SQL: Initialized: Add Quotes around TEXT Datatypes mode: 2
[16:30:33:299183 +01:00] [Thread 12976] extDB3: SQL: Initialized: NULL = ""
[16:30:33:299231 +01:00] [Thread 12976] extDB3: Locked
[16:30:33:305282 +01:00] [Thread 8544] extDB3: SQL: Error MariaDBQueryException: PROCEDURE armalife.deleteDeadVehicles does not exist
[16:30:33:305298 +01:00] [Thread 8544] extDB3: SQL: Error MariaDBQueryException: Input: CALL deleteDeadVehicles
[16:30:33:305366 +01:00] [Thread 12804] extDB3: SQL: Error MariaDBQueryException: PROCEDURE armalife.deleteOldForfait does not exist
[16:30:33:305379 +01:00] [Thread 12804] extDB3: SQL: Error MariaDBQueryException: Input: CALL deleteOldForfait
[16:30:33:305400 +01:00] [Thread 12948] extDB3: SQL: Error MariaDBQueryException: PROCEDURE armalife.deleteOldSms does not exist
[16:30:33:305412 +01:00] [Thread 12948] extDB3: SQL: Error MariaDBQueryException: Input: CALL deleteOldSms
[16:33:48:039609 +01:00] [Thread 12948] extDB3: SQL: Error MariaDBQueryException: You have an error in your SQL syntax; check the manual that corresponds to your MariaDB server version for the right syntax to use near 'est téléporté via MapTeleport en [4649.69,7081.44,0]')' at line 1
[16:33:48:045086 +01:00] [Thread 12948] extDB3: SQL: Error MariaDBQueryException: Input: INSERT INTO logs_alf (name, uid, type, text) VALUES ('Antonio Lopa', '76561198201065973', 'ADMIN', 'Antonio Lopa (76561198201065973) s'est téléporté via MapTeleport en [4649.69,7081.44,0]')
[16:34:16:183095 +01:00] [Thread 12948] extDB3: SQL: Error MariaDBQueryException: You have an error in your SQL syntax; check the manual that corresponds to your MariaDB server version for the right syntax to use near 'est téléporté via MapTeleport en [4532.2,4632.02,0]')' at line 1
[16:34:16:183155 +01:00] [Thread 12948] extDB3: SQL: Error MariaDBQueryException: Input: INSERT INTO logs_alf (name, uid, type, text) VALUES ('Antonio Lopa', '76561198201065973', 'ADMIN', 'Antonio Lopa (76561198201065973) s'est téléporté via MapTeleport en [4532.2,4632.02,0]')
