
extDB3: https://bitbucket.org/torndeco/extdb3/wiki/Home
extDB3: Version: 1.033
extDB3: Windows Version
Message: All development for extDB3 is done on a Linux Dedicated Server
Message: If you would like to Donate to extDB3 Development
Message: https://www.paypal.com/cgi-bin/webscr?cmd=_s-xclick&hosted_button_id=2SUEFTGABTAM2
Message: Also leave a message if there is any particular feature you would like to see added.
Message: Thanks for all the people that have donated.
Message: Torndeco: 18/05/15

Message: This version was modified and include some improvement
Message: The lib was recompiled using new version of TBBMalloc, Boost and MariaDB connector
Message: The worker threads limitation was removed
Message: Steez: 30/10/2020


extDB3: Found extdb3-conf.ini
extDB3: Detected 16 Cores, Setting up 6 Worker Threads
extDB3: Detected 16 Cores, Setting up 16 Worker Threads
extDB3: ...
extDB3: ...
extDB3: ...
extDB3: ...
extDB3: ...
extDB3: ...
extDB3: ...
extDB3: ...
extDB3: ...
extDB3: ...
extDB3: ...
extDB3: ...
extDB3: ...
extDB3: ...
extDB3: ...
extDB3: ...


[16:36:39:669453 +01:00] [Thread 8092] extDB3: SQL: Initialized: Add Quotes around TEXT Datatypes mode: 2
[16:36:39:669478 +01:00] [Thread 8092] extDB3: SQL: Initialized: NULL = ""
[16:36:39:669499 +01:00] [Thread 8092] extDB3: Locked
[16:36:39:675595 +01:00] [Thread 11624] extDB3: SQL: Error MariaDBQueryException: PROCEDURE armalife.deleteDeadVehicles does not exist
[16:36:39:675611 +01:00] [Thread 11624] extDB3: SQL: Error MariaDBQueryException: Input: CALL deleteDeadVehicles
[16:36:39:677413 +01:00] [Thread 11364] extDB3: SQL: Error MariaDBQueryException: PROCEDURE armalife.deleteOldForfait does not exist
[16:36:39:677445 +01:00] [Thread 11364] extDB3: SQL: Error MariaDBQueryException: Input: CALL deleteOldForfait
[16:36:39:677443 +01:00] [Thread 11596] extDB3: SQL: Error MariaDBQueryException: PROCEDURE armalife.deleteOldSms does not exist
[16:36:39:677459 +01:00] [Thread 11596] extDB3: SQL: Error MariaDBQueryException: Input: CALL deleteOldSms
[16:40:13:523822 +01:00] [Thread 11596] extDB3: SQL: Error MariaDBQueryException: You have an error in your SQL syntax; check the manual that corresponds to your MariaDB server version for the right syntax to use near 'est téléporté via MapTeleport en [4623.14,7077.78,0]')' at line 1
[16:40:13:528303 +01:00] [Thread 11596] extDB3: SQL: Error MariaDBQueryException: Input: INSERT INTO logs_alf (name, uid, type, text) VALUES ('Antonio Lopa', '76561198201065973', 'ADMIN', 'Antonio Lopa (76561198201065973) s'est téléporté via MapTeleport en [4623.14,7077.78,0]')
[16:40:51:883683 +01:00] [Thread 11596] extDB3: SQL: Error MariaDBQueryException: You have an error in your SQL syntax; check the manual that corresponds to your MariaDB server version for the right syntax to use near 'est téléporté via MapTeleport en [4541.7,4632.79,0]')' at line 1
[16:40:51:883751 +01:00] [Thread 11596] extDB3: SQL: Error MariaDBQueryException: Input: INSERT INTO logs_alf (name, uid, type, text) VALUES ('Antonio Lopa', '76561198201065973', 'ADMIN', 'Antonio Lopa (76561198201065973) s'est téléporté via MapTeleport en [4541.7,4632.79,0]')
