
extDB3: https://bitbucket.org/torndeco/extdb3/wiki/Home
extDB3: Version: 1.033
extDB3: Windows Version
Message: All development for extDB3 is done on a Linux Dedicated Server
Message: If you would like to Donate to extDB3 Development
Message: https://www.paypal.com/cgi-bin/webscr?cmd=_s-xclick&hosted_button_id=2SUEFTGABTAM2
Message: Also leave a message if there is any particular feature you would like to see added.
Message: Thanks for all the people that have donated.
Message: Torndeco: 18/05/15

Message: This version was modified and include some improvement
Message: The lib was recompiled using new version of TBBMalloc, Boost and MariaDB connector
Message: The worker threads limitation was removed
Message: Steez: 30/10/2020


extDB3: Found extdb3-conf.ini
extDB3: Detected 16 Cores, Setting up 6 Worker Threads
extDB3: Detected 16 Cores, Setting up 16 Worker Threads
extDB3: ...
extDB3: ...
extDB3: ...
extDB3: ...
extDB3: ...
extDB3: ...
extDB3: ...
extDB3: ...
extDB3: ...
extDB3: ...
extDB3: ...
extDB3: ...
extDB3: ...
extDB3: ...
extDB3: ...
extDB3: ...


[17:35:11:499602 +01:00] [Thread 8024] extDB3: SQL: Initialized: Add Quotes around TEXT Datatypes mode: 2
[17:35:11:499628 +01:00] [Thread 8024] extDB3: SQL: Initialized: NULL = ""
[17:35:11:499643 +01:00] [Thread 8024] extDB3: Locked
[17:35:11:505811 +01:00] [Thread 13924] extDB3: SQL: Error MariaDBQueryException: PROCEDURE armalife.deleteDeadVehicles does not exist
[17:35:11:505826 +01:00] [Thread 13924] extDB3: SQL: Error MariaDBQueryException: Input: CALL deleteDeadVehicles
[17:35:11:505865 +01:00] [Thread 13188] extDB3: SQL: Error MariaDBQueryException: PROCEDURE armalife.deleteOldForfait does not exist
[17:35:11:505878 +01:00] [Thread 13188] extDB3: SQL: Error MariaDBQueryException: Input: CALL deleteOldForfait
[17:35:11:505898 +01:00] [Thread 14304] extDB3: SQL: Error MariaDBQueryException: PROCEDURE armalife.deleteOldSms does not exist
[17:35:11:505914 +01:00] [Thread 14304] extDB3: SQL: Error MariaDBQueryException: Input: CALL deleteOldSms
[17:41:34:104854 +01:00] [Thread 7212] extDB3: SQL: Error MariaDBQueryException: You have an error in your SQL syntax; check the manual that corresponds to your MariaDB server version for the right syntax to use near 'action 'Invisible' via le menu admin.')' at line 1
[17:41:34:106810 +01:00] [Thread 7212] extDB3: SQL: Error MariaDBQueryException: Input: INSERT INTO logs_alf (name, uid, type, text) VALUES ('Antonio Lopa', '76561198201065973', 'ADMIN', 'A utilisé l'action 'Invisible' via le menu admin.')
[17:41:35:301998 +01:00] [Thread 7212] extDB3: SQL: Error MariaDBQueryException: You have an error in your SQL syntax; check the manual that corresponds to your MariaDB server version for the right syntax to use near 'action 'Invisible' via le menu admin.')' at line 1
[17:41:35:302029 +01:00] [Thread 7212] extDB3: SQL: Error MariaDBQueryException: Input: INSERT INTO logs_alf (name, uid, type, text) VALUES ('Antonio Lopa', '76561198201065973', 'ADMIN', 'A utilisé l'action 'Invisible' via le menu admin.')
[17:41:35:303830 +01:00] [Thread 11652] extDB3: SQL: Error MariaDBQueryException: You have an error in your SQL syntax; check the manual that corresponds to your MariaDB server version for the right syntax to use near 'est plus invisible')' at line 1
[17:41:35:304149 +01:00] [Thread 11652] extDB3: SQL: Error MariaDBQueryException: Input: INSERT INTO logs_alf (name, uid, type, text) VALUES ('Antonio Lopa', '76561198201065973', 'ADMIN', 'N'est plus invisible')
[17:41:36:968278 +01:00] [Thread 11652] extDB3: SQL: Error MariaDBQueryException: You have an error in your SQL syntax; check the manual that corresponds to your MariaDB server version for the right syntax to use near 'action 'Marqueurs' via le menu admin.')' at line 1
[17:41:36:968337 +01:00] [Thread 11652] extDB3: SQL: Error MariaDBQueryException: Input: INSERT INTO logs_alf (name, uid, type, text) VALUES ('Antonio Lopa', '76561198201065973', 'ADMIN', 'A utilisé l'action 'Marqueurs' via le menu admin.')
[17:41:38:302058 +01:00] [Thread 7212] extDB3: SQL: Error MariaDBQueryException: You have an error in your SQL syntax; check the manual that corresponds to your MariaDB server version for the right syntax to use near 'action 'Se Rassasier' via le menu admin.')' at line 1
[17:41:38:302199 +01:00] [Thread 7212] extDB3: SQL: Error MariaDBQueryException: Input: INSERT INTO logs_alf (name, uid, type, text) VALUES ('Antonio Lopa', '76561198201065973', 'ADMIN', 'A utilisé l'action 'Se Rassasier' via le menu admin.')
[17:41:40:246524 +01:00] [Thread 7212] extDB3: SQL: Error MariaDBQueryException: You have an error in your SQL syntax; check the manual that corresponds to your MariaDB server version for the right syntax to use near 'action 'Invisible' via le menu admin.')' at line 1
[17:41:40:246577 +01:00] [Thread 7212] extDB3: SQL: Error MariaDBQueryException: Input: INSERT INTO logs_alf (name, uid, type, text) VALUES ('Antonio Lopa', '76561198201065973', 'ADMIN', 'A utilisé l'action 'Invisible' via le menu admin.')
[17:42:47:335128 +01:00] [Thread 7212] extDB3: SQL: Error MariaDBQueryException: You have an error in your SQL syntax; check the manual that corresponds to your MariaDB server version for the right syntax to use near 'est plus invisible')' at line 1
[17:42:47:335129 +01:00] [Thread 11652] extDB3: SQL: Error MariaDBQueryException: You have an error in your SQL syntax; check the manual that corresponds to your MariaDB server version for the right syntax to use near 'action 'Invisible' via le menu admin.')' at line 1
[17:42:47:335192 +01:00] [Thread 7212] extDB3: SQL: Error MariaDBQueryException: Input: INSERT INTO logs_alf (name, uid, type, text) VALUES ('Antonio Lopa', '76561198201065973', 'ADMIN', 'N'est plus invisible')
[17:42:47:335215 +01:00] [Thread 11652] extDB3: SQL: Error MariaDBQueryException: Input: INSERT INTO logs_alf (name, uid, type, text) VALUES ('Antonio Lopa', '76561198201065973', 'ADMIN', 'A utilisé l'action 'Invisible' via le menu admin.')
