
extDB3: https://bitbucket.org/torndeco/extdb3/wiki/Home
extDB3: Version: 1.033
extDB3: Windows Version
Message: All development for extDB3 is done on a Linux Dedicated Server
Message: If you would like to Donate to extDB3 Development
Message: https://www.paypal.com/cgi-bin/webscr?cmd=_s-xclick&hosted_button_id=2SUEFTGABTAM2
Message: Also leave a message if there is any particular feature you would like to see added.
Message: Thanks for all the people that have donated.
Message: Torndeco: 18/05/15

Message: This version was modified and include some improvement
Message: The lib was recompiled using new version of TBBMalloc, Boost and MariaDB connector
Message: The worker threads limitation was removed
Message: Steez: 30/10/2020


extDB3: Found extdb3-conf.ini
extDB3: Detected 16 Cores, Setting up 6 Worker Threads
extDB3: Detected 16 Cores, Setting up 16 Worker Threads
extDB3: ...
extDB3: ...
extDB3: ...
extDB3: ...
extDB3: ...
extDB3: ...
extDB3: ...
extDB3: ...
extDB3: ...
extDB3: ...
extDB3: ...
extDB3: ...
extDB3: ...
extDB3: ...
extDB3: ...
extDB3: ...


[19:38:11:991335 +01:00] [Thread 13436] extDB3: SQL: Initialized: Add Quotes around TEXT Datatypes mode: 2
[19:38:11:991393 +01:00] [Thread 13436] extDB3: SQL: Initialized: NULL = ""
[19:38:11:991409 +01:00] [Thread 13436] extDB3: Locked
[19:38:12:000022 +01:00] [Thread 11448] extDB3: SQL: Error MariaDBQueryException: PROCEDURE armalife.deleteOldForfait does not exist
[19:38:12:000023 +01:00] [Thread 13184] extDB3: SQL: Error MariaDBQueryException: PROCEDURE armalife.deleteOldSms does not exist
[19:38:12:000039 +01:00] [Thread 11448] extDB3: SQL: Error MariaDBQueryException: Input: CALL deleteOldForfait
[19:38:12:000051 +01:00] [Thread 13184] extDB3: SQL: Error MariaDBQueryException: Input: CALL deleteOldSms
[19:38:12:000059 +01:00] [Thread 10412] extDB3: SQL: Error MariaDBQueryException: PROCEDURE armalife.deleteDeadVehicles does not exist
[19:38:12:000073 +01:00] [Thread 10412] extDB3: SQL: Error MariaDBQueryException: Input: CALL deleteDeadVehicles
[20:30:08:877742 +01:00] [Thread 11448] extDB3: SQL: Error MariaDBQueryException: You have an error in your SQL syntax; check the manual that corresponds to your MariaDB server version for the right syntax to use near 'action 'Créer grosse fumée' via le menu admin.')' at line 1
[20:30:08:879345 +01:00] [Thread 11448] extDB3: SQL: Error MariaDBQueryException: Input: INSERT INTO logs_alf (name, uid, type, text) VALUES ('Luc Klopet', '76561199033150518', 'ADMIN', 'A utilisé l'action 'Créer grosse fumée' via le menu admin.')
[20:30:22:974691 +01:00] [Thread 11448] extDB3: SQL: Error MariaDBQueryException: You have an error in your SQL syntax; check the manual that corresponds to your MariaDB server version for the right syntax to use near 'action 'Supprimer incendies' via le menu admin.')' at line 1
[20:30:22:974726 +01:00] [Thread 11448] extDB3: SQL: Error MariaDBQueryException: Input: INSERT INTO logs_alf (name, uid, type, text) VALUES ('Luc Klopet', '76561199033150518', 'ADMIN', 'A utilisé l'action 'Supprimer incendies' via le menu admin.')
