
extDB3: https://bitbucket.org/torndeco/extdb3/wiki/Home
extDB3: Version: 1.033
extDB3: Windows Version
Message: All development for extDB3 is done on a Linux Dedicated Server
Message: If you would like to Donate to extDB3 Development
Message: https://www.paypal.com/cgi-bin/webscr?cmd=_s-xclick&hosted_button_id=2SUEFTGABTAM2
Message: Also leave a message if there is any particular feature you would like to see added.
Message: Thanks for all the people that have donated.
Message: Torndeco: 18/05/15

Message: This version was modified and include some improvement
Message: The lib was recompiled using new version of TBBMalloc, Boost and MariaDB connector
Message: The worker threads limitation was removed
Message: Steez: 30/10/2020


extDB3: Found extdb3-conf.ini
extDB3: Detected 16 Cores, Setting up 6 Worker Threads
extDB3: Detected 16 Cores, Setting up 16 Worker Threads
extDB3: ...
extDB3: ...
extDB3: ...
extDB3: ...
extDB3: ...
extDB3: ...
extDB3: ...
extDB3: ...
extDB3: ...
extDB3: ...
extDB3: ...
extDB3: ...
extDB3: ...
extDB3: ...
extDB3: ...
extDB3: ...


[16:58:03:272133 +02:00] [Thread 12620] extDB3: SQL: Initialized: Add Quotes around TEXT Datatypes mode: 2
[16:58:03:272176 +02:00] [Thread 12620] extDB3: SQL: Initialized: NULL = ""
[16:58:03:272205 +02:00] [Thread 12620] extDB3: Locked
[16:58:06:224857 +02:00] [Thread 15744] extDB3: SQL: Error MariaDBQueryException: Table 'armalife.atm_dispo' doesn't exist
[16:58:06:224886 +02:00] [Thread 15744] extDB3: SQL: Error MariaDBQueryException: Input: SELECT pos_x, pos_y, cash_available FROM atm_dispo
[16:58:09:406531 +02:00] [Thread 15744] extDB3: SQL: Error MariaDBQueryException: Table 'armalife.atm_dispo' doesn't exist
[16:58:09:406601 +02:00] [Thread 15744] extDB3: SQL: Error MariaDBQueryException: Input: INSERT INTO atm_dispo (pos_x, pos_y, cash_available) VALUES (5011, 6754, 200000) ON DUPLICATE KEY UPDATE cash_available=200000
[16:58:09:412054 +02:00] [Thread 2620] extDB3: SQL: Error MariaDBQueryException: Table 'armalife.atm_dispo' doesn't exist
[16:58:09:412080 +02:00] [Thread 2620] extDB3: SQL: Error MariaDBQueryException: Input: INSERT INTO atm_dispo (pos_x, pos_y, cash_available) VALUES (6311, 7374, 200000) ON DUPLICATE KEY UPDATE cash_available=200000
[16:58:09:412099 +02:00] [Thread 1304] extDB3: SQL: Error MariaDBQueryException: Table 'armalife.atm_dispo' doesn't exist
[16:58:09:412112 +02:00] [Thread 19144] extDB3: SQL: Error MariaDBQueryException: Table 'armalife.atm_dispo' doesn't exist
[16:58:09:412114 +02:00] [Thread 1304] extDB3: SQL: Error MariaDBQueryException: Input: INSERT INTO atm_dispo (pos_x, pos_y, cash_available) VALUES (4062, 4528, 200000) ON DUPLICATE KEY UPDATE cash_available=200000
[16:58:09:412122 +02:00] [Thread 19144] extDB3: SQL: Error MariaDBQueryException: Input: INSERT INTO atm_dispo (pos_x, pos_y, cash_available) VALUES (7482, 7257, 200000) ON DUPLICATE KEY UPDATE cash_available=200000
[16:58:09:412127 +02:00] [Thread 6364] extDB3: SQL: Error MariaDBQueryException: Table 'armalife.atm_dispo' doesn't exist
[16:58:09:412137 +02:00] [Thread 11968] extDB3: SQL: Error MariaDBQueryException: Table 'armalife.atm_dispo' doesn't exist
[16:58:09:412133 +02:00] [Thread 15000] extDB3: SQL: Error MariaDBQueryException: Table 'armalife.atm_dispo' doesn't exist
[16:58:09:412155 +02:00] [Thread 18188] extDB3: SQL: Error MariaDBQueryException: Table 'armalife.atm_dispo' doesn't exist
[16:58:09:412165 +02:00] [Thread 16024] extDB3: SQL: Error MariaDBQueryException: Table 'armalife.atm_dispo' doesn't exist
[16:58:09:412188 +02:00] [Thread 16024] extDB3: SQL: Error MariaDBQueryException: Input: INSERT INTO atm_dispo (pos_x, pos_y, cash_available) VALUES (1891, 9925, 200000) ON DUPLICATE KEY UPDATE cash_available=200000
[16:58:09:412161 +02:00] [Thread 10816] extDB3: SQL: Error MariaDBQueryException: Table 'armalife.atm_dispo' doesn't exist
[16:58:09:412205 +02:00] [Thread 10816] extDB3: SQL: Error MariaDBQueryException: Input: INSERT INTO atm_dispo (pos_x, pos_y, cash_available) VALUES (3677, 2223, 200000) ON DUPLICATE KEY UPDATE cash_available=200000
[16:58:09:412143 +02:00] [Thread 6364] extDB3: SQL: Error MariaDBQueryException: Input: INSERT INTO atm_dispo (pos_x, pos_y, cash_available) VALUES (7484, 7259, 200000) ON DUPLICATE KEY UPDATE cash_available=200000
[16:58:09:412174 +02:00] [Thread 18188] extDB3: SQL: Error MariaDBQueryException: Input: INSERT INTO atm_dispo (pos_x, pos_y, cash_available) VALUES (3830, 9240, 200000) ON DUPLICATE KEY UPDATE cash_available=200000
[16:58:09:412174 +02:00] [Thread 448] extDB3: SQL: Error MariaDBQueryException: Table 'armalife.atm_dispo' doesn't exist
[16:58:09:412356 +02:00] [Thread 448] extDB3: SQL: Error MariaDBQueryException: Input: INSERT INTO atm_dispo (pos_x, pos_y, cash_available) VALUES (8339, 1634, 200000) ON DUPLICATE KEY UPDATE cash_available=200000
[16:58:09:412143 +02:00] [Thread 11968] extDB3: SQL: Error MariaDBQueryException: Input: INSERT INTO atm_dispo (pos_x, pos_y, cash_available) VALUES (7630, 4645, 200000) ON DUPLICATE KEY UPDATE cash_available=200000
[16:58:09:412157 +02:00] [Thread 15000] extDB3: SQL: Error MariaDBQueryException: Input: INSERT INTO atm_dispo (pos_x, pos_y, cash_available) VALUES (7485, 7261, 200000) ON DUPLICATE KEY UPDATE cash_available=200000
[16:58:09:412170 +02:00] [Thread 19908] extDB3: SQL: Error MariaDBQueryException: Table 'armalife.atm_dispo' doesn't exist
[16:58:09:412430 +02:00] [Thread 19908] extDB3: SQL: Error MariaDBQueryException: Input: INSERT INTO atm_dispo (pos_x, pos_y, cash_available) VALUES (1137, 7229, 200000) ON DUPLICATE KEY UPDATE cash_available=200000
