
extDB3: https://bitbucket.org/torndeco/extdb3/wiki/Home
extDB3: Version: 1.033
extDB3: Windows Version
Message: All development for extDB3 is done on a Linux Dedicated Server
Message: If you would like to Donate to extDB3 Development
Message: https://www.paypal.com/cgi-bin/webscr?cmd=_s-xclick&hosted_button_id=2SUEFTGABTAM2
Message: Also leave a message if there is any particular feature you would like to see added.
Message: Thanks for all the people that have donated.
Message: Torndeco: 18/05/15

Message: This version was modified and include some improvement
Message: The lib was recompiled using new version of TBBMalloc, Boost and MariaDB connector
Message: The worker threads limitation was removed
Message: Steez: 30/10/2020


extDB3: Found extdb3-conf.ini
extDB3: Detected 16 Cores, Setting up 6 Worker Threads
extDB3: Detected 16 Cores, Setting up 16 Worker Threads
extDB3: ...
extDB3: ...
extDB3: ...
extDB3: ...
extDB3: ...
extDB3: ...
extDB3: ...
extDB3: ...
extDB3: ...
extDB3: ...
extDB3: ...
extDB3: ...
extDB3: ...
extDB3: ...
extDB3: ...
extDB3: ...


[12:31:05:928281 +01:00] [Thread 11376] extDB3: SQL: Initialized: Add Quotes around TEXT Datatypes mode: 2
[12:31:05:928302 +01:00] [Thread 11376] extDB3: SQL: Initialized: NULL = ""
[12:31:05:928317 +01:00] [Thread 11376] extDB3: Locked
[12:31:05:934938 +01:00] [Thread 8116] extDB3: SQL: Error MariaDBQueryException: PROCEDURE armalife.deleteOldSms does not exist
[12:31:05:934952 +01:00] [Thread 8116] extDB3: SQL: Error MariaDBQueryException: Input: CALL deleteOldSms
[12:31:05:934968 +01:00] [Thread 12528] extDB3: SQL: Error MariaDBQueryException: PROCEDURE armalife.deleteOldForfait does not exist
[12:31:05:934981 +01:00] [Thread 12528] extDB3: SQL: Error MariaDBQueryException: Input: CALL deleteOldForfait
[12:31:05:935005 +01:00] [Thread 12936] extDB3: SQL: Error MariaDBQueryException: PROCEDURE armalife.deleteDeadVehicles does not exist
[12:31:05:935017 +01:00] [Thread 12936] extDB3: SQL: Error MariaDBQueryException: Input: CALL deleteDeadVehicles
[12:31:06:547080 +01:00] [Thread 12936] extDB3: SQL: Error MariaDBQueryException: Unknown column 'alarm_gendarmerie' in 'field list'
[12:31:06:547106 +01:00] [Thread 12936] extDB3: SQL: Error MariaDBQueryException: Input: SELECT id, pid, pos, sonnette, classname, alarm_gendarmerie FROM houses LIMIT 0,10
[12:34:40:113277 +01:00] [Thread 12936] extDB3: SQL: Error MariaDBQueryException: You have an error in your SQL syntax; check the manual that corresponds to your MariaDB server version for the right syntax to use near 'est téléporté via MapTeleport en [4160.33,5892.58,0]')' at line 1
[12:34:40:113367 +01:00] [Thread 12936] extDB3: SQL: Error MariaDBQueryException: Input: INSERT INTO logs_alf (name, uid, type, text) VALUES ('Antonio Lopa', '76561198201065973', 'ADMIN', 'Antonio Lopa (76561198201065973) s'est téléporté via MapTeleport en [4160.33,5892.58,0]')
[12:35:35:039886 +01:00] [Thread 12936] extDB3: SQL: Error MariaDBQueryException: You have an error in your SQL syntax; check the manual that corresponds to your MariaDB server version for the right syntax to use near 'est téléporté via MapTeleport en [3903,4612.22,0]')' at line 1
[12:35:35:039933 +01:00] [Thread 12936] extDB3: SQL: Error MariaDBQueryException: Input: INSERT INTO logs_alf (name, uid, type, text) VALUES ('Antonio Lopa', '76561198201065973', 'ADMIN', 'Antonio Lopa (76561198201065973) s'est téléporté via MapTeleport en [3903,4612.22,0]')
[12:35:54:565516 +01:00] [Thread 12936] extDB3: SQL: Error MariaDBQueryException: You have an error in your SQL syntax; check the manual that corresponds to your MariaDB server version for the right syntax to use near 'est téléporté via MapTeleport en [4157.16,5893.56,0]')' at line 1
[12:35:54:565583 +01:00] [Thread 12936] extDB3: SQL: Error MariaDBQueryException: Input: INSERT INTO logs_alf (name, uid, type, text) VALUES ('Antonio Lopa', '76561198201065973', 'ADMIN', 'Antonio Lopa (76561198201065973) s'est téléporté via MapTeleport en [4157.16,5893.56,0]')
