
extDB3: https://bitbucket.org/torndeco/extdb3/wiki/Home
extDB3: Version: 1.033
extDB3: Windows Version
Message: All development for extDB3 is done on a Linux Dedicated Server
Message: If you would like to Donate to extDB3 Development
Message: https://www.paypal.com/cgi-bin/webscr?cmd=_s-xclick&hosted_button_id=2SUEFTGABTAM2
Message: Also leave a message if there is any particular feature you would like to see added.
Message: Thanks for all the people that have donated.
Message: Torndeco: 18/05/15

Message: This version was modified and include some improvement
Message: The lib was recompiled using new version of TBBMalloc, Boost and MariaDB connector
Message: The worker threads limitation was removed
Message: Steez: 30/10/2020


extDB3: Found extdb3-conf.ini
extDB3: Detected 16 Cores, Setting up 6 Worker Threads
extDB3: Detected 16 Cores, Setting up 16 Worker Threads
extDB3: ...
extDB3: ...
extDB3: ...
extDB3: ...
extDB3: ...
extDB3: ...
extDB3: ...
extDB3: ...
extDB3: ...
extDB3: ...
extDB3: ...
extDB3: ...
extDB3: ...
extDB3: ...
extDB3: ...
extDB3: ...


[15:30:39:837024 +01:00] [Thread 5824] extDB3: SQL: Initialized: Add Quotes around TEXT Datatypes mode: 2
[15:30:39:837046 +01:00] [Thread 5824] extDB3: SQL: Initialized: NULL = ""
[15:30:39:837059 +01:00] [Thread 5824] extDB3: Locked
[15:30:39:843179 +01:00] [Thread 6640] extDB3: SQL: Error MariaDBQueryException: PROCEDURE armalife.deleteDeadVehicles does not exist
[15:30:39:843192 +01:00] [Thread 6640] extDB3: SQL: Error MariaDBQueryException: Input: CALL deleteDeadVehicles
[15:30:39:843217 +01:00] [Thread 13276] extDB3: SQL: Error MariaDBQueryException: PROCEDURE armalife.deleteOldSms does not exist
[15:30:39:843229 +01:00] [Thread 13276] extDB3: SQL: Error MariaDBQueryException: Input: CALL deleteOldSms
[15:30:39:843261 +01:00] [Thread 12804] extDB3: SQL: Error MariaDBQueryException: PROCEDURE armalife.deleteOldForfait does not exist
[15:30:39:843273 +01:00] [Thread 12804] extDB3: SQL: Error MariaDBQueryException: Input: CALL deleteOldForfait
[15:30:40:468951 +01:00] [Thread 4780] extDB3: SQL: Error MariaDBQueryException: Unknown column 'alarm_gendarmerie' in 'field list'
[15:30:40:468975 +01:00] [Thread 4780] extDB3: SQL: Error MariaDBQueryException: Input: SELECT id, pid, pos, sonnette, classname, alarm_gendarmerie FROM houses LIMIT 0,10
