
extDB3: https://bitbucket.org/torndeco/extdb3/wiki/Home
extDB3: Version: 1.033
extDB3: Windows Version
Message: All development for extDB3 is done on a Linux Dedicated Server
Message: If you would like to Donate to extDB3 Development
Message: https://www.paypal.com/cgi-bin/webscr?cmd=_s-xclick&hosted_button_id=2SUEFTGABTAM2
Message: Also leave a message if there is any particular feature you would like to see added.
Message: Thanks for all the people that have donated.
Message: Torndeco: 18/05/15

Message: This version was modified and include some improvement
Message: The lib was recompiled using new version of TBBMalloc, Boost and MariaDB connector
Message: The worker threads limitation was removed
Message: Steez: 30/10/2020


extDB3: Found extdb3-conf.ini
extDB3: Detected 16 Cores, Setting up 6 Worker Threads
extDB3: Detected 16 Cores, Setting up 16 Worker Threads
extDB3: ...
extDB3: ...
extDB3: ...
extDB3: ...
extDB3: ...
extDB3: ...
extDB3: ...
extDB3: ...
extDB3: ...
extDB3: ...
extDB3: ...
extDB3: ...
extDB3: ...
extDB3: ...
extDB3: ...
extDB3: ...


[14:46:41:355183 +01:00] [Thread 7676] extDB3: SQL: Initialized: Add Quotes around TEXT Datatypes mode: 2
[14:46:41:355206 +01:00] [Thread 7676] extDB3: SQL: Initialized: NULL = ""
[14:46:41:355219 +01:00] [Thread 7676] extDB3: Locked
[14:46:41:361241 +01:00] [Thread 14460] extDB3: SQL: Error MariaDBQueryException: PROCEDURE armalife.deleteDeadVehicles does not exist
[14:46:41:361254 +01:00] [Thread 14460] extDB3: SQL: Error MariaDBQueryException: Input: CALL deleteDeadVehicles
[14:46:41:361276 +01:00] [Thread 15160] extDB3: SQL: Error MariaDBQueryException: PROCEDURE armalife.deleteOldSms does not exist
[14:46:41:361279 +01:00] [Thread 6396] extDB3: SQL: Error MariaDBQueryException: PROCEDURE armalife.deleteOldForfait does not exist
[14:46:41:361289 +01:00] [Thread 15160] extDB3: SQL: Error MariaDBQueryException: Input: CALL deleteOldSms
[14:46:41:361295 +01:00] [Thread 6396] extDB3: SQL: Error MariaDBQueryException: Input: CALL deleteOldForfait
[14:48:35:942217 +01:00] [Thread 16436] extDB3: SQL: Error MariaDBQueryException: You have an error in your SQL syntax; check the manual that corresponds to your MariaDB server version for the right syntax to use near 'est téléporté via MapTeleport en [3272.47,4347.12,0]')' at line 1
[14:48:35:942306 +01:00] [Thread 16436] extDB3: SQL: Error MariaDBQueryException: Input: INSERT INTO logs_alf (name, uid, type, text) VALUES ('Antonio Lopa', '76561198201065973', 'ADMIN', 'Antonio Lopa (76561198201065973) s'est téléporté via MapTeleport en [3272.47,4347.12,0]')
[14:52:28:112422 +01:00] [Thread 17160] extDB3: SQL: Error MariaDBQueryException: You have an error in your SQL syntax; check the manual that corresponds to your MariaDB server version for the right syntax to use near 'action 'Animations Rapides' via le menu admin.')' at line 1
[14:52:28:112523 +01:00] [Thread 17160] extDB3: SQL: Error MariaDBQueryException: Input: INSERT INTO logs_alf (name, uid, type, text) VALUES ('Antonio Lopa', '76561198201065973', 'ADMIN', 'A utilisé l'action 'Animations Rapides' via le menu admin.')
