
extDB3: https://bitbucket.org/torndeco/extdb3/wiki/Home
extDB3: Version: 1.033
extDB3: Windows Version
Message: All development for extDB3 is done on a Linux Dedicated Server
Message: If you would like to Donate to extDB3 Development
Message: https://www.paypal.com/cgi-bin/webscr?cmd=_s-xclick&hosted_button_id=2SUEFTGABTAM2
Message: Also leave a message if there is any particular feature you would like to see added.
Message: Thanks for all the people that have donated.
Message: Torndeco: 18/05/15

Message: This version was modified and include some improvement
Message: The lib was recompiled using new version of TBBMalloc, Boost and MariaDB connector
Message: The worker threads limitation was removed
Message: Steez: 30/10/2020


extDB3: Found extdb3-conf.ini
extDB3: Detected 16 Cores, Setting up 6 Worker Threads
extDB3: Detected 16 Cores, Setting up 16 Worker Threads
extDB3: ...
extDB3: ...
extDB3: ...
extDB3: ...
extDB3: ...
extDB3: ...
extDB3: ...
extDB3: ...
extDB3: ...
extDB3: ...
extDB3: ...
extDB3: ...
extDB3: ...
extDB3: ...
extDB3: ...
extDB3: ...


[16:51:15:999007 +01:00] [Thread 16304] extDB3: SQL: Initialized: Add Quotes around TEXT Datatypes mode: 2
[16:51:15:999028 +01:00] [Thread 16304] extDB3: SQL: Initialized: NULL = ""
[16:51:15:999042 +01:00] [Thread 16304] extDB3: Locked
[16:51:16:005112 +01:00] [Thread 14976] extDB3: SQL: Error MariaDBQueryException: PROCEDURE armalife.deleteDeadVehicles does not exist
[16:51:16:005133 +01:00] [Thread 14976] extDB3: SQL: Error MariaDBQueryException: Input: CALL deleteDeadVehicles
[16:51:16:005206 +01:00] [Thread 16532] extDB3: SQL: Error MariaDBQueryException: PROCEDURE armalife.deleteOldForfait does not exist
[16:51:16:005233 +01:00] [Thread 16532] extDB3: SQL: Error MariaDBQueryException: Input: CALL deleteOldForfait
[16:51:16:005281 +01:00] [Thread 16344] extDB3: SQL: Error MariaDBQueryException: PROCEDURE armalife.deleteOldSms does not exist
[16:51:16:005294 +01:00] [Thread 16344] extDB3: SQL: Error MariaDBQueryException: Input: CALL deleteOldSms
[16:54:42:397040 +01:00] [Thread 13612] extDB3: SQL: Error MariaDBQueryException: You have an error in your SQL syntax; check the manual that corresponds to your MariaDB server version for the right syntax to use near 'est téléporté via MapTeleport en [3273.22,4358.1,0]')' at line 1
[16:54:42:397112 +01:00] [Thread 13612] extDB3: SQL: Error MariaDBQueryException: Input: INSERT INTO logs_alf (name, uid, type, text) VALUES ('Antonio Lopa', '76561198201065973', 'ADMIN', 'Antonio Lopa (76561198201065973) s'est téléporté via MapTeleport en [3273.22,4358.1,0]')
[16:56:47:823477 +01:00] [Thread 16344] extDB3: SQL: Error MariaDBQueryException: You have an error in your SQL syntax; check the manual that corresponds to your MariaDB server version for the right syntax to use near 'est téléporté via MapTeleport en [5132.36,4243.13,0]')' at line 1
[16:56:47:823554 +01:00] [Thread 16344] extDB3: SQL: Error MariaDBQueryException: Input: INSERT INTO logs_alf (name, uid, type, text) VALUES ('Antonio Lopa', '76561198201065973', 'ADMIN', 'Antonio Lopa (76561198201065973) s'est téléporté via MapTeleport en [5132.36,4243.13,0]')
