
extDB3: https://bitbucket.org/torndeco/extdb3/wiki/Home
extDB3: Version: 1.033
extDB3: Windows Version
Message: All development for extDB3 is done on a Linux Dedicated Server
Message: If you would like to Donate to extDB3 Development
Message: https://www.paypal.com/cgi-bin/webscr?cmd=_s-xclick&hosted_button_id=2SUEFTGABTAM2
Message: Also leave a message if there is any particular feature you would like to see added.
Message: Thanks for all the people that have donated.
Message: Torndeco: 18/05/15

Message: This version was modified and include some improvement
Message: The lib was recompiled using new version of TBBMalloc, Boost and MariaDB connector
Message: The worker threads limitation was removed
Message: Steez: 30/10/2020


extDB3: Found extdb3-conf.ini
extDB3: Detected 16 Cores, Setting up 6 Worker Threads
extDB3: Detected 16 Cores, Setting up 16 Worker Threads
extDB3: ...
extDB3: ...
extDB3: ...
extDB3: ...
extDB3: ...
extDB3: ...
extDB3: ...
extDB3: ...
extDB3: ...
extDB3: ...
extDB3: ...
extDB3: ...
extDB3: ...
extDB3: ...
extDB3: ...
extDB3: ...


[17:41:15:211784 +01:00] [Thread 9096] extDB3: SQL: Initialized: Add Quotes around TEXT Datatypes mode: 2
[17:41:15:211805 +01:00] [Thread 9096] extDB3: SQL: Initialized: NULL = ""
[17:41:15:211820 +01:00] [Thread 9096] extDB3: Locked
[17:41:15:217525 +01:00] [Thread 14820] extDB3: SQL: Error MariaDBQueryException: PROCEDURE armalife.deleteOldForfait does not exist
[17:41:15:217539 +01:00] [Thread 14820] extDB3: SQL: Error MariaDBQueryException: Input: CALL deleteOldForfait
[17:41:15:217568 +01:00] [Thread 14048] extDB3: SQL: Error MariaDBQueryException: PROCEDURE armalife.deleteDeadVehicles does not exist
[17:41:15:217580 +01:00] [Thread 14048] extDB3: SQL: Error MariaDBQueryException: Input: CALL deleteDeadVehicles
[17:41:15:217583 +01:00] [Thread 16400] extDB3: SQL: Error MariaDBQueryException: PROCEDURE armalife.deleteOldSms does not exist
[17:41:15:217593 +01:00] [Thread 16400] extDB3: SQL: Error MariaDBQueryException: Input: CALL deleteOldSms
[17:44:32:410119 +01:00] [Thread 15244] extDB3: SQL: Error MariaDBQueryException: You have an error in your SQL syntax; check the manual that corresponds to your MariaDB server version for the right syntax to use near 'est téléporté via MapTeleport en [3275.47,4354.95,0]')' at line 1
[17:44:32:410218 +01:00] [Thread 15244] extDB3: SQL: Error MariaDBQueryException: Input: INSERT INTO logs_alf (name, uid, type, text) VALUES ('Antonio Lopa', '76561198201065973', 'ADMIN', 'Antonio Lopa (76561198201065973) s'est téléporté via MapTeleport en [3275.47,4354.95,0]')
[17:45:00:197137 +01:00] [Thread 15244] extDB3: SQL: Error MariaDBQueryException: You have an error in your SQL syntax; check the manual that corresponds to your MariaDB server version for the right syntax to use near 'est téléporté via MapTeleport en [5073.17,4236.22,0]')' at line 1
[17:45:00:197194 +01:00] [Thread 15244] extDB3: SQL: Error MariaDBQueryException: Input: INSERT INTO logs_alf (name, uid, type, text) VALUES ('Antonio Lopa', '76561198201065973', 'ADMIN', 'Antonio Lopa (76561198201065973) s'est téléporté via MapTeleport en [5073.17,4236.22,0]')
