
extDB3: https://bitbucket.org/torndeco/extdb3/wiki/Home
extDB3: Version: 1.033
extDB3: Windows Version
Message: All development for extDB3 is done on a Linux Dedicated Server
Message: If you would like to Donate to extDB3 Development
Message: https://www.paypal.com/cgi-bin/webscr?cmd=_s-xclick&hosted_button_id=2SUEFTGABTAM2
Message: Also leave a message if there is any particular feature you would like to see added.
Message: Thanks for all the people that have donated.
Message: Torndeco: 18/05/15

Message: This version was modified and include some improvement
Message: The lib was recompiled using new version of TBBMalloc, Boost and MariaDB connector
Message: The worker threads limitation was removed
Message: Steez: 30/10/2020


extDB3: Found extdb3-conf.ini
extDB3: Detected 16 Cores, Setting up 6 Worker Threads
extDB3: Detected 16 Cores, Setting up 16 Worker Threads
extDB3: ...
extDB3: ...
extDB3: ...
extDB3: ...
extDB3: ...
extDB3: ...
extDB3: ...
extDB3: ...
extDB3: ...
extDB3: ...
extDB3: ...
extDB3: ...
extDB3: ...
extDB3: ...
extDB3: ...
extDB3: ...


[19:16:59:752235 +01:00] [Thread 16488] extDB3: SQL: Initialized: Add Quotes around TEXT Datatypes mode: 2
[19:16:59:752257 +01:00] [Thread 16488] extDB3: SQL: Initialized: NULL = ""
[19:16:59:752272 +01:00] [Thread 16488] extDB3: Locked
[19:16:59:758109 +01:00] [Thread 5956] extDB3: SQL: Error MariaDBQueryException: PROCEDURE armalife.deleteOldSms does not exist
[19:16:59:758123 +01:00] [Thread 5956] extDB3: SQL: Error MariaDBQueryException: Input: CALL deleteOldSms
[19:16:59:758164 +01:00] [Thread 18348] extDB3: SQL: Error MariaDBQueryException: PROCEDURE armalife.deleteDeadVehicles does not exist
[19:16:59:758196 +01:00] [Thread 18348] extDB3: SQL: Error MariaDBQueryException: Input: CALL deleteDeadVehicles
[19:16:59:758224 +01:00] [Thread 18340] extDB3: SQL: Error MariaDBQueryException: PROCEDURE armalife.deleteOldForfait does not exist
[19:16:59:758252 +01:00] [Thread 18340] extDB3: SQL: Error MariaDBQueryException: Input: CALL deleteOldForfait
[19:20:12:443813 +01:00] [Thread 18340] extDB3: SQL: Error MariaDBQueryException: You have an error in your SQL syntax; check the manual that corresponds to your MariaDB server version for the right syntax to use near 'est téléporté via MapTeleport en [1230.02,7219.5,0]')' at line 1
[19:20:12:443888 +01:00] [Thread 18340] extDB3: SQL: Error MariaDBQueryException: Input: INSERT INTO logs_alf (name, uid, type, text) VALUES ('Antonio Lopa', '76561198201065973', 'ADMIN', 'Antonio Lopa (76561198201065973) s'est téléporté via MapTeleport en [1230.02,7219.5,0]')
[19:20:57:088421 +01:00] [Thread 18340] extDB3: SQL: Error MariaDBQueryException: You have an error in your SQL syntax; check the manual that corresponds to your MariaDB server version for the right syntax to use near 'est téléporté via MapTeleport en [1021.71,6539.25,0]')' at line 1
[19:20:57:088478 +01:00] [Thread 18340] extDB3: SQL: Error MariaDBQueryException: Input: INSERT INTO logs_alf (name, uid, type, text) VALUES ('Antonio Lopa', '76561198201065973', 'ADMIN', 'Antonio Lopa (76561198201065973) s'est téléporté via MapTeleport en [1021.71,6539.25,0]')
[19:21:17:383506 +01:00] [Thread 18340] extDB3: SQL: Error MariaDBQueryException: You have an error in your SQL syntax; check the manual that corresponds to your MariaDB server version for the right syntax to use near 'est téléporté via MapTeleport en [4403.75,4429.06,0]')' at line 1
[19:21:17:383583 +01:00] [Thread 18340] extDB3: SQL: Error MariaDBQueryException: Input: INSERT INTO logs_alf (name, uid, type, text) VALUES ('Antonio Lopa', '76561198201065973', 'ADMIN', 'Antonio Lopa (76561198201065973) s'est téléporté via MapTeleport en [4403.75,4429.06,0]')
[19:21:43:929812 +01:00] [Thread 18340] extDB3: SQL: Error MariaDBQueryException: You have an error in your SQL syntax; check the manual that corresponds to your MariaDB server version for the right syntax to use near 'est téléporté via MapTeleport en [1735.55,9956.32,0]')' at line 1
[19:21:43:929866 +01:00] [Thread 18340] extDB3: SQL: Error MariaDBQueryException: Input: INSERT INTO logs_alf (name, uid, type, text) VALUES ('Antonio Lopa', '76561198201065973', 'ADMIN', 'Antonio Lopa (76561198201065973) s'est téléporté via MapTeleport en [1735.55,9956.32,0]')
[19:21:51:472214 +01:00] [Thread 18340] extDB3: SQL: Error MariaDBQueryException: You have an error in your SQL syntax; check the manual that corresponds to your MariaDB server version for the right syntax to use near 'action 'Animations Rapides' via le menu admin.')' at line 1
[19:21:51:472287 +01:00] [Thread 18340] extDB3: SQL: Error MariaDBQueryException: Input: INSERT INTO logs_alf (name, uid, type, text) VALUES ('Antonio Lopa', '76561198201065973', 'ADMIN', 'A utilisé l'action 'Animations Rapides' via le menu admin.')
[19:22:11:164179 +01:00] [Thread 18340] extDB3: SQL: Error MariaDBQueryException: You have an error in your SQL syntax; check the manual that corresponds to your MariaDB server version for the right syntax to use near 'est téléporté via MapTeleport en [3272.43,4351.17,0]')' at line 1
[19:22:11:164268 +01:00] [Thread 18340] extDB3: SQL: Error MariaDBQueryException: Input: INSERT INTO logs_alf (name, uid, type, text) VALUES ('Antonio Lopa', '76561198201065973', 'ADMIN', 'Antonio Lopa (76561198201065973) s'est téléporté via MapTeleport en [3272.43,4351.17,0]')
