
extDB3: https://bitbucket.org/torndeco/extdb3/wiki/Home
extDB3: Version: 1.033
extDB3: Windows Version
Message: All development for extDB3 is done on a Linux Dedicated Server
Message: If you would like to Donate to extDB3 Development
Message: https://www.paypal.com/cgi-bin/webscr?cmd=_s-xclick&hosted_button_id=2SUEFTGABTAM2
Message: Also leave a message if there is any particular feature you would like to see added.
Message: Thanks for all the people that have donated.
Message: Torndeco: 18/05/15

Message: This version was modified and include some improvement
Message: The lib was recompiled using new version of TBBMalloc, Boost and MariaDB connector
Message: The worker threads limitation was removed
Message: Steez: 30/10/2020


extDB3: Found extdb3-conf.ini
extDB3: Detected 16 Cores, Setting up 6 Worker Threads
extDB3: Detected 16 Cores, Setting up 16 Worker Threads
extDB3: ...
extDB3: ...
extDB3: ...
extDB3: ...
extDB3: ...
extDB3: ...
extDB3: ...
extDB3: ...
extDB3: ...
extDB3: ...
extDB3: ...
extDB3: ...
extDB3: ...
extDB3: ...
extDB3: ...
extDB3: ...


[19:53:56:967435 +01:00] [Thread 13636] extDB3: SQL: Initialized: Add Quotes around TEXT Datatypes mode: 2
[19:53:56:967459 +01:00] [Thread 13636] extDB3: SQL: Initialized: NULL = ""
[19:53:56:967474 +01:00] [Thread 13636] extDB3: Locked
[19:53:56:973718 +01:00] [Thread 18332] extDB3: SQL: Error MariaDBQueryException: PROCEDURE armalife.deleteDeadVehicles does not exist
[19:53:56:973732 +01:00] [Thread 18332] extDB3: SQL: Error MariaDBQueryException: Input: CALL deleteDeadVehicles
[19:53:56:973753 +01:00] [Thread 17008] extDB3: SQL: Error MariaDBQueryException: PROCEDURE armalife.deleteOldForfait does not exist
[19:53:56:973766 +01:00] [Thread 17008] extDB3: SQL: Error MariaDBQueryException: Input: CALL deleteOldForfait
[19:53:56:973792 +01:00] [Thread 8624] extDB3: SQL: Error MariaDBQueryException: PROCEDURE armalife.deleteOldSms does not exist
[19:53:56:973804 +01:00] [Thread 8624] extDB3: SQL: Error MariaDBQueryException: Input: CALL deleteOldSms
[19:57:20:873236 +01:00] [Thread 8624] extDB3: SQL: Error MariaDBQueryException: You have an error in your SQL syntax; check the manual that corresponds to your MariaDB server version for the right syntax to use near 'est téléporté via MapTeleport en [1192.2,7208.04,0]')' at line 1
[19:57:20:873337 +01:00] [Thread 8624] extDB3: SQL: Error MariaDBQueryException: Input: INSERT INTO logs_alf (name, uid, type, text) VALUES ('Antonio Lopa', '76561198201065973', 'ADMIN', 'Antonio Lopa (76561198201065973) s'est téléporté via MapTeleport en [1192.2,7208.04,0]')
[19:57:30:238322 +01:00] [Thread 8624] extDB3: SQL: Error MariaDBQueryException: You have an error in your SQL syntax; check the manual that corresponds to your MariaDB server version for the right syntax to use near 'est téléporté via MapTeleport en [3273.15,4359.98,0]')' at line 1
[19:57:30:238389 +01:00] [Thread 8624] extDB3: SQL: Error MariaDBQueryException: Input: INSERT INTO logs_alf (name, uid, type, text) VALUES ('Antonio Lopa', '76561198201065973', 'ADMIN', 'Antonio Lopa (76561198201065973) s'est téléporté via MapTeleport en [3273.15,4359.98,0]')
[19:58:53:313812 +01:00] [Thread 8624] extDB3: SQL: Error MariaDBQueryException: You have an error in your SQL syntax; check the manual that corresponds to your MariaDB server version for the right syntax to use near 'est téléporté via MapTeleport en [6278.91,7353.28,0]')' at line 1
[19:58:53:313873 +01:00] [Thread 8624] extDB3: SQL: Error MariaDBQueryException: Input: INSERT INTO logs_alf (name, uid, type, text) VALUES ('Antonio Lopa', '76561198201065973', 'ADMIN', 'Antonio Lopa (76561198201065973) s'est téléporté via MapTeleport en [6278.91,7353.28,0]')
