
extDB3: https://bitbucket.org/torndeco/extdb3/wiki/Home
extDB3: Version: 1.033
extDB3: Windows Version
Message: All development for extDB3 is done on a Linux Dedicated Server
Message: If you would like to Donate to extDB3 Development
Message: https://www.paypal.com/cgi-bin/webscr?cmd=_s-xclick&hosted_button_id=2SUEFTGABTAM2
Message: Also leave a message if there is any particular feature you would like to see added.
Message: Thanks for all the people that have donated.
Message: Torndeco: 18/05/15

Message: This version was modified and include some improvement
Message: The lib was recompiled using new version of TBBMalloc, Boost and MariaDB connector
Message: The worker threads limitation was removed
Message: Steez: 30/10/2020


extDB3: Found extdb3-conf.ini
extDB3: Detected 16 Cores, Setting up 6 Worker Threads
extDB3: Detected 16 Cores, Setting up 16 Worker Threads
extDB3: ...
extDB3: ...
extDB3: ...
extDB3: ...
extDB3: ...
extDB3: ...
extDB3: ...
extDB3: ...
extDB3: ...
extDB3: ...
extDB3: ...
extDB3: ...
extDB3: ...
extDB3: ...
extDB3: ...
extDB3: ...


[16:35:38:452002 +02:00] [Thread 10872] extDB3: SQL: Initialized: Add Quotes around TEXT Datatypes mode: 2
[16:35:38:452025 +02:00] [Thread 10872] extDB3: SQL: Initialized: NULL = ""
[16:35:38:452041 +02:00] [Thread 10872] extDB3: Locked
[16:35:38:458301 +02:00] [Thread 1512] extDB3: SQL: Error MariaDBQueryException: PROCEDURE armalife.deleteOldForfait does not exist
[16:35:38:458369 +02:00] [Thread 1512] extDB3: SQL: Error MariaDBQueryException: Input: CALL deleteOldForfait
[16:35:38:458432 +02:00] [Thread 7120] extDB3: SQL: Error MariaDBQueryException: PROCEDURE armalife.deleteDeadVehicles does not exist
[16:35:38:458463 +02:00] [Thread 7120] extDB3: SQL: Error MariaDBQueryException: Input: CALL deleteDeadVehicles
[16:35:38:458479 +02:00] [Thread 1896] extDB3: SQL: Error MariaDBQueryException: PROCEDURE armalife.deleteOldSms does not exist
[16:35:38:458492 +02:00] [Thread 1896] extDB3: SQL: Error MariaDBQueryException: Input: CALL deleteOldSms
[16:39:50:977002 +02:00] [Thread 6888] extDB3: SQL: Error MariaDBQueryException: You have an error in your SQL syntax; check the manual that corresponds to your MariaDB server version for the right syntax to use near 'est téléporté via MapTeleport en [2552.56,8597.25,0]')' at line 1
[16:39:50:977074 +02:00] [Thread 6888] extDB3: SQL: Error MariaDBQueryException: Input: INSERT INTO logs_alf (name, uid, type, text) VALUES ('Antonio Lopa', '76561198201065973', 'ADMIN', 'Antonio Lopa (76561198201065973) s'est téléporté via MapTeleport en [2552.56,8597.25,0]')
[16:40:12:165782 +02:00] [Thread 6888] extDB3: SQL: Error MariaDBQueryException: You have an error in your SQL syntax; check the manual that corresponds to your MariaDB server version for the right syntax to use near 'action 'Animations Rapides' via le menu admin.')' at line 1
[16:40:12:165871 +02:00] [Thread 6888] extDB3: SQL: Error MariaDBQueryException: Input: INSERT INTO logs_alf (name, uid, type, text) VALUES ('Antonio Lopa', '76561198201065973', 'ADMIN', 'A utilisé l'action 'Animations Rapides' via le menu admin.')
[16:42:17:026895 +02:00] [Thread 1824] extDB3: SQL: Error MariaDBQueryException: You have an error in your SQL syntax; check the manual that corresponds to your MariaDB server version for the right syntax to use near 'est téléporté via MapTeleport en [6197.17,7213.07,0]')' at line 1
[16:42:17:026946 +02:00] [Thread 1824] extDB3: SQL: Error MariaDBQueryException: Input: INSERT INTO logs_alf (name, uid, type, text) VALUES ('Antonio Lopa', '76561198201065973', 'ADMIN', 'Antonio Lopa (76561198201065973) s'est téléporté via MapTeleport en [6197.17,7213.07,0]')
