
extDB3: https://bitbucket.org/torndeco/extdb3/wiki/Home
extDB3: Version: 1.033
extDB3: Windows Version
Message: All development for extDB3 is done on a Linux Dedicated Server
Message: If you would like to Donate to extDB3 Development
Message: https://www.paypal.com/cgi-bin/webscr?cmd=_s-xclick&hosted_button_id=2SUEFTGABTAM2
Message: Also leave a message if there is any particular feature you would like to see added.
Message: Thanks for all the people that have donated.
Message: Torndeco: 18/05/15

Message: This version was modified and include some improvement
Message: The lib was recompiled using new version of TBBMalloc, Boost and MariaDB connector
Message: The worker threads limitation was removed
Message: Steez: 30/10/2020


extDB3: Found extdb3-conf.ini
extDB3: Detected 16 Cores, Setting up 6 Worker Threads
extDB3: Detected 16 Cores, Setting up 16 Worker Threads
extDB3: ...
extDB3: ...
extDB3: ...
extDB3: ...
extDB3: ...
extDB3: ...
extDB3: ...
extDB3: ...
extDB3: ...
extDB3: ...
extDB3: ...
extDB3: ...
extDB3: ...
extDB3: ...
extDB3: ...
extDB3: ...


[01:24:43:725785 +02:00] [Thread 18132] extDB3: SQL: Initialized: Add Quotes around TEXT Datatypes mode: 2
[01:24:43:725808 +02:00] [Thread 18132] extDB3: SQL: Initialized: NULL = ""
[01:24:43:725824 +02:00] [Thread 18132] extDB3: Locked
[01:24:43:732694 +02:00] [Thread 21168] extDB3: SQL: Error MariaDBQueryException: PROCEDURE armalife.deleteDeadVehicles does not exist
[01:24:43:732709 +02:00] [Thread 21456] extDB3: SQL: Error MariaDBQueryException: PROCEDURE armalife.deleteOldForfait does not exist
[01:24:43:732702 +02:00] [Thread 18108] extDB3: SQL: Error MariaDBQueryException: PROCEDURE armalife.deleteOldSms does not exist
[01:24:43:732734 +02:00] [Thread 21456] extDB3: SQL: Error MariaDBQueryException: Input: CALL deleteOldForfait
[01:24:43:732742 +02:00] [Thread 21168] extDB3: SQL: Error MariaDBQueryException: Input: CALL deleteDeadVehicles
[01:24:43:732762 +02:00] [Thread 18108] extDB3: SQL: Error MariaDBQueryException: Input: CALL deleteOldSms
