
extDB3: https://bitbucket.org/torndeco/extdb3/wiki/Home
extDB3: Version: 1.033
extDB3: Windows Version
Message: All development for extDB3 is done on a Linux Dedicated Server
Message: If you would like to Donate to extDB3 Development
Message: https://www.paypal.com/cgi-bin/webscr?cmd=_s-xclick&hosted_button_id=2SUEFTGABTAM2
Message: Also leave a message if there is any particular feature you would like to see added.
Message: Thanks for all the people that have donated.
Message: Torndeco: 18/05/15

Message: This version was modified and include some improvement
Message: The lib was recompiled using new version of TBBMalloc, Boost and MariaDB connector
Message: The worker threads limitation was removed
Message: Steez: 30/10/2020


extDB3: Found extdb3-conf.ini
extDB3: Detected 16 Cores, Setting up 6 Worker Threads
extDB3: Detected 16 Cores, Setting up 16 Worker Threads
extDB3: ...
extDB3: ...
extDB3: ...
extDB3: ...
extDB3: ...
extDB3: ...
extDB3: ...
extDB3: ...
extDB3: ...
extDB3: ...
extDB3: ...
extDB3: ...
extDB3: ...
extDB3: ...
extDB3: ...
extDB3: ...


[01:34:20:463621 +02:00] [Thread 14784] extDB3: SQL: Initialized: Add Quotes around TEXT Datatypes mode: 2
[01:34:20:463701 +02:00] [Thread 14784] extDB3: SQL: Initialized: NULL = ""
[01:34:20:463751 +02:00] [Thread 14784] extDB3: Locked
[01:34:23:479796 +02:00] [Thread 14484] extDB3: SQL: Error MariaDBQueryException: Table 'armalife.atm_dispo' doesn't exist
[01:34:23:479824 +02:00] [Thread 14484] extDB3: SQL: Error MariaDBQueryException: Input: SELECT pos_x, pos_y, cash_available FROM atm_dispo
[01:34:25:159716 +02:00] [Thread 14484] extDB3: SQL: Error MariaDBQueryException: Table 'armalife.atm_dispo' doesn't exist
[01:34:25:159775 +02:00] [Thread 14484] extDB3: SQL: Error MariaDBQueryException: Input: INSERT INTO atm_dispo (pos_x, pos_y, cash_available) VALUES (5011, 6754, 20000) ON DUPLICATE KEY UPDATE cash_available=20000
[01:34:25:171042 +02:00] [Thread 20724] extDB3: SQL: Error MariaDBQueryException: 
[01:34:25:171092 +02:00] [Thread 20724] extDB3: SQL: Error MariaDBQueryException: Input: INSERT INTO atm_dispo (pos_x, pos_y, cash_available) VALUES (6311, 7374, 200000) ON DUPLICATE KEY UPDATE cash_available=200000
[01:34:25:176635 +02:00] [Thread 16308] extDB3: SQL: Error MariaDBQueryException: Table 'armalife.atm_dispo' doesn't exist
[01:34:25:176663 +02:00] [Thread 16308] extDB3: SQL: Error MariaDBQueryException: Input: INSERT INTO atm_dispo (pos_x, pos_y, cash_available) VALUES (4062, 4528, 200000) ON DUPLICATE KEY UPDATE cash_available=200000
[01:34:25:176676 +02:00] [Thread 16640] extDB3: SQL: Error MariaDBQueryException: Table 'armalife.atm_dispo' doesn't exist
[01:34:25:176691 +02:00] [Thread 16640] extDB3: SQL: Error MariaDBQueryException: Input: INSERT INTO atm_dispo (pos_x, pos_y, cash_available) VALUES (7482, 7257, 200000) ON DUPLICATE KEY UPDATE cash_available=200000
[01:34:25:176710 +02:00] [Thread 17488] extDB3: SQL: Error MariaDBQueryException: Table 'armalife.atm_dispo' doesn't exist
[01:34:25:176713 +02:00] [Thread 14484] extDB3: SQL: Error MariaDBQueryException: Table 'armalife.atm_dispo' doesn't exist
[01:34:25:176726 +02:00] [Thread 18664] extDB3: SQL: Error MariaDBQueryException: Table 'armalife.atm_dispo' doesn't exist
[01:34:25:176745 +02:00] [Thread 11820] extDB3: SQL: Error MariaDBQueryException: Table 'armalife.atm_dispo' doesn't exist
[01:34:25:176730 +02:00] [Thread 17488] extDB3: SQL: Error MariaDBQueryException: Input: INSERT INTO atm_dispo (pos_x, pos_y, cash_available) VALUES (7484, 7259, 200000) ON DUPLICATE KEY UPDATE cash_available=200000
[01:34:25:176743 +02:00] [Thread 14484] extDB3: SQL: Error MariaDBQueryException: Input: INSERT INTO atm_dispo (pos_x, pos_y, cash_available) VALUES (7630, 4645, 200000) ON DUPLICATE KEY UPDATE cash_available=200000
[01:34:25:176750 +02:00] [Thread 21140] extDB3: SQL: Error MariaDBQueryException: Table 'armalife.atm_dispo' doesn't exist
[01:34:25:176755 +02:00] [Thread 11820] extDB3: SQL: Error MariaDBQueryException: Input: INSERT INTO atm_dispo (pos_x, pos_y, cash_available) VALUES (1891, 9925, 20000) ON DUPLICATE KEY UPDATE cash_available=20000
[01:34:25:176739 +02:00] [Thread 16876] extDB3: SQL: Error MariaDBQueryException: Table 'armalife.atm_dispo' doesn't exist
[01:34:25:176755 +02:00] [Thread 18664] extDB3: SQL: Error MariaDBQueryException: Input: INSERT INTO atm_dispo (pos_x, pos_y, cash_available) VALUES (7485, 7261, 200000) ON DUPLICATE KEY UPDATE cash_available=200000
[01:34:25:176755 +02:00] [Thread 16284] extDB3: SQL: Error MariaDBQueryException: Table 'armalife.atm_dispo' doesn't exist
[01:34:25:176757 +02:00] [Thread 12304] extDB3: SQL: Error MariaDBQueryException: Table 'armalife.atm_dispo' doesn't exist
[01:34:25:176823 +02:00] [Thread 21140] extDB3: SQL: Error MariaDBQueryException: Input: INSERT INTO atm_dispo (pos_x, pos_y, cash_available) VALUES (3830, 9240, 200000) ON DUPLICATE KEY UPDATE cash_available=200000
[01:34:25:176908 +02:00] [Thread 16876] extDB3: SQL: Error MariaDBQueryException: Input: INSERT INTO atm_dispo (pos_x, pos_y, cash_available) VALUES (3677, 2223, 20000) ON DUPLICATE KEY UPDATE cash_available=20000
[01:34:25:176935 +02:00] [Thread 16284] extDB3: SQL: Error MariaDBQueryException: Input: INSERT INTO atm_dispo (pos_x, pos_y, cash_available) VALUES (8339, 1634, 200000) ON DUPLICATE KEY UPDATE cash_available=200000
[01:34:25:176946 +02:00] [Thread 12304] extDB3: SQL: Error MariaDBQueryException: Input: INSERT INTO atm_dispo (pos_x, pos_y, cash_available) VALUES (1137, 7229, 20000) ON DUPLICATE KEY UPDATE cash_available=20000
