
extDB3: https://bitbucket.org/torndeco/extdb3/wiki/Home
extDB3: Version: 1.033
extDB3: Windows Version
Message: All development for extDB3 is done on a Linux Dedicated Server
Message: If you would like to Donate to extDB3 Development
Message: https://www.paypal.com/cgi-bin/webscr?cmd=_s-xclick&hosted_button_id=2SUEFTGABTAM2
Message: Also leave a message if there is any particular feature you would like to see added.
Message: Thanks for all the people that have donated.
Message: Torndeco: 18/05/15

Message: This version was modified and include some improvement
Message: The lib was recompiled using new version of TBBMalloc, Boost and MariaDB connector
Message: The worker threads limitation was removed
Message: Steez: 30/10/2020


extDB3: Found extdb3-conf.ini
extDB3: Detected 16 Cores, Setting up 6 Worker Threads
extDB3: Detected 16 Cores, Setting up 16 Worker Threads
extDB3: ...
extDB3: ...
extDB3: ...
extDB3: ...
extDB3: ...
extDB3: ...
extDB3: ...
extDB3: ...
extDB3: ...
extDB3: ...
extDB3: ...
extDB3: ...
extDB3: ...
extDB3: ...
extDB3: ...
extDB3: ...


[15:31:03:792974 +02:00] [Thread 21996] extDB3: SQL: Initialized: Add Quotes around TEXT Datatypes mode: 2
[15:31:03:792998 +02:00] [Thread 21996] extDB3: SQL: Initialized: NULL = ""
[15:31:03:793057 +02:00] [Thread 21996] extDB3: Locked
[15:31:03:800549 +02:00] [Thread 15236] extDB3: SQL: Error MariaDBQueryException: PROCEDURE armalife.deleteOldForfait does not exist
[15:31:03:800545 +02:00] [Thread 2092] extDB3: SQL: Error MariaDBQueryException: PROCEDURE armalife.deleteDeadVehicles does not exist
[15:31:03:800557 +02:00] [Thread 21440] extDB3: SQL: Error MariaDBQueryException: PROCEDURE armalife.deleteOldSms does not exist
[15:31:03:800589 +02:00] [Thread 15236] extDB3: SQL: Error MariaDBQueryException: Input: CALL deleteOldForfait
[15:31:03:800607 +02:00] [Thread 2092] extDB3: SQL: Error MariaDBQueryException: Input: CALL deleteDeadVehicles
[15:31:03:800621 +02:00] [Thread 21440] extDB3: SQL: Error MariaDBQueryException: Input: CALL deleteOldSms
[15:36:42:960325 +02:00] [Thread 6352] extDB3: SQL: Error MariaDBQueryException: You have an error in your SQL syntax; check the manual that corresponds to your MariaDB server version for the right syntax to use near 'est téléporté via MapTeleport en [5510.58,4811.65,0]')' at line 1
[15:36:42:960405 +02:00] [Thread 6352] extDB3: SQL: Error MariaDBQueryException: Input: INSERT INTO logs_alf (name, uid, type, text) VALUES ('Antonio Lopa', '76561198201065973', 'ADMIN', 'Antonio Lopa (76561198201065973) s'est téléporté via MapTeleport en [5510.58,4811.65,0]')
[15:43:05:932458 +02:00] [Thread 20408] extDB3: SQL: Error MariaDBQueryException: You have an error in your SQL syntax; check the manual that corresponds to your MariaDB server version for the right syntax to use near 'est téléporté via MapTeleport en [1977.51,9943.34,0]')' at line 1
[15:43:05:932532 +02:00] [Thread 20408] extDB3: SQL: Error MariaDBQueryException: Input: INSERT INTO logs_alf (name, uid, type, text) VALUES ('Antonio Lopa', '76561198201065973', 'ADMIN', 'Antonio Lopa (76561198201065973) s'est téléporté via MapTeleport en [1977.51,9943.34,0]')
