
extDB3: https://bitbucket.org/torndeco/extdb3/wiki/Home
extDB3: Version: 1.033
extDB3: Windows Version
Message: All development for extDB3 is done on a Linux Dedicated Server
Message: If you would like to Donate to extDB3 Development
Message: https://www.paypal.com/cgi-bin/webscr?cmd=_s-xclick&hosted_button_id=2SUEFTGABTAM2
Message: Also leave a message if there is any particular feature you would like to see added.
Message: Thanks for all the people that have donated.
Message: Torndeco: 18/05/15

Message: This version was modified and include some improvement
Message: The lib was recompiled using new version of TBBMalloc, Boost and MariaDB connector
Message: The worker threads limitation was removed
Message: Steez: 30/10/2020


extDB3: Found extdb3-conf.ini
extDB3: Detected 16 Cores, Setting up 6 Worker Threads
extDB3: Detected 16 Cores, Setting up 16 Worker Threads
extDB3: ...
extDB3: ...
extDB3: ...
extDB3: ...
extDB3: ...
extDB3: ...
extDB3: ...
extDB3: ...
extDB3: ...
extDB3: ...
extDB3: ...
extDB3: ...
extDB3: ...
extDB3: ...
extDB3: ...
extDB3: ...


[20:16:01:748593 +02:00] [Thread 5884] extDB3: SQL: Initialized: Add Quotes around TEXT Datatypes mode: 2
[20:16:01:748618 +02:00] [Thread 5884] extDB3: SQL: Initialized: NULL = ""
[20:16:01:748634 +02:00] [Thread 5884] extDB3: Locked
[20:16:01:755872 +02:00] [Thread 10492] extDB3: SQL: Error MariaDBQueryException: PROCEDURE armalife.deleteDeadVehicles does not exist
[20:16:01:755893 +02:00] [Thread 10492] extDB3: SQL: Error MariaDBQueryException: Input: CALL deleteDeadVehicles
[20:16:01:755903 +02:00] [Thread 4704] extDB3: SQL: Error MariaDBQueryException: PROCEDURE armalife.deleteOldSms does not exist
[20:16:01:755908 +02:00] [Thread 22228] extDB3: SQL: Error MariaDBQueryException: PROCEDURE armalife.deleteOldForfait does not exist
[20:16:01:756000 +02:00] [Thread 22228] extDB3: SQL: Error MariaDBQueryException: Input: CALL deleteOldForfait
[20:16:01:755936 +02:00] [Thread 4704] extDB3: SQL: Error MariaDBQueryException: Input: CALL deleteOldSms
[20:30:21:403786 +02:00] [Thread 5208] extDB3: SQL: Error MariaDBQueryException: You have an error in your SQL syntax; check the manual that corresponds to your MariaDB server version for the right syntax to use near 'est téléporté via MapTeleport en [6054.47,7847.78,0]')' at line 1
[20:30:21:403853 +02:00] [Thread 5208] extDB3: SQL: Error MariaDBQueryException: Input: INSERT INTO logs_alf (name, uid, type, text) VALUES ('Antonio Lopa', '76561198201065973', 'ADMIN', 'Antonio Lopa (76561198201065973) s'est téléporté via MapTeleport en [6054.47,7847.78,0]')
[20:30:35:661855 +02:00] [Thread 5208] extDB3: SQL: Error MariaDBQueryException: You have an error in your SQL syntax; check the manual that corresponds to your MariaDB server version for the right syntax to use near 'est téléporté via MapTeleport en [4132.31,4561.99,0]')' at line 1
[20:30:35:661901 +02:00] [Thread 5208] extDB3: SQL: Error MariaDBQueryException: Input: INSERT INTO logs_alf (name, uid, type, text) VALUES ('Antonio Lopa', '76561198201065973', 'ADMIN', 'Antonio Lopa (76561198201065973) s'est téléporté via MapTeleport en [4132.31,4561.99,0]')
[20:32:09:111256 +02:00] [Thread 7240] extDB3: SQL: Error MariaDBQueryException: You have an error in your SQL syntax; check the manual that corresponds to your MariaDB server version for the right syntax to use near 'est téléporté via MapTeleport en [6057.02,7829.14,0]')' at line 1
[20:32:09:111307 +02:00] [Thread 7240] extDB3: SQL: Error MariaDBQueryException: Input: INSERT INTO logs_alf (name, uid, type, text) VALUES ('Antonio Lopa', '76561198201065973', 'ADMIN', 'Antonio Lopa (76561198201065973) s'est téléporté via MapTeleport en [6057.02,7829.14,0]')
[20:32:16:972251 +02:00] [Thread 7240] extDB3: SQL: Error MariaDBQueryException: You have an error in your SQL syntax; check the manual that corresponds to your MariaDB server version for the right syntax to use near 'est téléporté via MapTeleport en [6208.5,7214.91,0]')' at line 1
[20:32:16:972297 +02:00] [Thread 7240] extDB3: SQL: Error MariaDBQueryException: Input: INSERT INTO logs_alf (name, uid, type, text) VALUES ('Antonio Lopa', '76561198201065973', 'ADMIN', 'Antonio Lopa (76561198201065973) s'est téléporté via MapTeleport en [6208.5,7214.91,0]')
