
extDB3: https://bitbucket.org/torndeco/extdb3/wiki/Home
extDB3: Version: 1.033
extDB3: Windows Version
Message: All development for extDB3 is done on a Linux Dedicated Server
Message: If you would like to Donate to extDB3 Development
Message: https://www.paypal.com/cgi-bin/webscr?cmd=_s-xclick&hosted_button_id=2SUEFTGABTAM2
Message: Also leave a message if there is any particular feature you would like to see added.
Message: Thanks for all the people that have donated.
Message: Torndeco: 18/05/15

Message: This version was modified and include some improvement
Message: The lib was recompiled using new version of TBBMalloc, Boost and MariaDB connector
Message: The worker threads limitation was removed
Message: Steez: 30/10/2020


extDB3: Found extdb3-conf.ini
extDB3: Detected 16 Cores, Setting up 6 Worker Threads
extDB3: Detected 16 Cores, Setting up 16 Worker Threads
extDB3: ...
extDB3: ...
extDB3: ...
extDB3: ...
extDB3: ...
extDB3: ...
extDB3: ...
extDB3: ...
extDB3: ...
extDB3: ...
extDB3: ...
extDB3: ...
extDB3: ...
extDB3: ...
extDB3: ...
extDB3: ...


[21:28:34:919055 +02:00] [Thread 17340] extDB3: SQL: Initialized: Add Quotes around TEXT Datatypes mode: 2
[21:28:34:919079 +02:00] [Thread 17340] extDB3: SQL: Initialized: NULL = ""
[21:28:34:919095 +02:00] [Thread 17340] extDB3: Locked
[21:28:34:926332 +02:00] [Thread 9896] extDB3: SQL: Error MariaDBQueryException: PROCEDURE armalife.deleteDeadVehicles does not exist
[21:28:34:926388 +02:00] [Thread 9896] extDB3: SQL: Error MariaDBQueryException: Input: CALL deleteDeadVehicles
[21:28:34:926390 +02:00] [Thread 17504] extDB3: SQL: Error MariaDBQueryException: PROCEDURE armalife.deleteOldForfait does not exist
[21:28:34:926423 +02:00] [Thread 17504] extDB3: SQL: Error MariaDBQueryException: Input: CALL deleteOldForfait
[21:28:34:926432 +02:00] [Thread 9612] extDB3: SQL: Error MariaDBQueryException: PROCEDURE armalife.deleteOldSms does not exist
[21:28:34:926445 +02:00] [Thread 9612] extDB3: SQL: Error MariaDBQueryException: Input: CALL deleteOldSms
[21:31:01:270911 +02:00] [Thread 8472] extDB3: SQL: Error MariaDBQueryException: You have an error in your SQL syntax; check the manual that corresponds to your MariaDB server version for the right syntax to use near 'est téléporté via MapTeleport en [1972.71,9941.42,0]')' at line 1
[21:31:01:270983 +02:00] [Thread 8472] extDB3: SQL: Error MariaDBQueryException: Input: INSERT INTO logs_alf (name, uid, type, text) VALUES ('Antonio Lopa', '76561198201065973', 'ADMIN', 'Antonio Lopa (76561198201065973) s'est téléporté via MapTeleport en [1972.71,9941.42,0]')
[21:31:26:568905 +02:00] [Thread 8472] extDB3: SQL: Error MariaDBQueryException: You have an error in your SQL syntax; check the manual that corresponds to your MariaDB server version for the right syntax to use near 'action 'Arsenal' via le menu admin.')' at line 1
[21:31:26:568972 +02:00] [Thread 8472] extDB3: SQL: Error MariaDBQueryException: Input: INSERT INTO logs_alf (name, uid, type, text) VALUES ('antonio lope', '76561198658879138', 'ADMIN', 'A utilisé l'action 'Arsenal' via le menu admin.')
[21:32:43:996126 +02:00] [Thread 8472] extDB3: SQL: Error MariaDBQueryException: You have an error in your SQL syntax; check the manual that corresponds to your MariaDB server version for the right syntax to use near 'est téléporté via MapTeleport en [2666.71,9564.94,0]')' at line 1
[21:32:43:996193 +02:00] [Thread 8472] extDB3: SQL: Error MariaDBQueryException: Input: INSERT INTO logs_alf (name, uid, type, text) VALUES ('antonio lope', '76561198658879138', 'ADMIN', 'antonio lope (76561198658879138) s'est téléporté via MapTeleport en [2666.71,9564.94,0]')
[21:33:01:363845 +02:00] [Thread 8472] extDB3: SQL: Error MariaDBQueryException: You have an error in your SQL syntax; check the manual that corresponds to your MariaDB server version for the right syntax to use near 'est téléporté via MapTeleport en [6274.93,7230.6,0]')' at line 1
[21:33:01:363943 +02:00] [Thread 8472] extDB3: SQL: Error MariaDBQueryException: Input: INSERT INTO logs_alf (name, uid, type, text) VALUES ('antonio lope', '76561198658879138', 'ADMIN', 'antonio lope (76561198658879138) s'est téléporté via MapTeleport en [6274.93,7230.6,0]')
[21:33:07:983574 +02:00] [Thread 8472] extDB3: SQL: Error MariaDBQueryException: You have an error in your SQL syntax; check the manual that corresponds to your MariaDB server version for the right syntax to use near 'est téléporté via MapTeleport en [6264.07,7245.88,0]')' at line 1
[21:33:07:983644 +02:00] [Thread 8472] extDB3: SQL: Error MariaDBQueryException: Input: INSERT INTO logs_alf (name, uid, type, text) VALUES ('antonio lope', '76561198658879138', 'ADMIN', 'antonio lope (76561198658879138) s'est téléporté via MapTeleport en [6264.07,7245.88,0]')
