
extDB3: https://bitbucket.org/torndeco/extdb3/wiki/Home
extDB3: Version: 1.033
extDB3: Windows Version
Message: All development for extDB3 is done on a Linux Dedicated Server
Message: If you would like to Donate to extDB3 Development
Message: https://www.paypal.com/cgi-bin/webscr?cmd=_s-xclick&hosted_button_id=2SUEFTGABTAM2
Message: Also leave a message if there is any particular feature you would like to see added.
Message: Thanks for all the people that have donated.
Message: Torndeco: 18/05/15

Message: This version was modified and include some improvement
Message: The lib was recompiled using new version of TBBMalloc, Boost and MariaDB connector
Message: The worker threads limitation was removed
Message: Steez: 30/10/2020


extDB3: Found extdb3-conf.ini
extDB3: Detected 16 Cores, Setting up 6 Worker Threads
extDB3: Detected 16 Cores, Setting up 16 Worker Threads
extDB3: ...
extDB3: ...
extDB3: ...
extDB3: ...
extDB3: ...
extDB3: ...
extDB3: ...
extDB3: ...
extDB3: ...
extDB3: ...
extDB3: ...
extDB3: ...
extDB3: ...
extDB3: ...
extDB3: ...
extDB3: ...


[21:05:17:491920 +02:00] [Thread 21396] extDB3: SQL: Initialized: Add Quotes around TEXT Datatypes mode: 2
[21:05:17:491944 +02:00] [Thread 21396] extDB3: SQL: Initialized: NULL = ""
[21:05:17:491959 +02:00] [Thread 21396] extDB3: Locked
[21:05:17:498700 +02:00] [Thread 14096] extDB3: SQL: Error MariaDBQueryException: PROCEDURE armalife.deleteDeadVehicles does not exist
[21:05:17:498718 +02:00] [Thread 14096] extDB3: SQL: Error MariaDBQueryException: Input: CALL deleteDeadVehicles
[21:05:17:498748 +02:00] [Thread 17548] extDB3: SQL: Error MariaDBQueryException: PROCEDURE armalife.deleteOldSms does not exist
[21:05:17:498760 +02:00] [Thread 17548] extDB3: SQL: Error MariaDBQueryException: Input: CALL deleteOldSms
[21:05:17:498779 +02:00] [Thread 22104] extDB3: SQL: Error MariaDBQueryException: PROCEDURE armalife.deleteOldForfait does not exist
[21:05:17:498791 +02:00] [Thread 22104] extDB3: SQL: Error MariaDBQueryException: Input: CALL deleteOldForfait
[21:19:38:428299 +02:00] [Thread 14096] extDB3: SQL: Error MariaDBQueryException: You have an error in your SQL syntax; check the manual that corresponds to your MariaDB server version for the right syntax to use near 'action 'Arsenal' via le menu admin.')' at line 1
[21:19:38:428392 +02:00] [Thread 14096] extDB3: SQL: Error MariaDBQueryException: Input: INSERT INTO logs_alf (name, uid, type, text) VALUES ('antonio lope', '76561198658879138', 'ADMIN', 'A utilisé l'action 'Arsenal' via le menu admin.')
[21:20:00:303340 +02:00] [Thread 14096] extDB3: SQL: Error MariaDBQueryException: You have an error in your SQL syntax; check the manual that corresponds to your MariaDB server version for the right syntax to use near 'est téléporté via MapTeleport en [1967.17,9934.32,0]')' at line 1
[21:20:00:303417 +02:00] [Thread 14096] extDB3: SQL: Error MariaDBQueryException: Input: INSERT INTO logs_alf (name, uid, type, text) VALUES ('Antonio Lopa', '76561198201065973', 'ADMIN', 'Antonio Lopa (76561198201065973) s'est téléporté via MapTeleport en [1967.17,9934.32,0]')
