
extDB3: https://bitbucket.org/torndeco/extdb3/wiki/Home
extDB3: Version: 1.033
extDB3: Windows Version
Message: All development for extDB3 is done on a Linux Dedicated Server
Message: If you would like to Donate to extDB3 Development
Message: https://www.paypal.com/cgi-bin/webscr?cmd=_s-xclick&hosted_button_id=2SUEFTGABTAM2
Message: Also leave a message if there is any particular feature you would like to see added.
Message: Thanks for all the people that have donated.
Message: Torndeco: 18/05/15

Message: This version was modified and include some improvement
Message: The lib was recompiled using new version of TBBMalloc, Boost and MariaDB connector
Message: The worker threads limitation was removed
Message: Steez: 30/10/2020


extDB3: Found extdb3-conf.ini
extDB3: Detected 16 Cores, Setting up 6 Worker Threads
extDB3: Detected 16 Cores, Setting up 16 Worker Threads
extDB3: ...
extDB3: ...
extDB3: ...
extDB3: ...
extDB3: ...
extDB3: ...
extDB3: ...
extDB3: ...
extDB3: ...
extDB3: ...
extDB3: ...
extDB3: ...
extDB3: ...
extDB3: ...
extDB3: ...
extDB3: ...


[22:16:02:098293 +02:00] [Thread 17796] extDB3: SQL: Initialized: Add Quotes around TEXT Datatypes mode: 2
[22:16:02:098326 +02:00] [Thread 17796] extDB3: SQL: Initialized: NULL = ""
[22:16:02:098345 +02:00] [Thread 17796] extDB3: Locked
[22:16:02:106473 +02:00] [Thread 5652] extDB3: SQL: Error MariaDBQueryException: PROCEDURE armalife.deleteDeadVehicles does not exist
[22:16:02:106484 +02:00] [Thread 4100] extDB3: SQL: Error MariaDBQueryException: PROCEDURE armalife.deleteOldSms does not exist
[22:16:02:106495 +02:00] [Thread 5652] extDB3: SQL: Error MariaDBQueryException: Input: CALL deleteDeadVehicles
[22:16:02:106508 +02:00] [Thread 4100] extDB3: SQL: Error MariaDBQueryException: Input: CALL deleteOldSms
[22:16:02:106522 +02:00] [Thread 7820] extDB3: SQL: Error MariaDBQueryException: PROCEDURE armalife.deleteOldForfait does not exist
[22:16:02:106535 +02:00] [Thread 7820] extDB3: SQL: Error MariaDBQueryException: Input: CALL deleteOldForfait
[22:18:25:951175 +02:00] [Thread 7820] extDB3: SQL: Error MariaDBQueryException: You have an error in your SQL syntax; check the manual that corresponds to your MariaDB server version for the right syntax to use near 'entreprise (SIRET: 732482695) pour 300000€ | POS : [1947.03,9950.31,0.18959...' at line 1
[22:18:25:951273 +02:00] [Thread 7820] extDB3: SQL: Error MariaDBQueryException: Input: INSERT INTO logs_alf (name, uid, type, text) VALUES ('Antonio Lopa', '76561198201065973', 'MAISON', 'A acheté un hangar pour l'entreprise (SIRET: 732482695) pour 300000€ | POS : [1947.03,9950.31,0.189598] | HANGAR : Land_i_Shed_Ind_F.')
[22:18:57:900192 +02:00] [Thread 15892] extDB3: SQL: Error MariaDBQueryException: You have an error in your SQL syntax; check the manual that corresponds to your MariaDB server version for the right syntax to use near 'est téléporté via MapTeleport en [5510.58,4811.45,0]')' at line 1
[22:18:57:900261 +02:00] [Thread 15892] extDB3: SQL: Error MariaDBQueryException: Input: INSERT INTO logs_alf (name, uid, type, text) VALUES ('Antonio Lopa', '76561198201065973', 'ADMIN', 'Antonio Lopa (76561198201065973) s'est téléporté via MapTeleport en [5510.58,4811.45,0]')
