
extDB3: https://bitbucket.org/torndeco/extdb3/wiki/Home
extDB3: Version: 1.033
extDB3: Windows Version
Message: All development for extDB3 is done on a Linux Dedicated Server
Message: If you would like to Donate to extDB3 Development
Message: https://www.paypal.com/cgi-bin/webscr?cmd=_s-xclick&hosted_button_id=2SUEFTGABTAM2
Message: Also leave a message if there is any particular feature you would like to see added.
Message: Thanks for all the people that have donated.
Message: Torndeco: 18/05/15

Message: This version was modified and include some improvement
Message: The lib was recompiled using new version of TBBMalloc, Boost and MariaDB connector
Message: The worker threads limitation was removed
Message: Steez: 30/10/2020


extDB3: Found extdb3-conf.ini
extDB3: Detected 16 Cores, Setting up 6 Worker Threads
extDB3: Detected 16 Cores, Setting up 16 Worker Threads
extDB3: ...
extDB3: ...
extDB3: ...
extDB3: ...
extDB3: ...
extDB3: ...
extDB3: ...
extDB3: ...
extDB3: ...
extDB3: ...
extDB3: ...
extDB3: ...
extDB3: ...
extDB3: ...
extDB3: ...
extDB3: ...


[22:34:34:094827 +02:00] [Thread 16480] extDB3: SQL: Initialized: Add Quotes around TEXT Datatypes mode: 2
[22:34:34:094870 +02:00] [Thread 16480] extDB3: SQL: Initialized: NULL = ""
[22:34:34:094889 +02:00] [Thread 16480] extDB3: Locked
[22:34:34:101631 +02:00] [Thread 16860] extDB3: SQL: Error MariaDBQueryException: PROCEDURE armalife.deleteOldForfait does not exist
[22:34:34:101652 +02:00] [Thread 16860] extDB3: SQL: Error MariaDBQueryException: Input: CALL deleteOldForfait
[22:34:34:101672 +02:00] [Thread 20008] extDB3: SQL: Error MariaDBQueryException: PROCEDURE armalife.deleteDeadVehicles does not exist
[22:34:34:101679 +02:00] [Thread 14240] extDB3: SQL: Error MariaDBQueryException: PROCEDURE armalife.deleteOldSms does not exist
[22:34:34:101686 +02:00] [Thread 20008] extDB3: SQL: Error MariaDBQueryException: Input: CALL deleteDeadVehicles
[22:34:34:101697 +02:00] [Thread 14240] extDB3: SQL: Error MariaDBQueryException: Input: CALL deleteOldSms
[22:37:01:138391 +02:00] [Thread 22092] extDB3: SQL: Error MariaDBQueryException: You have an error in your SQL syntax; check the manual that corresponds to your MariaDB server version for the right syntax to use near 'est téléporté via MapTeleport en [5509.94,4811.04,0]')' at line 1
[22:37:01:138473 +02:00] [Thread 22092] extDB3: SQL: Error MariaDBQueryException: Input: INSERT INTO logs_alf (name, uid, type, text) VALUES ('Antonio Lopa', '76561198201065973', 'ADMIN', 'Antonio Lopa (76561198201065973) s'est téléporté via MapTeleport en [5509.94,4811.04,0]')
[22:42:38:281871 +02:00] [Thread 1412] extDB3: SQL: Error MariaDBQueryException: You have an error in your SQL syntax; check the manual that corresponds to your MariaDB server version for the right syntax to use near 'est téléporté via MapTeleport en [3940.93,4463.9,0]')' at line 1
[22:42:38:281940 +02:00] [Thread 1412] extDB3: SQL: Error MariaDBQueryException: Input: INSERT INTO logs_alf (name, uid, type, text) VALUES ('Antonio Lopa', '76561198201065973', 'ADMIN', 'Antonio Lopa (76561198201065973) s'est téléporté via MapTeleport en [3940.93,4463.9,0]')
[22:43:22:390492 +02:00] [Thread 1412] extDB3: SQL: Error MariaDBQueryException: You have an error in your SQL syntax; check the manual that corresponds to your MariaDB server version for the right syntax to use near 'est téléporté via MapTeleport en [1969.84,9942.43,0]')' at line 1
[22:43:22:390562 +02:00] [Thread 1412] extDB3: SQL: Error MariaDBQueryException: Input: INSERT INTO logs_alf (name, uid, type, text) VALUES ('Antonio Lopa', '76561198201065973', 'ADMIN', 'Antonio Lopa (76561198201065973) s'est téléporté via MapTeleport en [1969.84,9942.43,0]')
