
extDB3: https://bitbucket.org/torndeco/extdb3/wiki/Home
extDB3: Version: 1.033
extDB3: Windows Version
Message: All development for extDB3 is done on a Linux Dedicated Server
Message: If you would like to Donate to extDB3 Development
Message: https://www.paypal.com/cgi-bin/webscr?cmd=_s-xclick&hosted_button_id=2SUEFTGABTAM2
Message: Also leave a message if there is any particular feature you would like to see added.
Message: Thanks for all the people that have donated.
Message: Torndeco: 18/05/15

Message: This version was modified and include some improvement
Message: The lib was recompiled using new version of TBBMalloc, Boost and MariaDB connector
Message: The worker threads limitation was removed
Message: Steez: 30/10/2020


extDB3: Found extdb3-conf.ini
extDB3: Detected 16 Cores, Setting up 6 Worker Threads
extDB3: Detected 16 Cores, Setting up 16 Worker Threads
extDB3: ...
extDB3: ...
extDB3: ...
extDB3: ...
extDB3: ...
extDB3: ...
extDB3: ...
extDB3: ...
extDB3: ...
extDB3: ...
extDB3: ...
extDB3: ...
extDB3: ...
extDB3: ...
extDB3: ...
extDB3: ...


[09:10:46:874042 +02:00] [Thread 21396] extDB3: SQL: Initialized: Add Quotes around TEXT Datatypes mode: 2
[09:10:46:874102 +02:00] [Thread 21396] extDB3: SQL: Initialized: NULL = ""
[09:10:46:874135 +02:00] [Thread 21396] extDB3: Locked
[09:10:46:881356 +02:00] [Thread 20396] extDB3: SQL: Error MariaDBQueryException: PROCEDURE armalife.deleteDeadVehicles does not exist
[09:10:46:881382 +02:00] [Thread 20396] extDB3: SQL: Error MariaDBQueryException: Input: CALL deleteDeadVehicles
[09:10:46:881399 +02:00] [Thread 17660] extDB3: SQL: Error MariaDBQueryException: PROCEDURE armalife.deleteOldForfait does not exist
[09:10:46:881412 +02:00] [Thread 17660] extDB3: SQL: Error MariaDBQueryException: Input: CALL deleteOldForfait
[09:10:46:881436 +02:00] [Thread 18388] extDB3: SQL: Error MariaDBQueryException: PROCEDURE armalife.deleteOldSms does not exist
[09:10:46:881450 +02:00] [Thread 18388] extDB3: SQL: Error MariaDBQueryException: Input: CALL deleteOldSms
[09:14:15:656113 +02:00] [Thread 14880] extDB3: SQL: Error MariaDBQueryException: You have an error in your SQL syntax; check the manual that corresponds to your MariaDB server version for the right syntax to use near 'est téléporté via MapTeleport en [3922.47,4474.68,0]')' at line 1
[09:14:15:656575 +02:00] [Thread 14880] extDB3: SQL: Error MariaDBQueryException: Input: INSERT INTO logs_alf (name, uid, type, text) VALUES ('Antonio Lopa', '76561198201065973', 'ADMIN', 'Antonio Lopa (76561198201065973) s'est téléporté via MapTeleport en [3922.47,4474.68,0]')
[09:14:40:598035 +02:00] [Thread 14880] extDB3: SQL: Error MariaDBQueryException: You have an error in your SQL syntax; check the manual that corresponds to your MariaDB server version for the right syntax to use near 'est téléporté via MapTeleport en [4437.83,7534.9,0]')' at line 1
[09:14:40:598095 +02:00] [Thread 14880] extDB3: SQL: Error MariaDBQueryException: Input: INSERT INTO logs_alf (name, uid, type, text) VALUES ('Antonio Lopa', '76561198201065973', 'ADMIN', 'Antonio Lopa (76561198201065973) s'est téléporté via MapTeleport en [4437.83,7534.9,0]')
[09:15:10:478916 +02:00] [Thread 14880] extDB3: SQL: Error MariaDBQueryException: You have an error in your SQL syntax; check the manual that corresponds to your MariaDB server version for the right syntax to use near 'est téléporté via MapTeleport en [5576.83,4875.86,0]')' at line 1
[09:15:10:479007 +02:00] [Thread 14880] extDB3: SQL: Error MariaDBQueryException: Input: INSERT INTO logs_alf (name, uid, type, text) VALUES ('Antonio Lopa', '76561198201065973', 'ADMIN', 'Antonio Lopa (76561198201065973) s'est téléporté via MapTeleport en [5576.83,4875.86,0]')
