
extDB3: https://bitbucket.org/torndeco/extdb3/wiki/Home
extDB3: Version: 1.033
extDB3: Windows Version
Message: All development for extDB3 is done on a Linux Dedicated Server
Message: If you would like to Donate to extDB3 Development
Message: https://www.paypal.com/cgi-bin/webscr?cmd=_s-xclick&hosted_button_id=2SUEFTGABTAM2
Message: Also leave a message if there is any particular feature you would like to see added.
Message: Thanks for all the people that have donated.
Message: Torndeco: 18/05/15

Message: This version was modified and include some improvement
Message: The lib was recompiled using new version of TBBMalloc, Boost and MariaDB connector
Message: The worker threads limitation was removed
Message: Steez: 30/10/2020


extDB3: Found extdb3-conf.ini
extDB3: Detected 16 Cores, Setting up 6 Worker Threads
extDB3: Detected 16 Cores, Setting up 16 Worker Threads
extDB3: ...
extDB3: ...
extDB3: ...
extDB3: ...
extDB3: ...
extDB3: ...
extDB3: ...
extDB3: ...
extDB3: ...
extDB3: ...
extDB3: ...
extDB3: ...
extDB3: ...
extDB3: ...
extDB3: ...
extDB3: ...


[14:01:33:306063 +02:00] [Thread 8988] extDB3: SQL: Initialized: Add Quotes around TEXT Datatypes mode: 2
[14:01:33:306083 +02:00] [Thread 8988] extDB3: SQL: Initialized: NULL = ""
[14:01:33:306094 +02:00] [Thread 8988] extDB3: Locked
[14:01:33:313911 +02:00] [Thread 8320] extDB3: SQL: Error MariaDBQueryException: PROCEDURE altislife.resetLifeVehicles does not exist
[14:01:33:313923 +02:00] [Thread 8320] extDB3: SQL: Error MariaDBQueryException: Input: CALL resetLifeVehicles
[14:01:33:313946 +02:00] [Thread 7068] extDB3: SQL: Error MariaDBQueryException: PROCEDURE altislife.deleteDeadVehicles does not exist
[14:01:33:313957 +02:00] [Thread 7068] extDB3: SQL: Error MariaDBQueryException: Input: CALL deleteDeadVehicles
[14:01:33:313992 +02:00] [Thread 2364] extDB3: SQL: Error MariaDBQueryException: PROCEDURE altislife.deleteOldHouses does not exist
[14:01:33:314003 +02:00] [Thread 2364] extDB3: SQL: Error MariaDBQueryException: Input: CALL deleteOldHouses
[14:01:33:314014 +02:00] [Thread 7780] extDB3: SQL: Error MariaDBQueryException: PROCEDURE altislife.Point_Permis does not exist
[14:01:33:314025 +02:00] [Thread 7780] extDB3: SQL: Error MariaDBQueryException: Input: CALL Point_Permis
[14:01:33:314030 +02:00] [Thread 7660] extDB3: SQL: Error MariaDBQueryException: PROCEDURE altislife.deleteOldGangs does not exist
[14:01:33:314041 +02:00] [Thread 7660] extDB3: SQL: Error MariaDBQueryException: Input: CALL deleteOldGangs
[15:01:34:013000 +02:00] [Thread 7928] extDB3: SQL: Error MariaDBQueryException: PROCEDURE altislife.braceletTimeUpdate does not exist
[15:01:34:013148 +02:00] [Thread 7928] extDB3: SQL: Error MariaDBQueryException: Input: CALL braceletTimeUpdate
[16:01:34:075954 +02:00] [Thread 7928] extDB3: SQL: Error MariaDBQueryException: PROCEDURE altislife.braceletTimeUpdate does not exist
[16:01:34:076032 +02:00] [Thread 7928] extDB3: SQL: Error MariaDBQueryException: Input: CALL braceletTimeUpdate
[17:01:34:154789 +02:00] [Thread 2892] extDB3: SQL: Error MariaDBQueryException: PROCEDURE altislife.braceletTimeUpdate does not exist
[17:01:34:154942 +02:00] [Thread 2892] extDB3: SQL: Error MariaDBQueryException: Input: CALL braceletTimeUpdate
[18:01:34:221977 +02:00] [Thread 4424] extDB3: SQL: Error MariaDBQueryException: PROCEDURE altislife.braceletTimeUpdate does not exist
[18:01:34:222074 +02:00] [Thread 4424] extDB3: SQL: Error MariaDBQueryException: Input: CALL braceletTimeUpdate
[19:01:34:292082 +02:00] [Thread 8544] extDB3: SQL: Error MariaDBQueryException: PROCEDURE altislife.braceletTimeUpdate does not exist
[19:01:34:292241 +02:00] [Thread 8544] extDB3: SQL: Error MariaDBQueryException: Input: CALL braceletTimeUpdate
[20:01:34:358371 +02:00] [Thread 7660] extDB3: SQL: Error MariaDBQueryException: PROCEDURE altislife.braceletTimeUpdate does not exist
[20:01:34:358490 +02:00] [Thread 7660] extDB3: SQL: Error MariaDBQueryException: Input: CALL braceletTimeUpdate
[21:01:34:444373 +02:00] [Thread 7780] extDB3: SQL: Error MariaDBQueryException: PROCEDURE altislife.braceletTimeUpdate does not exist
[21:01:34:444537 +02:00] [Thread 7780] extDB3: SQL: Error MariaDBQueryException: Input: CALL braceletTimeUpdate
[22:01:34:515871 +02:00] [Thread 2892] extDB3: SQL: Error MariaDBQueryException: PROCEDURE altislife.braceletTimeUpdate does not exist
[22:01:34:515988 +02:00] [Thread 2892] extDB3: SQL: Error MariaDBQueryException: Input: CALL braceletTimeUpdate
[23:01:34:589348 +02:00] [Thread 7068] extDB3: SQL: Error MariaDBQueryException: PROCEDURE altislife.braceletTimeUpdate does not exist
[23:01:34:589464 +02:00] [Thread 7068] extDB3: SQL: Error MariaDBQueryException: Input: CALL braceletTimeUpdate
[00:01:34:669879 +02:00] [Thread 4424] extDB3: SQL: Error MariaDBQueryException: PROCEDURE altislife.braceletTimeUpdate does not exist
[00:01:34:669976 +02:00] [Thread 4424] extDB3: SQL: Error MariaDBQueryException: Input: CALL braceletTimeUpdate
[01:01:34:754783 +02:00] [Thread 360] extDB3: SQL: Error MariaDBQueryException: PROCEDURE altislife.braceletTimeUpdate does not exist
[01:01:34:754873 +02:00] [Thread 360] extDB3: SQL: Error MariaDBQueryException: Input: CALL braceletTimeUpdate
[02:01:34:831269 +02:00] [Thread 7068] extDB3: SQL: Error MariaDBQueryException: PROCEDURE altislife.braceletTimeUpdate does not exist
[02:01:34:831404 +02:00] [Thread 7068] extDB3: SQL: Error MariaDBQueryException: Input: CALL braceletTimeUpdate
[03:01:34:909775 +02:00] [Thread 8320] extDB3: SQL: Error MariaDBQueryException: PROCEDURE altislife.braceletTimeUpdate does not exist
[03:01:34:909911 +02:00] [Thread 8320] extDB3: SQL: Error MariaDBQueryException: Input: CALL braceletTimeUpdate
[04:01:34:981330 +02:00] [Thread 3972] extDB3: SQL: Error MariaDBQueryException: PROCEDURE altislife.braceletTimeUpdate does not exist
[04:01:34:981444 +02:00] [Thread 3972] extDB3: SQL: Error MariaDBQueryException: Input: CALL braceletTimeUpdate
[05:01:35:065777 +02:00] [Thread 5900] extDB3: SQL: Error MariaDBQueryException: PROCEDURE altislife.braceletTimeUpdate does not exist
[05:01:35:065902 +02:00] [Thread 5900] extDB3: SQL: Error MariaDBQueryException: Input: CALL braceletTimeUpdate
[06:01:35:149109 +02:00] [Thread 8544] extDB3: SQL: Error MariaDBQueryException: PROCEDURE altislife.braceletTimeUpdate does not exist
[06:01:35:149251 +02:00] [Thread 8544] extDB3: SQL: Error MariaDBQueryException: Input: CALL braceletTimeUpdate
[07:01:35:227823 +02:00] [Thread 8544] extDB3: SQL: Error MariaDBQueryException: PROCEDURE altislife.braceletTimeUpdate does not exist
[07:01:35:227939 +02:00] [Thread 8544] extDB3: SQL: Error MariaDBQueryException: Input: CALL braceletTimeUpdate
[08:01:35:297843 +02:00] [Thread 3972] extDB3: SQL: Error MariaDBQueryException: PROCEDURE altislife.braceletTimeUpdate does not exist
[08:01:35:297986 +02:00] [Thread 3972] extDB3: SQL: Error MariaDBQueryException: Input: CALL braceletTimeUpdate
[09:01:35:360242 +02:00] [Thread 3972] extDB3: SQL: Error MariaDBQueryException: PROCEDURE altislife.braceletTimeUpdate does not exist
[09:01:35:360377 +02:00] [Thread 3972] extDB3: SQL: Error MariaDBQueryException: Input: CALL braceletTimeUpdate
[10:01:35:440255 +02:00] [Thread 3972] extDB3: SQL: Error MariaDBQueryException: PROCEDURE altislife.braceletTimeUpdate does not exist
[10:01:35:440374 +02:00] [Thread 3972] extDB3: SQL: Error MariaDBQueryException: Input: CALL braceletTimeUpdate
[11:01:35:524401 +02:00] [Thread 8856] extDB3: SQL: Error MariaDBQueryException: PROCEDURE altislife.braceletTimeUpdate does not exist
[11:01:35:524528 +02:00] [Thread 8856] extDB3: SQL: Error MariaDBQueryException: Input: CALL braceletTimeUpdate
[12:01:35:605144 +02:00] [Thread 7068] extDB3: SQL: Error MariaDBQueryException: PROCEDURE altislife.braceletTimeUpdate does not exist
[12:01:35:605278 +02:00] [Thread 7068] extDB3: SQL: Error MariaDBQueryException: Input: CALL braceletTimeUpdate
[13:01:35:685786 +02:00] [Thread 8544] extDB3: SQL: Error MariaDBQueryException: PROCEDURE altislife.braceletTimeUpdate does not exist
[13:01:35:685896 +02:00] [Thread 8544] extDB3: SQL: Error MariaDBQueryException: Input: CALL braceletTimeUpdate
