
extDB3: https://bitbucket.org/torndeco/extdb3/wiki/Home
extDB3: Version: 1.033
extDB3: Windows Version
Message: All development for extDB3 is done on a Linux Dedicated Server
Message: If you would like to Donate to extDB3 Development
Message: https://www.paypal.com/cgi-bin/webscr?cmd=_s-xclick&hosted_button_id=2SUEFTGABTAM2
Message: Also leave a message if there is any particular feature you would like to see added.
Message: Thanks for all the people that have donated.
Message: Torndeco: 18/05/15

Message: This version was modified and include some improvement
Message: The lib was recompiled using new version of TBBMalloc, Boost and MariaDB connector
Message: The worker threads limitation was removed
Message: Steez: 30/10/2020


extDB3: Found extdb3-conf.ini
extDB3: Detected 16 Cores, Setting up 6 Worker Threads
extDB3: Detected 16 Cores, Setting up 16 Worker Threads
extDB3: ...
extDB3: ...
extDB3: ...
extDB3: ...
extDB3: ...
extDB3: ...
extDB3: ...
extDB3: ...
extDB3: ...
extDB3: ...
extDB3: ...
extDB3: ...
extDB3: ...
extDB3: ...
extDB3: ...
extDB3: ...


[00:27:42:010853 +01:00] [Thread 924] extDB3: SQL: Initialized: Add Quotes around TEXT Datatypes mode: 2
[00:27:42:010879 +01:00] [Thread 924] extDB3: SQL: Initialized: NULL = ""
[00:27:42:010897 +01:00] [Thread 924] extDB3: Locked
[00:27:42:019786 +01:00] [Thread 12312] extDB3: SQL: Error MariaDBQueryException: PROCEDURE armalife.deleteDeadVehicles does not exist
[00:27:42:019807 +01:00] [Thread 12312] extDB3: SQL: Error MariaDBQueryException: Input: CALL deleteDeadVehicles
[00:27:42:019788 +01:00] [Thread 6692] extDB3: SQL: Error MariaDBQueryException: PROCEDURE armalife.deleteOldForfait does not exist
[00:27:42:019819 +01:00] [Thread 7904] extDB3: SQL: Error MariaDBQueryException: PROCEDURE armalife.deleteOldSms does not exist
[00:27:42:019823 +01:00] [Thread 6692] extDB3: SQL: Error MariaDBQueryException: Input: CALL deleteOldForfait
[00:27:42:019832 +01:00] [Thread 7904] extDB3: SQL: Error MariaDBQueryException: Input: CALL deleteOldSms
[00:30:35:346815 +01:00] [Thread 14000] extDB3: SQL: Error MariaDBQueryException: You have an error in your SQL syntax; check the manual that corresponds to your MariaDB server version for the right syntax to use near 'est téléporté via MapTeleport en [6295.71,4731.53,0]')' at line 1
[00:30:35:351755 +01:00] [Thread 14000] extDB3: SQL: Error MariaDBQueryException: Input: INSERT INTO logs_alf (name, uid, type, text) VALUES ('Antonio Lopa', '76561198201065973', 'ADMIN', 'Antonio Lopa (76561198201065973) s'est téléporté via MapTeleport en [6295.71,4731.53,0]')
[00:36:14:439473 +01:00] [Thread 2016] extDB3: SQL: Error MariaDBQueryException: You have an error in your SQL syntax; check the manual that corresponds to your MariaDB server version for the right syntax to use near 'est téléporté vers Yohann Dubois (76561198024647680) en [[4557.63,4637.65,...' at line 1
[00:36:14:439505 +01:00] [Thread 2016] extDB3: SQL: Error MariaDBQueryException: Input: INSERT INTO logs_alf (name, uid, type, text) VALUES ('Yohann Dubois', '76561198024647680', 'ADMIN', 'Yohann Dubois (76561198024647680) s'est téléporté vers Yohann Dubois (76561198024647680) en [[4557.63,4637.65,0.152066]].')
[00:36:47:469469 +01:00] [Thread 2016] extDB3: SQL: Error MariaDBQueryException: You have an error in your SQL syntax; check the manual that corresponds to your MariaDB server version for the right syntax to use near 'action 'Arsenal' via le menu admin.')' at line 1
[00:36:47:469504 +01:00] [Thread 2016] extDB3: SQL: Error MariaDBQueryException: Input: INSERT INTO logs_alf (name, uid, type, text) VALUES ('Yohann Dubois', '76561198024647680', 'ADMIN', 'A utilisé l'action 'Arsenal' via le menu admin.')
[00:39:27:854453 +01:00] [Thread 7904] extDB3: SQL: Error MariaDBQueryException: You have an error in your SQL syntax; check the manual that corresponds to your MariaDB server version for the right syntax to use near 'action 'Créer fumée moyenne' via le menu admin.')' at line 1
[00:39:27:854507 +01:00] [Thread 7904] extDB3: SQL: Error MariaDBQueryException: Input: INSERT INTO logs_alf (name, uid, type, text) VALUES ('Yohann Dubois', '76561198024647680', 'ADMIN', 'A utilisé l'action 'Créer fumée moyenne' via le menu admin.')
