
extDB3: https://bitbucket.org/torndeco/extdb3/wiki/Home
extDB3: Version: 1.033
extDB3: Windows Version
Message: All development for extDB3 is done on a Linux Dedicated Server
Message: If you would like to Donate to extDB3 Development
Message: https://www.paypal.com/cgi-bin/webscr?cmd=_s-xclick&hosted_button_id=2SUEFTGABTAM2
Message: Also leave a message if there is any particular feature you would like to see added.
Message: Thanks for all the people that have donated.
Message: Torndeco: 18/05/15

Message: This version was modified and include some improvement
Message: The lib was recompiled using new version of TBBMalloc, Boost and MariaDB connector
Message: The worker threads limitation was removed
Message: Steez: 30/10/2020


extDB3: Found extdb3-conf.ini
extDB3: Detected 16 Cores, Setting up 6 Worker Threads
extDB3: Detected 16 Cores, Setting up 16 Worker Threads
extDB3: ...
extDB3: ...
extDB3: ...
extDB3: ...
extDB3: ...
extDB3: ...
extDB3: ...
extDB3: ...
extDB3: ...
extDB3: ...
extDB3: ...
extDB3: ...
extDB3: ...
extDB3: ...
extDB3: ...
extDB3: ...


[16:05:47:642541 +01:00] [Thread 1712] extDB3: SQL: Initialized: Add Quotes around TEXT Datatypes mode: 2
[16:05:47:642563 +01:00] [Thread 1712] extDB3: SQL: Initialized: NULL = ""
[16:05:47:642577 +01:00] [Thread 1712] extDB3: Locked
[16:05:47:649304 +01:00] [Thread 14004] extDB3: SQL: Error MariaDBQueryException: PROCEDURE armalife.deleteDeadVehicles does not exist
[16:05:47:649318 +01:00] [Thread 14004] extDB3: SQL: Error MariaDBQueryException: Input: CALL deleteDeadVehicles
[16:05:47:649342 +01:00] [Thread 12840] extDB3: SQL: Error MariaDBQueryException: PROCEDURE armalife.deleteOldSms does not exist
[16:05:47:649355 +01:00] [Thread 12840] extDB3: SQL: Error MariaDBQueryException: Input: CALL deleteOldSms
[16:05:47:649384 +01:00] [Thread 12788] extDB3: SQL: Error MariaDBQueryException: PROCEDURE armalife.deleteOldForfait does not exist
[16:05:47:649396 +01:00] [Thread 12788] extDB3: SQL: Error MariaDBQueryException: Input: CALL deleteOldForfait
[16:05:48:205455 +01:00] [Thread 13504] extDB3: SQL: Error MariaDBQueryException: Unknown column 'alarm_gendarmerie' in 'field list'
[16:05:48:205481 +01:00] [Thread 13504] extDB3: SQL: Error MariaDBQueryException: Input: SELECT id, pid, pos, sonnette, classname, alarm_gendarmerie FROM houses LIMIT 0,10
