
extDB3: https://bitbucket.org/torndeco/extdb3/wiki/Home
extDB3: Version: 1.033
extDB3: Windows Version
Message: All development for extDB3 is done on a Linux Dedicated Server
Message: If you would like to Donate to extDB3 Development
Message: https://www.paypal.com/cgi-bin/webscr?cmd=_s-xclick&hosted_button_id=2SUEFTGABTAM2
Message: Also leave a message if there is any particular feature you would like to see added.
Message: Thanks for all the people that have donated.
Message: Torndeco: 18/05/15

Message: This version was modified and include some improvement
Message: The lib was recompiled using new version of TBBMalloc, Boost and MariaDB connector
Message: The worker threads limitation was removed
Message: Steez: 30/10/2020


extDB3: Found extdb3-conf.ini
extDB3: Detected 16 Cores, Setting up 6 Worker Threads
extDB3: Detected 16 Cores, Setting up 16 Worker Threads
extDB3: ...
extDB3: ...
extDB3: ...
extDB3: ...
extDB3: ...
extDB3: ...
extDB3: ...
extDB3: ...
extDB3: ...
extDB3: ...
extDB3: ...
extDB3: ...
extDB3: ...
extDB3: ...
extDB3: ...
extDB3: ...


[18:29:04:376377 +01:00] [Thread 16528] extDB3: SQL: Initialized: Add Quotes around TEXT Datatypes mode: 2
[18:29:04:376399 +01:00] [Thread 16528] extDB3: SQL: Initialized: NULL = ""
[18:29:04:376414 +01:00] [Thread 16528] extDB3: Locked
[18:29:04:382719 +01:00] [Thread 11008] extDB3: SQL: Error MariaDBQueryException: PROCEDURE armalife.deleteDeadVehicles does not exist
[18:29:04:382752 +01:00] [Thread 11008] extDB3: SQL: Error MariaDBQueryException: Input: CALL deleteDeadVehicles
[18:29:04:382780 +01:00] [Thread 11252] extDB3: SQL: Error MariaDBQueryException: PROCEDURE armalife.deleteOldForfait does not exist
[18:29:04:382814 +01:00] [Thread 11252] extDB3: SQL: Error MariaDBQueryException: Input: CALL deleteOldForfait
[18:29:04:382822 +01:00] [Thread 15172] extDB3: SQL: Error MariaDBQueryException: PROCEDURE armalife.deleteOldSms does not exist
[18:29:04:382835 +01:00] [Thread 15172] extDB3: SQL: Error MariaDBQueryException: Input: CALL deleteOldSms
[18:29:04:570341 +01:00] [Thread 6604] extDB3: SQL: Error MariaDBQueryException: Unknown column 'alarm_gendarmerie' in 'field list'
[18:29:04:570359 +01:00] [Thread 6604] extDB3: SQL: Error MariaDBQueryException: Input: SELECT id, pid, pos, sonnette, classname, alarm_gendarmerie FROM houses LIMIT 0,10
[18:31:14:626923 +01:00] [Thread 6604] extDB3: SQL: Error MariaDBQueryException: You have an error in your SQL syntax; check the manual that corresponds to your MariaDB server version for the right syntax to use near 'est téléporté via MapTeleport en [4473.9,7570.7,0]')' at line 1
[18:31:14:627006 +01:00] [Thread 6604] extDB3: SQL: Error MariaDBQueryException: Input: INSERT INTO logs_alf (name, uid, type, text) VALUES ('Antonio Lopa', '76561198201065973', 'ADMIN', 'Antonio Lopa (76561198201065973) s'est téléporté via MapTeleport en [4473.9,7570.7,0]')
[18:32:12:829975 +01:00] [Thread 6604] extDB3: SQL: Error MariaDBQueryException: You have an error in your SQL syntax; check the manual that corresponds to your MariaDB server version for the right syntax to use near 'est téléporté via MapTeleport en [4401.55,7556.75,0]')' at line 1
[18:32:12:830038 +01:00] [Thread 6604] extDB3: SQL: Error MariaDBQueryException: Input: INSERT INTO logs_alf (name, uid, type, text) VALUES ('Antonio Lopa', '76561198201065973', 'ADMIN', 'Antonio Lopa (76561198201065973) s'est téléporté via MapTeleport en [4401.55,7556.75,0]')
[18:35:09:946773 +01:00] [Thread 11252] extDB3: SQL: Error MariaDBQueryException: You have an error in your SQL syntax; check the manual that corresponds to your MariaDB server version for the right syntax to use near 'est téléporté via MapTeleport en [5928.46,7137.29,0]')' at line 1
[18:35:09:946844 +01:00] [Thread 11252] extDB3: SQL: Error MariaDBQueryException: Input: INSERT INTO logs_alf (name, uid, type, text) VALUES ('Antonio Lopa', '76561198201065973', 'ADMIN', 'Antonio Lopa (76561198201065973) s'est téléporté via MapTeleport en [5928.46,7137.29,0]')
[18:45:17:900110 +01:00] [Thread 17424] extDB3: SQL: Error MariaDBQueryException: You have an error in your SQL syntax; check the manual that corresponds to your MariaDB server version for the right syntax to use near 'est téléporté via MapTeleport en [358.143,8980.16,0]')' at line 1
[18:45:17:900191 +01:00] [Thread 17424] extDB3: SQL: Error MariaDBQueryException: Input: INSERT INTO logs_alf (name, uid, type, text) VALUES ('Antonio Lopa', '76561198201065973', 'ADMIN', 'Antonio Lopa (76561198201065973) s'est téléporté via MapTeleport en [358.143,8980.16,0]')
[18:54:23:286778 +01:00] [Thread 15172] extDB3: SQL: Error MariaDBQueryException: You have an error in your SQL syntax; check the manual that corresponds to your MariaDB server version for the right syntax to use near 'est téléporté via MapTeleport en [4110.59,5891.91,0]')' at line 1
[18:54:23:286820 +01:00] [Thread 15172] extDB3: SQL: Error MariaDBQueryException: Input: INSERT INTO logs_alf (name, uid, type, text) VALUES ('Antonio Lopa', '76561198201065973', 'ADMIN', 'Antonio Lopa (76561198201065973) s'est téléporté via MapTeleport en [4110.59,5891.91,0]')
[18:54:40:249572 +01:00] [Thread 16664] extDB3: SQL: Error MariaDBQueryException: You have an error in your SQL syntax; check the manual that corresponds to your MariaDB server version for the right syntax to use near 'est téléporté via MapTeleport en [4316.79,5724.12,0]')' at line 1
[18:54:40:249650 +01:00] [Thread 16664] extDB3: SQL: Error MariaDBQueryException: Input: INSERT INTO logs_alf (name, uid, type, text) VALUES ('Antonio Lopa', '76561198201065973', 'ADMIN', 'Antonio Lopa (76561198201065973) s'est téléporté via MapTeleport en [4316.79,5724.12,0]')
