
extDB3: https://bitbucket.org/torndeco/extdb3/wiki/Home
extDB3: Version: 1.033
extDB3: Windows Version
Message: All development for extDB3 is done on a Linux Dedicated Server
Message: If you would like to Donate to extDB3 Development
Message: https://www.paypal.com/cgi-bin/webscr?cmd=_s-xclick&hosted_button_id=2SUEFTGABTAM2
Message: Also leave a message if there is any particular feature you would like to see added.
Message: Thanks for all the people that have donated.
Message: Torndeco: 18/05/15

Message: This version was modified and include some improvement
Message: The lib was recompiled using new version of TBBMalloc, Boost and MariaDB connector
Message: The worker threads limitation was removed
Message: Steez: 30/10/2020


extDB3: Found extdb3-conf.ini
extDB3: Detected 16 Cores, Setting up 6 Worker Threads
extDB3: Detected 16 Cores, Setting up 16 Worker Threads
extDB3: ...
extDB3: ...
extDB3: ...
extDB3: ...
extDB3: ...
extDB3: ...
extDB3: ...
extDB3: ...
extDB3: ...
extDB3: ...
extDB3: ...
extDB3: ...
extDB3: ...
extDB3: ...
extDB3: ...
extDB3: ...


[18:08:01:064870 +01:00] [Thread 6988] extDB3: SQL: Initialized: Add Quotes around TEXT Datatypes mode: 2
[18:08:01:064892 +01:00] [Thread 6988] extDB3: SQL: Initialized: NULL = ""
[18:08:01:064914 +01:00] [Thread 6988] extDB3: Locked
[18:08:01:071298 +01:00] [Thread 6692] extDB3: SQL: Error MariaDBQueryException: PROCEDURE armalife.deleteDeadVehicles does not exist
[18:08:01:071322 +01:00] [Thread 14924] extDB3: SQL: Error MariaDBQueryException: PROCEDURE armalife.deleteOldForfait does not exist
[18:08:01:071329 +01:00] [Thread 15904] extDB3: SQL: Error MariaDBQueryException: PROCEDURE armalife.deleteOldSms does not exist
[18:08:01:071352 +01:00] [Thread 6692] extDB3: SQL: Error MariaDBQueryException: Input: CALL deleteDeadVehicles
[18:08:01:071378 +01:00] [Thread 14924] extDB3: SQL: Error MariaDBQueryException: Input: CALL deleteOldForfait
[18:08:01:071397 +01:00] [Thread 15904] extDB3: SQL: Error MariaDBQueryException: Input: CALL deleteOldSms
[18:08:01:216247 +01:00] [Thread 14296] extDB3: SQL: Error MariaDBQueryException: Unknown column 'alarm_gendarmerie' in 'field list'
[18:08:01:216267 +01:00] [Thread 14296] extDB3: SQL: Error MariaDBQueryException: Input: SELECT id, pid, pos, sonnette, classname, alarm_gendarmerie FROM houses LIMIT 0,10
[18:09:56:578842 +01:00] [Thread 14296] extDB3: SQL: Error MariaDBQueryException: You have an error in your SQL syntax; check the manual that corresponds to your MariaDB server version for the right syntax to use near 'est téléporté via MapTeleport en [4464.61,7567.45,0]')' at line 1
[18:09:56:578903 +01:00] [Thread 14296] extDB3: SQL: Error MariaDBQueryException: Input: INSERT INTO logs_alf (name, uid, type, text) VALUES ('Antonio Lopa', '76561198201065973', 'ADMIN', 'Antonio Lopa (76561198201065973) s'est téléporté via MapTeleport en [4464.61,7567.45,0]')
[18:11:10:981514 +01:00] [Thread 14924] extDB3: SQL: Error MariaDBQueryException: You have an error in your SQL syntax; check the manual that corresponds to your MariaDB server version for the right syntax to use near 'est téléporté via MapTeleport en [4406.54,7561.77,0]')' at line 1
[18:11:10:981605 +01:00] [Thread 14924] extDB3: SQL: Error MariaDBQueryException: Input: INSERT INTO logs_alf (name, uid, type, text) VALUES ('Antonio Lopa', '76561198201065973', 'ADMIN', 'Antonio Lopa (76561198201065973) s'est téléporté via MapTeleport en [4406.54,7561.77,0]')
[18:15:53:890896 +01:00] [Thread 15848] extDB3: SQL: Error MariaDBQueryException: You have an error in your SQL syntax; check the manual that corresponds to your MariaDB server version for the right syntax to use near 'est téléporté via MapTeleport en [2285.69,8049.7,0]')' at line 1
[18:15:53:890968 +01:00] [Thread 15848] extDB3: SQL: Error MariaDBQueryException: Input: INSERT INTO logs_alf (name, uid, type, text) VALUES ('Antonio Lopa', '76561198201065973', 'ADMIN', 'Antonio Lopa (76561198201065973) s'est téléporté via MapTeleport en [2285.69,8049.7,0]')
