
extDB3: https://bitbucket.org/torndeco/extdb3/wiki/Home
extDB3: Version: 1.033
extDB3: Windows Version
Message: All development for extDB3 is done on a Linux Dedicated Server
Message: If you would like to Donate to extDB3 Development
Message: https://www.paypal.com/cgi-bin/webscr?cmd=_s-xclick&hosted_button_id=2SUEFTGABTAM2
Message: Also leave a message if there is any particular feature you would like to see added.
Message: Thanks for all the people that have donated.
Message: Torndeco: 18/05/15

Message: This version was modified and include some improvement
Message: The lib was recompiled using new version of TBBMalloc, Boost and MariaDB connector
Message: The worker threads limitation was removed
Message: Steez: 30/10/2020


extDB3: Found extdb3-conf.ini
extDB3: Detected 16 Cores, Setting up 6 Worker Threads
extDB3: Detected 16 Cores, Setting up 16 Worker Threads
extDB3: ...
extDB3: ...
extDB3: ...
extDB3: ...
extDB3: ...
extDB3: ...
extDB3: ...
extDB3: ...
extDB3: ...
extDB3: ...
extDB3: ...
extDB3: ...
extDB3: ...
extDB3: ...
extDB3: ...
extDB3: ...


[19:46:25:545981 +01:00] [Thread 7540] extDB3: SQL: Initialized: Add Quotes around TEXT Datatypes mode: 2
[19:46:25:546004 +01:00] [Thread 7540] extDB3: SQL: Initialized: NULL = ""
[19:46:25:546019 +01:00] [Thread 7540] extDB3: Locked
[19:46:25:551969 +01:00] [Thread 17724] extDB3: SQL: Error MariaDBQueryException: PROCEDURE armalife.deleteDeadVehicles does not exist
[19:46:25:551981 +01:00] [Thread 17724] extDB3: SQL: Error MariaDBQueryException: Input: CALL deleteDeadVehicles
[19:46:25:552009 +01:00] [Thread 18036] extDB3: SQL: Error MariaDBQueryException: PROCEDURE armalife.deleteOldForfait does not exist
[19:46:25:552022 +01:00] [Thread 18036] extDB3: SQL: Error MariaDBQueryException: Input: CALL deleteOldForfait
[19:46:25:552055 +01:00] [Thread 18372] extDB3: SQL: Error MariaDBQueryException: PROCEDURE armalife.deleteOldSms does not exist
[19:46:25:552068 +01:00] [Thread 18372] extDB3: SQL: Error MariaDBQueryException: Input: CALL deleteOldSms
[19:46:25:713184 +01:00] [Thread 7700] extDB3: SQL: Error MariaDBQueryException: Unknown column 'alarm_gendarmerie' in 'field list'
[19:46:25:713225 +01:00] [Thread 7700] extDB3: SQL: Error MariaDBQueryException: Input: SELECT id, pid, pos, sonnette, classname, alarm_gendarmerie FROM houses LIMIT 0,10
[19:48:14:359736 +01:00] [Thread 7700] extDB3: SQL: Error MariaDBQueryException: You have an error in your SQL syntax; check the manual that corresponds to your MariaDB server version for the right syntax to use near 'est téléporté via MapTeleport en [4155.08,5896.16,0]')' at line 1
[19:48:14:359801 +01:00] [Thread 7700] extDB3: SQL: Error MariaDBQueryException: Input: INSERT INTO logs_alf (name, uid, type, text) VALUES ('Antonio Lopa', '76561198201065973', 'ADMIN', 'Antonio Lopa (76561198201065973) s'est téléporté via MapTeleport en [4155.08,5896.16,0]')
