
extDB3: https://bitbucket.org/torndeco/extdb3/wiki/Home
extDB3: Version: 1.033
extDB3: Windows Version
Message: All development for extDB3 is done on a Linux Dedicated Server
Message: If you would like to Donate to extDB3 Development
Message: https://www.paypal.com/cgi-bin/webscr?cmd=_s-xclick&hosted_button_id=2SUEFTGABTAM2
Message: Also leave a message if there is any particular feature you would like to see added.
Message: Thanks for all the people that have donated.
Message: Torndeco: 18/05/15

Message: This version was modified and include some improvement
Message: The lib was recompiled using new version of TBBMalloc, Boost and MariaDB connector
Message: The worker threads limitation was removed
Message: Steez: 30/10/2020


extDB3: Found extdb3-conf.ini
extDB3: Detected 16 Cores, Setting up 6 Worker Threads
extDB3: Detected 16 Cores, Setting up 16 Worker Threads
extDB3: ...
extDB3: ...
extDB3: ...
extDB3: ...
extDB3: ...
extDB3: ...
extDB3: ...
extDB3: ...
extDB3: ...
extDB3: ...
extDB3: ...
extDB3: ...
extDB3: ...
extDB3: ...
extDB3: ...
extDB3: ...


[20:03:52:174898 +01:00] [Thread 980] extDB3: SQL: Initialized: Add Quotes around TEXT Datatypes mode: 2
[20:03:52:174921 +01:00] [Thread 980] extDB3: SQL: Initialized: NULL = ""
[20:03:52:174936 +01:00] [Thread 980] extDB3: Locked
[20:03:52:180945 +01:00] [Thread 17052] extDB3: SQL: Error MariaDBQueryException: PROCEDURE armalife.deleteDeadVehicles does not exist
[20:03:52:180958 +01:00] [Thread 17052] extDB3: SQL: Error MariaDBQueryException: Input: CALL deleteDeadVehicles
[20:03:52:180993 +01:00] [Thread 15568] extDB3: SQL: Error MariaDBQueryException: PROCEDURE armalife.deleteOldForfait does not exist
[20:03:52:181006 +01:00] [Thread 15568] extDB3: SQL: Error MariaDBQueryException: Input: CALL deleteOldForfait
[20:03:52:181030 +01:00] [Thread 9148] extDB3: SQL: Error MariaDBQueryException: PROCEDURE armalife.deleteOldSms does not exist
[20:03:52:181047 +01:00] [Thread 9148] extDB3: SQL: Error MariaDBQueryException: Input: CALL deleteOldSms
[20:03:52:352988 +01:00] [Thread 17012] extDB3: SQL: Error MariaDBQueryException: Unknown column 'alarm_gendarmerie' in 'field list'
[20:03:52:353012 +01:00] [Thread 17012] extDB3: SQL: Error MariaDBQueryException: Input: SELECT id, pid, pos, sonnette, classname, alarm_gendarmerie FROM houses LIMIT 0,10
[20:06:16:224309 +01:00] [Thread 17012] extDB3: SQL: Error MariaDBQueryException: You have an error in your SQL syntax; check the manual that corresponds to your MariaDB server version for the right syntax to use near 'est téléporté via MapTeleport en [4155.66,5898.12,0]')' at line 1
[20:06:16:224360 +01:00] [Thread 17012] extDB3: SQL: Error MariaDBQueryException: Input: INSERT INTO logs_alf (name, uid, type, text) VALUES ('Antonio Lopa', '76561198201065973', 'ADMIN', 'Antonio Lopa (76561198201065973) s'est téléporté via MapTeleport en [4155.66,5898.12,0]')
[20:07:15:922486 +01:00] [Thread 17012] extDB3: SQL: Error MariaDBQueryException: You have an error in your SQL syntax; check the manual that corresponds to your MariaDB server version for the right syntax to use near 'est téléporté via MapTeleport en [4157.86,5895.12,0]')' at line 1
[20:07:15:922548 +01:00] [Thread 17012] extDB3: SQL: Error MariaDBQueryException: Input: INSERT INTO logs_alf (name, uid, type, text) VALUES ('Antonio Lopa', '76561198201065973', 'ADMIN', 'Antonio Lopa (76561198201065973) s'est téléporté via MapTeleport en [4157.86,5895.12,0]')
[20:10:36:005859 +01:00] [Thread 17604] extDB3: SQL: Error MariaDBQueryException: You have an error in your SQL syntax; check the manual that corresponds to your MariaDB server version for the right syntax to use near 'est téléporté via MapTeleport en [4156.12,5902.58,0]')' at line 1
[20:10:36:005919 +01:00] [Thread 17604] extDB3: SQL: Error MariaDBQueryException: Input: INSERT INTO logs_alf (name, uid, type, text) VALUES ('Antonio Lopa', '76561198201065973', 'ADMIN', 'Antonio Lopa (76561198201065973) s'est téléporté via MapTeleport en [4156.12,5902.58,0]')
[20:12:08:081178 +01:00] [Thread 17604] extDB3: SQL: Error MariaDBQueryException: You have an error in your SQL syntax; check the manual that corresponds to your MariaDB server version for the right syntax to use near 'est téléporté via MapTeleport en [5082.94,4108.56,0]')' at line 1
[20:12:08:081260 +01:00] [Thread 17604] extDB3: SQL: Error MariaDBQueryException: Input: INSERT INTO logs_alf (name, uid, type, text) VALUES ('Antonio Lopa', '76561198201065973', 'ADMIN', 'Antonio Lopa (76561198201065973) s'est téléporté via MapTeleport en [5082.94,4108.56,0]')
