
extDB3: https://bitbucket.org/torndeco/extdb3/wiki/Home
extDB3: Version: 1.033
extDB3: Windows Version
Message: All development for extDB3 is done on a Linux Dedicated Server
Message: If you would like to Donate to extDB3 Development
Message: https://www.paypal.com/cgi-bin/webscr?cmd=_s-xclick&hosted_button_id=2SUEFTGABTAM2
Message: Also leave a message if there is any particular feature you would like to see added.
Message: Thanks for all the people that have donated.
Message: Torndeco: 18/05/15

Message: This version was modified and include some improvement
Message: The lib was recompiled using new version of TBBMalloc, Boost and MariaDB connector
Message: The worker threads limitation was removed
Message: Steez: 30/10/2020


extDB3: Found extdb3-conf.ini
extDB3: Detected 16 Cores, Setting up 6 Worker Threads
extDB3: Detected 16 Cores, Setting up 16 Worker Threads
extDB3: ...
extDB3: ...
extDB3: ...
extDB3: ...
extDB3: ...
extDB3: ...
extDB3: ...
extDB3: ...
extDB3: ...
extDB3: ...
extDB3: ...
extDB3: ...
extDB3: ...
extDB3: ...
extDB3: ...
extDB3: ...


[22:36:32:871820 +01:00] [Thread 24456] extDB3: SQL: Initialized: Add Quotes around TEXT Datatypes mode: 2
[22:36:32:871843 +01:00] [Thread 24456] extDB3: SQL: Initialized: NULL = ""
[22:36:32:871859 +01:00] [Thread 24456] extDB3: Locked
[22:36:32:879102 +01:00] [Thread 21036] extDB3: SQL: Error MariaDBQueryException: PROCEDURE armalife.deleteOldForfait does not exist
[22:36:32:879124 +01:00] [Thread 21036] extDB3: SQL: Error MariaDBQueryException: Input: CALL deleteOldForfait
[22:36:32:879154 +01:00] [Thread 19604] extDB3: SQL: Error MariaDBQueryException: PROCEDURE armalife.deleteDeadVehicles does not exist
[22:36:32:879165 +01:00] [Thread 22648] extDB3: SQL: Error MariaDBQueryException: PROCEDURE armalife.deleteOldSms does not exist
[22:36:32:879198 +01:00] [Thread 22648] extDB3: SQL: Error MariaDBQueryException: Input: CALL deleteOldSms
[22:36:32:879169 +01:00] [Thread 19604] extDB3: SQL: Error MariaDBQueryException: Input: CALL deleteDeadVehicles
[22:39:25:358706 +01:00] [Thread 19104] extDB3: SQL: Error MariaDBQueryException: You have an error in your SQL syntax; check the manual that corresponds to your MariaDB server version for the right syntax to use near 'action 'Se Rassasier' via le menu admin.')' at line 1
[22:39:25:358775 +01:00] [Thread 19104] extDB3: SQL: Error MariaDBQueryException: Input: INSERT INTO logs_alf (name, uid, type, text) VALUES ('Antonio Lopa', '76561198201065973', 'ADMIN', 'A utilisé l'action 'Se Rassasier' via le menu admin.')
[22:39:43:797219 +01:00] [Thread 19104] extDB3: SQL: Error MariaDBQueryException: You have an error in your SQL syntax; check the manual that corresponds to your MariaDB server version for the right syntax to use near 'est téléporté via MapTeleport en [6212.59,7211.53,0]')' at line 1
[22:39:43:797274 +01:00] [Thread 19104] extDB3: SQL: Error MariaDBQueryException: Input: INSERT INTO logs_alf (name, uid, type, text) VALUES ('Antonio Lopa', '76561198201065973', 'ADMIN', 'Antonio Lopa (76561198201065973) s'est téléporté via MapTeleport en [6212.59,7211.53,0]')
