
extDB3: https://bitbucket.org/torndeco/extdb3/wiki/Home
extDB3: Version: 1.033
extDB3: Windows Version
Message: All development for extDB3 is done on a Linux Dedicated Server
Message: If you would like to Donate to extDB3 Development
Message: https://www.paypal.com/cgi-bin/webscr?cmd=_s-xclick&hosted_button_id=2SUEFTGABTAM2
Message: Also leave a message if there is any particular feature you would like to see added.
Message: Thanks for all the people that have donated.
Message: Torndeco: 18/05/15

Message: This version was modified and include some improvement
Message: The lib was recompiled using new version of TBBMalloc, Boost and MariaDB connector
Message: The worker threads limitation was removed
Message: Steez: 30/10/2020


extDB3: Found extdb3-conf.ini
extDB3: Detected 16 Cores, Setting up 6 Worker Threads
extDB3: Detected 16 Cores, Setting up 16 Worker Threads
extDB3: ...
extDB3: ...
extDB3: ...
extDB3: ...
extDB3: ...
extDB3: ...
extDB3: ...
extDB3: ...
extDB3: ...
extDB3: ...
extDB3: ...
extDB3: ...
extDB3: ...
extDB3: ...
extDB3: ...
extDB3: ...


[23:39:31:575707 +01:00] [Thread 20840] extDB3: SQL: Initialized: Add Quotes around TEXT Datatypes mode: 2
[23:39:31:575731 +01:00] [Thread 20840] extDB3: SQL: Initialized: NULL = ""
[23:39:31:575746 +01:00] [Thread 20840] extDB3: Locked
[23:39:31:583572 +01:00] [Thread 22560] extDB3: SQL: Error MariaDBQueryException: PROCEDURE armalife.deleteDeadVehicles does not exist
[23:39:31:583606 +01:00] [Thread 21368] extDB3: SQL: Error MariaDBQueryException: PROCEDURE armalife.deleteOldForfait does not exist
[23:39:31:583609 +01:00] [Thread 22560] extDB3: SQL: Error MariaDBQueryException: Input: CALL deleteDeadVehicles
[23:39:31:583636 +01:00] [Thread 24320] extDB3: SQL: Error MariaDBQueryException: PROCEDURE armalife.deleteOldSms does not exist
[23:39:31:583660 +01:00] [Thread 24320] extDB3: SQL: Error MariaDBQueryException: Input: CALL deleteOldSms
[23:39:31:583639 +01:00] [Thread 21368] extDB3: SQL: Error MariaDBQueryException: Input: CALL deleteOldForfait
