
extDB3: https://bitbucket.org/torndeco/extdb3/wiki/Home
extDB3: Version: 1.033
extDB3: Windows Version
Message: All development for extDB3 is done on a Linux Dedicated Server
Message: If you would like to Donate to extDB3 Development
Message: https://www.paypal.com/cgi-bin/webscr?cmd=_s-xclick&hosted_button_id=2SUEFTGABTAM2
Message: Also leave a message if there is any particular feature you would like to see added.
Message: Thanks for all the people that have donated.
Message: Torndeco: 18/05/15

Message: This version was modified and include some improvement
Message: The lib was recompiled using new version of TBBMalloc, Boost and MariaDB connector
Message: The worker threads limitation was removed
Message: Steez: 30/10/2020


extDB3: Found extdb3-conf.ini
extDB3: Detected 16 Cores, Setting up 6 Worker Threads
extDB3: Detected 16 Cores, Setting up 16 Worker Threads
extDB3: ...
extDB3: ...
extDB3: ...
extDB3: ...
extDB3: ...
extDB3: ...
extDB3: ...
extDB3: ...
extDB3: ...
extDB3: ...
extDB3: ...
extDB3: ...
extDB3: ...
extDB3: ...
extDB3: ...
extDB3: ...


[23:06:52:952424 +01:00] [Thread 23892] extDB3: SQL: Initialized: Add Quotes around TEXT Datatypes mode: 2
[23:06:52:952447 +01:00] [Thread 23892] extDB3: SQL: Initialized: NULL = ""
[23:06:52:952462 +01:00] [Thread 23892] extDB3: Locked
[23:06:52:959720 +01:00] [Thread 19480] extDB3: SQL: Error MariaDBQueryException: PROCEDURE armalife.deleteDeadVehicles does not exist
[23:06:52:959731 +01:00] [Thread 22876] extDB3: SQL: Error MariaDBQueryException: PROCEDURE armalife.deleteOldForfait does not exist
[23:06:52:959751 +01:00] [Thread 22876] extDB3: SQL: Error MariaDBQueryException: Input: CALL deleteOldForfait
[23:06:52:959773 +01:00] [Thread 19480] extDB3: SQL: Error MariaDBQueryException: Input: CALL deleteDeadVehicles
[23:06:52:959723 +01:00] [Thread 23696] extDB3: SQL: Error MariaDBQueryException: PROCEDURE armalife.deleteOldSms does not exist
[23:06:52:959828 +01:00] [Thread 23696] extDB3: SQL: Error MariaDBQueryException: Input: CALL deleteOldSms
[23:09:33:197603 +01:00] [Thread 16764] extDB3: SQL: Error MariaDBQueryException: You have an error in your SQL syntax; check the manual that corresponds to your MariaDB server version for the right syntax to use near 'est téléporté via MapTeleport en [5309.97,8629.35,0]')' at line 1
[23:09:33:197669 +01:00] [Thread 16764] extDB3: SQL: Error MariaDBQueryException: Input: INSERT INTO logs_alf (name, uid, type, text) VALUES ('Antonio Lopa', '76561198201065973', 'ADMIN', 'Antonio Lopa (76561198201065973) s'est téléporté via MapTeleport en [5309.97,8629.35,0]')
[23:09:44:805969 +01:00] [Thread 16764] extDB3: SQL: Error MariaDBQueryException: You have an error in your SQL syntax; check the manual that corresponds to your MariaDB server version for the right syntax to use near 'est téléporté via MapTeleport en [6315.94,7366.44,0]')' at line 1
[23:09:44:806026 +01:00] [Thread 16764] extDB3: SQL: Error MariaDBQueryException: Input: INSERT INTO logs_alf (name, uid, type, text) VALUES ('Antonio Lopa', '76561198201065973', 'ADMIN', 'Antonio Lopa (76561198201065973) s'est téléporté via MapTeleport en [6315.94,7366.44,0]')
[23:10:31:768377 +01:00] [Thread 16764] extDB3: SQL: Error MariaDBQueryException: You have an error in your SQL syntax; check the manual that corresponds to your MariaDB server version for the right syntax to use near 'est téléporté via MapTeleport en [6145.11,7319.87,0]')' at line 1
[23:10:31:768428 +01:00] [Thread 16764] extDB3: SQL: Error MariaDBQueryException: Input: INSERT INTO logs_alf (name, uid, type, text) VALUES ('Antonio Lopa', '76561198201065973', 'ADMIN', 'Antonio Lopa (76561198201065973) s'est téléporté via MapTeleport en [6145.11,7319.87,0]')
[23:11:05:740207 +01:00] [Thread 16764] extDB3: SQL: Error MariaDBQueryException: You have an error in your SQL syntax; check the manual that corresponds to your MariaDB server version for the right syntax to use near 'est téléporté via MapTeleport en [6209.4,7210.93,0]')' at line 1
[23:11:05:740253 +01:00] [Thread 16764] extDB3: SQL: Error MariaDBQueryException: Input: INSERT INTO logs_alf (name, uid, type, text) VALUES ('Antonio Lopa', '76561198201065973', 'ADMIN', 'Antonio Lopa (76561198201065973) s'est téléporté via MapTeleport en [6209.4,7210.93,0]')
[23:26:24:519494 +01:00] [Thread 24472] extDB3: SQL: Error MariaDBQueryException: You have an error in your SQL syntax; check the manual that corresponds to your MariaDB server version for the right syntax to use near 'est téléporté via MapTeleport en [2572.64,8610.03,0]')' at line 1
[23:26:24:519563 +01:00] [Thread 24472] extDB3: SQL: Error MariaDBQueryException: Input: INSERT INTO logs_alf (name, uid, type, text) VALUES ('Antonio Lopa', '76561198201065973', 'ADMIN', 'Antonio Lopa (76561198201065973) s'est téléporté via MapTeleport en [2572.64,8610.03,0]')
