
extDB3: https://bitbucket.org/torndeco/extdb3/wiki/Home
extDB3: Version: 1.033
extDB3: Windows Version
Message: All development for extDB3 is done on a Linux Dedicated Server
Message: If you would like to Donate to extDB3 Development
Message: https://www.paypal.com/cgi-bin/webscr?cmd=_s-xclick&hosted_button_id=2SUEFTGABTAM2
Message: Also leave a message if there is any particular feature you would like to see added.
Message: Thanks for all the people that have donated.
Message: Torndeco: 18/05/15

Message: This version was modified and include some improvement
Message: The lib was recompiled using new version of TBBMalloc, Boost and MariaDB connector
Message: The worker threads limitation was removed
Message: Steez: 30/10/2020


extDB3: Found extdb3-conf.ini
extDB3: Detected 16 Cores, Setting up 6 Worker Threads
extDB3: Detected 16 Cores, Setting up 16 Worker Threads
extDB3: ...
extDB3: ...
extDB3: ...
extDB3: ...
extDB3: ...
extDB3: ...
extDB3: ...
extDB3: ...
extDB3: ...
extDB3: ...
extDB3: ...
extDB3: ...
extDB3: ...
extDB3: ...
extDB3: ...
extDB3: ...


[11:02:30:788541 +01:00] [Thread 8584] extDB3: SQL: Initialized: Add Quotes around TEXT Datatypes mode: 2
[11:02:30:788567 +01:00] [Thread 8584] extDB3: SQL: Initialized: NULL = ""
[11:02:30:788582 +01:00] [Thread 8584] extDB3: Locked
[11:02:30:795281 +01:00] [Thread 11848] extDB3: SQL: Error MariaDBQueryException: PROCEDURE armalife.deleteDeadVehicles does not exist
[11:02:30:795294 +01:00] [Thread 11848] extDB3: SQL: Error MariaDBQueryException: Input: CALL deleteDeadVehicles
[11:02:30:795315 +01:00] [Thread 10244] extDB3: SQL: Error MariaDBQueryException: PROCEDURE armalife.deleteOldForfait does not exist
[11:02:30:795327 +01:00] [Thread 10244] extDB3: SQL: Error MariaDBQueryException: Input: CALL deleteOldForfait
[11:02:30:795373 +01:00] [Thread 8460] extDB3: SQL: Error MariaDBQueryException: PROCEDURE armalife.deleteOldSms does not exist
[11:02:30:795385 +01:00] [Thread 8460] extDB3: SQL: Error MariaDBQueryException: Input: CALL deleteOldSms
[11:13:55:463541 +01:00] [Thread 10548] extDB3: SQL: Error MariaDBQueryException: You have an error in your SQL syntax; check the manual that corresponds to your MariaDB server version for the right syntax to use near 'est téléporté via MapTeleport en [5056.71,3084.58,0]')' at line 1
[11:13:55:464871 +01:00] [Thread 10548] extDB3: SQL: Error MariaDBQueryException: Input: INSERT INTO logs_alf (name, uid, type, text) VALUES ('Antonio Lopa', '76561198201065973', 'ADMIN', 'Antonio Lopa (76561198201065973) s'est téléporté via MapTeleport en [5056.71,3084.58,0]')
[11:18:41:384938 +01:00] [Thread 11488] extDB3: SQL: Error MariaDBQueryException: You have an error in your SQL syntax; check the manual that corresponds to your MariaDB server version for the right syntax to use near 'est téléporté via MapTeleport en [1866.16,5768.2,0]')' at line 1
[11:18:41:385009 +01:00] [Thread 11488] extDB3: SQL: Error MariaDBQueryException: Input: INSERT INTO logs_alf (name, uid, type, text) VALUES ('Antonio Lopa', '76561198201065973', 'ADMIN', 'Antonio Lopa (76561198201065973) s'est téléporté via MapTeleport en [1866.16,5768.2,0]')
[11:19:15:693417 +01:00] [Thread 11488] extDB3: SQL: Error MariaDBQueryException: You have an error in your SQL syntax; check the manual that corresponds to your MariaDB server version for the right syntax to use near 'est téléporté via MapTeleport en [4453.53,5393.12,0]')' at line 1
[11:19:15:693454 +01:00] [Thread 11488] extDB3: SQL: Error MariaDBQueryException: Input: INSERT INTO logs_alf (name, uid, type, text) VALUES ('Antonio Lopa', '76561198201065973', 'ADMIN', 'Antonio Lopa (76561198201065973) s'est téléporté via MapTeleport en [4453.53,5393.12,0]')
[11:24:16:212270 +01:00] [Thread 11488] extDB3: SQL: Error MariaDBQueryException: You have an error in your SQL syntax; check the manual that corresponds to your MariaDB server version for the right syntax to use near 'est téléporté via MapTeleport en [5033.43,4809.87,0]')' at line 1
[11:24:16:212304 +01:00] [Thread 11488] extDB3: SQL: Error MariaDBQueryException: Input: INSERT INTO logs_alf (name, uid, type, text) VALUES ('Antonio Lopa', '76561198201065973', 'ADMIN', 'Antonio Lopa (76561198201065973) s'est téléporté via MapTeleport en [5033.43,4809.87,0]')
[11:25:08:727731 +01:00] [Thread 11488] extDB3: SQL: Error MariaDBQueryException: You have an error in your SQL syntax; check the manual that corresponds to your MariaDB server version for the right syntax to use near 'est téléporté via MapTeleport en [8099.18,1579.01,0]')' at line 1
[11:25:08:727772 +01:00] [Thread 11488] extDB3: SQL: Error MariaDBQueryException: Input: INSERT INTO logs_alf (name, uid, type, text) VALUES ('Antonio Lopa', '76561198201065973', 'ADMIN', 'Antonio Lopa (76561198201065973) s'est téléporté via MapTeleport en [8099.18,1579.01,0]')
[11:31:21:247235 +01:00] [Thread 10000] extDB3: SQL: Error MariaDBQueryException: You have an error in your SQL syntax; check the manual that corresponds to your MariaDB server version for the right syntax to use near 'est téléporté via MapTeleport en [2362,5226.6,0]')' at line 1
[11:31:21:247269 +01:00] [Thread 10000] extDB3: SQL: Error MariaDBQueryException: Input: INSERT INTO logs_alf (name, uid, type, text) VALUES ('Antonio Lopa', '76561198201065973', 'ADMIN', 'Antonio Lopa (76561198201065973) s'est téléporté via MapTeleport en [2362,5226.6,0]')
[11:32:52:789069 +01:00] [Thread 10000] extDB3: SQL: Error MariaDBQueryException: You have an error in your SQL syntax; check the manual that corresponds to your MariaDB server version for the right syntax to use near 'est téléporté via MapTeleport en [4129.61,5897.4,0]')' at line 1
[11:32:52:789098 +01:00] [Thread 10000] extDB3: SQL: Error MariaDBQueryException: Input: INSERT INTO logs_alf (name, uid, type, text) VALUES ('Antonio Lopa', '76561198201065973', 'ADMIN', 'Antonio Lopa (76561198201065973) s'est téléporté via MapTeleport en [4129.61,5897.4,0]')
[11:33:04:448380 +01:00] [Thread 12232] extDB3: SQL: Error MariaDBQueryException: You have an error in your SQL syntax; check the manual that corresponds to your MariaDB server version for the right syntax to use near 'est téléporté via MapTeleport en [2375.05,5209.02,0]')' at line 1
[11:33:04:448456 +01:00] [Thread 12232] extDB3: SQL: Error MariaDBQueryException: Input: INSERT INTO logs_alf (name, uid, type, text) VALUES ('Antonio Lopa', '76561198201065973', 'ADMIN', 'Antonio Lopa (76561198201065973) s'est téléporté via MapTeleport en [2375.05,5209.02,0]')
[11:40:37:063303 +01:00] [Thread 11848] extDB3: SQL: Error MariaDBQueryException: You have an error in your SQL syntax; check the manual that corresponds to your MariaDB server version for the right syntax to use near 'est téléporté via MapTeleport en [4439.16,7103.42,0]')' at line 1
[11:40:37:063362 +01:00] [Thread 11848] extDB3: SQL: Error MariaDBQueryException: Input: INSERT INTO logs_alf (name, uid, type, text) VALUES ('Antonio Lopa', '76561198201065973', 'ADMIN', 'Antonio Lopa (76561198201065973) s'est téléporté via MapTeleport en [4439.16,7103.42,0]')
