
extDB3: https://bitbucket.org/torndeco/extdb3/wiki/Home
extDB3: Version: 1.033
extDB3: Windows Version
Message: All development for extDB3 is done on a Linux Dedicated Server
Message: If you would like to Donate to extDB3 Development
Message: https://www.paypal.com/cgi-bin/webscr?cmd=_s-xclick&hosted_button_id=2SUEFTGABTAM2
Message: Also leave a message if there is any particular feature you would like to see added.
Message: Thanks for all the people that have donated.
Message: Torndeco: 18/05/15

Message: This version was modified and include some improvement
Message: The lib was recompiled using new version of TBBMalloc, Boost and MariaDB connector
Message: The worker threads limitation was removed
Message: Steez: 30/10/2020


extDB3: Found extdb3-conf.ini
extDB3: Detected 16 Cores, Setting up 6 Worker Threads
extDB3: Detected 16 Cores, Setting up 16 Worker Threads
extDB3: ...
extDB3: ...
extDB3: ...
extDB3: ...
extDB3: ...
extDB3: ...
extDB3: ...
extDB3: ...
extDB3: ...
extDB3: ...
extDB3: ...
extDB3: ...
extDB3: ...
extDB3: ...
extDB3: ...
extDB3: ...


[13:15:55:678470 +01:00] [Thread 6780] extDB3: SQL: Initialized: Add Quotes around TEXT Datatypes mode: 2
[13:15:55:678495 +01:00] [Thread 6780] extDB3: SQL: Initialized: NULL = ""
[13:15:55:678510 +01:00] [Thread 6780] extDB3: Locked
[13:15:55:684713 +01:00] [Thread 7444] extDB3: SQL: Error MariaDBQueryException: PROCEDURE armalife.deleteOldForfait does not exist
[13:15:55:684728 +01:00] [Thread 7444] extDB3: SQL: Error MariaDBQueryException: Input: CALL deleteOldForfait
[13:15:55:684743 +01:00] [Thread 8220] extDB3: SQL: Error MariaDBQueryException: PROCEDURE armalife.deleteDeadVehicles does not exist
[13:15:55:684749 +01:00] [Thread 7824] extDB3: SQL: Error MariaDBQueryException: PROCEDURE armalife.deleteOldSms does not exist
[13:15:55:684755 +01:00] [Thread 8220] extDB3: SQL: Error MariaDBQueryException: Input: CALL deleteDeadVehicles
[13:15:55:684766 +01:00] [Thread 7824] extDB3: SQL: Error MariaDBQueryException: Input: CALL deleteOldSms
[13:25:06:520140 +01:00] [Thread 9932] extDB3: SQL: Error MariaDBQueryException: You have an error in your SQL syntax; check the manual that corresponds to your MariaDB server version for the right syntax to use near 'est téléporté via MapTeleport en [5860.87,4141.42,0]')' at line 1
[13:25:06:521637 +01:00] [Thread 9932] extDB3: SQL: Error MariaDBQueryException: Input: INSERT INTO logs_alf (name, uid, type, text) VALUES ('Antonio Lopa', '76561198201065973', 'ADMIN', 'Antonio Lopa (76561198201065973) s'est téléporté via MapTeleport en [5860.87,4141.42,0]')
[13:25:28:331227 +01:00] [Thread 9932] extDB3: SQL: Error MariaDBQueryException: You have an error in your SQL syntax; check the manual that corresponds to your MariaDB server version for the right syntax to use near 'est téléporté via MapTeleport en [5986.82,4219.41,0]')' at line 1
[13:25:28:331285 +01:00] [Thread 9932] extDB3: SQL: Error MariaDBQueryException: Input: INSERT INTO logs_alf (name, uid, type, text) VALUES ('Antonio Lopa', '76561198201065973', 'ADMIN', 'Antonio Lopa (76561198201065973) s'est téléporté via MapTeleport en [5986.82,4219.41,0]')
[13:27:03:094795 +01:00] [Thread 9928] extDB3: SQL: Error MariaDBQueryException: You have an error in your SQL syntax; check the manual that corresponds to your MariaDB server version for the right syntax to use near 'est téléporté via MapTeleport en [3098.05,5020.19,0]')' at line 1
[13:27:03:094842 +01:00] [Thread 9928] extDB3: SQL: Error MariaDBQueryException: Input: INSERT INTO logs_alf (name, uid, type, text) VALUES ('Antonio Lopa', '76561198201065973', 'ADMIN', 'Antonio Lopa (76561198201065973) s'est téléporté via MapTeleport en [3098.05,5020.19,0]')
[13:28:15:258842 +01:00] [Thread 9928] extDB3: SQL: Error MariaDBQueryException: You have an error in your SQL syntax; check the manual that corresponds to your MariaDB server version for the right syntax to use near 'est téléporté via MapTeleport en [4067.67,5872.48,0]')' at line 1
[13:28:15:258882 +01:00] [Thread 9928] extDB3: SQL: Error MariaDBQueryException: Input: INSERT INTO logs_alf (name, uid, type, text) VALUES ('Antonio Lopa', '76561198201065973', 'ADMIN', 'Antonio Lopa (76561198201065973) s'est téléporté via MapTeleport en [4067.67,5872.48,0]')
[13:28:26:018480 +01:00] [Thread 9928] extDB3: SQL: Error MariaDBQueryException: You have an error in your SQL syntax; check the manual that corresponds to your MariaDB server version for the right syntax to use near 'est téléporté via MapTeleport en [3722.27,2058.47,0]')' at line 1
[13:28:26:018529 +01:00] [Thread 9928] extDB3: SQL: Error MariaDBQueryException: Input: INSERT INTO logs_alf (name, uid, type, text) VALUES ('Antonio Lopa', '76561198201065973', 'ADMIN', 'Antonio Lopa (76561198201065973) s'est téléporté via MapTeleport en [3722.27,2058.47,0]')
[13:47:46:304159 +01:00] [Thread 7212] extDB3: SQL: Error MariaDBQueryException: You have an error in your SQL syntax; check the manual that corresponds to your MariaDB server version for the right syntax to use near 'est téléporté via MapTeleport en [6005.52,5182.31,0]')' at line 1
[13:47:46:304225 +01:00] [Thread 7212] extDB3: SQL: Error MariaDBQueryException: Input: INSERT INTO logs_alf (name, uid, type, text) VALUES ('Antonio Lopa', '76561198201065973', 'ADMIN', 'Antonio Lopa (76561198201065973) s'est téléporté via MapTeleport en [6005.52,5182.31,0]')
