
extDB3: https://bitbucket.org/torndeco/extdb3/wiki/Home
extDB3: Version: 1.033
extDB3: Windows Version
Message: All development for extDB3 is done on a Linux Dedicated Server
Message: If you would like to Donate to extDB3 Development
Message: https://www.paypal.com/cgi-bin/webscr?cmd=_s-xclick&hosted_button_id=2SUEFTGABTAM2
Message: Also leave a message if there is any particular feature you would like to see added.
Message: Thanks for all the people that have donated.
Message: Torndeco: 18/05/15

Message: This version was modified and include some improvement
Message: The lib was recompiled using new version of TBBMalloc, Boost and MariaDB connector
Message: The worker threads limitation was removed
Message: Steez: 30/10/2020


extDB3: Found extdb3-conf.ini
extDB3: Detected 16 Cores, Setting up 6 Worker Threads
extDB3: Detected 16 Cores, Setting up 16 Worker Threads
extDB3: ...
extDB3: ...
extDB3: ...
extDB3: ...
extDB3: ...
extDB3: ...
extDB3: ...
extDB3: ...
extDB3: ...
extDB3: ...
extDB3: ...
extDB3: ...
extDB3: ...
extDB3: ...
extDB3: ...
extDB3: ...


[14:12:40:257287 +01:00] [Thread 11376] extDB3: SQL: Initialized: Add Quotes around TEXT Datatypes mode: 2
[14:12:40:257311 +01:00] [Thread 11376] extDB3: SQL: Initialized: NULL = ""
[14:12:40:257332 +01:00] [Thread 11376] extDB3: Locked
[14:12:40:266439 +01:00] [Thread 6868] extDB3: SQL: Error MariaDBQueryException: PROCEDURE armalife.deleteDeadVehicles does not exist
[14:12:40:266455 +01:00] [Thread 6868] extDB3: SQL: Error MariaDBQueryException: Input: CALL deleteDeadVehicles
[14:12:40:266475 +01:00] [Thread 7068] extDB3: SQL: Error MariaDBQueryException: PROCEDURE armalife.deleteOldForfait does not exist
[14:12:40:266487 +01:00] [Thread 7068] extDB3: SQL: Error MariaDBQueryException: Input: CALL deleteOldForfait
[14:12:40:266512 +01:00] [Thread 8760] extDB3: SQL: Error MariaDBQueryException: PROCEDURE armalife.deleteOldSms does not exist
[14:12:40:266524 +01:00] [Thread 8760] extDB3: SQL: Error MariaDBQueryException: Input: CALL deleteOldSms
[14:15:53:881775 +01:00] [Thread 8552] extDB3: SQL: Error MariaDBQueryException: You have an error in your SQL syntax; check the manual that corresponds to your MariaDB server version for the right syntax to use near 'est téléporté via MapTeleport en [4136.12,5917.82,0]')' at line 1
[14:15:53:886182 +01:00] [Thread 8552] extDB3: SQL: Error MariaDBQueryException: Input: INSERT INTO logs_alf (name, uid, type, text) VALUES ('Antonio Lopa', '76561198201065973', 'ADMIN', 'Antonio Lopa (76561198201065973) s'est téléporté via MapTeleport en [4136.12,5917.82,0]')
[14:20:20:525673 +01:00] [Thread 11368] extDB3: SQL: Error MariaDBQueryException: You have an error in your SQL syntax; check the manual that corresponds to your MariaDB server version for the right syntax to use near 'est téléporté via MapTeleport en [4901.98,4834.16,0]')' at line 1
[14:20:20:525891 +01:00] [Thread 11368] extDB3: SQL: Error MariaDBQueryException: Input: INSERT INTO logs_alf (name, uid, type, text) VALUES ('Antonio Lopa', '76561198201065973', 'ADMIN', 'Antonio Lopa (76561198201065973) s'est téléporté via MapTeleport en [4901.98,4834.16,0]')
[14:22:24:537324 +01:00] [Thread 11368] extDB3: SQL: Error MariaDBQueryException: You have an error in your SQL syntax; check the manual that corresponds to your MariaDB server version for the right syntax to use near 'est téléporté via MapTeleport en [3073.46,4965.67,0]')' at line 1
[14:22:24:537364 +01:00] [Thread 11368] extDB3: SQL: Error MariaDBQueryException: Input: INSERT INTO logs_alf (name, uid, type, text) VALUES ('Antonio Lopa', '76561198201065973', 'ADMIN', 'Antonio Lopa (76561198201065973) s'est téléporté via MapTeleport en [3073.46,4965.67,0]')
[14:25:32:127118 +01:00] [Thread 8760] extDB3: SQL: Error MariaDBQueryException: You have an error in your SQL syntax; check the manual that corresponds to your MariaDB server version for the right syntax to use near 'est téléporté via MapTeleport en [361.283,8980.43,0]')' at line 1
[14:25:32:127158 +01:00] [Thread 8760] extDB3: SQL: Error MariaDBQueryException: Input: INSERT INTO logs_alf (name, uid, type, text) VALUES ('Antonio Lopa', '76561198201065973', 'ADMIN', 'Antonio Lopa (76561198201065973) s'est téléporté via MapTeleport en [361.283,8980.43,0]')
[14:25:49:229872 +01:00] [Thread 8760] extDB3: SQL: Error MariaDBQueryException: You have an error in your SQL syntax; check the manual that corresponds to your MariaDB server version for the right syntax to use near 'est téléporté via MapTeleport en [4491.58,6503.58,0]')' at line 1
[14:25:49:229911 +01:00] [Thread 8760] extDB3: SQL: Error MariaDBQueryException: Input: INSERT INTO logs_alf (name, uid, type, text) VALUES ('Antonio Lopa', '76561198201065973', 'ADMIN', 'Antonio Lopa (76561198201065973) s'est téléporté via MapTeleport en [4491.58,6503.58,0]')
