
extDB3: https://bitbucket.org/torndeco/extdb3/wiki/Home
extDB3: Version: 1.033
extDB3: Windows Version
Message: All development for extDB3 is done on a Linux Dedicated Server
Message: If you would like to Donate to extDB3 Development
Message: https://www.paypal.com/cgi-bin/webscr?cmd=_s-xclick&hosted_button_id=2SUEFTGABTAM2
Message: Also leave a message if there is any particular feature you would like to see added.
Message: Thanks for all the people that have donated.
Message: Torndeco: 18/05/15

Message: This version was modified and include some improvement
Message: The lib was recompiled using new version of TBBMalloc, Boost and MariaDB connector
Message: The worker threads limitation was removed
Message: Steez: 30/10/2020


extDB3: Found extdb3-conf.ini
extDB3: Detected 16 Cores, Setting up 6 Worker Threads
extDB3: Detected 16 Cores, Setting up 16 Worker Threads
extDB3: ...
extDB3: ...
extDB3: ...
extDB3: ...
extDB3: ...
extDB3: ...
extDB3: ...
extDB3: ...
extDB3: ...
extDB3: ...
extDB3: ...
extDB3: ...
extDB3: ...
extDB3: ...
extDB3: ...
extDB3: ...


[16:48:08:250641 +01:00] [Thread 2616] extDB3: SQL: Initialized: Add Quotes around TEXT Datatypes mode: 2
[16:48:08:250666 +01:00] [Thread 2616] extDB3: SQL: Initialized: NULL = ""
[16:48:08:250686 +01:00] [Thread 2616] extDB3: Locked
[16:48:08:257944 +01:00] [Thread 7644] extDB3: SQL: Error MariaDBQueryException: PROCEDURE armalife.deleteOldSms does not exist
[16:48:08:257960 +01:00] [Thread 7644] extDB3: SQL: Error MariaDBQueryException: Input: CALL deleteOldSms
[16:48:08:258042 +01:00] [Thread 10720] extDB3: SQL: Error MariaDBQueryException: PROCEDURE armalife.deleteDeadVehicles does not exist
[16:48:08:258056 +01:00] [Thread 10720] extDB3: SQL: Error MariaDBQueryException: Input: CALL deleteDeadVehicles
[16:48:08:258063 +01:00] [Thread 7856] extDB3: SQL: Error MariaDBQueryException: PROCEDURE armalife.deleteOldForfait does not exist
[16:48:08:258093 +01:00] [Thread 7856] extDB3: SQL: Error MariaDBQueryException: Input: CALL deleteOldForfait
[16:54:24:239360 +01:00] [Thread 8944] extDB3: SQL: Error MariaDBQueryException: You have an error in your SQL syntax; check the manual that corresponds to your MariaDB server version for the right syntax to use near 'est téléporté via MapTeleport en [8666.18,3831.54,0]')' at line 1
[16:54:24:241948 +01:00] [Thread 8944] extDB3: SQL: Error MariaDBQueryException: Input: INSERT INTO logs_alf (name, uid, type, text) VALUES ('Antonio Lopa', '76561198201065973', 'ADMIN', 'Antonio Lopa (76561198201065973) s'est téléporté via MapTeleport en [8666.18,3831.54,0]')
[16:54:42:770273 +01:00] [Thread 8944] extDB3: SQL: Error MariaDBQueryException: You have an error in your SQL syntax; check the manual that corresponds to your MariaDB server version for the right syntax to use near 'est téléporté via MapTeleport en [5795.84,2276.52,0]')' at line 1
[16:54:42:770327 +01:00] [Thread 8944] extDB3: SQL: Error MariaDBQueryException: Input: INSERT INTO logs_alf (name, uid, type, text) VALUES ('Antonio Lopa', '76561198201065973', 'ADMIN', 'Antonio Lopa (76561198201065973) s'est téléporté via MapTeleport en [5795.84,2276.52,0]')
[17:26:33:111250 +01:00] [Thread 11508] extDB3: SQL: Error MariaDBQueryException: You have an error in your SQL syntax; check the manual that corresponds to your MariaDB server version for the right syntax to use near 'est téléporté via MapTeleport en [2018.45,9984.89,0]')' at line 1
[17:26:33:111654 +01:00] [Thread 11508] extDB3: SQL: Error MariaDBQueryException: Input: INSERT INTO logs_alf (name, uid, type, text) VALUES ('Antonio Lopa', '76561198201065973', 'ADMIN', 'Antonio Lopa (76561198201065973) s'est téléporté via MapTeleport en [2018.45,9984.89,0]')
[17:37:06:826876 +01:00] [Thread 7644] extDB3: SQL: Error MariaDBQueryException: You have an error in your SQL syntax; check the manual that corresponds to your MariaDB server version for the right syntax to use near 'est téléporté via MapTeleport en [5204.53,4513.13,0]')' at line 1
[17:37:06:826918 +01:00] [Thread 7644] extDB3: SQL: Error MariaDBQueryException: Input: INSERT INTO logs_alf (name, uid, type, text) VALUES ('Antonio Lopa', '76561198201065973', 'ADMIN', 'Antonio Lopa (76561198201065973) s'est téléporté via MapTeleport en [5204.53,4513.13,0]')
[17:40:45:959187 +01:00] [Thread 9904] extDB3: SQL: Error MariaDBQueryException: You have an error in your SQL syntax; check the manual that corresponds to your MariaDB server version for the right syntax to use near 'est téléporté via MapTeleport en [5677.25,4078.05,0]')' at line 1
[17:40:45:959230 +01:00] [Thread 9904] extDB3: SQL: Error MariaDBQueryException: Input: INSERT INTO logs_alf (name, uid, type, text) VALUES ('Antonio Lopa', '76561198201065973', 'ADMIN', 'Antonio Lopa (76561198201065973) s'est téléporté via MapTeleport en [5677.25,4078.05,0]')
[18:01:39:588933 +01:00] [Thread 9904] extDB3: SQL: Error MariaDBQueryException: You have an error in your SQL syntax; check the manual that corresponds to your MariaDB server version for the right syntax to use near 'est téléporté via MapTeleport en [5083.89,3118.88,0]')' at line 1
[18:01:39:588988 +01:00] [Thread 9904] extDB3: SQL: Error MariaDBQueryException: Input: INSERT INTO logs_alf (name, uid, type, text) VALUES ('Antonio Lopa', '76561198201065973', 'ADMIN', 'Antonio Lopa (76561198201065973) s'est téléporté via MapTeleport en [5083.89,3118.88,0]')
[18:02:05:040080 +01:00] [Thread 9904] extDB3: SQL: Error MariaDBQueryException: You have an error in your SQL syntax; check the manual that corresponds to your MariaDB server version for the right syntax to use near 'est téléporté via MapTeleport en [3277.73,4588.81,0]')' at line 1
[18:02:05:040125 +01:00] [Thread 9904] extDB3: SQL: Error MariaDBQueryException: Input: INSERT INTO logs_alf (name, uid, type, text) VALUES ('Antonio Lopa', '76561198201065973', 'ADMIN', 'Antonio Lopa (76561198201065973) s'est téléporté via MapTeleport en [3277.73,4588.81,0]')
[19:43:50:979197 +01:00] [Thread 2664] extDB3: SQL: Error MariaDBQueryException: You have an error in your SQL syntax; check the manual that corresponds to your MariaDB server version for the right syntax to use near 'est téléporté via MapTeleport en [4143.72,5915.27,0]')' at line 1
[19:43:50:979275 +01:00] [Thread 2664] extDB3: SQL: Error MariaDBQueryException: Input: INSERT INTO logs_alf (name, uid, type, text) VALUES ('Antonio Lopa', '76561198201065973', 'ADMIN', 'Antonio Lopa (76561198201065973) s'est téléporté via MapTeleport en [4143.72,5915.27,0]')
