
extDB3: https://bitbucket.org/torndeco/extdb3/wiki/Home
extDB3: Version: 1.033
extDB3: Windows Version
Message: All development for extDB3 is done on a Linux Dedicated Server
Message: If you would like to Donate to extDB3 Development
Message: https://www.paypal.com/cgi-bin/webscr?cmd=_s-xclick&hosted_button_id=2SUEFTGABTAM2
Message: Also leave a message if there is any particular feature you would like to see added.
Message: Thanks for all the people that have donated.
Message: Torndeco: 18/05/15

Message: This version was modified and include some improvement
Message: The lib was recompiled using new version of TBBMalloc, Boost and MariaDB connector
Message: The worker threads limitation was removed
Message: Steez: 30/10/2020


extDB3: Found extdb3-conf.ini
extDB3: Detected 16 Cores, Setting up 6 Worker Threads
extDB3: Detected 16 Cores, Setting up 16 Worker Threads
extDB3: ...
extDB3: ...
extDB3: ...
extDB3: ...
extDB3: ...
extDB3: ...
extDB3: ...
extDB3: ...
extDB3: ...
extDB3: ...
extDB3: ...
extDB3: ...
extDB3: ...
extDB3: ...
extDB3: ...
extDB3: ...


[21:25:20:639270 +01:00] [Thread 692] extDB3: SQL: Initialized: Add Quotes around TEXT Datatypes mode: 2
[21:25:20:639297 +01:00] [Thread 692] extDB3: SQL: Initialized: NULL = ""
[21:25:20:639312 +01:00] [Thread 692] extDB3: Locked
[21:25:20:645802 +01:00] [Thread 1168] extDB3: SQL: Error MariaDBQueryException: PROCEDURE armalife.deleteDeadVehicles does not exist
[21:25:20:645814 +01:00] [Thread 1168] extDB3: SQL: Error MariaDBQueryException: Input: CALL deleteDeadVehicles
[21:25:20:645841 +01:00] [Thread 11480] extDB3: SQL: Error MariaDBQueryException: PROCEDURE armalife.deleteOldForfait does not exist
[21:25:20:645855 +01:00] [Thread 11480] extDB3: SQL: Error MariaDBQueryException: Input: CALL deleteOldForfait
[21:25:20:645888 +01:00] [Thread 9844] extDB3: SQL: Error MariaDBQueryException: PROCEDURE armalife.deleteOldSms does not exist
[21:25:20:645900 +01:00] [Thread 9844] extDB3: SQL: Error MariaDBQueryException: Input: CALL deleteOldSms
[21:58:33:350692 +01:00] [Thread 11276] extDB3: SQL: Error MariaDBQueryException: You have an error in your SQL syntax; check the manual that corresponds to your MariaDB server version for the right syntax to use near 'est téléporté via MapTeleport en [4155.07,5918.62,0]')' at line 1
[21:58:33:352810 +01:00] [Thread 11276] extDB3: SQL: Error MariaDBQueryException: Input: INSERT INTO logs_alf (name, uid, type, text) VALUES ('Antonio Lopa', '76561198201065973', 'ADMIN', 'Antonio Lopa (76561198201065973) s'est téléporté via MapTeleport en [4155.07,5918.62,0]')
[22:04:49:880860 +01:00] [Thread 1168] extDB3: SQL: Error MariaDBQueryException: You have an error in your SQL syntax; check the manual that corresponds to your MariaDB server version for the right syntax to use near 'est téléporté via MapTeleport en [5931.02,7071.94,0]')' at line 1
[22:04:49:880895 +01:00] [Thread 1168] extDB3: SQL: Error MariaDBQueryException: Input: INSERT INTO logs_alf (name, uid, type, text) VALUES ('Antonio Lopa', '76561198201065973', 'ADMIN', 'Antonio Lopa (76561198201065973) s'est téléporté via MapTeleport en [5931.02,7071.94,0]')
[22:05:16:653919 +01:00] [Thread 1168] extDB3: SQL: Error MariaDBQueryException: You have an error in your SQL syntax; check the manual that corresponds to your MariaDB server version for the right syntax to use near 'est téléporté via MapTeleport en [4387.29,6258.87,0]')' at line 1
[22:05:16:653954 +01:00] [Thread 1168] extDB3: SQL: Error MariaDBQueryException: Input: INSERT INTO logs_alf (name, uid, type, text) VALUES ('Antonio Lopa', '76561198201065973', 'ADMIN', 'Antonio Lopa (76561198201065973) s'est téléporté via MapTeleport en [4387.29,6258.87,0]')
[22:11:57:884330 +01:00] [Thread 11276] extDB3: SQL: Error MariaDBQueryException: You have an error in your SQL syntax; check the manual that corresponds to your MariaDB server version for the right syntax to use near 'est téléporté via MapTeleport en [4438.18,6416.32,0]')' at line 1
[22:11:57:884398 +01:00] [Thread 11276] extDB3: SQL: Error MariaDBQueryException: Input: INSERT INTO logs_alf (name, uid, type, text) VALUES ('Antonio Lopa', '76561198201065973', 'ADMIN', 'Antonio Lopa (76561198201065973) s'est téléporté via MapTeleport en [4438.18,6416.32,0]')
