
extDB3: https://bitbucket.org/torndeco/extdb3/wiki/Home
extDB3: Version: 1.033
extDB3: Windows Version
Message: All development for extDB3 is done on a Linux Dedicated Server
Message: If you would like to Donate to extDB3 Development
Message: https://www.paypal.com/cgi-bin/webscr?cmd=_s-xclick&hosted_button_id=2SUEFTGABTAM2
Message: Also leave a message if there is any particular feature you would like to see added.
Message: Thanks for all the people that have donated.
Message: Torndeco: 18/05/15

Message: This version was modified and include some improvement
Message: The lib was recompiled using new version of TBBMalloc, Boost and MariaDB connector
Message: The worker threads limitation was removed
Message: Steez: 30/10/2020


extDB3: Found extdb3-conf.ini
extDB3: Detected 16 Cores, Setting up 6 Worker Threads
extDB3: Detected 16 Cores, Setting up 16 Worker Threads
extDB3: ...
extDB3: ...
extDB3: ...
extDB3: ...
extDB3: ...
extDB3: ...
extDB3: ...
extDB3: ...
extDB3: ...
extDB3: ...
extDB3: ...
extDB3: ...
extDB3: ...
extDB3: ...
extDB3: ...
extDB3: ...


[14:01:33:001321 +02:00] [Thread 1492] extDB3: SQL: Initialized: Add Quotes around TEXT Datatypes mode: 2
[14:01:33:001343 +02:00] [Thread 1492] extDB3: SQL: Initialized: NULL = ""
[14:01:33:001354 +02:00] [Thread 1492] extDB3: Locked
[14:01:33:008943 +02:00] [Thread 3788] extDB3: SQL: Error MariaDBQueryException: PROCEDURE altislife.resetLifeVehicles does not exist
[14:01:33:008949 +02:00] [Thread 7108] extDB3: SQL: Error MariaDBQueryException: PROCEDURE altislife.deleteDeadVehicles does not exist
[14:01:33:008957 +02:00] [Thread 3788] extDB3: SQL: Error MariaDBQueryException: Input: CALL resetLifeVehicles
[14:01:33:008989 +02:00] [Thread 7108] extDB3: SQL: Error MariaDBQueryException: Input: CALL deleteDeadVehicles
[14:01:33:009020 +02:00] [Thread 5064] extDB3: SQL: Error MariaDBQueryException: PROCEDURE altislife.deleteOldHouses does not exist
[14:01:33:009030 +02:00] [Thread 6236] extDB3: SQL: Error MariaDBQueryException: PROCEDURE altislife.deleteOldGangs does not exist
[14:01:33:009032 +02:00] [Thread 5064] extDB3: SQL: Error MariaDBQueryException: Input: CALL deleteOldHouses
[14:01:33:009046 +02:00] [Thread 6236] extDB3: SQL: Error MariaDBQueryException: Input: CALL deleteOldGangs
[14:01:33:009125 +02:00] [Thread 5968] extDB3: SQL: Error MariaDBQueryException: PROCEDURE altislife.Point_Permis does not exist
[14:01:33:009135 +02:00] [Thread 5968] extDB3: SQL: Error MariaDBQueryException: Input: CALL Point_Permis
[15:01:33:688187 +02:00] [Thread 2432] extDB3: SQL: Error MariaDBQueryException: PROCEDURE altislife.braceletTimeUpdate does not exist
[15:01:33:688322 +02:00] [Thread 2432] extDB3: SQL: Error MariaDBQueryException: Input: CALL braceletTimeUpdate
[16:01:33:756093 +02:00] [Thread 8916] extDB3: SQL: Error MariaDBQueryException: PROCEDURE altislife.braceletTimeUpdate does not exist
[16:01:33:756188 +02:00] [Thread 8916] extDB3: SQL: Error MariaDBQueryException: Input: CALL braceletTimeUpdate
[17:01:33:827221 +02:00] [Thread 1116] extDB3: SQL: Error MariaDBQueryException: PROCEDURE altislife.braceletTimeUpdate does not exist
[17:01:33:827344 +02:00] [Thread 1116] extDB3: SQL: Error MariaDBQueryException: Input: CALL braceletTimeUpdate
[18:01:33:909376 +02:00] [Thread 7008] extDB3: SQL: Error MariaDBQueryException: PROCEDURE altislife.braceletTimeUpdate does not exist
[18:01:33:909465 +02:00] [Thread 7008] extDB3: SQL: Error MariaDBQueryException: Input: CALL braceletTimeUpdate
[19:01:33:978490 +02:00] [Thread 7720] extDB3: SQL: Error MariaDBQueryException: PROCEDURE altislife.braceletTimeUpdate does not exist
[19:01:33:978616 +02:00] [Thread 7720] extDB3: SQL: Error MariaDBQueryException: Input: CALL braceletTimeUpdate
[20:01:36:124208 +02:00] [Thread 8916] extDB3: SQL: Error MariaDBQueryException: PROCEDURE altislife.braceletTimeUpdate does not exist
[20:01:36:124341 +02:00] [Thread 8916] extDB3: SQL: Error MariaDBQueryException: Input: CALL braceletTimeUpdate
[21:01:36:190799 +02:00] [Thread 2004] extDB3: SQL: Error MariaDBQueryException: PROCEDURE altislife.braceletTimeUpdate does not exist
[21:01:36:190930 +02:00] [Thread 2004] extDB3: SQL: Error MariaDBQueryException: Input: CALL braceletTimeUpdate
[22:01:37:322671 +02:00] [Thread 3788] extDB3: SQL: Error MariaDBQueryException: PROCEDURE altislife.braceletTimeUpdate does not exist
[22:01:37:322820 +02:00] [Thread 3788] extDB3: SQL: Error MariaDBQueryException: Input: CALL braceletTimeUpdate
[23:01:37:392956 +02:00] [Thread 6236] extDB3: SQL: Error MariaDBQueryException: PROCEDURE altislife.braceletTimeUpdate does not exist
[23:01:37:393049 +02:00] [Thread 6236] extDB3: SQL: Error MariaDBQueryException: Input: CALL braceletTimeUpdate
[00:01:37:473105 +02:00] [Thread 7108] extDB3: SQL: Error MariaDBQueryException: PROCEDURE altislife.braceletTimeUpdate does not exist
[00:01:37:473232 +02:00] [Thread 7108] extDB3: SQL: Error MariaDBQueryException: Input: CALL braceletTimeUpdate
[01:01:37:548389 +02:00] [Thread 1116] extDB3: SQL: Error MariaDBQueryException: PROCEDURE altislife.braceletTimeUpdate does not exist
[01:01:37:548526 +02:00] [Thread 1116] extDB3: SQL: Error MariaDBQueryException: Input: CALL braceletTimeUpdate
[02:01:37:612696 +02:00] [Thread 7008] extDB3: SQL: Error MariaDBQueryException: PROCEDURE altislife.braceletTimeUpdate does not exist
[02:01:37:612776 +02:00] [Thread 7008] extDB3: SQL: Error MariaDBQueryException: Input: CALL braceletTimeUpdate
[02:01:37:691448 +01:00] [Thread 2432] extDB3: SQL: Error MariaDBQueryException: PROCEDURE altislife.braceletTimeUpdate does not exist
[02:01:37:691553 +01:00] [Thread 2432] extDB3: SQL: Error MariaDBQueryException: Input: CALL braceletTimeUpdate
[03:01:37:758290 +01:00] [Thread 7720] extDB3: SQL: Error MariaDBQueryException: PROCEDURE altislife.braceletTimeUpdate does not exist
[03:01:37:758377 +01:00] [Thread 7720] extDB3: SQL: Error MariaDBQueryException: Input: CALL braceletTimeUpdate
[04:01:37:829720 +01:00] [Thread 7720] extDB3: SQL: Error MariaDBQueryException: PROCEDURE altislife.braceletTimeUpdate does not exist
[04:01:37:829863 +01:00] [Thread 7720] extDB3: SQL: Error MariaDBQueryException: Input: CALL braceletTimeUpdate
[05:01:37:907850 +01:00] [Thread 5064] extDB3: SQL: Error MariaDBQueryException: PROCEDURE altislife.braceletTimeUpdate does not exist
[05:01:37:907989 +01:00] [Thread 5064] extDB3: SQL: Error MariaDBQueryException: Input: CALL braceletTimeUpdate
[06:01:37:984812 +01:00] [Thread 5968] extDB3: SQL: Error MariaDBQueryException: PROCEDURE altislife.braceletTimeUpdate does not exist
[06:01:37:984917 +01:00] [Thread 5968] extDB3: SQL: Error MariaDBQueryException: Input: CALL braceletTimeUpdate
[07:01:38:056360 +01:00] [Thread 6980] extDB3: SQL: Error MariaDBQueryException: PROCEDURE altislife.braceletTimeUpdate does not exist
[07:01:38:056469 +01:00] [Thread 6980] extDB3: SQL: Error MariaDBQueryException: Input: CALL braceletTimeUpdate
[08:01:38:124403 +01:00] [Thread 3932] extDB3: SQL: Error MariaDBQueryException: PROCEDURE altislife.braceletTimeUpdate does not exist
[08:01:38:124497 +01:00] [Thread 3932] extDB3: SQL: Error MariaDBQueryException: Input: CALL braceletTimeUpdate
[09:01:38:190594 +01:00] [Thread 5968] extDB3: SQL: Error MariaDBQueryException: PROCEDURE altislife.braceletTimeUpdate does not exist
[09:01:38:190686 +01:00] [Thread 5968] extDB3: SQL: Error MariaDBQueryException: Input: CALL braceletTimeUpdate
[10:01:38:273022 +01:00] [Thread 3788] extDB3: SQL: Error MariaDBQueryException: PROCEDURE altislife.braceletTimeUpdate does not exist
[10:01:38:273112 +01:00] [Thread 3788] extDB3: SQL: Error MariaDBQueryException: Input: CALL braceletTimeUpdate
[11:01:38:363864 +01:00] [Thread 7008] extDB3: SQL: Error MariaDBQueryException: PROCEDURE altislife.braceletTimeUpdate does not exist
[11:01:38:363957 +01:00] [Thread 7008] extDB3: SQL: Error MariaDBQueryException: Input: CALL braceletTimeUpdate
[12:01:38:438816 +01:00] [Thread 6732] extDB3: SQL: Error MariaDBQueryException: PROCEDURE altislife.braceletTimeUpdate does not exist
[12:01:38:438938 +01:00] [Thread 6732] extDB3: SQL: Error MariaDBQueryException: Input: CALL braceletTimeUpdate
[13:01:38:518017 +01:00] [Thread 6980] extDB3: SQL: Error MariaDBQueryException: PROCEDURE altislife.braceletTimeUpdate does not exist
[13:01:38:518193 +01:00] [Thread 6980] extDB3: SQL: Error MariaDBQueryException: Input: CALL braceletTimeUpdate
